
===========================================================================
report_checks -unconstrained
===========================================================================
======================= nom_ff_n40C_1v95 Corner ===================================

Startpoint: ui_in[2] (input port clocked by clk)
Endpoint: uo_out[4] (output port clocked by clk)
Path Group: clk
Path Type: max

Fanout         Cap        Slew       Delay        Time   Description
---------------------------------------------------------------------------------------------
                                  0.000000    0.000000   clock clk (rise edge)
                                  0.000000    0.000000   clock network delay (propagated)
                                  8.000000    8.000000 v input external delay
     1    0.005986    0.009825    0.005665    8.005665 v ui_in[2] (in)
                                                         ui_in[2] (net)
                      0.009828    0.000000    8.005665 v input4/A (sky130_fd_sc_hd__clkdlybuf4s25_1)
     1    0.008924    0.055171    0.183279    8.188944 v input4/X (sky130_fd_sc_hd__clkdlybuf4s25_1)
                                                         net4 (net)
                      0.055173    0.000457    8.189401 v fanout2401/A (sky130_fd_sc_hd__clkdlybuf4s25_1)
     5    0.049169    0.247852    0.355524    8.544924 v fanout2401/X (sky130_fd_sc_hd__clkdlybuf4s25_1)
                                                         net2401 (net)
                      0.247875    0.002537    8.547461 v fanout2391/A (sky130_fd_sc_hd__clkdlybuf4s25_1)
     5    0.031686    0.163516    0.349488    8.896949 v fanout2391/X (sky130_fd_sc_hd__clkdlybuf4s25_1)
                                                         net2391 (net)
                      0.163554    0.002531    8.899481 v _09223_/A (sky130_fd_sc_hd__inv_2)
     1    0.005076    0.046335    0.075818    8.975299 ^ _09223_/Y (sky130_fd_sc_hd__inv_2)
                                                         _05695_ (net)
                      0.046336    0.000147    8.975447 ^ fanout2349/A (sky130_fd_sc_hd__clkdlybuf4s25_1)
     3    0.045325    0.340330    0.397209    9.372655 ^ fanout2349/X (sky130_fd_sc_hd__clkdlybuf4s25_1)
                                                         net2349 (net)
                      0.340332    0.000838    9.373493 ^ fanout2339/A (sky130_fd_sc_hd__clkdlybuf4s25_1)
     5    0.054251    0.406626    0.475617    9.849111 ^ fanout2339/X (sky130_fd_sc_hd__clkdlybuf4s25_1)
                                                         net2339 (net)
                      0.406639    0.002075    9.851185 ^ _11807_/A (sky130_fd_sc_hd__nor2_2)
     1    0.007790    0.074678    0.026443    9.877628 v _11807_/Y (sky130_fd_sc_hd__nor2_2)
                                                         _08245_ (net)
                      0.074678    0.000361    9.877989 v fanout1681/A (sky130_fd_sc_hd__clkdlybuf4s25_1)
     5    0.090297    0.452352    0.508572   10.386560 v fanout1681/X (sky130_fd_sc_hd__clkdlybuf4s25_1)
                                                         net1681 (net)
                      0.452365    0.002201   10.388762 v fanout1673/A (sky130_fd_sc_hd__clkdlybuf4s25_1)
     4    0.043443    0.220861    0.434987   10.823749 v fanout1673/X (sky130_fd_sc_hd__clkdlybuf4s25_1)
                                                         net1673 (net)
                      0.220882    0.002331   10.826080 v load_slew1674/A (sky130_fd_sc_hd__buf_4)
     3    0.057111    0.064436    0.214439   11.040519 v load_slew1674/X (sky130_fd_sc_hd__buf_4)
                                                         net1674 (net)
                      0.064576    0.002765   11.043283 v fanout1670/A (sky130_fd_sc_hd__clkdlybuf4s25_1)
     7    0.065301    0.326549    0.419869   11.463154 v fanout1670/X (sky130_fd_sc_hd__clkdlybuf4s25_1)
                                                         net1670 (net)
                      0.326629    0.005063   11.468216 v _12155_/A1 (sky130_fd_sc_hd__a21o_2)
     1    0.004161    0.028473    0.224940   11.693156 v _12155_/X (sky130_fd_sc_hd__a21o_2)
                                                         _08589_ (net)
                      0.028473    0.000159   11.693316 v _12167_/A2 (sky130_fd_sc_hd__o311a_2)
     1    0.014493    0.062697    0.265616   11.958931 v _12167_/X (sky130_fd_sc_hd__o311a_2)
                                                         _08601_ (net)
                      0.062697    0.001028   11.959959 v _12168_/D (sky130_fd_sc_hd__or4_2)
     1    0.047160    0.154201    0.446162   12.406121 v _12168_/X (sky130_fd_sc_hd__or4_2)
                                                         _08602_ (net)
                      0.154283    0.003298   12.409419 v _12187_/B (sky130_fd_sc_hd__and3_2)
     1    0.006806    0.034929    0.186213   12.595632 v _12187_/X (sky130_fd_sc_hd__and3_2)
                                                         net13 (net)
                      0.034942    0.000284   12.595916 v output13/A (sky130_fd_sc_hd__clkdlybuf4s25_1)
     1    0.035117    0.179219    0.295050   12.890966 v output13/X (sky130_fd_sc_hd__clkdlybuf4s25_1)
                                                         uo_out[4] (net)
                      0.179221    0.000892   12.891858 v uo_out[4] (out)
                                             12.891858   data arrival time

                                 40.000000   40.000000   clock clk (rise edge)
                                  0.000000   40.000000   clock network delay (propagated)
                                 -0.250000   39.750000   clock uncertainty
                                  0.000000   39.750000   clock reconvergence pessimism
                                 -8.000000   31.750000   output external delay
                                             31.750000   data required time
---------------------------------------------------------------------------------------------
                                             31.750000   data required time
                                            -12.891858   data arrival time
---------------------------------------------------------------------------------------------
                                             18.858143   slack (MET)




===========================================================================
report_checks --slack_max -0.01
============================================================================
======================= nom_ff_n40C_1v95 Corner ===================================

No paths found.


===========================================================================
 report_check_types -max_slew -max_cap -max_fanout -violators
============================================================================
======================= nom_ff_n40C_1v95 Corner ===================================

max slew

Pin                                        Limit        Slew       Slack
------------------------------------------------------------------------
fanout2051/A                            0.750000    1.094618   -0.344618 (VIOLATED)
fanout2048/A                            0.750000    1.094598   -0.344598 (VIOLATED)
fanout2054/A                            0.750000    1.094579   -0.344579 (VIOLATED)
fanout2052/A                            0.750000    1.094556   -0.344556 (VIOLATED)
fanout2059/A                            0.750000    1.094400   -0.344400 (VIOLATED)
fanout2061/A                            0.750000    1.094198   -0.344198 (VIOLATED)
fanout2058/A                            0.750000    1.094100   -0.344100 (VIOLATED)
fanout2062/X                            0.750000    1.094092   -0.344092 (VIOLATED)
_10332_/S                               0.750000    1.079000   -0.329000 (VIOLATED)
_10327_/B2                              0.750000    1.078988   -0.328988 (VIOLATED)
_09928_/A1                              0.750000    1.078955   -0.328955 (VIOLATED)
_10026_/B1                              0.750000    1.078933   -0.328933 (VIOLATED)
_10322_/B2                              0.750000    1.078930   -0.328930 (VIOLATED)
_09555_/A1                              0.750000    1.078910   -0.328910 (VIOLATED)
_10125_/B2                              0.750000    1.078860   -0.328860 (VIOLATED)
_10489_/B2                              0.750000    1.078845   -0.328845 (VIOLATED)
_09741_/B2                              0.750000    1.078809   -0.328810 (VIOLATED)
_09746_/B2                              0.750000    1.078807   -0.328808 (VIOLATED)
fanout1999/X                            0.750000    1.078799   -0.328800 (VIOLATED)
_10413_/C1                              0.750000    1.073519   -0.323519 (VIOLATED)
fanout1770/A                            0.750000    1.073484   -0.323484 (VIOLATED)
_10098_/A                               0.750000    1.073444   -0.323445 (VIOLATED)
_09706_/C1                              0.750000    1.073400   -0.323400 (VIOLATED)
_09837_/A1_N                            0.750000    1.073391   -0.323391 (VIOLATED)
_10151_/B2                              0.750000    1.073384   -0.323384 (VIOLATED)
_09379_/C                               0.750000    1.073371   -0.323371 (VIOLATED)
_09758_/B1                              0.750000    1.073351   -0.323351 (VIOLATED)
fanout1773/X                            0.750000    1.073341   -0.323341 (VIOLATED)
fanout2438/A                            0.750000    1.062434   -0.312434 (VIOLATED)
fanout2432/A                            0.750000    1.062348   -0.312348 (VIOLATED)
fanout2447/A                            0.750000    1.061987   -0.311987 (VIOLATED)
fanout2426/A                            0.750000    1.061887   -0.311887 (VIOLATED)
fanout2420/A                            0.750000    1.061612   -0.311612 (VIOLATED)
fanout2414/A                            0.750000    1.061608   -0.311608 (VIOLATED)
fanout2449/X                            0.750000    1.061592   -0.311592 (VIOLATED)
ANTENNA_86/DIODE                        0.750000    1.055701   -0.305701 (VIOLATED)
_10464_/B                               0.750000    1.055702   -0.305702 (VIOLATED)
fanout1631/A                            0.750000    1.055436   -0.305436 (VIOLATED)
ANTENNA_87/DIODE                        0.750000    1.055418   -0.305418 (VIOLATED)
_10406_/B1                              0.750000    1.055297   -0.305297 (VIOLATED)
_09779_/A                               0.750000    1.055213   -0.305213 (VIOLATED)
_10286_/B1                              0.750000    1.055213   -0.305213 (VIOLATED)
fanout1634/X                            0.750000    1.055210   -0.305210 (VIOLATED)
fanout1999/A                            0.750000    1.034619   -0.284619 (VIOLATED)
_10060_/B2                              0.750000    1.034483   -0.284483 (VIOLATED)
_10065_/B2                              0.750000    1.034415   -0.284415 (VIOLATED)
_09992_/A1                              0.750000    1.034401   -0.284401 (VIOLATED)
_10179_/B2                              0.750000    1.034361   -0.284362 (VIOLATED)
_10184_/B2                              0.750000    1.034289   -0.284289 (VIOLATED)
_10070_/S                               0.750000    1.034280   -0.284280 (VIOLATED)
_10163_/A                               0.750000    1.033980   -0.283980 (VIOLATED)
_09953_/A                               0.750000    1.033536   -0.283536 (VIOLATED)
_09763_/A1                              0.750000    1.033138   -0.283138 (VIOLATED)
fanout2000/X                            0.750000    1.033113   -0.283113 (VIOLATED)
_16540_/C1                              0.750000    1.019446   -0.269446 (VIOLATED)
_12766_/B                               0.750000    1.019441   -0.269441 (VIOLATED)
_15674_/A                               0.750000    1.019433   -0.269433 (VIOLATED)
_15992_/A                               0.750000    1.019372   -0.269372 (VIOLATED)
_15218_/A1                              0.750000    1.019146   -0.269146 (VIOLATED)
_15806_/A                               0.750000    1.018671   -0.268671 (VIOLATED)
_15173_/A1                              0.750000    1.018664   -0.268664 (VIOLATED)
_16355_/A                               0.750000    1.018628   -0.268628 (VIOLATED)
_15914_/A                               0.750000    1.018605   -0.268605 (VIOLATED)
fanout598/A                             0.750000    1.017051   -0.267051 (VIOLATED)
fanout599/X                             0.750000    1.017042   -0.267042 (VIOLATED)
_12806_/C                               0.750000    0.981381   -0.231381 (VIOLATED)
_13107_/B                               0.750000    0.981334   -0.231334 (VIOLATED)
_14424_/B                               0.750000    0.981177   -0.231177 (VIOLATED)
_13434_/B                               0.750000    0.980769   -0.230769 (VIOLATED)
_14096_/B                               0.750000    0.980497   -0.230497 (VIOLATED)
_14714_/B                               0.750000    0.980351   -0.230351 (VIOLATED)
_13461_/B                               0.750000    0.980146   -0.230146 (VIOLATED)
_14741_/B                               0.750000    0.979208   -0.229208 (VIOLATED)
fanout611/A                             0.750000    0.978350   -0.228350 (VIOLATED)
fanout612/X                             0.750000    0.978348   -0.228348 (VIOLATED)
_14033_/B                               0.750000    0.964275   -0.214275 (VIOLATED)
_15050_/C                               0.750000    0.964267   -0.214267 (VIOLATED)
_14324_/B                               0.750000    0.964259   -0.214259 (VIOLATED)
_14342_/B                               0.750000    0.964255   -0.214255 (VIOLATED)
_14651_/B                               0.750000    0.964244   -0.214244 (VIOLATED)
_14051_/B                               0.750000    0.964243   -0.214243 (VIOLATED)
_14669_/B                               0.750000    0.964217   -0.214217 (VIOLATED)
_13371_/B                               0.750000    0.964210   -0.214210 (VIOLATED)
_13062_/C                               0.750000    0.964209   -0.214210 (VIOLATED)
_13044_/C                               0.750000    0.964205   -0.214205 (VIOLATED)
fanout609/X                             0.750000    0.964198   -0.214198 (VIOLATED)
fanout586/A                             0.750000    0.961042   -0.211042 (VIOLATED)
fanout587/A                             0.750000    0.960964   -0.210964 (VIOLATED)
_14278_/B                               0.750000    0.960349   -0.210349 (VIOLATED)
_14605_/B                               0.750000    0.960349   -0.210349 (VIOLATED)
ANTENNA_76/DIODE                        0.750000    0.960227   -0.210227 (VIOLATED)
_15837_/B1                              0.750000    0.960223   -0.210223 (VIOLATED)
_15097_/A                               0.750000    0.960126   -0.210126 (VIOLATED)
_16066_/B1                              0.750000    0.960046   -0.210046 (VIOLATED)
_15329_/A                               0.750000    0.959993   -0.209993 (VIOLATED)
_15514_/A                               0.750000    0.959991   -0.209991 (VIOLATED)
_16288_/A                               0.750000    0.959991   -0.209991 (VIOLATED)
fanout588/X                             0.750000    0.959979   -0.209979 (VIOLATED)
_09531_/A                               0.750000    0.946753   -0.196753 (VIOLATED)
_09559_/B                               0.750000    0.946749   -0.196749 (VIOLATED)
_09557_/A                               0.750000    0.946748   -0.196748 (VIOLATED)
_10196_/B                               0.750000    0.946729   -0.196730 (VIOLATED)
_09944_/C1                              0.750000    0.946713   -0.196713 (VIOLATED)
_10195_/A                               0.750000    0.946709   -0.196709 (VIOLATED)
_10463_/A                               0.750000    0.946702   -0.196702 (VIOLATED)
_10485_/C1                              0.750000    0.946680   -0.196680 (VIOLATED)
_09692_/B1                              0.750000    0.946544   -0.196544 (VIOLATED)
_10121_/C1                              0.750000    0.946526   -0.196526 (VIOLATED)
fanout1627/X                            0.750000    0.946521   -0.196521 (VIOLATED)
fanout1948/A                            0.750000    0.937406   -0.187406 (VIOLATED)
ANTENNA_42/DIODE                        0.750000    0.937404   -0.187404 (VIOLATED)
ANTENNA_41/DIODE                        0.750000    0.937306   -0.187306 (VIOLATED)
fanout1944/A                            0.750000    0.937305   -0.187305 (VIOLATED)
fanout1928/A                            0.750000    0.937182   -0.187183 (VIOLATED)
ANTENNA_40/DIODE                        0.750000    0.937181   -0.187182 (VIOLATED)
fanout1958/A                            0.750000    0.937004   -0.187004 (VIOLATED)
fanout1939/A                            0.750000    0.936644   -0.186644 (VIOLATED)
fanout1959/X                            0.750000    0.936636   -0.186636 (VIOLATED)
_16250_/B1                              0.750000    0.933439   -0.183439 (VIOLATED)
_15403_/B2                              0.750000    0.933414   -0.183415 (VIOLATED)
_15606_/B1                              0.750000    0.933414   -0.183414 (VIOLATED)
_16167_/B2                              0.750000    0.933232   -0.183232 (VIOLATED)
_16053_/B1                              0.750000    0.932994   -0.182994 (VIOLATED)
_16420_/B1                              0.750000    0.932978   -0.182978 (VIOLATED)
_15486_/B2                              0.750000    0.932293   -0.182293 (VIOLATED)
fanout577/A                             0.750000    0.931171   -0.181171 (VIOLATED)
fanout578/X                             0.750000    0.931165   -0.181165 (VIOLATED)
_13071_/B                               0.750000    0.929099   -0.179099 (VIOLATED)
_12768_/B                               0.750000    0.929093   -0.179094 (VIOLATED)
_14388_/B                               0.750000    0.929080   -0.179080 (VIOLATED)
_13398_/B                               0.750000    0.929061   -0.179061 (VIOLATED)
_14678_/B                               0.750000    0.928888   -0.178888 (VIOLATED)
_13425_/B                               0.750000    0.928740   -0.178740 (VIOLATED)
_14060_/B                               0.750000    0.928604   -0.178604 (VIOLATED)
_14705_/B                               0.750000    0.928310   -0.178310 (VIOLATED)
fanout613/A                             0.750000    0.927896   -0.177896 (VIOLATED)
fanout614/X                             0.750000    0.927891   -0.177891 (VIOLATED)
_15217_/A1                              0.750000    0.923543   -0.173543 (VIOLATED)
_15728_/A1                              0.750000    0.923053   -0.173053 (VIOLATED)
_15589_/B2                              0.750000    0.922924   -0.172924 (VIOLATED)
fanout550/A                             0.750000    0.922853   -0.172853 (VIOLATED)
fanout549/A                             0.750000    0.922819   -0.172819 (VIOLATED)
fanout551/X                             0.750000    0.922817   -0.172817 (VIOLATED)
_12891_/C                               0.750000    0.920343   -0.170343 (VIOLATED)
_14505_/B                               0.750000    0.920305   -0.170305 (VIOLATED)
_14832_/B                               0.750000    0.920291   -0.170291 (VIOLATED)
_13225_/B                               0.750000    0.920243   -0.170243 (VIOLATED)
_13515_/B                               0.750000    0.920181   -0.170181 (VIOLATED)
_13243_/B                               0.750000    0.920095   -0.170095 (VIOLATED)
_12909_/C                               0.750000    0.919978   -0.169978 (VIOLATED)
_14195_/B                               0.750000    0.919700   -0.169700 (VIOLATED)
_14177_/B                               0.750000    0.919424   -0.169424 (VIOLATED)
_14523_/B                               0.750000    0.919249   -0.169249 (VIOLATED)
fanout855/X                             0.750000    0.919227   -0.169227 (VIOLATED)
fanout872/A                             0.750000    0.914051   -0.164051 (VIOLATED)
fanout880/A                             0.750000    0.913907   -0.163907 (VIOLATED)
fanout901/A                             0.750000    0.913177   -0.163177 (VIOLATED)
fanout897/A                             0.750000    0.912985   -0.162985 (VIOLATED)
fanout912/A                             0.750000    0.912836   -0.162836 (VIOLATED)
fanout913/X                             0.750000    0.912827   -0.162827 (VIOLATED)
fanout944/A                             0.750000    0.911592   -0.161592 (VIOLATED)
fanout946/A                             0.750000    0.911544   -0.161544 (VIOLATED)
fanout948/A                             0.750000    0.911534   -0.161534 (VIOLATED)
fanout957/A                             0.750000    0.911004   -0.161004 (VIOLATED)
fanout963/A                             0.750000    0.910858   -0.160858 (VIOLATED)
fanout965/A                             0.750000    0.910647   -0.160647 (VIOLATED)
fanout962/A                             0.750000    0.910509   -0.160509 (VIOLATED)
fanout971/A                             0.750000    0.910391   -0.160391 (VIOLATED)
fanout972/X                             0.750000    0.910382   -0.160382 (VIOLATED)
fanout655/A                             0.750000    0.905389   -0.155389 (VIOLATED)
fanout657/A                             0.750000    0.905335   -0.155335 (VIOLATED)
fanout654/A                             0.750000    0.905269   -0.155269 (VIOLATED)
fanout662/A                             0.750000    0.905146   -0.155146 (VIOLATED)
fanout666/A                             0.750000    0.904707   -0.154708 (VIOLATED)
fanout676/A                             0.750000    0.904539   -0.154539 (VIOLATED)
fanout677/X                             0.750000    0.904533   -0.154533 (VIOLATED)
_14249_/B                               0.750000    0.900089   -0.150089 (VIOLATED)
_12967_/C                               0.750000    0.900022   -0.150022 (VIOLATED)
_14577_/B                               0.750000    0.899938   -0.149938 (VIOLATED)
_14904_/B                               0.750000    0.899907   -0.149907 (VIOLATED)
_13297_/B                               0.750000    0.899808   -0.149808 (VIOLATED)
_13624_/B                               0.750000    0.899744   -0.149744 (VIOLATED)
_13315_/B                               0.750000    0.899540   -0.149540 (VIOLATED)
_12985_/C                               0.750000    0.899485   -0.149485 (VIOLATED)
_14267_/B                               0.750000    0.899176   -0.149176 (VIOLATED)
_14595_/B                               0.750000    0.898922   -0.148922 (VIOLATED)
fanout739/X                             0.750000    0.898918   -0.148918 (VIOLATED)
_14141_/B                               0.750000    0.893523   -0.143523 (VIOLATED)
_12853_/C                               0.750000    0.893473   -0.143473 (VIOLATED)
_14796_/B                               0.750000    0.893460   -0.143460 (VIOLATED)
_14469_/B                               0.750000    0.893436   -0.143437 (VIOLATED)
_13479_/B                               0.750000    0.893046   -0.143046 (VIOLATED)
_13189_/B                               0.750000    0.892885   -0.142885 (VIOLATED)
_13207_/B                               0.750000    0.892765   -0.142765 (VIOLATED)
ANTENNA_77/DIODE                        0.750000    0.892759   -0.142759 (VIOLATED)
_12871_/C                               0.750000    0.892560   -0.142560 (VIOLATED)
ANTENNA_78/DIODE                        0.750000    0.892190   -0.142190 (VIOLATED)
_14159_/B                               0.750000    0.892138   -0.142138 (VIOLATED)
_14487_/B                               0.750000    0.891795   -0.141795 (VIOLATED)
fanout914/X                             0.750000    0.891777   -0.141777 (VIOLATED)
_13134_/B                               0.750000    0.877892   -0.127892 (VIOLATED)
_12833_/C                               0.750000    0.877875   -0.127875 (VIOLATED)
_14451_/B                               0.750000    0.877857   -0.127857 (VIOLATED)
_13116_/B                               0.750000    0.877851   -0.127851 (VIOLATED)
_13443_/B                               0.750000    0.877851   -0.127851 (VIOLATED)
_14123_/B                               0.750000    0.877840   -0.127840 (VIOLATED)
_14723_/B                               0.750000    0.877837   -0.127837 (VIOLATED)
_14433_/B                               0.750000    0.877787   -0.127787 (VIOLATED)
_14105_/B                               0.750000    0.877782   -0.127782 (VIOLATED)
_12815_/C                               0.750000    0.877779   -0.127779 (VIOLATED)
fanout611/X                             0.750000    0.877775   -0.127775 (VIOLATED)
_15281_/B1                              0.750000    0.868814   -0.118814 (VIOLATED)
_15956_/A1                              0.750000    0.868792   -0.118792 (VIOLATED)
_16506_/B2                              0.750000    0.868777   -0.118777 (VIOLATED)
_15581_/B1                              0.750000    0.868730   -0.118730 (VIOLATED)
_16216_/B1                              0.750000    0.868699   -0.118699 (VIOLATED)
_16136_/B1                              0.750000    0.868663   -0.118663 (VIOLATED)
_13326_/C                               0.750000    0.868569   -0.118569 (VIOLATED)
_15259_/B1                              0.750000    0.868415   -0.118415 (VIOLATED)
_13380_/C                               0.750000    0.867199   -0.117199 (VIOLATED)
_13344_/C                               0.750000    0.867191   -0.117191 (VIOLATED)
fanout566/X                             0.750000    0.867186   -0.117186 (VIOLATED)
fanout739/A                             0.750000    0.860787   -0.110787 (VIOLATED)
_14922_/B                               0.750000    0.860630   -0.110631 (VIOLATED)
_13642_/B                               0.750000    0.860359   -0.110359 (VIOLATED)
_14895_/B                               0.750000    0.860264   -0.110264 (VIOLATED)
_14240_/B                               0.750000    0.860194   -0.110194 (VIOLATED)
_15713_/B1                              0.750000    0.860170   -0.110170 (VIOLATED)
_15317_/A1                              0.750000    0.860165   -0.110165 (VIOLATED)
_14606_/C                               0.750000    0.860123   -0.110123 (VIOLATED)
_16115_/B1                              0.750000    0.860108   -0.110108 (VIOLATED)
_16211_/B1                              0.750000    0.860054   -0.110054 (VIOLATED)
_13615_/B                               0.750000    0.859977   -0.109978 (VIOLATED)
_15921_/B1                              0.750000    0.859934   -0.109934 (VIOLATED)
_12958_/C                               0.750000    0.859903   -0.109903 (VIOLATED)
_13288_/B                               0.750000    0.859900   -0.109900 (VIOLATED)
_14568_/B                               0.750000    0.859897   -0.109898 (VIOLATED)
fanout740/X                             0.750000    0.859890   -0.109890 (VIOLATED)
_16506_/A1                              0.750000    0.859762   -0.109762 (VIOLATED)
_15589_/A1                              0.750000    0.859660   -0.109660 (VIOLATED)
fanout855/A                             0.750000    0.859536   -0.109536 (VIOLATED)
ANTENNA_28/DIODE                        0.750000    0.859532   -0.109532 (VIOLATED)
_14850_/B                               0.750000    0.859498   -0.109498 (VIOLATED)
ANTENNA_27/DIODE                        0.750000    0.859497   -0.109497 (VIOLATED)
_13533_/B                               0.750000    0.859189   -0.109189 (VIOLATED)
_14823_/B                               0.750000    0.859056   -0.109056 (VIOLATED)
_14168_/B                               0.750000    0.859049   -0.109049 (VIOLATED)
_13506_/B                               0.750000    0.858879   -0.108879 (VIOLATED)
fanout544/A                             0.750000    0.858828   -0.108828 (VIOLATED)
_16447_/A1                              0.750000    0.858824   -0.108824 (VIOLATED)
fanout545/X                             0.750000    0.858815   -0.108815 (VIOLATED)
_14496_/B                               0.750000    0.858454   -0.108454 (VIOLATED)
_13216_/B                               0.750000    0.858322   -0.108322 (VIOLATED)
_12882_/C                               0.750000    0.858276   -0.108276 (VIOLATED)
fanout856/X                             0.750000    0.858272   -0.108272 (VIOLATED)
fanout914/A                             0.750000    0.854589   -0.104589 (VIOLATED)
_14814_/B                               0.750000    0.854514   -0.104514 (VIOLATED)
_13497_/B                               0.750000    0.854143   -0.104143 (VIOLATED)
_14787_/B                               0.750000    0.853984   -0.103984 (VIOLATED)
_14132_/B                               0.750000    0.853901   -0.103901 (VIOLATED)
ANTENNA_79/DIODE                        0.750000    0.853486   -0.103486 (VIOLATED)
_13470_/B                               0.750000    0.853459   -0.103459 (VIOLATED)
_14460_/B                               0.750000    0.853136   -0.103136 (VIOLATED)
_13180_/B                               0.750000    0.853088   -0.103088 (VIOLATED)
_12844_/C                               0.750000    0.853074   -0.103074 (VIOLATED)
fanout915/X                             0.750000    0.853072   -0.103072 (VIOLATED)
_14868_/B                               0.750000    0.850086   -0.100086 (VIOLATED)
_14541_/B                               0.750000    0.850083   -0.100083 (VIOLATED)
_12929_/C                               0.750000    0.850024   -0.100024 (VIOLATED)
_13261_/B                               0.750000    0.850006   -0.100006 (VIOLATED)
_13588_/B                               0.750000    0.850004   -0.100005 (VIOLATED)
_13279_/B                               0.750000    0.850003   -0.100003 (VIOLATED)
_12947_/C                               0.750000    0.849985   -0.099985 (VIOLATED)
_14213_/B                               0.750000    0.849969   -0.099969 (VIOLATED)
_14231_/B                               0.750000    0.849944   -0.099944 (VIOLATED)
_14559_/B                               0.750000    0.849869   -0.099869 (VIOLATED)
fanout797/X                             0.750000    0.849857   -0.099857 (VIOLATED)
fanout2200/A                            0.750000    0.843988   -0.093988 (VIOLATED)
fanout2196/A                            0.750000    0.843961   -0.093961 (VIOLATED)
ANTENNA_45/DIODE                        0.750000    0.843958   -0.093958 (VIOLATED)
fanout2187/A                            0.750000    0.843855   -0.093855 (VIOLATED)
fanout2189/A                            0.750000    0.843826   -0.093826 (VIOLATED)
fanout2198/A                            0.750000    0.843644   -0.093644 (VIOLATED)
fanout2193/A                            0.750000    0.843641   -0.093641 (VIOLATED)
fanout2191/A                            0.750000    0.843570   -0.093570 (VIOLATED)
fanout2202/X                            0.750000    0.843570   -0.093570 (VIOLATED)
_12676_/A                               0.750000    0.842752   -0.092752 (VIOLATED)
_12699_/A                               0.750000    0.842750   -0.092750 (VIOLATED)
_12693_/A                               0.750000    0.842748   -0.092748 (VIOLATED)
_12686_/A                               0.750000    0.842746   -0.092746 (VIOLATED)
_12761_/B1                              0.750000    0.842682   -0.092683 (VIOLATED)
fanout616/A                             0.750000    0.842341   -0.092341 (VIOLATED)
fanout617/X                             0.750000    0.842325   -0.092325 (VIOLATED)
fanout797/A                             0.750000    0.830261   -0.080261 (VIOLATED)
_14886_/B                               0.750000    0.830058   -0.080058 (VIOLATED)
_13606_/B                               0.750000    0.829750   -0.079750 (VIOLATED)
_14204_/B                               0.750000    0.829666   -0.079666 (VIOLATED)
_14859_/B                               0.750000    0.829601   -0.079601 (VIOLATED)
_13579_/B                               0.750000    0.829363   -0.079363 (VIOLATED)
_14532_/B                               0.750000    0.829279   -0.079279 (VIOLATED)
_12920_/C                               0.750000    0.829272   -0.079272 (VIOLATED)
_13252_/B                               0.750000    0.829272   -0.079272 (VIOLATED)
fanout798/X                             0.750000    0.829266   -0.079266 (VIOLATED)
_12958_/B                               0.750000    0.819893   -0.069893 (VIOLATED)
_15041_/B                               0.750000    0.819888   -0.069888 (VIOLATED)
_12844_/B                               0.750000    0.819883   -0.069883 (VIOLATED)
_12806_/B                               0.750000    0.819881   -0.069881 (VIOLATED)
_12882_/B                               0.750000    0.819870   -0.069870 (VIOLATED)
_12920_/B                               0.750000    0.819869   -0.069869 (VIOLATED)
_12768_/C                               0.750000    0.819817   -0.069817 (VIOLATED)
ANTENNA_75/DIODE                        0.750000    0.817983   -0.067983 (VIOLATED)
fanout580/A                             0.750000    0.817947   -0.067947 (VIOLATED)
fanout579/A                             0.750000    0.817311   -0.067311 (VIOLATED)
fanout581/X                             0.750000    0.817305   -0.067305 (VIOLATED)
_15174_/A1                              0.750000    0.816926   -0.066926 (VIOLATED)
_15448_/A                               0.750000    0.816899   -0.066899 (VIOLATED)
_16484_/B1                              0.750000    0.816794   -0.066794 (VIOLATED)
_15229_/B1                              0.750000    0.816696   -0.066696 (VIOLATED)
_15739_/B1                              0.750000    0.816164   -0.066164 (VIOLATED)
_15536_/A                               0.750000    0.816071   -0.066071 (VIOLATED)
_15362_/A1                              0.750000    0.815993   -0.065993 (VIOLATED)
_16100_/A1                              0.750000    0.815991   -0.065991 (VIOLATED)
_16099_/A1                              0.750000    0.815989   -0.065989 (VIOLATED)
_15130_/A1                              0.750000    0.815957   -0.065957 (VIOLATED)
fanout590/X                             0.750000    0.815949   -0.065949 (VIOLATED)
_13015_/C                               0.750000    0.814820   -0.064820 (VIOLATED)
_13053_/B                               0.750000    0.814818   -0.064818 (VIOLATED)
_16231_/B1                              0.750000    0.814722   -0.064722 (VIOLATED)
_16106_/B1                              0.750000    0.814720   -0.064720 (VIOLATED)
_15235_/B1                              0.750000    0.814709   -0.064709 (VIOLATED)
_12997_/C                               0.750000    0.814666   -0.064666 (VIOLATED)
_15291_/B1                              0.750000    0.814545   -0.064545 (VIOLATED)
_15563_/B1                              0.750000    0.814537   -0.064537 (VIOLATED)
_16496_/A1                              0.750000    0.814511   -0.064511 (VIOLATED)
_15956_/B2                              0.750000    0.814361   -0.064361 (VIOLATED)
fanout571/X                             0.750000    0.814356   -0.064356 (VIOLATED)
_15041_/C                               0.750000    0.813544   -0.063544 (VIOLATED)
_13035_/C                               0.750000    0.813507   -0.063507 (VIOLATED)
_14315_/B                               0.750000    0.813414   -0.063414 (VIOLATED)
_13362_/B                               0.750000    0.813205   -0.063205 (VIOLATED)
_14024_/B                               0.750000    0.812962   -0.062962 (VIOLATED)
_14642_/B                               0.750000    0.812878   -0.062878 (VIOLATED)
_13389_/B                               0.750000    0.812726   -0.062726 (VIOLATED)
_15068_/C                               0.750000    0.812143   -0.062143 (VIOLATED)
fanout609/A                             0.750000    0.812036   -0.062036 (VIOLATED)
fanout610/X                             0.750000    0.812034   -0.062034 (VIOLATED)
_15632_/B1                              0.750000    0.806482   -0.056482 (VIOLATED)
_16260_/B1                              0.750000    0.806475   -0.056475 (VIOLATED)
_15394_/A1                              0.750000    0.806465   -0.056465 (VIOLATED)
_16158_/B2                              0.750000    0.806434   -0.056434 (VIOLATED)
_14750_/A                               0.750000    0.806312   -0.056312 (VIOLATED)
_12645_/B                               0.750000    0.806310   -0.056310 (VIOLATED)
_14931_/A                               0.750000    0.806310   -0.056310 (VIOLATED)
_13949_/A                               0.750000    0.806295   -0.056295 (VIOLATED)
_16039_/B1                              0.750000    0.806172   -0.056172 (VIOLATED)
fanout582/A                             0.750000    0.806111   -0.056111 (VIOLATED)
fanout583/X                             0.750000    0.806104   -0.056104 (VIOLATED)
_14415_/B                               0.750000    0.805019   -0.055020 (VIOLATED)
_14087_/B                               0.750000    0.804979   -0.054979 (VIOLATED)
_13098_/B                               0.750000    0.804896   -0.054896 (VIOLATED)
_12795_/B                               0.750000    0.804865   -0.054865 (VIOLATED)
_13080_/B                               0.750000    0.804797   -0.054797 (VIOLATED)
_13407_/B                               0.750000    0.804785   -0.054785 (VIOLATED)
_14069_/B                               0.750000    0.804730   -0.054730 (VIOLATED)
_12777_/B                               0.750000    0.804728   -0.054728 (VIOLATED)
_14397_/B                               0.750000    0.804724   -0.054724 (VIOLATED)
_14687_/B                               0.750000    0.804712   -0.054712 (VIOLATED)
fanout613/X                             0.750000    0.804709   -0.054709 (VIOLATED)
_09466_/B1                              0.750000    0.794772   -0.044772 (VIOLATED)
_10698_/B1                              0.750000    0.794766   -0.044766 (VIOLATED)
_10822_/B1                              0.750000    0.794702   -0.044702 (VIOLATED)
_11226_/B1                              0.750000    0.794622   -0.044622 (VIOLATED)
_09446_/C1                              0.750000    0.794544   -0.044544 (VIOLATED)
_09437_/B1                              0.750000    0.794540   -0.044540 (VIOLATED)
_09298_/C1                              0.750000    0.794531   -0.044531 (VIOLATED)
_09292_/A1                              0.750000    0.794463   -0.044463 (VIOLATED)
_11289_/B1                              0.750000    0.794434   -0.044434 (VIOLATED)
_11318_/B1                              0.750000    0.794325   -0.044325 (VIOLATED)
fanout1977/X                            0.750000    0.794307   -0.044307 (VIOLATED)
fanout1859/A                            0.750000    0.776909   -0.026909 (VIOLATED)
fanout1857/A                            0.750000    0.776857   -0.026857 (VIOLATED)
ANTENNA_39/DIODE                        0.750000    0.776847   -0.026847 (VIOLATED)
fanout1854/A                            0.750000    0.776792   -0.026792 (VIOLATED)
ANTENNA_38/DIODE                        0.750000    0.776790   -0.026790 (VIOLATED)
fanout1856/A                            0.750000    0.776784   -0.026784 (VIOLATED)
fanout1852/A                            0.750000    0.776713   -0.026713 (VIOLATED)
fanout1860/X                            0.750000    0.776710   -0.026710 (VIOLATED)

max fanout

Pin                                   Limit Fanout  Slack
---------------------------------------------------------
clkbuf_2_0_0_clk/X                       10     16     -6 (VIOLATED)
clkbuf_2_1_0_clk/X                       10     16     -6 (VIOLATED)
clkbuf_2_2_0_clk/X                       10     16     -6 (VIOLATED)
clkbuf_2_3_0_clk/X                       10     16     -6 (VIOLATED)
clkbuf_leaf_23_clk/X                     10     12     -2 (VIOLATED)
clkbuf_leaf_278_clk/X                    10     12     -2 (VIOLATED)
clkbuf_leaf_287_clk/X                    10     12     -2 (VIOLATED)
clkbuf_leaf_288_clk/X                    10     12     -2 (VIOLATED)
clkbuf_leaf_6_clk/X                      10     12     -2 (VIOLATED)
clkbuf_leaf_72_clk/X                     10     12     -2 (VIOLATED)
fanout914/X                              10     12     -2 (VIOLATED)
clkbuf_leaf_100_clk/X                    10     11        (VIOLATED)
clkbuf_leaf_110_clk/X                    10     11        (VIOLATED)
clkbuf_leaf_115_clk/X                    10     11        (VIOLATED)
clkbuf_leaf_117_clk/X                    10     11        (VIOLATED)
clkbuf_leaf_118_clk/X                    10     11        (VIOLATED)
clkbuf_leaf_123_clk/X                    10     11        (VIOLATED)
clkbuf_leaf_124_clk/X                    10     11        (VIOLATED)
clkbuf_leaf_128_clk/X                    10     11        (VIOLATED)
clkbuf_leaf_129_clk/X                    10     11        (VIOLATED)
clkbuf_leaf_132_clk/X                    10     11        (VIOLATED)
clkbuf_leaf_134_clk/X                    10     11        (VIOLATED)
clkbuf_leaf_142_clk/X                    10     11        (VIOLATED)
clkbuf_leaf_167_clk/X                    10     11        (VIOLATED)
clkbuf_leaf_171_clk/X                    10     11        (VIOLATED)
clkbuf_leaf_176_clk/X                    10     11        (VIOLATED)
clkbuf_leaf_186_clk/X                    10     11        (VIOLATED)
clkbuf_leaf_188_clk/X                    10     11        (VIOLATED)
clkbuf_leaf_197_clk/X                    10     11        (VIOLATED)
clkbuf_leaf_199_clk/X                    10     11        (VIOLATED)
clkbuf_leaf_1_clk/X                      10     11        (VIOLATED)
clkbuf_leaf_224_clk/X                    10     11        (VIOLATED)
clkbuf_leaf_228_clk/X                    10     11        (VIOLATED)
clkbuf_leaf_243_clk/X                    10     11        (VIOLATED)
clkbuf_leaf_250_clk/X                    10     11        (VIOLATED)
clkbuf_leaf_25_clk/X                     10     11        (VIOLATED)
clkbuf_leaf_27_clk/X                     10     11        (VIOLATED)
clkbuf_leaf_281_clk/X                    10     11        (VIOLATED)
clkbuf_leaf_290_clk/X                    10     11        (VIOLATED)
clkbuf_leaf_312_clk/X                    10     11        (VIOLATED)
clkbuf_leaf_317_clk/X                    10     11        (VIOLATED)
clkbuf_leaf_319_clk/X                    10     11        (VIOLATED)
clkbuf_leaf_322_clk/X                    10     11        (VIOLATED)
clkbuf_leaf_37_clk/X                     10     11        (VIOLATED)
clkbuf_leaf_38_clk/X                     10     11        (VIOLATED)
clkbuf_leaf_39_clk/X                     10     11        (VIOLATED)
clkbuf_leaf_40_clk/X                     10     11        (VIOLATED)
clkbuf_leaf_65_clk/X                     10     11        (VIOLATED)
clkbuf_leaf_68_clk/X                     10     11        (VIOLATED)
clkbuf_leaf_69_clk/X                     10     11        (VIOLATED)
clkbuf_leaf_76_clk/X                     10     11        (VIOLATED)
clkbuf_leaf_78_clk/X                     10     11        (VIOLATED)
clkbuf_leaf_79_clk/X                     10     11        (VIOLATED)
clkbuf_leaf_7_clk/X                      10     11        (VIOLATED)
clkbuf_leaf_82_clk/X                     10     11        (VIOLATED)
clkbuf_leaf_85_clk/X                     10     11        (VIOLATED)
clkbuf_leaf_89_clk/X                     10     11        (VIOLATED)
clkbuf_leaf_90_clk/X                     10     11        (VIOLATED)
fanout232/X                              10     11        (VIOLATED)
fanout265/X                              10     11        (VIOLATED)
fanout332/X                              10     11        (VIOLATED)
fanout426/X                              10     11        (VIOLATED)
fanout457/X                              10     11        (VIOLATED)
fanout474/X                              10     11        (VIOLATED)
fanout588/X                              10     11        (VIOLATED)
fanout856/X                              10     11        (VIOLATED)

max capacitance

Pin                                        Limit         Cap       Slack
------------------------------------------------------------------------
clkbuf_2_1_0_clk/X                      0.200000    0.228717   -0.028717 (VIOLATED)
clkbuf_2_3_0_clk/X                      0.200000    0.212654   -0.012654 (VIOLATED)
clkbuf_2_0_0_clk/X                      0.200000    0.200823   -0.000823 (VIOLATED)



===========================================================================
report_parasitic_annotation -report_unannotated
============================================================================
Found 230 unannotated drivers.
 ena
 ui_in[7]
 uio_in[0]
 uio_in[1]
 uio_in[2]
 uio_in[3]
 uio_in[4]
 uio_in[5]
 uio_in[6]
 uio_in[7]
 clkload0/X
 clkload1/X
 clkload10/X
 clkload100/Y
 clkload101/X
 clkload102/X
 clkload103/X
 clkload104/X
 clkload105/Y
 clkload106/X
 clkload107/Y
 clkload108/X
 clkload109/X
 clkload11/X
 clkload110/X
 clkload111/X
 clkload112/X
 clkload113/X
 clkload114/X
 clkload115/X
 clkload116/X
 clkload117/X
 clkload118/X
 clkload119/X
 clkload12/X
 clkload120/X
 clkload121/Y
 clkload122/X
 clkload123/Y
 clkload124/X
 clkload125/X
 clkload126/X
 clkload127/X
 clkload128/Y
 clkload129/Y
 clkload13/X
 clkload130/X
 clkload131/X
 clkload132/X
 clkload133/X
 clkload134/X
 clkload135/Y
 clkload136/X
 clkload137/X
 clkload138/X
 clkload139/X
 clkload14/X
 clkload140/X
 clkload141/X
 clkload142/X
 clkload143/X
 clkload144/Y
 clkload145/X
 clkload146/X
 clkload147/X
 clkload148/X
 clkload149/X
 clkload15/X
 clkload150/X
 clkload151/X
 clkload152/X
 clkload153/X
 clkload154/X
 clkload155/X
 clkload156/X
 clkload157/X
 clkload158/X
 clkload159/Y
 clkload16/X
 clkload160/X
 clkload161/X
 clkload162/X
 clkload163/X
 clkload164/X
 clkload165/Y
 clkload166/Y
 clkload167/Y
 clkload168/Y
 clkload169/X
 clkload17/X
 clkload170/X
 clkload171/X
 clkload172/X
 clkload173/X
 clkload174/X
 clkload175/X
 clkload176/Y
 clkload177/X
 clkload178/X
 clkload179/Y
 clkload18/X
 clkload180/X
 clkload181/X
 clkload182/X
 clkload183/Y
 clkload184/X
 clkload185/X
 clkload186/X
 clkload187/X
 clkload188/X
 clkload189/X
 clkload19/X
 clkload190/X
 clkload191/X
 clkload192/X
 clkload193/X
 clkload194/X
 clkload195/Y
 clkload196/X
 clkload197/X
 clkload198/X
 clkload199/X
 clkload2/X
 clkload20/X
 clkload200/Y
 clkload201/X
 clkload202/X
 clkload203/Y
 clkload21/X
 clkload22/X
 clkload23/X
 clkload24/X
 clkload25/X
 clkload26/X
 clkload27/X
 clkload28/X
 clkload29/X
 clkload3/X
 clkload30/X
 clkload31/X
 clkload32/X
 clkload33/X
 clkload34/X
 clkload35/X
 clkload36/X
 clkload37/X
 clkload38/X
 clkload39/X
 clkload4/X
 clkload40/X
 clkload41/X
 clkload42/X
 clkload43/X
 clkload44/X
 clkload45/X
 clkload46/X
 clkload47/X
 clkload48/X
 clkload49/X
 clkload5/X
 clkload50/X
 clkload51/X
 clkload52/X
 clkload53/X
 clkload54/X
 clkload55/X
 clkload56/X
 clkload57/X
 clkload58/X
 clkload59/Y
 clkload6/X
 clkload60/Y
 clkload61/X
 clkload62/X
 clkload63/X
 clkload64/X
 clkload65/X
 clkload66/X
 clkload67/X
 clkload68/X
 clkload69/X
 clkload7/X
 clkload70/X
 clkload71/X
 clkload72/X
 clkload73/X
 clkload74/X
 clkload75/X
 clkload76/X
 clkload77/X
 clkload78/X
 clkload79/X
 clkload8/X
 clkload80/Y
 clkload81/Y
 clkload82/Y
 clkload83/Y
 clkload84/Y
 clkload85/Y
 clkload86/Y
 clkload87/X
 clkload88/X
 clkload89/X
 clkload9/X
 clkload90/X
 clkload91/X
 clkload92/X
 clkload93/Y
 clkload94/Y
 clkload95/X
 clkload96/X
 clkload97/X
 clkload98/X
 clkload99/X
 tt_um_cleave/HI
 tt_um_cleave_2523/HI
 tt_um_cleave_2524/HI
 tt_um_cleave_2525/HI
 tt_um_cleave_2526/HI
 tt_um_cleave_2527/HI
 tt_um_cleave_2528/HI
 tt_um_cleave_2529/HI
 tt_um_cleave_2530/HI
 tt_um_cleave_2531/HI
 tt_um_cleave_2532/HI
 tt_um_cleave_2533/HI
 tt_um_cleave_2534/HI
 tt_um_cleave_2535/HI
 tt_um_cleave_2536/HI
 tt_um_cleave_2537/HI
Found 0 partially unannotated drivers.

===========================================================================
max slew violation count 387
max fanout violation count 66
max cap violation count 3
============================================================================

===========================================================================
check_setup -verbose -unconstrained_endpoints -multiple_clock -no_clock -no_input_delay -loops -generated_clocks
===========================================================================
