Clock: clk
Sources: clk 
Generated: no
Virtual: yes
Propagated: no
Period: 40.000000

===========================================================================
report_clock_properties
============================================================================
Clock                   Period          Waveform
----------------------------------------------------
clk                  40.000000    0.000000 20.000000

===========================================================================
report_clock_latency
============================================================================
Clock clk
rise -> rise
    min     max
0.000000 0.000000 source latency
0.906202         network latency _20200_/CLK
        1.074221 network latency _20617_/CLK
---------------
0.906202 1.074221 latency
        0.168018 skew

fall -> fall
    min     max
0.000000 0.000000 source latency
0.741533         network latency _20200_/CLK
        0.873676 network latency _20617_/CLK
---------------
0.741533 0.873676 latency
        0.132143 skew



===========================================================================
report_clock_min_period
============================================================================
clk period_min = 15.03 fmax = 66.55
