
===========================================================================
 report_power
============================================================================
======================= nom_ff_n40C_1v95 Corner ===================================

Group                    Internal    Switching      Leakage        Total
                            Power        Power        Power        Power (Watts)
------------------------------------------------------------------------
Sequential           3.924842e-03 2.633666e-04 6.300790e-08 4.188271e-03  26.0%
Combinational        3.789442e-03 5.308208e-03 1.856574e-07 9.097835e-03  56.5%
Clock                1.370842e-03 1.455716e-03 1.750415e-07 2.826734e-03  17.5%
Macro                0.000000e+00 0.000000e+00 0.000000e+00 0.000000e+00   0.0%
Pad                  0.000000e+00 0.000000e+00 0.000000e+00 0.000000e+00   0.0%
------------------------------------------------------------------------
Total                9.085073e-03 7.027284e-03 4.237097e-07 1.611278e-02 100.0%
                            56.4%        43.6%         0.0%

