
===========================================================================
report_checks -unconstrained
===========================================================================
======================= nom_tt_025C_1v80 Corner ===================================

Startpoint: ui_in[1] (input port clocked by clk)
Endpoint: uo_out[1] (output port clocked by clk)
Path Group: clk
Path Type: max

Fanout         Cap        Slew       Delay        Time   Description
---------------------------------------------------------------------------------------------
                                  0.000000    0.000000   clock clk (rise edge)
                                  0.000000    0.000000   clock network delay (propagated)
                                  8.000000    8.000000 ^ input external delay
     1    0.005644    0.032113    0.020949    8.020949 ^ ui_in[1] (in)
                                                         ui_in[1] (net)
                      0.032114    0.000000    8.020949 ^ input3/A (sky130_fd_sc_hd__clkdlybuf4s25_1)
     1    0.006167    0.074992    0.275204    8.296153 ^ input3/X (sky130_fd_sc_hd__clkdlybuf4s25_1)
                                                         net3 (net)
                      0.074992    0.000280    8.296433 ^ fanout2449/A (sky130_fd_sc_hd__clkdlybuf4s25_1)
     6    0.143257    1.416967    1.268830    9.565264 ^ fanout2449/X (sky130_fd_sc_hd__clkdlybuf4s25_1)
                                                         net2449 (net)
                      1.417184    0.015564    9.580827 ^ fanout2426/A (sky130_fd_sc_hd__clkdlybuf4s25_1)
     5    0.036500    0.367835    0.678416   10.259244 ^ fanout2426/X (sky130_fd_sc_hd__clkdlybuf4s25_1)
                                                         net2426 (net)
                      0.367835    0.000642   10.259886 ^ fanout2424/A (sky130_fd_sc_hd__clkdlybuf4s25_1)
     6    0.041195    0.413984    0.611578   10.871464 ^ fanout2424/X (sky130_fd_sc_hd__clkdlybuf4s25_1)
                                                         net2424 (net)
                      0.413984    0.001137   10.872601 ^ load_slew2425/A (sky130_fd_sc_hd__buf_4)
     5    0.042416    0.126808    0.276328   11.148930 ^ load_slew2425/X (sky130_fd_sc_hd__buf_4)
                                                         net2425 (net)
                      0.126818    0.001316   11.150246 ^ _11801_/A (sky130_fd_sc_hd__nor3_2)
     2    0.026467    0.111309    0.114128   11.264374 v _11801_/Y (sky130_fd_sc_hd__nor3_2)
                                                         _08239_ (net)
                      0.111353    0.001878   11.266252 v fanout2327/A (sky130_fd_sc_hd__clkdlybuf4s25_1)
     5    0.085145    0.617340    0.744516   12.010768 v fanout2327/X (sky130_fd_sc_hd__clkdlybuf4s25_1)
                                                         net2327 (net)
                      0.617340    0.001513   12.012281 v fanout2325/A (sky130_fd_sc_hd__clkdlybuf4s25_1)
     3    0.020587    0.158867    0.531282   12.543563 v fanout2325/X (sky130_fd_sc_hd__clkdlybuf4s25_1)
                                                         net2325 (net)
                      0.158869    0.000861   12.544424 v load_slew2326/A (sky130_fd_sc_hd__buf_4)
     8    0.070801    0.097020    0.266487   12.810911 v load_slew2326/X (sky130_fd_sc_hd__buf_4)
                                                         net2326 (net)
                      0.097359    0.005174   12.816085 v _11911_/A2 (sky130_fd_sc_hd__a22o_2)
     1    0.002101    0.036902    0.279528   13.095613 v _11911_/X (sky130_fd_sc_hd__a22o_2)
                                                         _08348_ (net)
                      0.036902    0.000063   13.095675 v _11912_/A1 (sky130_fd_sc_hd__mux2_1)
     1    0.004428    0.063278    0.313005   13.408680 v _11912_/X (sky130_fd_sc_hd__mux2_1)
                                                         _08349_ (net)
                      0.063278    0.000186   13.408866 v _11913_/B1 (sky130_fd_sc_hd__a211o_2)
     1    0.005578    0.055254    0.333062   13.741927 v _11913_/X (sky130_fd_sc_hd__a211o_2)
                                                         _08350_ (net)
                      0.055254    0.000215   13.742142 v _11914_/B1 (sky130_fd_sc_hd__a31o_2)
     1    0.003296    0.037844    0.222997   13.965138 v _11914_/X (sky130_fd_sc_hd__a31o_2)
                                                         _08351_ (net)
                      0.037844    0.000112   13.965251 v _11923_/B (sky130_fd_sc_hd__and3_2)
     1    0.031025    0.100513    0.273061   14.238312 v _11923_/X (sky130_fd_sc_hd__and3_2)
                                                         _08360_ (net)
                      0.100526    0.001229   14.239541 v _11942_/B (sky130_fd_sc_hd__or3_2)
     1    0.049144    0.193430    0.659509   14.899050 v _11942_/X (sky130_fd_sc_hd__or3_2)
                                                         _08379_ (net)
                      0.193443    0.001959   14.901009 v _11962_/B (sky130_fd_sc_hd__and3_2)
     1    0.006717    0.047091    0.284238   15.185247 v _11962_/X (sky130_fd_sc_hd__and3_2)
                                                         net10 (net)
                      0.047091    0.000272   15.185519 v output10/A (sky130_fd_sc_hd__clkdlybuf4s25_1)
     1    0.035386    0.263432    0.441982   15.627501 v output10/X (sky130_fd_sc_hd__clkdlybuf4s25_1)
                                                         uo_out[1] (net)
                      0.263433    0.001013   15.628514 v uo_out[1] (out)
                                             15.628514   data arrival time

                                 40.000000   40.000000   clock clk (rise edge)
                                  0.000000   40.000000   clock network delay (propagated)
                                 -0.250000   39.750000   clock uncertainty
                                  0.000000   39.750000   clock reconvergence pessimism
                                 -8.000000   31.750000   output external delay
                                             31.750000   data required time
---------------------------------------------------------------------------------------------
                                             31.750000   data required time
                                            -15.628514   data arrival time
---------------------------------------------------------------------------------------------
                                             16.121485   slack (MET)




===========================================================================
report_checks --slack_max -0.01
============================================================================
======================= nom_tt_025C_1v80 Corner ===================================

No paths found.


===========================================================================
 report_check_types -max_slew -max_cap -max_fanout -violators
============================================================================
======================= nom_tt_025C_1v80 Corner ===================================

max slew

Pin                                        Limit        Slew       Slack
------------------------------------------------------------------------
fanout2051/A                            0.750000    1.456683   -0.706683 (VIOLATED)
fanout2048/A                            0.750000    1.456669   -0.706669 (VIOLATED)
fanout2054/A                            0.750000    1.456655   -0.706655 (VIOLATED)
fanout2052/A                            0.750000    1.456637   -0.706637 (VIOLATED)
fanout2059/A                            0.750000    1.456522   -0.706522 (VIOLATED)
fanout2061/A                            0.750000    1.456373   -0.706373 (VIOLATED)
fanout2058/A                            0.750000    1.456300   -0.706300 (VIOLATED)
fanout2062/X                            0.750000    1.456295   -0.706295 (VIOLATED)
_10413_/C1                              0.750000    1.430570   -0.680570 (VIOLATED)
fanout1770/A                            0.750000    1.430544   -0.680544 (VIOLATED)
_10098_/A                               0.750000    1.430515   -0.680515 (VIOLATED)
_09706_/C1                              0.750000    1.430482   -0.680482 (VIOLATED)
_09837_/A1_N                            0.750000    1.430476   -0.680476 (VIOLATED)
_10151_/B2                              0.750000    1.430470   -0.680470 (VIOLATED)
_09379_/C                               0.750000    1.430461   -0.680461 (VIOLATED)
_09758_/B1                              0.750000    1.430446   -0.680446 (VIOLATED)
fanout1773/X                            0.750000    1.430439   -0.680439 (VIOLATED)
_10332_/S                               0.750000    1.425681   -0.675681 (VIOLATED)
_10327_/B2                              0.750000    1.425672   -0.675672 (VIOLATED)
_09928_/A1                              0.750000    1.425648   -0.675648 (VIOLATED)
_10026_/B1                              0.750000    1.425632   -0.675632 (VIOLATED)
_10322_/B2                              0.750000    1.425629   -0.675629 (VIOLATED)
_09555_/A1                              0.750000    1.425615   -0.675615 (VIOLATED)
_10125_/B2                              0.750000    1.425578   -0.675578 (VIOLATED)
_10489_/B2                              0.750000    1.425566   -0.675566 (VIOLATED)
_09741_/B2                              0.750000    1.425540   -0.675540 (VIOLATED)
_09746_/B2                              0.750000    1.425539   -0.675539 (VIOLATED)
fanout1999/X                            0.750000    1.425533   -0.675533 (VIOLATED)
fanout2438/A                            0.750000    1.417587   -0.667587 (VIOLATED)
fanout2432/A                            0.750000    1.417524   -0.667524 (VIOLATED)
fanout2447/A                            0.750000    1.417258   -0.667258 (VIOLATED)
fanout2426/A                            0.750000    1.417184   -0.667184 (VIOLATED)
fanout2420/A                            0.750000    1.416981   -0.666981 (VIOLATED)
fanout2414/A                            0.750000    1.416978   -0.666978 (VIOLATED)
fanout2449/X                            0.750000    1.416967   -0.666967 (VIOLATED)
ANTENNA_86/DIODE                        0.750000    1.408393   -0.658393 (VIOLATED)
_10464_/B                               0.750000    1.408393   -0.658393 (VIOLATED)
fanout1631/A                            0.750000    1.408197   -0.658197 (VIOLATED)
ANTENNA_87/DIODE                        0.750000    1.408184   -0.658184 (VIOLATED)
_10406_/B1                              0.750000    1.408093   -0.658093 (VIOLATED)
_09779_/A                               0.750000    1.408031   -0.658031 (VIOLATED)
_10286_/B1                              0.750000    1.408031   -0.658031 (VIOLATED)
fanout1634/X                            0.750000    1.408029   -0.658029 (VIOLATED)
fanout1999/A                            0.750000    1.364812   -0.614812 (VIOLATED)
_10060_/B2                              0.750000    1.364712   -0.614712 (VIOLATED)
_10065_/B2                              0.750000    1.364662   -0.614662 (VIOLATED)
_09992_/A1                              0.750000    1.364651   -0.614651 (VIOLATED)
_10179_/B2                              0.750000    1.364622   -0.614622 (VIOLATED)
_10184_/B2                              0.750000    1.364568   -0.614569 (VIOLATED)
_10070_/S                               0.750000    1.364561   -0.614561 (VIOLATED)
_10163_/A                               0.750000    1.364341   -0.614341 (VIOLATED)
_09953_/A                               0.750000    1.364012   -0.614012 (VIOLATED)
_09763_/A1                              0.750000    1.363717   -0.613717 (VIOLATED)
fanout2000/X                            0.750000    1.363698   -0.613699 (VIOLATED)
_16540_/C1                              0.750000    1.346485   -0.596485 (VIOLATED)
_12766_/B                               0.750000    1.346482   -0.596482 (VIOLATED)
_15674_/A                               0.750000    1.346475   -0.596475 (VIOLATED)
_15992_/A                               0.750000    1.346432   -0.596432 (VIOLATED)
_15218_/A1                              0.750000    1.346267   -0.596267 (VIOLATED)
_15806_/A                               0.750000    1.345918   -0.595918 (VIOLATED)
_15173_/A1                              0.750000    1.345913   -0.595913 (VIOLATED)
_16355_/A                               0.750000    1.345886   -0.595886 (VIOLATED)
_15914_/A                               0.750000    1.345870   -0.595870 (VIOLATED)
fanout598/A                             0.750000    1.344724   -0.594724 (VIOLATED)
fanout599/X                             0.750000    1.344718   -0.594718 (VIOLATED)
_12806_/C                               0.750000    1.289552   -0.539552 (VIOLATED)
_13107_/B                               0.750000    1.289518   -0.539518 (VIOLATED)
_14424_/B                               0.750000    1.289403   -0.539403 (VIOLATED)
_13434_/B                               0.750000    1.289103   -0.539103 (VIOLATED)
_14096_/B                               0.750000    1.288903   -0.538903 (VIOLATED)
_14714_/B                               0.750000    1.288796   -0.538796 (VIOLATED)
_13461_/B                               0.750000    1.288646   -0.538646 (VIOLATED)
_14741_/B                               0.750000    1.287953   -0.537953 (VIOLATED)
fanout611/A                             0.750000    1.287315   -0.537315 (VIOLATED)
fanout612/X                             0.750000    1.287313   -0.537313 (VIOLATED)
fanout586/A                             0.750000    1.283079   -0.533079 (VIOLATED)
fanout587/A                             0.750000    1.283022   -0.533022 (VIOLATED)
_14278_/B                               0.750000    1.282569   -0.532569 (VIOLATED)
_14605_/B                               0.750000    1.282568   -0.532568 (VIOLATED)
ANTENNA_76/DIODE                        0.750000    1.282479   -0.532479 (VIOLATED)
_15837_/B1                              0.750000    1.282476   -0.532476 (VIOLATED)
_15097_/A                               0.750000    1.282405   -0.532405 (VIOLATED)
_16066_/B1                              0.750000    1.282346   -0.532346 (VIOLATED)
_15329_/A                               0.750000    1.282307   -0.532307 (VIOLATED)
_15514_/A                               0.750000    1.282305   -0.532305 (VIOLATED)
_16288_/A                               0.750000    1.282305   -0.532305 (VIOLATED)
fanout588/X                             0.750000    1.282296   -0.532296 (VIOLATED)
_14033_/B                               0.750000    1.272336   -0.522337 (VIOLATED)
_15050_/C                               0.750000    1.272331   -0.522331 (VIOLATED)
_14324_/B                               0.750000    1.272324   -0.522324 (VIOLATED)
_14342_/B                               0.750000    1.272322   -0.522322 (VIOLATED)
_14651_/B                               0.750000    1.272314   -0.522314 (VIOLATED)
_14051_/B                               0.750000    1.272313   -0.522313 (VIOLATED)
_14669_/B                               0.750000    1.272293   -0.522293 (VIOLATED)
_13062_/C                               0.750000    1.272288   -0.522288 (VIOLATED)
_13371_/B                               0.750000    1.272288   -0.522288 (VIOLATED)
_13044_/C                               0.750000    1.272285   -0.522285 (VIOLATED)
fanout609/X                             0.750000    1.272280   -0.522280 (VIOLATED)
fanout1948/A                            0.750000    1.260774   -0.510774 (VIOLATED)
ANTENNA_42/DIODE                        0.750000    1.260772   -0.510772 (VIOLATED)
ANTENNA_41/DIODE                        0.750000    1.260700   -0.510700 (VIOLATED)
fanout1944/A                            0.750000    1.260699   -0.510699 (VIOLATED)
fanout1928/A                            0.750000    1.260608   -0.510608 (VIOLATED)
ANTENNA_40/DIODE                        0.750000    1.260608   -0.510608 (VIOLATED)
fanout1958/A                            0.750000    1.260477   -0.510477 (VIOLATED)
fanout1939/A                            0.750000    1.260210   -0.510210 (VIOLATED)
fanout1959/X                            0.750000    1.260204   -0.510204 (VIOLATED)
_09531_/A                               0.750000    1.253728   -0.503728 (VIOLATED)
_09559_/B                               0.750000    1.253725   -0.503725 (VIOLATED)
_09557_/A                               0.750000    1.253725   -0.503725 (VIOLATED)
_10196_/B                               0.750000    1.253711   -0.503711 (VIOLATED)
_09944_/C1                              0.750000    1.253699   -0.503699 (VIOLATED)
_10195_/A                               0.750000    1.253696   -0.503696 (VIOLATED)
_10463_/A                               0.750000    1.253691   -0.503691 (VIOLATED)
_10485_/C1                              0.750000    1.253675   -0.503675 (VIOLATED)
_09692_/B1                              0.750000    1.253574   -0.503574 (VIOLATED)
_10121_/C1                              0.750000    1.253561   -0.503561 (VIOLATED)
fanout1627/X                            0.750000    1.253557   -0.503557 (VIOLATED)
_16250_/B1                              0.750000    1.235448   -0.485448 (VIOLATED)
_15403_/B2                              0.750000    1.235429   -0.485429 (VIOLATED)
_15606_/B1                              0.750000    1.235429   -0.485429 (VIOLATED)
_16167_/B2                              0.750000    1.235295   -0.485295 (VIOLATED)
_16053_/B1                              0.750000    1.235121   -0.485121 (VIOLATED)
_16420_/B1                              0.750000    1.235109   -0.485109 (VIOLATED)
_15486_/B2                              0.750000    1.234605   -0.484605 (VIOLATED)
fanout577/A                             0.750000    1.233773   -0.483773 (VIOLATED)
fanout578/X                             0.750000    1.233769   -0.483769 (VIOLATED)
_15217_/A1                              0.750000    1.232854   -0.482854 (VIOLATED)
_15728_/A1                              0.750000    1.232492   -0.482493 (VIOLATED)
_15589_/B2                              0.750000    1.232397   -0.482397 (VIOLATED)
fanout550/A                             0.750000    1.232344   -0.482344 (VIOLATED)
fanout549/A                             0.750000    1.232319   -0.482319 (VIOLATED)
fanout551/X                             0.750000    1.232318   -0.482318 (VIOLATED)
_13071_/B                               0.750000    1.231184   -0.481184 (VIOLATED)
_12768_/B                               0.750000    1.231180   -0.481180 (VIOLATED)
_14388_/B                               0.750000    1.231170   -0.481170 (VIOLATED)
_13398_/B                               0.750000    1.231156   -0.481156 (VIOLATED)
_14678_/B                               0.750000    1.231030   -0.481030 (VIOLATED)
_13425_/B                               0.750000    1.230921   -0.480921 (VIOLATED)
_14060_/B                               0.750000    1.230822   -0.480822 (VIOLATED)
_14705_/B                               0.750000    1.230605   -0.480605 (VIOLATED)
fanout613/A                             0.750000    1.230300   -0.480300 (VIOLATED)
fanout614/X                             0.750000    1.230297   -0.480297 (VIOLATED)
fanout872/A                             0.750000    1.225991   -0.475991 (VIOLATED)
fanout880/A                             0.750000    1.225886   -0.475886 (VIOLATED)
fanout901/A                             0.750000    1.225350   -0.475350 (VIOLATED)
fanout897/A                             0.750000    1.225208   -0.475208 (VIOLATED)
fanout912/A                             0.750000    1.225099   -0.475099 (VIOLATED)
fanout913/X                             0.750000    1.225092   -0.475092 (VIOLATED)
_12891_/C                               0.750000    1.219217   -0.469217 (VIOLATED)
_14505_/B                               0.750000    1.219190   -0.469190 (VIOLATED)
_14832_/B                               0.750000    1.219179   -0.469179 (VIOLATED)
_13225_/B                               0.750000    1.219144   -0.469144 (VIOLATED)
_13515_/B                               0.750000    1.219099   -0.469099 (VIOLATED)
_13243_/B                               0.750000    1.219036   -0.469036 (VIOLATED)
_12909_/C                               0.750000    1.218949   -0.468949 (VIOLATED)
_14195_/B                               0.750000    1.218744   -0.468744 (VIOLATED)
_14177_/B                               0.750000    1.218540   -0.468540 (VIOLATED)
_14523_/B                               0.750000    1.218410   -0.468410 (VIOLATED)
fanout855/X                             0.750000    1.218394   -0.468394 (VIOLATED)
fanout944/A                             0.750000    1.216478   -0.466478 (VIOLATED)
fanout946/A                             0.750000    1.216442   -0.466442 (VIOLATED)
fanout948/A                             0.750000    1.216435   -0.466435 (VIOLATED)
fanout957/A                             0.750000    1.216045   -0.466045 (VIOLATED)
fanout963/A                             0.750000    1.215937   -0.465937 (VIOLATED)
fanout965/A                             0.750000    1.215781   -0.465781 (VIOLATED)
fanout962/A                             0.750000    1.215678   -0.465678 (VIOLATED)
fanout971/A                             0.750000    1.215591   -0.465591 (VIOLATED)
fanout972/X                             0.750000    1.215585   -0.465585 (VIOLATED)
fanout655/A                             0.750000    1.209168   -0.459168 (VIOLATED)
fanout657/A                             0.750000    1.209128   -0.459128 (VIOLATED)
fanout654/A                             0.750000    1.209080   -0.459080 (VIOLATED)
fanout662/A                             0.750000    1.208989   -0.458989 (VIOLATED)
fanout666/A                             0.750000    1.208665   -0.458665 (VIOLATED)
fanout676/A                             0.750000    1.208540   -0.458540 (VIOLATED)
fanout677/X                             0.750000    1.208536   -0.458536 (VIOLATED)
_14249_/B                               0.750000    1.187454   -0.437455 (VIOLATED)
_12967_/C                               0.750000    1.187405   -0.437405 (VIOLATED)
_14577_/B                               0.750000    1.187343   -0.437343 (VIOLATED)
_14904_/B                               0.750000    1.187320   -0.437320 (VIOLATED)
_13297_/B                               0.750000    1.187247   -0.437247 (VIOLATED)
_13624_/B                               0.750000    1.187200   -0.437200 (VIOLATED)
_13315_/B                               0.750000    1.187049   -0.437049 (VIOLATED)
_12985_/C                               0.750000    1.187008   -0.437008 (VIOLATED)
_14267_/B                               0.750000    1.186779   -0.436779 (VIOLATED)
_14595_/B                               0.750000    1.186590   -0.436590 (VIOLATED)
fanout739/X                             0.750000    1.186587   -0.436587 (VIOLATED)
_14141_/B                               0.750000    1.172895   -0.422895 (VIOLATED)
_12853_/C                               0.750000    1.172858   -0.422858 (VIOLATED)
_14796_/B                               0.750000    1.172849   -0.422849 (VIOLATED)
_14469_/B                               0.750000    1.172831   -0.422831 (VIOLATED)
_13479_/B                               0.750000    1.172543   -0.422543 (VIOLATED)
_13189_/B                               0.750000    1.172423   -0.422423 (VIOLATED)
_13207_/B                               0.750000    1.172335   -0.422335 (VIOLATED)
ANTENNA_77/DIODE                        0.750000    1.172331   -0.422331 (VIOLATED)
_12871_/C                               0.750000    1.172182   -0.422182 (VIOLATED)
ANTENNA_78/DIODE                        0.750000    1.171907   -0.421907 (VIOLATED)
_14159_/B                               0.750000    1.171868   -0.421868 (VIOLATED)
_14487_/B                               0.750000    1.171611   -0.421611 (VIOLATED)
fanout914/X                             0.750000    1.171597   -0.421597 (VIOLATED)
_13134_/B                               0.750000    1.157758   -0.407758 (VIOLATED)
_12833_/C                               0.750000    1.157745   -0.407745 (VIOLATED)
_14451_/B                               0.750000    1.157732   -0.407732 (VIOLATED)
_13116_/B                               0.750000    1.157728   -0.407728 (VIOLATED)
_13443_/B                               0.750000    1.157727   -0.407728 (VIOLATED)
_14123_/B                               0.750000    1.157719   -0.407719 (VIOLATED)
_14723_/B                               0.750000    1.157717   -0.407717 (VIOLATED)
_14433_/B                               0.750000    1.157681   -0.407681 (VIOLATED)
_14105_/B                               0.750000    1.157676   -0.407676 (VIOLATED)
_12815_/C                               0.750000    1.157674   -0.407674 (VIOLATED)
fanout611/X                             0.750000    1.157672   -0.407672 (VIOLATED)
fanout739/A                             0.750000    1.146089   -0.396089 (VIOLATED)
_14922_/B                               0.750000    1.145974   -0.395974 (VIOLATED)
_13642_/B                               0.750000    1.145774   -0.395775 (VIOLATED)
_14895_/B                               0.750000    1.145704   -0.395704 (VIOLATED)
_14240_/B                               0.750000    1.145653   -0.395653 (VIOLATED)
_13615_/B                               0.750000    1.145493   -0.395493 (VIOLATED)
_12958_/C                               0.750000    1.145438   -0.395438 (VIOLATED)
_13288_/B                               0.750000    1.145436   -0.395436 (VIOLATED)
_14568_/B                               0.750000    1.145434   -0.395434 (VIOLATED)
fanout740/X                             0.750000    1.145428   -0.395428 (VIOLATED)
fanout855/A                             0.750000    1.143645   -0.393645 (VIOLATED)
ANTENNA_28/DIODE                        0.750000    1.143642   -0.393642 (VIOLATED)
_14850_/B                               0.750000    1.143617   -0.393617 (VIOLATED)
ANTENNA_27/DIODE                        0.750000    1.143616   -0.393616 (VIOLATED)
_13533_/B                               0.750000    1.143388   -0.393388 (VIOLATED)
_15281_/B1                              0.750000    1.143312   -0.393312 (VIOLATED)
_15956_/A1                              0.750000    1.143295   -0.393295 (VIOLATED)
_14823_/B                               0.750000    1.143290   -0.393290 (VIOLATED)
_14168_/B                               0.750000    1.143284   -0.393284 (VIOLATED)
_16506_/B2                              0.750000    1.143284   -0.393284 (VIOLATED)
_15581_/B1                              0.750000    1.143249   -0.393249 (VIOLATED)
_16216_/B1                              0.750000    1.143227   -0.393227 (VIOLATED)
_16136_/B1                              0.750000    1.143200   -0.393200 (VIOLATED)
_13506_/B                               0.750000    1.143159   -0.393159 (VIOLATED)
_13326_/C                               0.750000    1.143131   -0.393131 (VIOLATED)
_15259_/B1                              0.750000    1.143017   -0.393017 (VIOLATED)
_14496_/B                               0.750000    1.142845   -0.392845 (VIOLATED)
_13216_/B                               0.750000    1.142747   -0.392747 (VIOLATED)
_12882_/C                               0.750000    1.142713   -0.392713 (VIOLATED)
fanout856/X                             0.750000    1.142710   -0.392710 (VIOLATED)
_13380_/C                               0.750000    1.142112   -0.392112 (VIOLATED)
_13344_/C                               0.750000    1.142106   -0.392106 (VIOLATED)
fanout566/X                             0.750000    1.142103   -0.392103 (VIOLATED)
_15713_/B1                              0.750000    1.141925   -0.391925 (VIOLATED)
_15317_/A1                              0.750000    1.141922   -0.391922 (VIOLATED)
_14606_/C                               0.750000    1.141891   -0.391891 (VIOLATED)
_16115_/B1                              0.750000    1.141880   -0.391880 (VIOLATED)
_16211_/B1                              0.750000    1.141840   -0.391840 (VIOLATED)
_15921_/B1                              0.750000    1.141752   -0.391752 (VIOLATED)
_16506_/A1                              0.750000    1.141625   -0.391625 (VIOLATED)
_15589_/A1                              0.750000    1.141550   -0.391550 (VIOLATED)
fanout544/A                             0.750000    1.140932   -0.390932 (VIOLATED)
_16447_/A1                              0.750000    1.140929   -0.390929 (VIOLATED)
fanout545/X                             0.750000    1.140922   -0.390922 (VIOLATED)
fanout914/A                             0.750000    1.135656   -0.385657 (VIOLATED)
_14814_/B                               0.750000    1.135602   -0.385602 (VIOLATED)
_13497_/B                               0.750000    1.135329   -0.385329 (VIOLATED)
_14787_/B                               0.750000    1.135212   -0.385212 (VIOLATED)
_14132_/B                               0.750000    1.135151   -0.385151 (VIOLATED)
ANTENNA_79/DIODE                        0.750000    1.134845   -0.384845 (VIOLATED)
_13470_/B                               0.750000    1.134825   -0.384825 (VIOLATED)
_14460_/B                               0.750000    1.134586   -0.384586 (VIOLATED)
_13180_/B                               0.750000    1.134550   -0.384551 (VIOLATED)
_12844_/C                               0.750000    1.134539   -0.384539 (VIOLATED)
fanout915/X                             0.750000    1.134539   -0.384539 (VIOLATED)
_12676_/A                               0.750000    1.130300   -0.380300 (VIOLATED)
_12699_/A                               0.750000    1.130299   -0.380299 (VIOLATED)
_12693_/A                               0.750000    1.130297   -0.380297 (VIOLATED)
_12686_/A                               0.750000    1.130295   -0.380295 (VIOLATED)
_12761_/B1                              0.750000    1.130249   -0.380249 (VIOLATED)
fanout616/A                             0.750000    1.129997   -0.379997 (VIOLATED)
fanout617/X                             0.750000    1.129985   -0.379985 (VIOLATED)
fanout2200/A                            0.750000    1.121659   -0.371659 (VIOLATED)
fanout2196/A                            0.750000    1.121638   -0.371638 (VIOLATED)
ANTENNA_45/DIODE                        0.750000    1.121637   -0.371637 (VIOLATED)
fanout2187/A                            0.750000    1.121559   -0.371559 (VIOLATED)
fanout2189/A                            0.750000    1.121538   -0.371538 (VIOLATED)
fanout2198/A                            0.750000    1.121403   -0.371403 (VIOLATED)
fanout2193/A                            0.750000    1.121400   -0.371400 (VIOLATED)
fanout2191/A                            0.750000    1.121348   -0.371348 (VIOLATED)
fanout2202/X                            0.750000    1.121348   -0.371348 (VIOLATED)
_14868_/B                               0.750000    1.120970   -0.370970 (VIOLATED)
_14541_/B                               0.750000    1.120968   -0.370968 (VIOLATED)
_12929_/C                               0.750000    1.120925   -0.370925 (VIOLATED)
_13261_/B                               0.750000    1.120911   -0.370911 (VIOLATED)
_13588_/B                               0.750000    1.120910   -0.370910 (VIOLATED)
_13279_/B                               0.750000    1.120909   -0.370909 (VIOLATED)
_12947_/C                               0.750000    1.120896   -0.370896 (VIOLATED)
_14213_/B                               0.750000    1.120884   -0.370884 (VIOLATED)
_14231_/B                               0.750000    1.120865   -0.370865 (VIOLATED)
_14559_/B                               0.750000    1.120810   -0.370810 (VIOLATED)
fanout797/X                             0.750000    1.120801   -0.370801 (VIOLATED)
fanout797/A                             0.750000    1.105413   -0.355413 (VIOLATED)
_14886_/B                               0.750000    1.105264   -0.355264 (VIOLATED)
_13606_/B                               0.750000    1.105037   -0.355037 (VIOLATED)
_14204_/B                               0.750000    1.104976   -0.354976 (VIOLATED)
_14859_/B                               0.750000    1.104927   -0.354927 (VIOLATED)
_13579_/B                               0.750000    1.104752   -0.354752 (VIOLATED)
_14532_/B                               0.750000    1.104690   -0.354690 (VIOLATED)
_12920_/C                               0.750000    1.104685   -0.354685 (VIOLATED)
_13252_/B                               0.750000    1.104685   -0.354685 (VIOLATED)
fanout798/X                             0.750000    1.104681   -0.354681 (VIOLATED)
_15174_/A1                              0.750000    1.085819   -0.335819 (VIOLATED)
_15448_/A                               0.750000    1.085798   -0.335798 (VIOLATED)
_16484_/B1                              0.750000    1.085721   -0.335721 (VIOLATED)
_15229_/B1                              0.750000    1.085649   -0.335649 (VIOLATED)
_15739_/B1                              0.750000    1.085254   -0.335254 (VIOLATED)
_15536_/A                               0.750000    1.085185   -0.335185 (VIOLATED)
_15362_/A1                              0.750000    1.085127   -0.335127 (VIOLATED)
_16100_/A1                              0.750000    1.085126   -0.335126 (VIOLATED)
_16099_/A1                              0.750000    1.085124   -0.335124 (VIOLATED)
_15130_/A1                              0.750000    1.085101   -0.335101 (VIOLATED)
fanout590/X                             0.750000    1.085095   -0.335095 (VIOLATED)
_13015_/C                               0.750000    1.084060   -0.334060 (VIOLATED)
_13053_/B                               0.750000    1.084059   -0.334059 (VIOLATED)
_16231_/B1                              0.750000    1.083988   -0.333988 (VIOLATED)
_16106_/B1                              0.750000    1.083987   -0.333987 (VIOLATED)
_15235_/B1                              0.750000    1.083979   -0.333979 (VIOLATED)
_12997_/C                               0.750000    1.083946   -0.333947 (VIOLATED)
_15291_/B1                              0.750000    1.083857   -0.333857 (VIOLATED)
_15563_/B1                              0.750000    1.083851   -0.333851 (VIOLATED)
_16496_/A1                              0.750000    1.083832   -0.333832 (VIOLATED)
_15956_/B2                              0.750000    1.083721   -0.333721 (VIOLATED)
fanout571/X                             0.750000    1.083718   -0.333718 (VIOLATED)
_12958_/B                               0.750000    1.082366   -0.332366 (VIOLATED)
_15041_/B                               0.750000    1.082362   -0.332362 (VIOLATED)
_12844_/B                               0.750000    1.082359   -0.332359 (VIOLATED)
_12806_/B                               0.750000    1.082358   -0.332358 (VIOLATED)
_12882_/B                               0.750000    1.082350   -0.332350 (VIOLATED)
_12920_/B                               0.750000    1.082349   -0.332349 (VIOLATED)
_12768_/C                               0.750000    1.082312   -0.332312 (VIOLATED)
ANTENNA_75/DIODE                        0.750000    1.080976   -0.330976 (VIOLATED)
fanout580/A                             0.750000    1.080949   -0.330949 (VIOLATED)
fanout579/A                             0.750000    1.080477   -0.330477 (VIOLATED)
fanout581/X                             0.750000    1.080472   -0.330472 (VIOLATED)
_15632_/B1                              0.750000    1.071870   -0.321870 (VIOLATED)
_16260_/B1                              0.750000    1.071865   -0.321865 (VIOLATED)
_15394_/A1                              0.750000    1.071858   -0.321858 (VIOLATED)
_16158_/B2                              0.750000    1.071835   -0.321835 (VIOLATED)
_14750_/A                               0.750000    1.071746   -0.321746 (VIOLATED)
_12645_/B                               0.750000    1.071744   -0.321744 (VIOLATED)
_14931_/A                               0.750000    1.071744   -0.321744 (VIOLATED)
_13949_/A                               0.750000    1.071733   -0.321734 (VIOLATED)
_16039_/B1                              0.750000    1.071643   -0.321643 (VIOLATED)
fanout582/A                             0.750000    1.071599   -0.321599 (VIOLATED)
fanout583/X                             0.750000    1.071593   -0.321593 (VIOLATED)
_15041_/C                               0.750000    1.070272   -0.320272 (VIOLATED)
_13035_/C                               0.750000    1.070245   -0.320245 (VIOLATED)
_14315_/B                               0.750000    1.070177   -0.320177 (VIOLATED)
_13362_/B                               0.750000    1.070024   -0.320024 (VIOLATED)
_14024_/B                               0.750000    1.069845   -0.319845 (VIOLATED)
_14642_/B                               0.750000    1.069784   -0.319784 (VIOLATED)
_13389_/B                               0.750000    1.069672   -0.319672 (VIOLATED)
_15068_/C                               0.750000    1.069241   -0.319241 (VIOLATED)
fanout609/A                             0.750000    1.069160   -0.319160 (VIOLATED)
fanout610/X                             0.750000    1.069160   -0.319160 (VIOLATED)
_14415_/B                               0.750000    1.060668   -0.310668 (VIOLATED)
_09466_/B1                              0.750000    1.060649   -0.310649 (VIOLATED)
_10698_/B1                              0.750000    1.060645   -0.310645 (VIOLATED)
_14087_/B                               0.750000    1.060639   -0.310639 (VIOLATED)
_10822_/B1                              0.750000    1.060597   -0.310597 (VIOLATED)
_13098_/B                               0.750000    1.060577   -0.310577 (VIOLATED)
_12795_/B                               0.750000    1.060554   -0.310554 (VIOLATED)
_11226_/B1                              0.750000    1.060539   -0.310539 (VIOLATED)
_13080_/B                               0.750000    1.060503   -0.310503 (VIOLATED)
_13407_/B                               0.750000    1.060495   -0.310495 (VIOLATED)
_09446_/C1                              0.750000    1.060481   -0.310481 (VIOLATED)
_09437_/B1                              0.750000    1.060478   -0.310478 (VIOLATED)
_09298_/C1                              0.750000    1.060472   -0.310472 (VIOLATED)
_14069_/B                               0.750000    1.060454   -0.310454 (VIOLATED)
_12777_/B                               0.750000    1.060453   -0.310453 (VIOLATED)
_14397_/B                               0.750000    1.060449   -0.310450 (VIOLATED)
_14687_/B                               0.750000    1.060441   -0.310441 (VIOLATED)
fanout613/X                             0.750000    1.060438   -0.310438 (VIOLATED)
_09292_/A1                              0.750000    1.060422   -0.310422 (VIOLATED)
_11289_/B1                              0.750000    1.060400   -0.310400 (VIOLATED)
_11318_/B1                              0.750000    1.060320   -0.310320 (VIOLATED)
fanout1977/X                            0.750000    1.060307   -0.310307 (VIOLATED)
fanout1859/A                            0.750000    1.038457   -0.288457 (VIOLATED)
fanout1857/A                            0.750000    1.038419   -0.288419 (VIOLATED)
ANTENNA_39/DIODE                        0.750000    1.038412   -0.288412 (VIOLATED)
fanout1854/A                            0.750000    1.038371   -0.288371 (VIOLATED)
ANTENNA_38/DIODE                        0.750000    1.038369   -0.288369 (VIOLATED)
fanout1856/A                            0.750000    1.038365   -0.288365 (VIOLATED)
fanout1852/A                            0.750000    1.038312   -0.288312 (VIOLATED)
fanout1860/X                            0.750000    1.038310   -0.288310 (VIOLATED)
_15600_/B1                              0.750000    0.987306   -0.237306 (VIOLATED)
_16244_/B1                              0.750000    0.987298   -0.237298 (VIOLATED)
_16529_/C1                              0.750000    0.987274   -0.237274 (VIOLATED)
_15981_/A                               0.750000    0.987231   -0.237231 (VIOLATED)
_15663_/A                               0.750000    0.987226   -0.237226 (VIOLATED)
_15383_/B1                              0.750000    0.987171   -0.237171 (VIOLATED)
_14604_/B                               0.750000    0.987167   -0.237167 (VIOLATED)
_16153_/B1                              0.750000    0.987151   -0.237151 (VIOLATED)
_14277_/B                               0.750000    0.987091   -0.237091 (VIOLATED)
_15141_/B1                              0.750000    0.986868   -0.236868 (VIOLATED)
fanout586/X                             0.750000    0.986865   -0.236865 (VIOLATED)
_15868_/A1                              0.750000    0.977353   -0.227353 (VIOLATED)
_14186_/C                               0.750000    0.977352   -0.227352 (VIOLATED)
_14222_/C                               0.750000    0.977350   -0.227350 (VIOLATED)
_14258_/C                               0.750000    0.977350   -0.227350 (VIOLATED)
fanout557/A                             0.750000    0.977337   -0.227337 (VIOLATED)
_15296_/B1                              0.750000    0.977158   -0.227158 (VIOLATED)
_13988_/C                               0.750000    0.977156   -0.227156 (VIOLATED)
_16054_/A1                              0.750000    0.977131   -0.227131 (VIOLATED)
fanout558/X                             0.750000    0.977129   -0.227129 (VIOLATED)
_14333_/C                               0.750000    0.976386   -0.226386 (VIOLATED)
_14406_/C                               0.750000    0.976385   -0.226385 (VIOLATED)
_14297_/C                               0.750000    0.976384   -0.226384 (VIOLATED)
_15244_/B2                              0.750000    0.976358   -0.226358 (VIOLATED)
_16496_/B2                              0.750000    0.976357   -0.226357 (VIOLATED)
_15310_/B1                              0.750000    0.976355   -0.226355 (VIOLATED)
_16197_/B1                              0.750000    0.976354   -0.226354 (VIOLATED)
_15955_/B1                              0.750000    0.976095   -0.226095 (VIOLATED)
_16126_/B1                              0.750000    0.976094   -0.226094 (VIOLATED)
_14279_/C                               0.750000    0.976091   -0.226091 (VIOLATED)
fanout549/X                             0.750000    0.976091   -0.226091 (VIOLATED)
fanout2240/A                            0.750000    0.958644   -0.208644 (VIOLATED)
fanout2235/A                            0.750000    0.958621   -0.208621 (VIOLATED)
fanout2250/A                            0.750000    0.958592   -0.208592 (VIOLATED)
fanout2231/A                            0.750000    0.958524   -0.208524 (VIOLATED)
fanout2220/A                            0.750000    0.958519   -0.208519 (VIOLATED)
fanout2226/A                            0.750000    0.958511   -0.208511 (VIOLATED)
fanout2251/X                            0.750000    0.958509   -0.208509 (VIOLATED)
fanout2290/A                            0.750000    0.953315   -0.203315 (VIOLATED)
_16943_/B1                              0.750000    0.953310   -0.203310 (VIOLATED)
_16991_/A1                              0.750000    0.953308   -0.203308 (VIOLATED)
_17196_/A1                              0.750000    0.953283   -0.203283 (VIOLATED)
_11492_/A                               0.750000    0.953267   -0.203267 (VIOLATED)
_09207_/A                               0.750000    0.953201   -0.203201 (VIOLATED)
_11582_/A1                              0.750000    0.953192   -0.203192 (VIOLATED)
_11439_/A1                              0.750000    0.953175   -0.203175 (VIOLATED)
_11548_/A1                              0.750000    0.953174   -0.203174 (VIOLATED)
_09890_/A                               0.750000    0.953170   -0.203170 (VIOLATED)
fanout2291/X                            0.750000    0.953166   -0.203166 (VIOLATED)
fanout369/A                             0.750000    0.912067   -0.162067 (VIOLATED)
fanout370/A                             0.750000    0.912055   -0.162055 (VIOLATED)
fanout372/A                             0.750000    0.911997   -0.161997 (VIOLATED)
fanout371/A                             0.750000    0.911994   -0.161994 (VIOLATED)
fanout375/A                             0.750000    0.911885   -0.161885 (VIOLATED)
fanout373/A                             0.750000    0.911885   -0.161885 (VIOLATED)
fanout376/A                             0.750000    0.911880   -0.161880 (VIOLATED)
fanout377/A                             0.750000    0.911880   -0.161880 (VIOLATED)
fanout378/X                             0.750000    0.911880   -0.161880 (VIOLATED)
_09840_/C                               0.750000    0.907634   -0.157634 (VIOLATED)
_12638_/B                               0.750000    0.907613   -0.157613 (VIOLATED)
_12703_/B                               0.750000    0.907612   -0.157612 (VIOLATED)
_12704_/A1                              0.750000    0.907610   -0.157610 (VIOLATED)
_09886_/A                               0.750000    0.907597   -0.157597 (VIOLATED)
_12419_/B1                              0.750000    0.907596   -0.157596 (VIOLATED)
_16821_/A2                              0.750000    0.907570   -0.157570 (VIOLATED)
_09885_/B                               0.750000    0.907558   -0.157558 (VIOLATED)
_09249_/A                               0.750000    0.907507   -0.157507 (VIOLATED)
_09879_/C_N                             0.750000    0.907499   -0.157499 (VIOLATED)
fanout2288/X                            0.750000    0.907485   -0.157485 (VIOLATED)
fanout429/A                             0.750000    0.906229   -0.156230 (VIOLATED)
fanout430/A                             0.750000    0.906218   -0.156218 (VIOLATED)
fanout432/A                             0.750000    0.906023   -0.156023 (VIOLATED)
ANTENNA_26/DIODE                        0.750000    0.906021   -0.156021 (VIOLATED)
fanout431/A                             0.750000    0.905762   -0.155762 (VIOLATED)
ANTENNA_25/DIODE                        0.750000    0.905730   -0.155730 (VIOLATED)
fanout428/A                             0.750000    0.905366   -0.155366 (VIOLATED)
fanout433/X                             0.750000    0.905366   -0.155366 (VIOLATED)
fanout1675/A                            0.750000    0.904076   -0.154076 (VIOLATED)
fanout1677/A                            0.750000    0.904057   -0.154057 (VIOLATED)
fanout1680/A                            0.750000    0.903848   -0.153848 (VIOLATED)
fanout1678/A                            0.750000    0.903455   -0.153456 (VIOLATED)
fanout1673/A                            0.750000    0.903148   -0.153148 (VIOLATED)
fanout1681/X                            0.750000    0.903142   -0.153142 (VIOLATED)
_10408_/B                               0.750000    0.885595   -0.135595 (VIOLATED)
_10435_/A0                              0.750000    0.885577   -0.135577 (VIOLATED)
_11516_/A2                              0.750000    0.885548   -0.135548 (VIOLATED)
_16780_/A1                              0.750000    0.885445   -0.135445 (VIOLATED)
_16779_/A1                              0.750000    0.885437   -0.135437 (VIOLATED)
_12504_/A                               0.750000    0.885416   -0.135416 (VIOLATED)
_16770_/A                               0.750000    0.885391   -0.135391 (VIOLATED)
_16810_/A1                              0.750000    0.885388   -0.135388 (VIOLATED)
_16811_/A1                              0.750000    0.885376   -0.135376 (VIOLATED)
_12522_/A1                              0.750000    0.885355   -0.135355 (VIOLATED)
fanout1402/X                            0.750000    0.885351   -0.135351 (VIOLATED)
fanout564/A                             0.750000    0.883007   -0.133007 (VIOLATED)
fanout563/A                             0.750000    0.882970   -0.132970 (VIOLATED)
_15486_/A1                              0.750000    0.882968   -0.132968 (VIOLATED)
_13690_/B                               0.750000    0.882950   -0.132950 (VIOLATED)
_16167_/A1                              0.750000    0.882858   -0.132858 (VIOLATED)
_15394_/B2                              0.750000    0.882854   -0.132854 (VIOLATED)
_16255_/B1                              0.750000    0.882853   -0.132853 (VIOLATED)
fanout565/X                             0.750000    0.882851   -0.132851 (VIOLATED)
_13035_/B                               0.750000    0.874593   -0.124593 (VIOLATED)
_13288_/C                               0.750000    0.874593   -0.124593 (VIOLATED)
_13252_/C                               0.750000    0.874592   -0.124593 (VIOLATED)
_13216_/C                               0.750000    0.874591   -0.124591 (VIOLATED)
_13180_/C                               0.750000    0.874590   -0.124590 (VIOLATED)
_13107_/C                               0.750000    0.874589   -0.124589 (VIOLATED)
_13071_/C                               0.750000    0.874586   -0.124586 (VIOLATED)
fanout574/A                             0.750000    0.874519   -0.124519 (VIOLATED)
fanout573/A                             0.750000    0.874403   -0.124403 (VIOLATED)
fanout575/X                             0.750000    0.874403   -0.124403 (VIOLATED)
_14760_/A                               0.750000    0.864299   -0.114299 (VIOLATED)
_13959_/A                               0.750000    0.864297   -0.114297 (VIOLATED)
_14978_/A                               0.750000    0.864297   -0.114297 (VIOLATED)
_12674_/B                               0.750000    0.864296   -0.114296 (VIOLATED)
_14361_/A                               0.750000    0.864294   -0.114294 (VIOLATED)
_14941_/A                               0.750000    0.864291   -0.114291 (VIOLATED)
_13153_/A                               0.750000    0.864276   -0.114276 (VIOLATED)
_13552_/A                               0.750000    0.864254   -0.114254 (VIOLATED)
_13700_/A                               0.750000    0.864090   -0.114090 (VIOLATED)
_13663_/A                               0.750000    0.863979   -0.113979 (VIOLATED)
fanout415/X                             0.750000    0.863971   -0.113971 (VIOLATED)
fanout1831/A                            0.750000    0.861674   -0.111674 (VIOLATED)
fanout1834/A                            0.750000    0.861591   -0.111591 (VIOLATED)
fanout1844/A                            0.750000    0.861432   -0.111432 (VIOLATED)
fanout1841/A                            0.750000    0.861359   -0.111359 (VIOLATED)
fanout1839/A                            0.750000    0.861234   -0.111234 (VIOLATED)
fanout1846/X                            0.750000    0.861232   -0.111232 (VIOLATED)
fanout2317/A                            0.750000    0.855138   -0.105138 (VIOLATED)
fanout2319/A                            0.750000    0.855122   -0.105122 (VIOLATED)
fanout2320/A                            0.750000    0.855101   -0.105101 (VIOLATED)
fanout2322/A                            0.750000    0.855095   -0.105095 (VIOLATED)
fanout2325/A                            0.750000    0.855083   -0.105083 (VIOLATED)
fanout2327/X                            0.750000    0.854865   -0.104865 (VIOLATED)
_14168_/C                               0.750000    0.852660   -0.102660 (VIOLATED)
_14024_/C                               0.750000    0.852659   -0.102659 (VIOLATED)
_14240_/C                               0.750000    0.852656   -0.102656 (VIOLATED)
_14132_/C                               0.750000    0.852654   -0.102654 (VIOLATED)
_14096_/C                               0.750000    0.852645   -0.102645 (VIOLATED)
_14204_/C                               0.750000    0.852629   -0.102629 (VIOLATED)
_14060_/C                               0.750000    0.852626   -0.102626 (VIOLATED)
fanout561/A                             0.750000    0.852539   -0.102539 (VIOLATED)
fanout560/A                             0.750000    0.852168   -0.102168 (VIOLATED)
fanout562/X                             0.750000    0.852161   -0.102161 (VIOLATED)
_12537_/A                               0.750000    0.844816   -0.094816 (VIOLATED)
_12545_/A                               0.750000    0.844815   -0.094815 (VIOLATED)
_12443_/A                               0.750000    0.844793   -0.094794 (VIOLATED)
_09494_/A                               0.750000    0.844770   -0.094770 (VIOLATED)
_12437_/A                               0.750000    0.844768   -0.094768 (VIOLATED)
_09495_/A                               0.750000    0.844747   -0.094747 (VIOLATED)
_12474_/A1                              0.750000    0.844701   -0.094701 (VIOLATED)
_12492_/A1                              0.750000    0.844693   -0.094693 (VIOLATED)
_09453_/A                               0.750000    0.844687   -0.094687 (VIOLATED)
fanout1585/A                            0.750000    0.844671   -0.094671 (VIOLATED)
fanout1586/X                            0.750000    0.844670   -0.094670 (VIOLATED)
_09532_/A1                              0.750000    0.839402   -0.089402 (VIOLATED)
_09498_/B                               0.750000    0.839401   -0.089401 (VIOLATED)
_09418_/B                               0.750000    0.839383   -0.089383 (VIOLATED)
_10198_/A2                              0.750000    0.839374   -0.089374 (VIOLATED)
_10197_/A2                              0.750000    0.839373   -0.089373 (VIOLATED)
_10436_/B                               0.750000    0.839370   -0.089370 (VIOLATED)
_10255_/A1                              0.750000    0.839347   -0.089347 (VIOLATED)
_10229_/B                               0.750000    0.839343   -0.089343 (VIOLATED)
_09946_/A1                              0.750000    0.839332   -0.089332 (VIOLATED)
_09923_/B                               0.750000    0.839327   -0.089327 (VIOLATED)
fanout1582/X                            0.750000    0.839327   -0.089327 (VIOLATED)
_17083_/A                               0.750000    0.838987   -0.088987 (VIOLATED)
_17032_/A                               0.750000    0.838981   -0.088981 (VIOLATED)
_17058_/B2                              0.750000    0.838976   -0.088976 (VIOLATED)
_16953_/A                               0.750000    0.838966   -0.088966 (VIOLATED)
_16899_/A                               0.750000    0.838964   -0.088964 (VIOLATED)
_16874_/A                               0.750000    0.838958   -0.088958 (VIOLATED)
_17001_/A                               0.750000    0.838940   -0.088940 (VIOLATED)
_16978_/A                               0.750000    0.838935   -0.088935 (VIOLATED)
_17157_/A                               0.750000    0.838925   -0.088925 (VIOLATED)
_16930_/A                               0.750000    0.838925   -0.088925 (VIOLATED)
fanout1973/X                            0.750000    0.838923   -0.088923 (VIOLATED)
fanout547/A                             0.750000    0.831090   -0.081090 (VIOLATED)
fanout546/A                             0.750000    0.831038   -0.081038 (VIOLATED)
_14651_/C                               0.750000    0.830888   -0.080888 (VIOLATED)
_14615_/C                               0.750000    0.830887   -0.080887 (VIOLATED)
_14723_/C                               0.750000    0.830887   -0.080887 (VIOLATED)
_14687_/C                               0.750000    0.830884   -0.080884 (VIOLATED)
_14832_/C                               0.750000    0.830882   -0.080882 (VIOLATED)
_14868_/C                               0.750000    0.830882   -0.080882 (VIOLATED)
_14904_/C                               0.750000    0.830882   -0.080882 (VIOLATED)
_14796_/C                               0.750000    0.830882   -0.080882 (VIOLATED)
fanout548/X                             0.750000    0.830879   -0.080879 (VIOLATED)
fanout2452/A                            0.750000    0.829314   -0.079314 (VIOLATED)
fanout2464/A                            0.750000    0.829310   -0.079310 (VIOLATED)
fanout2457/A                            0.750000    0.829302   -0.079302 (VIOLATED)
fanout2454/A                            0.750000    0.829297   -0.079297 (VIOLATED)
fanout2485/A                            0.750000    0.829270   -0.079270 (VIOLATED)
fanout2486/X                            0.750000    0.829264   -0.079264 (VIOLATED)
_13986_/B                               0.750000    0.816972   -0.066972 (VIOLATED)
_15685_/A                               0.750000    0.816959   -0.066959 (VIOLATED)
_15186_/B1                              0.750000    0.816942   -0.066942 (VIOLATED)
_13987_/B                               0.750000    0.816921   -0.066921 (VIOLATED)
_16551_/B1                              0.750000    0.816913   -0.066913 (VIOLATED)
_16003_/A                               0.750000    0.816863   -0.066863 (VIOLATED)
_15617_/A                               0.750000    0.816836   -0.066836 (VIOLATED)
_13652_/B                               0.750000    0.816751   -0.066751 (VIOLATED)
_15903_/A                               0.750000    0.816599   -0.066599 (VIOLATED)
_15817_/A                               0.750000    0.816594   -0.066594 (VIOLATED)
fanout589/X                             0.750000    0.816592   -0.066592 (VIOLATED)
fanout787/A                             0.750000    0.815099   -0.065099 (VIOLATED)
fanout782/A                             0.750000    0.815096   -0.065096 (VIOLATED)
fanout792/A                             0.750000    0.815078   -0.065078 (VIOLATED)
fanout793/A                             0.750000    0.815050   -0.065050 (VIOLATED)
fanout795/A                             0.750000    0.815049   -0.065049 (VIOLATED)
fanout796/X                             0.750000    0.814838   -0.064838 (VIOLATED)
_18225_/B1                              0.750000    0.803634   -0.053634 (VIOLATED)
_12415_/A2                              0.750000    0.803626   -0.053626 (VIOLATED)
_18244_/A1                              0.750000    0.803608   -0.053608 (VIOLATED)
_18256_/B1                              0.750000    0.803589   -0.053589 (VIOLATED)
_18265_/A                               0.750000    0.803571   -0.053571 (VIOLATED)
_18266_/A1                              0.750000    0.803554   -0.053554 (VIOLATED)
_18391_/B1                              0.750000    0.803523   -0.053524 (VIOLATED)
_18289_/S                               0.750000    0.803523   -0.053523 (VIOLATED)
_18386_/S                               0.750000    0.803515   -0.053515 (VIOLATED)
_18328_/A                               0.750000    0.803465   -0.053465 (VIOLATED)
fanout584/X                             0.750000    0.803463   -0.053463 (VIOLATED)
_15373_/B1                              0.750000    0.802192   -0.052192 (VIOLATED)
_12996_/B                               0.750000    0.802177   -0.052177 (VIOLATED)
_12995_/B                               0.750000    0.802157   -0.052157 (VIOLATED)
_13324_/B                               0.750000    0.802148   -0.052148 (VIOLATED)
_15652_/B1                              0.750000    0.802103   -0.052103 (VIOLATED)
_16276_/A1                              0.750000    0.802102   -0.052102 (VIOLATED)
_15633_/A1                              0.750000    0.802099   -0.052099 (VIOLATED)
_16518_/B1                              0.750000    0.802093   -0.052093 (VIOLATED)
_15970_/A                               0.750000    0.802083   -0.052084 (VIOLATED)
_16178_/B1                              0.750000    0.802059   -0.052059 (VIOLATED)
fanout592/X                             0.750000    0.802050   -0.052050 (VIOLATED)
fanout381/A                             0.750000    0.786662   -0.036663 (VIOLATED)
fanout384/A                             0.750000    0.786620   -0.036620 (VIOLATED)
fanout379/A                             0.750000    0.786595   -0.036595 (VIOLATED)
fanout380/A                             0.750000    0.786594   -0.036594 (VIOLATED)
fanout386/A                             0.750000    0.786586   -0.036586 (VIOLATED)
fanout387/X                             0.750000    0.786583   -0.036583 (VIOLATED)
_12510_/S                               0.750000    0.783415   -0.033415 (VIOLATED)
_12513_/S                               0.750000    0.783413   -0.033413 (VIOLATED)
_12502_/S                               0.750000    0.783409   -0.033409 (VIOLATED)
_12506_/S                               0.750000    0.783407   -0.033407 (VIOLATED)
_09305_/A1                              0.750000    0.783403   -0.033403 (VIOLATED)
_09304_/A1                              0.750000    0.783403   -0.033403 (VIOLATED)
_12424_/A1                              0.750000    0.783400   -0.033400 (VIOLATED)
_12423_/B                               0.750000    0.783399   -0.033399 (VIOLATED)
_11401_/S                               0.750000    0.783395   -0.033395 (VIOLATED)
_12498_/S                               0.750000    0.783390   -0.033391 (VIOLATED)
fanout1587/X                            0.750000    0.783194   -0.033194 (VIOLATED)
_13082_/A1                              0.750000    0.783073   -0.033073 (VIOLATED)
_13118_/A1                              0.750000    0.783071   -0.033071 (VIOLATED)
_13008_/A1                              0.750000    0.783070   -0.033070 (VIOLATED)
fanout399/A                             0.750000    0.783058   -0.033058 (VIOLATED)
fanout400/A                             0.750000    0.783045   -0.033045 (VIOLATED)
fanout401/A                             0.750000    0.783041   -0.033041 (VIOLATED)
fanout403/A                             0.750000    0.782874   -0.032874 (VIOLATED)
fanout404/X                             0.750000    0.782869   -0.032869 (VIOLATED)
_17999_/S                               0.750000    0.780486   -0.030486 (VIOLATED)
_17987_/S                               0.750000    0.780472   -0.030472 (VIOLATED)
_17985_/S                               0.750000    0.780458   -0.030458 (VIOLATED)
_17979_/S                               0.750000    0.780416   -0.030416 (VIOLATED)
load_slew1478/A                         0.750000    0.780409   -0.030409 (VIOLATED)
_16887_/A1                              0.750000    0.780344   -0.030344 (VIOLATED)
_17047_/B1                              0.750000    0.780340   -0.030340 (VIOLATED)
_16838_/A1_N                            0.750000    0.780332   -0.030332 (VIOLATED)
_16945_/B2                              0.750000    0.780329   -0.030329 (VIOLATED)
_16992_/B2                              0.750000    0.780328   -0.030328 (VIOLATED)
_17196_/B1                              0.750000    0.780304   -0.030304 (VIOLATED)
_09890_/B                               0.750000    0.780293   -0.030293 (VIOLATED)
_09894_/B1                              0.750000    0.780293   -0.030293 (VIOLATED)
_11439_/C1                              0.750000    0.780292   -0.030292 (VIOLATED)
_16726_/A1_N                            0.750000    0.780279   -0.030279 (VIOLATED)
fanout1418/X                            0.750000    0.780276   -0.030276 (VIOLATED)
fanout1477/X                            0.750000    0.780196   -0.030196 (VIOLATED)
_15697_/A                               0.750000    0.780081   -0.030081 (VIOLATED)
_15260_/A1                              0.750000    0.780080   -0.030080 (VIOLATED)
_12644_/B                               0.750000    0.780076   -0.030076 (VIOLATED)
_16232_/A1                              0.750000    0.780072   -0.030072 (VIOLATED)
_16486_/A1                              0.750000    0.780065   -0.030065 (VIOLATED)
_15360_/B1                              0.750000    0.780023   -0.030023 (VIOLATED)
_15547_/A                               0.750000    0.779976   -0.029976 (VIOLATED)
_15129_/A1                              0.750000    0.779961   -0.029961 (VIOLATED)
_16098_/A1                              0.750000    0.779959   -0.029959 (VIOLATED)
_15772_/A1                              0.750000    0.779942   -0.029942 (VIOLATED)
fanout597/X                             0.750000    0.779938   -0.029938 (VIOLATED)
fanout1657/A                            0.750000    0.777600   -0.027600 (VIOLATED)
fanout1659/A                            0.750000    0.777560   -0.027560 (VIOLATED)
fanout1662/A                            0.750000    0.777527   -0.027527 (VIOLATED)
fanout1665/A                            0.750000    0.777512   -0.027512 (VIOLATED)
fanout1660/A                            0.750000    0.777478   -0.027478 (VIOLATED)
fanout1667/X                            0.750000    0.777477   -0.027477 (VIOLATED)
fanout589/A                             0.750000    0.775081   -0.025081 (VIOLATED)
_16366_/A                               0.750000    0.775077   -0.025077 (VIOLATED)
_16431_/B1                              0.750000    0.774776   -0.024776 (VIOLATED)
_16310_/A                               0.750000    0.774720   -0.024720 (VIOLATED)
fanout590/A                             0.750000    0.774701   -0.024701 (VIOLATED)
fanout591/X                             0.750000    0.774695   -0.024695 (VIOLATED)
_18275_/A1                              0.750000    0.770595   -0.020595 (VIOLATED)
_18330_/A1                              0.750000    0.770584   -0.020584 (VIOLATED)
_18315_/B2                              0.750000    0.770577   -0.020577 (VIOLATED)
_18297_/B2                              0.750000    0.770568   -0.020568 (VIOLATED)
_18290_/B2                              0.750000    0.770561   -0.020561 (VIOLATED)
_18393_/A1                              0.750000    0.770534   -0.020534 (VIOLATED)
_18227_/A1                              0.750000    0.770488   -0.020488 (VIOLATED)
_18401_/B2                              0.750000    0.770463   -0.020463 (VIOLATED)
_11398_/B1                              0.750000    0.770458   -0.020458 (VIOLATED)
_11530_/B2                              0.750000    0.770458   -0.020458 (VIOLATED)
fanout1611/X                            0.750000    0.770458   -0.020458 (VIOLATED)
_11365_/A                               0.750000    0.769725   -0.019725 (VIOLATED)
_11364_/B1                              0.750000    0.769721   -0.019721 (VIOLATED)
_09840_/A                               0.750000    0.769718   -0.019719 (VIOLATED)
_12509_/A1                              0.750000    0.769687   -0.019687 (VIOLATED)
_16709_/A2                              0.750000    0.769635   -0.019635 (VIOLATED)
_12419_/A1                              0.750000    0.769608   -0.019608 (VIOLATED)
_09248_/A                               0.750000    0.769585   -0.019585 (VIOLATED)
_12418_/A                               0.750000    0.769582   -0.019582 (VIOLATED)
_12417_/A                               0.750000    0.769567   -0.019567 (VIOLATED)
_09879_/A                               0.750000    0.769526   -0.019526 (VIOLATED)
fanout2290/X                            0.750000    0.769307   -0.019307 (VIOLATED)
_16803_/A1                              0.750000    0.766703   -0.016703 (VIOLATED)
_17069_/B1                              0.750000    0.766698   -0.016698 (VIOLATED)
_16904_/A1                              0.750000    0.766695   -0.016695 (VIOLATED)
_17012_/B1                              0.750000    0.766694   -0.016694 (VIOLATED)
_16854_/A1                              0.750000    0.766690   -0.016690 (VIOLATED)
_16838_/B2                              0.750000    0.766686   -0.016686 (VIOLATED)
_16886_/B1                              0.750000    0.766641   -0.016641 (VIOLATED)
_12632_/B1                              0.750000    0.766553   -0.016553 (VIOLATED)
_16604_/B1                              0.750000    0.766455   -0.016455 (VIOLATED)
fanout1163/A                            0.750000    0.766425   -0.016425 (VIOLATED)
fanout1164/X                            0.750000    0.766422   -0.016422 (VIOLATED)
_10501_/A                               0.750000    0.758702   -0.008702 (VIOLATED)
_12483_/A                               0.750000    0.758688   -0.008688 (VIOLATED)
_12481_/A                               0.750000    0.758683   -0.008683 (VIOLATED)
_16947_/A1                              0.750000    0.758657   -0.008657 (VIOLATED)
_10056_/B                               0.750000    0.758643   -0.008643 (VIOLATED)
_10055_/B                               0.750000    0.758632   -0.008632 (VIOLATED)
fanout1178/A                            0.750000    0.758621   -0.008621 (VIOLATED)
_10050_/A                               0.750000    0.758616   -0.008616 (VIOLATED)
_10051_/A                               0.750000    0.758614   -0.008614 (VIOLATED)
fanout1179/X                            0.750000    0.758614   -0.008614 (VIOLATED)
_18275_/B2                              0.750000    0.754336   -0.004336 (VIOLATED)
_18250_/B2                              0.750000    0.754332   -0.004332 (VIOLATED)
_18267_/B2                              0.750000    0.754330   -0.004330 (VIOLATED)
_18258_/B2                              0.750000    0.754327   -0.004327 (VIOLATED)
_18245_/B2                              0.750000    0.754315   -0.004315 (VIOLATED)
_18235_/B2                              0.750000    0.754298   -0.004298 (VIOLATED)
_18393_/B2                              0.750000    0.754288   -0.004288 (VIOLATED)
_18227_/B2                              0.750000    0.754279   -0.004279 (VIOLATED)
_11398_/A2                              0.750000    0.754038   -0.004038 (VIOLATED)
_11464_/B2                              0.750000    0.754038   -0.004038 (VIOLATED)
fanout1612/X                            0.750000    0.754038   -0.004038 (VIOLATED)
fanout558/A                             0.750000    0.753462   -0.003462 (VIOLATED)
_15501_/B1                              0.750000    0.753435   -0.003435 (VIOLATED)
_16415_/B1                              0.750000    0.753432   -0.003432 (VIOLATED)
_16183_/B2                              0.750000    0.753307   -0.003307 (VIOLATED)
_16275_/A1                              0.750000    0.753237   -0.003237 (VIOLATED)
_15403_/A1                              0.750000    0.753197   -0.003197 (VIOLATED)
fanout559/X                             0.750000    0.753195   -0.003195 (VIOLATED)

max fanout

Pin                                   Limit Fanout  Slack
---------------------------------------------------------
clkbuf_2_0_0_clk/X                       10     16     -6 (VIOLATED)
clkbuf_2_1_0_clk/X                       10     16     -6 (VIOLATED)
clkbuf_2_2_0_clk/X                       10     16     -6 (VIOLATED)
clkbuf_2_3_0_clk/X                       10     16     -6 (VIOLATED)
clkbuf_leaf_23_clk/X                     10     12     -2 (VIOLATED)
clkbuf_leaf_278_clk/X                    10     12     -2 (VIOLATED)
clkbuf_leaf_287_clk/X                    10     12     -2 (VIOLATED)
clkbuf_leaf_288_clk/X                    10     12     -2 (VIOLATED)
clkbuf_leaf_6_clk/X                      10     12     -2 (VIOLATED)
clkbuf_leaf_72_clk/X                     10     12     -2 (VIOLATED)
fanout914/X                              10     12     -2 (VIOLATED)
clkbuf_leaf_100_clk/X                    10     11        (VIOLATED)
clkbuf_leaf_110_clk/X                    10     11        (VIOLATED)
clkbuf_leaf_115_clk/X                    10     11        (VIOLATED)
clkbuf_leaf_117_clk/X                    10     11        (VIOLATED)
clkbuf_leaf_118_clk/X                    10     11        (VIOLATED)
clkbuf_leaf_123_clk/X                    10     11        (VIOLATED)
clkbuf_leaf_124_clk/X                    10     11        (VIOLATED)
clkbuf_leaf_128_clk/X                    10     11        (VIOLATED)
clkbuf_leaf_129_clk/X                    10     11        (VIOLATED)
clkbuf_leaf_132_clk/X                    10     11        (VIOLATED)
clkbuf_leaf_134_clk/X                    10     11        (VIOLATED)
clkbuf_leaf_142_clk/X                    10     11        (VIOLATED)
clkbuf_leaf_167_clk/X                    10     11        (VIOLATED)
clkbuf_leaf_171_clk/X                    10     11        (VIOLATED)
clkbuf_leaf_176_clk/X                    10     11        (VIOLATED)
clkbuf_leaf_186_clk/X                    10     11        (VIOLATED)
clkbuf_leaf_188_clk/X                    10     11        (VIOLATED)
clkbuf_leaf_197_clk/X                    10     11        (VIOLATED)
clkbuf_leaf_199_clk/X                    10     11        (VIOLATED)
clkbuf_leaf_1_clk/X                      10     11        (VIOLATED)
clkbuf_leaf_224_clk/X                    10     11        (VIOLATED)
clkbuf_leaf_228_clk/X                    10     11        (VIOLATED)
clkbuf_leaf_243_clk/X                    10     11        (VIOLATED)
clkbuf_leaf_250_clk/X                    10     11        (VIOLATED)
clkbuf_leaf_25_clk/X                     10     11        (VIOLATED)
clkbuf_leaf_27_clk/X                     10     11        (VIOLATED)
clkbuf_leaf_281_clk/X                    10     11        (VIOLATED)
clkbuf_leaf_290_clk/X                    10     11        (VIOLATED)
clkbuf_leaf_312_clk/X                    10     11        (VIOLATED)
clkbuf_leaf_317_clk/X                    10     11        (VIOLATED)
clkbuf_leaf_319_clk/X                    10     11        (VIOLATED)
clkbuf_leaf_322_clk/X                    10     11        (VIOLATED)
clkbuf_leaf_37_clk/X                     10     11        (VIOLATED)
clkbuf_leaf_38_clk/X                     10     11        (VIOLATED)
clkbuf_leaf_39_clk/X                     10     11        (VIOLATED)
clkbuf_leaf_40_clk/X                     10     11        (VIOLATED)
clkbuf_leaf_65_clk/X                     10     11        (VIOLATED)
clkbuf_leaf_68_clk/X                     10     11        (VIOLATED)
clkbuf_leaf_69_clk/X                     10     11        (VIOLATED)
clkbuf_leaf_76_clk/X                     10     11        (VIOLATED)
clkbuf_leaf_78_clk/X                     10     11        (VIOLATED)
clkbuf_leaf_79_clk/X                     10     11        (VIOLATED)
clkbuf_leaf_7_clk/X                      10     11        (VIOLATED)
clkbuf_leaf_82_clk/X                     10     11        (VIOLATED)
clkbuf_leaf_85_clk/X                     10     11        (VIOLATED)
clkbuf_leaf_89_clk/X                     10     11        (VIOLATED)
clkbuf_leaf_90_clk/X                     10     11        (VIOLATED)
fanout232/X                              10     11        (VIOLATED)
fanout265/X                              10     11        (VIOLATED)
fanout332/X                              10     11        (VIOLATED)
fanout426/X                              10     11        (VIOLATED)
fanout457/X                              10     11        (VIOLATED)
fanout474/X                              10     11        (VIOLATED)
fanout588/X                              10     11        (VIOLATED)
fanout856/X                              10     11        (VIOLATED)

max capacitance

Pin                                        Limit         Cap       Slack
------------------------------------------------------------------------
clkbuf_2_1_0_clk/X                      0.200000    0.228189   -0.028189 (VIOLATED)
clkbuf_2_3_0_clk/X                      0.200000    0.212126   -0.012126 (VIOLATED)
clkbuf_2_0_0_clk/X                      0.200000    0.200296   -0.000296 (VIOLATED)



===========================================================================
report_parasitic_annotation -report_unannotated
============================================================================
Found 230 unannotated drivers.
 ena
 ui_in[7]
 uio_in[0]
 uio_in[1]
 uio_in[2]
 uio_in[3]
 uio_in[4]
 uio_in[5]
 uio_in[6]
 uio_in[7]
 clkload0/X
 clkload1/X
 clkload10/X
 clkload100/Y
 clkload101/X
 clkload102/X
 clkload103/X
 clkload104/X
 clkload105/Y
 clkload106/X
 clkload107/Y
 clkload108/X
 clkload109/X
 clkload11/X
 clkload110/X
 clkload111/X
 clkload112/X
 clkload113/X
 clkload114/X
 clkload115/X
 clkload116/X
 clkload117/X
 clkload118/X
 clkload119/X
 clkload12/X
 clkload120/X
 clkload121/Y
 clkload122/X
 clkload123/Y
 clkload124/X
 clkload125/X
 clkload126/X
 clkload127/X
 clkload128/Y
 clkload129/Y
 clkload13/X
 clkload130/X
 clkload131/X
 clkload132/X
 clkload133/X
 clkload134/X
 clkload135/Y
 clkload136/X
 clkload137/X
 clkload138/X
 clkload139/X
 clkload14/X
 clkload140/X
 clkload141/X
 clkload142/X
 clkload143/X
 clkload144/Y
 clkload145/X
 clkload146/X
 clkload147/X
 clkload148/X
 clkload149/X
 clkload15/X
 clkload150/X
 clkload151/X
 clkload152/X
 clkload153/X
 clkload154/X
 clkload155/X
 clkload156/X
 clkload157/X
 clkload158/X
 clkload159/Y
 clkload16/X
 clkload160/X
 clkload161/X
 clkload162/X
 clkload163/X
 clkload164/X
 clkload165/Y
 clkload166/Y
 clkload167/Y
 clkload168/Y
 clkload169/X
 clkload17/X
 clkload170/X
 clkload171/X
 clkload172/X
 clkload173/X
 clkload174/X
 clkload175/X
 clkload176/Y
 clkload177/X
 clkload178/X
 clkload179/Y
 clkload18/X
 clkload180/X
 clkload181/X
 clkload182/X
 clkload183/Y
 clkload184/X
 clkload185/X
 clkload186/X
 clkload187/X
 clkload188/X
 clkload189/X
 clkload19/X
 clkload190/X
 clkload191/X
 clkload192/X
 clkload193/X
 clkload194/X
 clkload195/Y
 clkload196/X
 clkload197/X
 clkload198/X
 clkload199/X
 clkload2/X
 clkload20/X
 clkload200/Y
 clkload201/X
 clkload202/X
 clkload203/Y
 clkload21/X
 clkload22/X
 clkload23/X
 clkload24/X
 clkload25/X
 clkload26/X
 clkload27/X
 clkload28/X
 clkload29/X
 clkload3/X
 clkload30/X
 clkload31/X
 clkload32/X
 clkload33/X
 clkload34/X
 clkload35/X
 clkload36/X
 clkload37/X
 clkload38/X
 clkload39/X
 clkload4/X
 clkload40/X
 clkload41/X
 clkload42/X
 clkload43/X
 clkload44/X
 clkload45/X
 clkload46/X
 clkload47/X
 clkload48/X
 clkload49/X
 clkload5/X
 clkload50/X
 clkload51/X
 clkload52/X
 clkload53/X
 clkload54/X
 clkload55/X
 clkload56/X
 clkload57/X
 clkload58/X
 clkload59/Y
 clkload6/X
 clkload60/Y
 clkload61/X
 clkload62/X
 clkload63/X
 clkload64/X
 clkload65/X
 clkload66/X
 clkload67/X
 clkload68/X
 clkload69/X
 clkload7/X
 clkload70/X
 clkload71/X
 clkload72/X
 clkload73/X
 clkload74/X
 clkload75/X
 clkload76/X
 clkload77/X
 clkload78/X
 clkload79/X
 clkload8/X
 clkload80/Y
 clkload81/Y
 clkload82/Y
 clkload83/Y
 clkload84/Y
 clkload85/Y
 clkload86/Y
 clkload87/X
 clkload88/X
 clkload89/X
 clkload9/X
 clkload90/X
 clkload91/X
 clkload92/X
 clkload93/Y
 clkload94/Y
 clkload95/X
 clkload96/X
 clkload97/X
 clkload98/X
 clkload99/X
 tt_um_cleave/HI
 tt_um_cleave_2523/HI
 tt_um_cleave_2524/HI
 tt_um_cleave_2525/HI
 tt_um_cleave_2526/HI
 tt_um_cleave_2527/HI
 tt_um_cleave_2528/HI
 tt_um_cleave_2529/HI
 tt_um_cleave_2530/HI
 tt_um_cleave_2531/HI
 tt_um_cleave_2532/HI
 tt_um_cleave_2533/HI
 tt_um_cleave_2534/HI
 tt_um_cleave_2535/HI
 tt_um_cleave_2536/HI
 tt_um_cleave_2537/HI
Found 0 partially unannotated drivers.

===========================================================================
max slew violation count 747
max fanout violation count 66
max cap violation count 3
============================================================================

===========================================================================
check_setup -verbose -unconstrained_endpoints -multiple_clock -no_clock -no_input_delay -loops -generated_clocks
===========================================================================
