Clock: clk
Sources: clk 
Generated: no
Virtual: yes
Propagated: no
Period: 40.000000

===========================================================================
report_clock_properties
============================================================================
Clock                   Period          Waveform
----------------------------------------------------
clk                  40.000000    0.000000 20.000000

===========================================================================
report_clock_latency
============================================================================
Clock clk
rise -> rise
    min     max
0.000000 0.000000 source latency
1.322707         network latency _20200_/CLK
        1.565667 network latency _20617_/CLK
---------------
1.322707 1.565667 latency
        0.242960 skew

fall -> fall
    min     max
0.000000 0.000000 source latency
1.073680         network latency _20200_/CLK
        1.265139 network latency _20617_/CLK
---------------
1.073680 1.265139 latency
        0.191459 skew



===========================================================================
report_clock_min_period
============================================================================
clk period_min = 23.33 fmax = 42.86
