
===========================================================================
 report_power
============================================================================
======================= nom_tt_025C_1v80 Corner ===================================

Group                    Internal    Switching      Leakage        Total
                            Power        Power        Power        Power (Watts)
------------------------------------------------------------------------
Sequential           3.385078e-03 2.188538e-04 2.657289e-08 3.603959e-03  25.9%
Combinational        3.417863e-03 4.480861e-03 7.292337e-08 7.898796e-03  56.7%
Clock                1.198963e-03 1.220599e-03 1.381977e-07 2.419699e-03  17.4%
Macro                0.000000e+00 0.000000e+00 0.000000e+00 0.000000e+00   0.0%
Pad                  0.000000e+00 0.000000e+00 0.000000e+00 0.000000e+00   0.0%
------------------------------------------------------------------------
Total                8.001899e-03 5.920301e-03 2.376867e-07 1.392244e-02 100.0%
                            57.5%        42.5%         0.0%

