                                                                       Cells by Function                                                                        
┏━━━━━━━━━━━━━━━━━━━━━━━━━━━━━━━━━━━━━━━━━━━━━━━━━━━━━━━━━━━━━━━━━━━━━━━━━━━━━━━━━━━━━━━━━━━━━━━━━━━━━━━━━━━━━━━━━━━━━━━━━━━━━━━━━┳━━━━━━━━━━━━━━━━━━━━━━━━━━━━┓
┃ Cell Function                                                                                                                   ┃ Count                      ┃
┡━━━━━━━━━━━━━━━━━━━━━━━━━━━━━━━━━━━━━━━━━━━━━━━━━━━━━━━━━━━━━━━━━━━━━━━━━━━━━━━━━━━━━━━━━━━━━━━━━━━━━━━━━━━━━━━━━━━━━━━━━━━━━━━━━╇━━━━━━━━━━━━━━━━━━━━━━━━━━━━┩
│ sky130_fd_sc_hd__a2111o                                                                                                         │ 1                          │
│ sky130_fd_sc_hd__a2111oi                                                                                                        │ 1                          │
│ sky130_fd_sc_hd__a211o                                                                                                          │ 253                        │
│ sky130_fd_sc_hd__a211oi                                                                                                         │ 7                          │
│ sky130_fd_sc_hd__a21bo                                                                                                          │ 92                         │
│ sky130_fd_sc_hd__a21boi                                                                                                         │ 6                          │
│ sky130_fd_sc_hd__a21o                                                                                                           │ 173                        │
│ sky130_fd_sc_hd__a21oi                                                                                                          │ 117                        │
│ sky130_fd_sc_hd__a221o                                                                                                          │ 184                        │
│ sky130_fd_sc_hd__a221oi                                                                                                         │ 3                          │
│ sky130_fd_sc_hd__a22o                                                                                                           │ 256                        │
│ sky130_fd_sc_hd__a22oi                                                                                                          │ 14                         │
│ sky130_fd_sc_hd__a2bb2o                                                                                                         │ 31                         │
│ sky130_fd_sc_hd__a311o                                                                                                          │ 11                         │
│ sky130_fd_sc_hd__a311oi                                                                                                         │ 3                          │
│ sky130_fd_sc_hd__a31o                                                                                                           │ 236                        │
│ sky130_fd_sc_hd__a31oi                                                                                                          │ 5                          │
│ sky130_fd_sc_hd__a32o                                                                                                           │ 56                         │
│ sky130_fd_sc_hd__a32oi                                                                                                          │ 2                          │
│ sky130_fd_sc_hd__and2                                                                                                           │ 116                        │
│ sky130_fd_sc_hd__and2b                                                                                                          │ 35                         │
│ sky130_fd_sc_hd__and3                                                                                                           │ 307                        │
│ sky130_fd_sc_hd__and3b                                                                                                          │ 23                         │
│ sky130_fd_sc_hd__and4                                                                                                           │ 12                         │
│ sky130_fd_sc_hd__and4b                                                                                                          │ 8                          │
│ sky130_fd_sc_hd__and4bb                                                                                                         │ 3                          │
│ sky130_fd_sc_hd__buf                                                                                                            │ 490                        │
│ sky130_fd_sc_hd__bufinv                                                                                                         │ 2                          │
│ sky130_fd_sc_hd__clkbuf                                                                                                         │ 1028                       │
│ sky130_fd_sc_hd__clkdlybuf4s25                                                                                                  │ 1572                       │
│ sky130_fd_sc_hd__clkinv                                                                                                         │ 28                         │
│ sky130_fd_sc_hd__clkinvlp                                                                                                       │ 1                          │
│ sky130_fd_sc_hd__conb                                                                                                           │ 16                         │
│ sky130_fd_sc_hd__decap                                                                                                          │ 41394                      │
│ sky130_fd_sc_hd__dfxtp                                                                                                          │ 3102                       │
│ sky130_fd_sc_hd__diode                                                                                                          │ 96                         │
│ sky130_fd_sc_hd__dlygate4sd3                                                                                                    │ 3041                       │
│ sky130_fd_sc_hd__fill                                                                                                           │ 9704                       │
│ sky130_fd_sc_hd__inv                                                                                                            │ 102                        │
│ sky130_fd_sc_hd__mux2                                                                                                           │ 3731                       │
│ sky130_fd_sc_hd__mux4                                                                                                           │ 264                        │
│ sky130_fd_sc_hd__nand2                                                                                                          │ 218                        │
│ sky130_fd_sc_hd__nand2b                                                                                                         │ 33                         │
│ sky130_fd_sc_hd__nand3                                                                                                          │ 5                          │
│ sky130_fd_sc_hd__nand3b                                                                                                         │ 3                          │
│ sky130_fd_sc_hd__nand4                                                                                                          │ 7                          │
│ sky130_fd_sc_hd__nand4b                                                                                                         │ 1                          │
│ sky130_fd_sc_hd__nor2                                                                                                           │ 281                        │
│ sky130_fd_sc_hd__nor3                                                                                                           │ 12                         │
│ sky130_fd_sc_hd__nor4                                                                                                           │ 1                          │
│ sky130_fd_sc_hd__nor4b                                                                                                          │ 2                          │
│ sky130_fd_sc_hd__o2111a                                                                                                         │ 11                         │
│ sky130_fd_sc_hd__o2111ai                                                                                                        │ 1                          │
│ sky130_fd_sc_hd__o211a                                                                                                          │ 446                        │
│ sky130_fd_sc_hd__o211ai                                                                                                         │ 12                         │
│ sky130_fd_sc_hd__o21a                                                                                                           │ 137                        │
│ sky130_fd_sc_hd__o21ai                                                                                                          │ 95                         │
│ sky130_fd_sc_hd__o21ba                                                                                                          │ 9                          │
│ sky130_fd_sc_hd__o21bai                                                                                                         │ 6                          │
│ sky130_fd_sc_hd__o221a                                                                                                          │ 415                        │
│ sky130_fd_sc_hd__o22a                                                                                                           │ 635                        │
│ sky130_fd_sc_hd__o22ai                                                                                                          │ 7                          │
│ sky130_fd_sc_hd__o2bb2a                                                                                                         │ 31                         │
│ sky130_fd_sc_hd__o311a                                                                                                          │ 28                         │
│ sky130_fd_sc_hd__o311ai                                                                                                         │ 1                          │
│ sky130_fd_sc_hd__o31a                                                                                                           │ 31                         │
│ sky130_fd_sc_hd__o31ai                                                                                                          │ 4                          │
│ sky130_fd_sc_hd__o32a                                                                                                           │ 21                         │
│ sky130_fd_sc_hd__or2                                                                                                            │ 359                        │
│ sky130_fd_sc_hd__or3                                                                                                            │ 151                        │
│ sky130_fd_sc_hd__or3b                                                                                                           │ 29                         │
│ sky130_fd_sc_hd__or4                                                                                                            │ 21                         │
│ sky130_fd_sc_hd__or4b                                                                                                           │ 11                         │
│ sky130_fd_sc_hd__or4bb                                                                                                          │ 6                          │
│ sky130_fd_sc_hd__tapvpwrvgnd                                                                                                    │ 5757                       │
│ sky130_fd_sc_hd__xnor2                                                                                                          │ 98                         │
│ sky130_fd_sc_hd__xor2                                                                                                           │ 25                         │
└─────────────────────────────────────────────────────────────────────────────────────────────────────────────────────────────────┴────────────────────────────┘
