[WARNING ORD-0039] .openroad ignored with -python
                                Cells by Master                                 
┏━━━━━━━━━━━━━━━━━━━━━━━━━━━━━━━━━━━━━━━━━━━━━━━━━━━━━━━━━━━━━━━━┳━━━━━━━━━━━━━┓
┃ Cell                                                           ┃ Count       ┃
┡━━━━━━━━━━━━━━━━━━━━━━━━━━━━━━━━━━━━━━━━━━━━━━━━━━━━━━━━━━━━━━━━╇━━━━━━━━━━━━━┩
│ sky130_fd_sc_hd__a2111o_2                                      │ 1           │
│ sky130_fd_sc_hd__a2111oi_4                                     │ 1           │
│ sky130_fd_sc_hd__a211o_2                                       │ 253         │
│ sky130_fd_sc_hd__a211oi_2                                      │ 6           │
│ sky130_fd_sc_hd__a211oi_4                                      │ 1           │
│ sky130_fd_sc_hd__a21bo_2                                       │ 92          │
│ sky130_fd_sc_hd__a21boi_2                                      │ 6           │
│ sky130_fd_sc_hd__a21o_2                                        │ 173         │
│ sky130_fd_sc_hd__a21oi_2                                       │ 116         │
│ sky130_fd_sc_hd__a21oi_4                                       │ 1           │
│ sky130_fd_sc_hd__a221o_2                                       │ 184         │
│ sky130_fd_sc_hd__a221oi_2                                      │ 3           │
│ sky130_fd_sc_hd__a22o_2                                        │ 256         │
│ sky130_fd_sc_hd__a22oi_2                                       │ 14          │
│ sky130_fd_sc_hd__a2bb2o_2                                      │ 31          │
│ sky130_fd_sc_hd__a311o_2                                       │ 11          │
│ sky130_fd_sc_hd__a311oi_2                                      │ 3           │
│ sky130_fd_sc_hd__a31o_2                                        │ 236         │
│ sky130_fd_sc_hd__a31oi_2                                       │ 5           │
│ sky130_fd_sc_hd__a32o_2                                        │ 56          │
│ sky130_fd_sc_hd__a32oi_2                                       │ 1           │
│ sky130_fd_sc_hd__a32oi_4                                       │ 1           │
│ sky130_fd_sc_hd__and2_2                                        │ 116         │
│ sky130_fd_sc_hd__and2b_2                                       │ 35          │
│ sky130_fd_sc_hd__and3_2                                        │ 307         │
│ sky130_fd_sc_hd__and3b_2                                       │ 23          │
│ sky130_fd_sc_hd__and4_2                                        │ 12          │
│ sky130_fd_sc_hd__and4b_2                                       │ 8           │
│ sky130_fd_sc_hd__and4bb_2                                      │ 3           │
│ sky130_fd_sc_hd__buf_1                                         │ 5           │
│ sky130_fd_sc_hd__buf_2                                         │ 152         │
│ sky130_fd_sc_hd__buf_4                                         │ 316         │
│ sky130_fd_sc_hd__buf_6                                         │ 16          │
│ sky130_fd_sc_hd__buf_8                                         │ 1           │
│ sky130_fd_sc_hd__bufinv_16                                     │ 2           │
│ sky130_fd_sc_hd__clkbuf_16                                     │ 1           │
│ sky130_fd_sc_hd__clkbuf_2                                      │ 79          │
│ sky130_fd_sc_hd__clkbuf_4                                      │ 438         │
│ sky130_fd_sc_hd__clkbuf_8                                      │ 510         │
│ sky130_fd_sc_hd__clkdlybuf4s25_1                               │ 1572        │
│ sky130_fd_sc_hd__clkinv_2                                      │ 27          │
│ sky130_fd_sc_hd__clkinv_4                                      │ 1           │
│ sky130_fd_sc_hd__clkinvlp_4                                    │ 1           │
│ sky130_fd_sc_hd__conb_1                                        │ 16          │
│ sky130_fd_sc_hd__decap_3                                       │ 41394       │
│ sky130_fd_sc_hd__dfxtp_2                                       │ 3102        │
│ sky130_fd_sc_hd__diode_2                                       │ 96          │
│ sky130_fd_sc_hd__dlygate4sd3_1                                 │ 3041        │
│ sky130_fd_sc_hd__fill_1                                        │ 5247        │
│ sky130_fd_sc_hd__fill_2                                        │ 4457        │
│ sky130_fd_sc_hd__inv_2                                         │ 102         │
│ sky130_fd_sc_hd__mux2_1                                        │ 3731        │
│ sky130_fd_sc_hd__mux4_2                                        │ 264         │
│ sky130_fd_sc_hd__nand2_2                                       │ 218         │
│ sky130_fd_sc_hd__nand2b_2                                      │ 33          │
│ sky130_fd_sc_hd__nand3_1                                       │ 1           │
│ sky130_fd_sc_hd__nand3_2                                       │ 4           │
│ sky130_fd_sc_hd__nand3b_2                                      │ 3           │
│ sky130_fd_sc_hd__nand4_1                                       │ 4           │
│ sky130_fd_sc_hd__nand4_2                                       │ 3           │
│ sky130_fd_sc_hd__nand4b_1                                      │ 1           │
│ sky130_fd_sc_hd__nor2_1                                        │ 1           │
│ sky130_fd_sc_hd__nor2_2                                        │ 275         │
│ sky130_fd_sc_hd__nor2_4                                        │ 5           │
│ sky130_fd_sc_hd__nor3_2                                        │ 6           │
│ sky130_fd_sc_hd__nor3_4                                        │ 6           │
│ sky130_fd_sc_hd__nor4_2                                        │ 1           │
│ sky130_fd_sc_hd__nor4b_2                                       │ 2           │
│ sky130_fd_sc_hd__o2111a_2                                      │ 11          │
│ sky130_fd_sc_hd__o2111ai_2                                     │ 1           │
│ sky130_fd_sc_hd__o211a_2                                       │ 446         │
│ sky130_fd_sc_hd__o211ai_2                                      │ 12          │
│ sky130_fd_sc_hd__o21a_2                                        │ 137         │
│ sky130_fd_sc_hd__o21ai_2                                       │ 93          │
│ sky130_fd_sc_hd__o21ai_4                                       │ 2           │
│ sky130_fd_sc_hd__o21ba_2                                       │ 9           │
│ sky130_fd_sc_hd__o21bai_2                                      │ 6           │
│ sky130_fd_sc_hd__o221a_2                                       │ 415         │
│ sky130_fd_sc_hd__o22a_2                                        │ 635         │
│ sky130_fd_sc_hd__o22ai_2                                       │ 7           │
│ sky130_fd_sc_hd__o2bb2a_2                                      │ 31          │
│ sky130_fd_sc_hd__o311a_2                                       │ 28          │
│ sky130_fd_sc_hd__o311ai_4                                      │ 1           │
│ sky130_fd_sc_hd__o31a_2                                        │ 31          │
│ sky130_fd_sc_hd__o31ai_2                                       │ 3           │
│ sky130_fd_sc_hd__o31ai_4                                       │ 1           │
│ sky130_fd_sc_hd__o32a_2                                        │ 21          │
│ sky130_fd_sc_hd__or2_2                                         │ 359         │
│ sky130_fd_sc_hd__or3_2                                         │ 151         │
│ sky130_fd_sc_hd__or3b_2                                        │ 29          │
│ sky130_fd_sc_hd__or4_2                                         │ 21          │
│ sky130_fd_sc_hd__or4b_2                                        │ 11          │
│ sky130_fd_sc_hd__or4bb_2                                       │ 6           │
│ sky130_fd_sc_hd__tapvpwrvgnd_1                                 │ 5757        │
│ sky130_fd_sc_hd__xnor2_2                                       │ 98          │
│ sky130_fd_sc_hd__xor2_2                                        │ 25          │
└────────────────────────────────────────────────────────────────┴─────────────┘
                               Cells by Function                                
┏━━━━━━━━━━━━━━━━━━━━━━━━━━━━━━━━━━━━━━━━━━━━━━━━━━━━━━━━━━━━━━━━┳━━━━━━━━━━━━━┓
┃ Cell Function                                                  ┃ Count       ┃
┡━━━━━━━━━━━━━━━━━━━━━━━━━━━━━━━━━━━━━━━━━━━━━━━━━━━━━━━━━━━━━━━━╇━━━━━━━━━━━━━┩
│ sky130_fd_sc_hd__a2111o                                        │ 1           │
│ sky130_fd_sc_hd__a2111oi                                       │ 1           │
│ sky130_fd_sc_hd__a211o                                         │ 253         │
│ sky130_fd_sc_hd__a211oi                                        │ 7           │
│ sky130_fd_sc_hd__a21bo                                         │ 92          │
│ sky130_fd_sc_hd__a21boi                                        │ 6           │
│ sky130_fd_sc_hd__a21o                                          │ 173         │
│ sky130_fd_sc_hd__a21oi                                         │ 117         │
│ sky130_fd_sc_hd__a221o                                         │ 184         │
│ sky130_fd_sc_hd__a221oi                                        │ 3           │
│ sky130_fd_sc_hd__a22o                                          │ 256         │
│ sky130_fd_sc_hd__a22oi                                         │ 14          │
│ sky130_fd_sc_hd__a2bb2o                                        │ 31          │
│ sky130_fd_sc_hd__a311o                                         │ 11          │
│ sky130_fd_sc_hd__a311oi                                        │ 3           │
│ sky130_fd_sc_hd__a31o                                          │ 236         │
│ sky130_fd_sc_hd__a31oi                                         │ 5           │
│ sky130_fd_sc_hd__a32o                                          │ 56          │
│ sky130_fd_sc_hd__a32oi                                         │ 2           │
│ sky130_fd_sc_hd__and2                                          │ 116         │
│ sky130_fd_sc_hd__and2b                                         │ 35          │
│ sky130_fd_sc_hd__and3                                          │ 307         │
│ sky130_fd_sc_hd__and3b                                         │ 23          │
│ sky130_fd_sc_hd__and4                                          │ 12          │
│ sky130_fd_sc_hd__and4b                                         │ 8           │
│ sky130_fd_sc_hd__and4bb                                        │ 3           │
│ sky130_fd_sc_hd__buf                                           │ 490         │
│ sky130_fd_sc_hd__bufinv                                        │ 2           │
│ sky130_fd_sc_hd__clkbuf                                        │ 1028        │
│ sky130_fd_sc_hd__clkdlybuf4s25                                 │ 1572        │
│ sky130_fd_sc_hd__clkinv                                        │ 28          │
│ sky130_fd_sc_hd__clkinvlp                                      │ 1           │
│ sky130_fd_sc_hd__conb                                          │ 16          │
│ sky130_fd_sc_hd__decap                                         │ 41394       │
│ sky130_fd_sc_hd__dfxtp                                         │ 3102        │
│ sky130_fd_sc_hd__diode                                         │ 96          │
│ sky130_fd_sc_hd__dlygate4sd3                                   │ 3041        │
│ sky130_fd_sc_hd__fill                                          │ 9704        │
│ sky130_fd_sc_hd__inv                                           │ 102         │
│ sky130_fd_sc_hd__mux2                                          │ 3731        │
│ sky130_fd_sc_hd__mux4                                          │ 264         │
│ sky130_fd_sc_hd__nand2                                         │ 218         │
│ sky130_fd_sc_hd__nand2b                                        │ 33          │
│ sky130_fd_sc_hd__nand3                                         │ 5           │
│ sky130_fd_sc_hd__nand3b                                        │ 3           │
│ sky130_fd_sc_hd__nand4                                         │ 7           │
│ sky130_fd_sc_hd__nand4b                                        │ 1           │
│ sky130_fd_sc_hd__nor2                                          │ 281         │
│ sky130_fd_sc_hd__nor3                                          │ 12          │
│ sky130_fd_sc_hd__nor4                                          │ 1           │
│ sky130_fd_sc_hd__nor4b                                         │ 2           │
│ sky130_fd_sc_hd__o2111a                                        │ 11          │
│ sky130_fd_sc_hd__o2111ai                                       │ 1           │
│ sky130_fd_sc_hd__o211a                                         │ 446         │
│ sky130_fd_sc_hd__o211ai                                        │ 12          │
│ sky130_fd_sc_hd__o21a                                          │ 137         │
│ sky130_fd_sc_hd__o21ai                                         │ 95          │
│ sky130_fd_sc_hd__o21ba                                         │ 9           │
│ sky130_fd_sc_hd__o21bai                                        │ 6           │
│ sky130_fd_sc_hd__o221a                                         │ 415         │
│ sky130_fd_sc_hd__o22a                                          │ 635         │
│ sky130_fd_sc_hd__o22ai                                         │ 7           │
│ sky130_fd_sc_hd__o2bb2a                                        │ 31          │
│ sky130_fd_sc_hd__o311a                                         │ 28          │
│ sky130_fd_sc_hd__o311ai                                        │ 1           │
│ sky130_fd_sc_hd__o31a                                          │ 31          │
│ sky130_fd_sc_hd__o31ai                                         │ 4           │
│ sky130_fd_sc_hd__o32a                                          │ 21          │
│ sky130_fd_sc_hd__or2                                           │ 359         │
│ sky130_fd_sc_hd__or3                                           │ 151         │
│ sky130_fd_sc_hd__or3b                                          │ 29          │
│ sky130_fd_sc_hd__or4                                           │ 21          │
│ sky130_fd_sc_hd__or4b                                          │ 11          │
│ sky130_fd_sc_hd__or4bb                                         │ 6           │
│ sky130_fd_sc_hd__tapvpwrvgnd                                   │ 5757        │
│ sky130_fd_sc_hd__xnor2                                         │ 98          │
│ sky130_fd_sc_hd__xor2                                          │ 25          │
└────────────────────────────────────────────────────────────────┴─────────────┘
                                  Cells by SCL                                  
┏━━━━━━━━━━━━━━━━━━━━━━━━━━━━━━━━━━━━━━━━━━━━━━━━━━━━━━━┳━━━━━━━━━━━━━━━━━━━━━━┓
┃ SCL                                                   ┃ Count                ┃
┡━━━━━━━━━━━━━━━━━━━━━━━━━━━━━━━━━━━━━━━━━━━━━━━━━━━━━━━╇━━━━━━━━━━━━━━━━━━━━━━┩
│ sky130_fd_sc_hd                                       │ 75436                │
└───────────────────────────────────────────────────────┴──────────────────────┘
                             Buffers by Cell Master                             
┏━━━━━━━━━━━━━━━━━━━━━━━━━━━━━━━━━━━━━━━━━━━━━━━━━━━━━━━━━━━━━━━━┳━━━━━━━━━━━━━┓
┃ Buffer                                                         ┃ Count       ┃
┡━━━━━━━━━━━━━━━━━━━━━━━━━━━━━━━━━━━━━━━━━━━━━━━━━━━━━━━━━━━━━━━━╇━━━━━━━━━━━━━┩
│ sky130_fd_sc_hd__buf_1                                         │ 5           │
│ sky130_fd_sc_hd__buf_2                                         │ 152         │
│ sky130_fd_sc_hd__buf_4                                         │ 316         │
│ sky130_fd_sc_hd__buf_6                                         │ 16          │
│ sky130_fd_sc_hd__buf_8                                         │ 1           │
│ sky130_fd_sc_hd__clkbuf_16                                     │ 1           │
│ sky130_fd_sc_hd__clkbuf_2                                      │ 79          │
│ sky130_fd_sc_hd__clkbuf_4                                      │ 438         │
│ sky130_fd_sc_hd__clkbuf_8                                      │ 510         │
│ sky130_fd_sc_hd__clkdlybuf4s25_1                               │ 1572        │
│ sky130_fd_sc_hd__dlygate4sd3_1                                 │ 3041        │
└────────────────────────────────────────────────────────────────┴─────────────┘
