Clock: clk
Sources: clk 
Generated: no
Virtual: no
Propagated: no
Period: 40.000000

===========================================================================
report_clock_properties
============================================================================
Clock                   Period          Waveform
----------------------------------------------------
clk                  40.000000    0.000000 20.000000

===========================================================================
report_clock_latency
============================================================================
Clock clk
rise -> rise
    min     max
0.000000 0.000000 source latency
13.467857         network latency _18402_/CLK
        14.885526 network latency _18402_/CLK
---------------
13.467857 14.885526 latency
        1.417669 skew

fall -> fall
    min     max
0.000000 0.000000 source latency
5.691718         network latency _18402_/CLK
        6.290845 network latency _18402_/CLK
---------------
5.691718 6.290845 latency
        0.599128 skew



===========================================================================
report_clock_min_period
============================================================================
clk period_min = 10.56 fmax = 94.70
