
===========================================================================
 report_power
============================================================================
======================= nom_ff_n40C_1v95 Corner ===================================

Group                    Internal    Switching      Leakage        Total
                            Power        Power        Power        Power (Watts)
------------------------------------------------------------------------
Sequential           3.965276e-03 2.157305e-04 6.300790e-08 4.181069e-03  48.0%
Combinational        2.971345e-03 1.562735e-03 8.022489e-08 4.534160e-03  52.0%
Clock                0.000000e+00 0.000000e+00 0.000000e+00 0.000000e+00   0.0%
Macro                0.000000e+00 0.000000e+00 0.000000e+00 0.000000e+00   0.0%
Pad                  0.000000e+00 0.000000e+00 0.000000e+00 0.000000e+00   0.0%
------------------------------------------------------------------------
Total                6.936468e-03 1.778463e-03 1.432305e-07 8.715075e-03 100.0%
                            79.6%        20.4%         0.0%

