
24. Executing PROC_DLATCH pass (convert process syncs to latches).
No latch inferred for signal `\cleave_imem.\i' from process `\cleave_imem.$proc$/mnt/c/Users/Nitro/Desktop/ASIC/Projects/cleave/source/cleave_imem.v:50$374'.
No latch inferred for signal `\cleave_imem.$memwr$\rom$/mnt/c/Users/Nitro/Desktop/ASIC/Projects/cleave/source/cleave_imem.v:52$117_EN' from process `\cleave_imem.$proc$/mnt/c/Users/Nitro/Desktop/ASIC/Projects/cleave/source/cleave_imem.v:50$374'.
No latch inferred for signal `\cleave_imem.$memwr$\rom$/mnt/c/Users/Nitro/Desktop/ASIC/Projects/cleave/source/cleave_imem.v:52$118_EN' from process `\cleave_imem.$proc$/mnt/c/Users/Nitro/Desktop/ASIC/Projects/cleave/source/cleave_imem.v:50$374'.
No latch inferred for signal `\cleave_imem.$memwr$\rom$/mnt/c/Users/Nitro/Desktop/ASIC/Projects/cleave/source/cleave_imem.v:52$119_EN' from process `\cleave_imem.$proc$/mnt/c/Users/Nitro/Desktop/ASIC/Projects/cleave/source/cleave_imem.v:50$374'.
No latch inferred for signal `\cleave_imem.$memwr$\rom$/mnt/c/Users/Nitro/Desktop/ASIC/Projects/cleave/source/cleave_imem.v:52$120_EN' from process `\cleave_imem.$proc$/mnt/c/Users/Nitro/Desktop/ASIC/Projects/cleave/source/cleave_imem.v:50$374'.
No latch inferred for signal `\cleave_imem.$memwr$\rom$/mnt/c/Users/Nitro/Desktop/ASIC/Projects/cleave/source/cleave_imem.v:52$121_EN' from process `\cleave_imem.$proc$/mnt/c/Users/Nitro/Desktop/ASIC/Projects/cleave/source/cleave_imem.v:50$374'.
No latch inferred for signal `\cleave_imem.$memwr$\rom$/mnt/c/Users/Nitro/Desktop/ASIC/Projects/cleave/source/cleave_imem.v:52$122_EN' from process `\cleave_imem.$proc$/mnt/c/Users/Nitro/Desktop/ASIC/Projects/cleave/source/cleave_imem.v:50$374'.
No latch inferred for signal `\cleave_imem.$memwr$\rom$/mnt/c/Users/Nitro/Desktop/ASIC/Projects/cleave/source/cleave_imem.v:52$123_EN' from process `\cleave_imem.$proc$/mnt/c/Users/Nitro/Desktop/ASIC/Projects/cleave/source/cleave_imem.v:50$374'.
No latch inferred for signal `\cleave_imem.$memwr$\rom$/mnt/c/Users/Nitro/Desktop/ASIC/Projects/cleave/source/cleave_imem.v:52$124_EN' from process `\cleave_imem.$proc$/mnt/c/Users/Nitro/Desktop/ASIC/Projects/cleave/source/cleave_imem.v:50$374'.
No latch inferred for signal `\cleave_imem.$memwr$\rom$/mnt/c/Users/Nitro/Desktop/ASIC/Projects/cleave/source/cleave_imem.v:52$125_EN' from process `\cleave_imem.$proc$/mnt/c/Users/Nitro/Desktop/ASIC/Projects/cleave/source/cleave_imem.v:50$374'.
No latch inferred for signal `\cleave_imem.$memwr$\rom$/mnt/c/Users/Nitro/Desktop/ASIC/Projects/cleave/source/cleave_imem.v:52$126_EN' from process `\cleave_imem.$proc$/mnt/c/Users/Nitro/Desktop/ASIC/Projects/cleave/source/cleave_imem.v:50$374'.
No latch inferred for signal `\cleave_imem.$memwr$\rom$/mnt/c/Users/Nitro/Desktop/ASIC/Projects/cleave/source/cleave_imem.v:52$127_EN' from process `\cleave_imem.$proc$/mnt/c/Users/Nitro/Desktop/ASIC/Projects/cleave/source/cleave_imem.v:50$374'.
No latch inferred for signal `\cleave_imem.$memwr$\rom$/mnt/c/Users/Nitro/Desktop/ASIC/Projects/cleave/source/cleave_imem.v:52$128_EN' from process `\cleave_imem.$proc$/mnt/c/Users/Nitro/Desktop/ASIC/Projects/cleave/source/cleave_imem.v:50$374'.
No latch inferred for signal `\cleave_imem.$memwr$\rom$/mnt/c/Users/Nitro/Desktop/ASIC/Projects/cleave/source/cleave_imem.v:52$129_EN' from process `\cleave_imem.$proc$/mnt/c/Users/Nitro/Desktop/ASIC/Projects/cleave/source/cleave_imem.v:50$374'.
No latch inferred for signal `\cleave_imem.$memwr$\rom$/mnt/c/Users/Nitro/Desktop/ASIC/Projects/cleave/source/cleave_imem.v:52$130_EN' from process `\cleave_imem.$proc$/mnt/c/Users/Nitro/Desktop/ASIC/Projects/cleave/source/cleave_imem.v:50$374'.
No latch inferred for signal `\cleave_imem.$memwr$\rom$/mnt/c/Users/Nitro/Desktop/ASIC/Projects/cleave/source/cleave_imem.v:52$131_EN' from process `\cleave_imem.$proc$/mnt/c/Users/Nitro/Desktop/ASIC/Projects/cleave/source/cleave_imem.v:50$374'.
No latch inferred for signal `\cleave_imem.$memwr$\rom$/mnt/c/Users/Nitro/Desktop/ASIC/Projects/cleave/source/cleave_imem.v:52$132_EN' from process `\cleave_imem.$proc$/mnt/c/Users/Nitro/Desktop/ASIC/Projects/cleave/source/cleave_imem.v:50$374'.
No latch inferred for signal `\cleave_imem.$memwr$\rom$/mnt/c/Users/Nitro/Desktop/ASIC/Projects/cleave/source/cleave_imem.v:52$133_EN' from process `\cleave_imem.$proc$/mnt/c/Users/Nitro/Desktop/ASIC/Projects/cleave/source/cleave_imem.v:50$374'.
No latch inferred for signal `\cleave_imem.$memwr$\rom$/mnt/c/Users/Nitro/Desktop/ASIC/Projects/cleave/source/cleave_imem.v:52$134_EN' from process `\cleave_imem.$proc$/mnt/c/Users/Nitro/Desktop/ASIC/Projects/cleave/source/cleave_imem.v:50$374'.
No latch inferred for signal `\cleave_imem.$memwr$\rom$/mnt/c/Users/Nitro/Desktop/ASIC/Projects/cleave/source/cleave_imem.v:52$135_EN' from process `\cleave_imem.$proc$/mnt/c/Users/Nitro/Desktop/ASIC/Projects/cleave/source/cleave_imem.v:50$374'.
No latch inferred for signal `\cleave_imem.$memwr$\rom$/mnt/c/Users/Nitro/Desktop/ASIC/Projects/cleave/source/cleave_imem.v:52$136_EN' from process `\cleave_imem.$proc$/mnt/c/Users/Nitro/Desktop/ASIC/Projects/cleave/source/cleave_imem.v:50$374'.
No latch inferred for signal `\cleave_imem.$memwr$\rom$/mnt/c/Users/Nitro/Desktop/ASIC/Projects/cleave/source/cleave_imem.v:52$137_EN' from process `\cleave_imem.$proc$/mnt/c/Users/Nitro/Desktop/ASIC/Projects/cleave/source/cleave_imem.v:50$374'.
No latch inferred for signal `\cleave_imem.$memwr$\rom$/mnt/c/Users/Nitro/Desktop/ASIC/Projects/cleave/source/cleave_imem.v:52$138_EN' from process `\cleave_imem.$proc$/mnt/c/Users/Nitro/Desktop/ASIC/Projects/cleave/source/cleave_imem.v:50$374'.
No latch inferred for signal `\cleave_imem.$memwr$\rom$/mnt/c/Users/Nitro/Desktop/ASIC/Projects/cleave/source/cleave_imem.v:52$139_EN' from process `\cleave_imem.$proc$/mnt/c/Users/Nitro/Desktop/ASIC/Projects/cleave/source/cleave_imem.v:50$374'.
No latch inferred for signal `\cleave_imem.$memwr$\rom$/mnt/c/Users/Nitro/Desktop/ASIC/Projects/cleave/source/cleave_imem.v:52$140_EN' from process `\cleave_imem.$proc$/mnt/c/Users/Nitro/Desktop/ASIC/Projects/cleave/source/cleave_imem.v:50$374'.
No latch inferred for signal `\cleave_imem.$memwr$\rom$/mnt/c/Users/Nitro/Desktop/ASIC/Projects/cleave/source/cleave_imem.v:52$141_EN' from process `\cleave_imem.$proc$/mnt/c/Users/Nitro/Desktop/ASIC/Projects/cleave/source/cleave_imem.v:50$374'.
No latch inferred for signal `\cleave_imem.$memwr$\rom$/mnt/c/Users/Nitro/Desktop/ASIC/Projects/cleave/source/cleave_imem.v:52$142_EN' from process `\cleave_imem.$proc$/mnt/c/Users/Nitro/Desktop/ASIC/Projects/cleave/source/cleave_imem.v:50$374'.
No latch inferred for signal `\cleave_imem.$memwr$\rom$/mnt/c/Users/Nitro/Desktop/ASIC/Projects/cleave/source/cleave_imem.v:52$143_EN' from process `\cleave_imem.$proc$/mnt/c/Users/Nitro/Desktop/ASIC/Projects/cleave/source/cleave_imem.v:50$374'.
No latch inferred for signal `\cleave_imem.$memwr$\rom$/mnt/c/Users/Nitro/Desktop/ASIC/Projects/cleave/source/cleave_imem.v:52$144_EN' from process `\cleave_imem.$proc$/mnt/c/Users/Nitro/Desktop/ASIC/Projects/cleave/source/cleave_imem.v:50$374'.
No latch inferred for signal `\cleave_imem.$memwr$\rom$/mnt/c/Users/Nitro/Desktop/ASIC/Projects/cleave/source/cleave_imem.v:52$145_EN' from process `\cleave_imem.$proc$/mnt/c/Users/Nitro/Desktop/ASIC/Projects/cleave/source/cleave_imem.v:50$374'.
No latch inferred for signal `\cleave_imem.$memwr$\rom$/mnt/c/Users/Nitro/Desktop/ASIC/Projects/cleave/source/cleave_imem.v:52$146_EN' from process `\cleave_imem.$proc$/mnt/c/Users/Nitro/Desktop/ASIC/Projects/cleave/source/cleave_imem.v:50$374'.
No latch inferred for signal `\cleave_imem.$memwr$\rom$/mnt/c/Users/Nitro/Desktop/ASIC/Projects/cleave/source/cleave_imem.v:52$147_EN' from process `\cleave_imem.$proc$/mnt/c/Users/Nitro/Desktop/ASIC/Projects/cleave/source/cleave_imem.v:50$374'.
No latch inferred for signal `\cleave_imem.$memwr$\rom$/mnt/c/Users/Nitro/Desktop/ASIC/Projects/cleave/source/cleave_imem.v:52$148_EN' from process `\cleave_imem.$proc$/mnt/c/Users/Nitro/Desktop/ASIC/Projects/cleave/source/cleave_imem.v:50$374'.
No latch inferred for signal `\cleave_imem.$memwr$\rom$/mnt/c/Users/Nitro/Desktop/ASIC/Projects/cleave/source/cleave_imem.v:52$149_EN' from process `\cleave_imem.$proc$/mnt/c/Users/Nitro/Desktop/ASIC/Projects/cleave/source/cleave_imem.v:50$374'.
No latch inferred for signal `\cleave_imem.$memwr$\rom$/mnt/c/Users/Nitro/Desktop/ASIC/Projects/cleave/source/cleave_imem.v:52$150_EN' from process `\cleave_imem.$proc$/mnt/c/Users/Nitro/Desktop/ASIC/Projects/cleave/source/cleave_imem.v:50$374'.
No latch inferred for signal `\cleave_imem.$memwr$\rom$/mnt/c/Users/Nitro/Desktop/ASIC/Projects/cleave/source/cleave_imem.v:52$151_EN' from process `\cleave_imem.$proc$/mnt/c/Users/Nitro/Desktop/ASIC/Projects/cleave/source/cleave_imem.v:50$374'.
No latch inferred for signal `\cleave_imem.$memwr$\rom$/mnt/c/Users/Nitro/Desktop/ASIC/Projects/cleave/source/cleave_imem.v:52$152_EN' from process `\cleave_imem.$proc$/mnt/c/Users/Nitro/Desktop/ASIC/Projects/cleave/source/cleave_imem.v:50$374'.
No latch inferred for signal `\cleave_imem.$memwr$\rom$/mnt/c/Users/Nitro/Desktop/ASIC/Projects/cleave/source/cleave_imem.v:52$153_EN' from process `\cleave_imem.$proc$/mnt/c/Users/Nitro/Desktop/ASIC/Projects/cleave/source/cleave_imem.v:50$374'.
No latch inferred for signal `\cleave_imem.$memwr$\rom$/mnt/c/Users/Nitro/Desktop/ASIC/Projects/cleave/source/cleave_imem.v:52$154_EN' from process `\cleave_imem.$proc$/mnt/c/Users/Nitro/Desktop/ASIC/Projects/cleave/source/cleave_imem.v:50$374'.
No latch inferred for signal `\cleave_imem.$memwr$\rom$/mnt/c/Users/Nitro/Desktop/ASIC/Projects/cleave/source/cleave_imem.v:52$155_EN' from process `\cleave_imem.$proc$/mnt/c/Users/Nitro/Desktop/ASIC/Projects/cleave/source/cleave_imem.v:50$374'.
No latch inferred for signal `\cleave_imem.$memwr$\rom$/mnt/c/Users/Nitro/Desktop/ASIC/Projects/cleave/source/cleave_imem.v:52$156_EN' from process `\cleave_imem.$proc$/mnt/c/Users/Nitro/Desktop/ASIC/Projects/cleave/source/cleave_imem.v:50$374'.
No latch inferred for signal `\cleave_imem.$memwr$\rom$/mnt/c/Users/Nitro/Desktop/ASIC/Projects/cleave/source/cleave_imem.v:52$157_EN' from process `\cleave_imem.$proc$/mnt/c/Users/Nitro/Desktop/ASIC/Projects/cleave/source/cleave_imem.v:50$374'.
No latch inferred for signal `\cleave_imem.$memwr$\rom$/mnt/c/Users/Nitro/Desktop/ASIC/Projects/cleave/source/cleave_imem.v:52$158_EN' from process `\cleave_imem.$proc$/mnt/c/Users/Nitro/Desktop/ASIC/Projects/cleave/source/cleave_imem.v:50$374'.
No latch inferred for signal `\cleave_imem.$memwr$\rom$/mnt/c/Users/Nitro/Desktop/ASIC/Projects/cleave/source/cleave_imem.v:52$159_EN' from process `\cleave_imem.$proc$/mnt/c/Users/Nitro/Desktop/ASIC/Projects/cleave/source/cleave_imem.v:50$374'.
No latch inferred for signal `\cleave_imem.$memwr$\rom$/mnt/c/Users/Nitro/Desktop/ASIC/Projects/cleave/source/cleave_imem.v:52$160_EN' from process `\cleave_imem.$proc$/mnt/c/Users/Nitro/Desktop/ASIC/Projects/cleave/source/cleave_imem.v:50$374'.
No latch inferred for signal `\cleave_imem.$memwr$\rom$/mnt/c/Users/Nitro/Desktop/ASIC/Projects/cleave/source/cleave_imem.v:52$161_EN' from process `\cleave_imem.$proc$/mnt/c/Users/Nitro/Desktop/ASIC/Projects/cleave/source/cleave_imem.v:50$374'.
No latch inferred for signal `\cleave_imem.$memwr$\rom$/mnt/c/Users/Nitro/Desktop/ASIC/Projects/cleave/source/cleave_imem.v:52$162_EN' from process `\cleave_imem.$proc$/mnt/c/Users/Nitro/Desktop/ASIC/Projects/cleave/source/cleave_imem.v:50$374'.
No latch inferred for signal `\cleave_imem.$memwr$\rom$/mnt/c/Users/Nitro/Desktop/ASIC/Projects/cleave/source/cleave_imem.v:52$163_EN' from process `\cleave_imem.$proc$/mnt/c/Users/Nitro/Desktop/ASIC/Projects/cleave/source/cleave_imem.v:50$374'.
No latch inferred for signal `\cleave_imem.$memwr$\rom$/mnt/c/Users/Nitro/Desktop/ASIC/Projects/cleave/source/cleave_imem.v:52$164_EN' from process `\cleave_imem.$proc$/mnt/c/Users/Nitro/Desktop/ASIC/Projects/cleave/source/cleave_imem.v:50$374'.
No latch inferred for signal `\cleave_imem.$memwr$\rom$/mnt/c/Users/Nitro/Desktop/ASIC/Projects/cleave/source/cleave_imem.v:52$165_EN' from process `\cleave_imem.$proc$/mnt/c/Users/Nitro/Desktop/ASIC/Projects/cleave/source/cleave_imem.v:50$374'.
No latch inferred for signal `\cleave_imem.$memwr$\rom$/mnt/c/Users/Nitro/Desktop/ASIC/Projects/cleave/source/cleave_imem.v:52$166_EN' from process `\cleave_imem.$proc$/mnt/c/Users/Nitro/Desktop/ASIC/Projects/cleave/source/cleave_imem.v:50$374'.
No latch inferred for signal `\cleave_imem.$memwr$\rom$/mnt/c/Users/Nitro/Desktop/ASIC/Projects/cleave/source/cleave_imem.v:52$167_EN' from process `\cleave_imem.$proc$/mnt/c/Users/Nitro/Desktop/ASIC/Projects/cleave/source/cleave_imem.v:50$374'.
No latch inferred for signal `\cleave_imem.$memwr$\rom$/mnt/c/Users/Nitro/Desktop/ASIC/Projects/cleave/source/cleave_imem.v:52$168_EN' from process `\cleave_imem.$proc$/mnt/c/Users/Nitro/Desktop/ASIC/Projects/cleave/source/cleave_imem.v:50$374'.
No latch inferred for signal `\cleave_imem.$memwr$\rom$/mnt/c/Users/Nitro/Desktop/ASIC/Projects/cleave/source/cleave_imem.v:52$169_EN' from process `\cleave_imem.$proc$/mnt/c/Users/Nitro/Desktop/ASIC/Projects/cleave/source/cleave_imem.v:50$374'.
No latch inferred for signal `\cleave_imem.$memwr$\rom$/mnt/c/Users/Nitro/Desktop/ASIC/Projects/cleave/source/cleave_imem.v:52$170_EN' from process `\cleave_imem.$proc$/mnt/c/Users/Nitro/Desktop/ASIC/Projects/cleave/source/cleave_imem.v:50$374'.
No latch inferred for signal `\cleave_imem.$memwr$\rom$/mnt/c/Users/Nitro/Desktop/ASIC/Projects/cleave/source/cleave_imem.v:52$171_EN' from process `\cleave_imem.$proc$/mnt/c/Users/Nitro/Desktop/ASIC/Projects/cleave/source/cleave_imem.v:50$374'.
No latch inferred for signal `\cleave_imem.$memwr$\rom$/mnt/c/Users/Nitro/Desktop/ASIC/Projects/cleave/source/cleave_imem.v:52$172_EN' from process `\cleave_imem.$proc$/mnt/c/Users/Nitro/Desktop/ASIC/Projects/cleave/source/cleave_imem.v:50$374'.
No latch inferred for signal `\cleave_imem.$memwr$\rom$/mnt/c/Users/Nitro/Desktop/ASIC/Projects/cleave/source/cleave_imem.v:52$173_EN' from process `\cleave_imem.$proc$/mnt/c/Users/Nitro/Desktop/ASIC/Projects/cleave/source/cleave_imem.v:50$374'.
No latch inferred for signal `\cleave_imem.$memwr$\rom$/mnt/c/Users/Nitro/Desktop/ASIC/Projects/cleave/source/cleave_imem.v:52$174_EN' from process `\cleave_imem.$proc$/mnt/c/Users/Nitro/Desktop/ASIC/Projects/cleave/source/cleave_imem.v:50$374'.
No latch inferred for signal `\cleave_imem.$memwr$\rom$/mnt/c/Users/Nitro/Desktop/ASIC/Projects/cleave/source/cleave_imem.v:52$175_EN' from process `\cleave_imem.$proc$/mnt/c/Users/Nitro/Desktop/ASIC/Projects/cleave/source/cleave_imem.v:50$374'.
No latch inferred for signal `\cleave_imem.$memwr$\rom$/mnt/c/Users/Nitro/Desktop/ASIC/Projects/cleave/source/cleave_imem.v:52$176_EN' from process `\cleave_imem.$proc$/mnt/c/Users/Nitro/Desktop/ASIC/Projects/cleave/source/cleave_imem.v:50$374'.
No latch inferred for signal `\cleave_imem.$memwr$\rom$/mnt/c/Users/Nitro/Desktop/ASIC/Projects/cleave/source/cleave_imem.v:52$177_EN' from process `\cleave_imem.$proc$/mnt/c/Users/Nitro/Desktop/ASIC/Projects/cleave/source/cleave_imem.v:50$374'.
No latch inferred for signal `\cleave_imem.$memwr$\rom$/mnt/c/Users/Nitro/Desktop/ASIC/Projects/cleave/source/cleave_imem.v:52$178_EN' from process `\cleave_imem.$proc$/mnt/c/Users/Nitro/Desktop/ASIC/Projects/cleave/source/cleave_imem.v:50$374'.
No latch inferred for signal `\cleave_imem.$memwr$\rom$/mnt/c/Users/Nitro/Desktop/ASIC/Projects/cleave/source/cleave_imem.v:52$179_EN' from process `\cleave_imem.$proc$/mnt/c/Users/Nitro/Desktop/ASIC/Projects/cleave/source/cleave_imem.v:50$374'.
No latch inferred for signal `\cleave_imem.$memwr$\rom$/mnt/c/Users/Nitro/Desktop/ASIC/Projects/cleave/source/cleave_imem.v:52$180_EN' from process `\cleave_imem.$proc$/mnt/c/Users/Nitro/Desktop/ASIC/Projects/cleave/source/cleave_imem.v:50$374'.
No latch inferred for signal `\cleave_imem.$memwr$\rom$/mnt/c/Users/Nitro/Desktop/ASIC/Projects/cleave/source/cleave_imem.v:55$181_EN' from process `\cleave_imem.$proc$/mnt/c/Users/Nitro/Desktop/ASIC/Projects/cleave/source/cleave_imem.v:50$374'.
No latch inferred for signal `\cleave_imem.$memwr$\rom$/mnt/c/Users/Nitro/Desktop/ASIC/Projects/cleave/source/cleave_imem.v:56$182_EN' from process `\cleave_imem.$proc$/mnt/c/Users/Nitro/Desktop/ASIC/Projects/cleave/source/cleave_imem.v:50$374'.
No latch inferred for signal `\cleave_imem.$memwr$\rom$/mnt/c/Users/Nitro/Desktop/ASIC/Projects/cleave/source/cleave_imem.v:57$183_EN' from process `\cleave_imem.$proc$/mnt/c/Users/Nitro/Desktop/ASIC/Projects/cleave/source/cleave_imem.v:50$374'.
No latch inferred for signal `\cleave_imem.$memwr$\rom$/mnt/c/Users/Nitro/Desktop/ASIC/Projects/cleave/source/cleave_imem.v:58$184_EN' from process `\cleave_imem.$proc$/mnt/c/Users/Nitro/Desktop/ASIC/Projects/cleave/source/cleave_imem.v:50$374'.
No latch inferred for signal `\cleave_imem.$memwr$\rom$/mnt/c/Users/Nitro/Desktop/ASIC/Projects/cleave/source/cleave_imem.v:59$185_EN' from process `\cleave_imem.$proc$/mnt/c/Users/Nitro/Desktop/ASIC/Projects/cleave/source/cleave_imem.v:50$374'.
No latch inferred for signal `\cleave_imem.$memwr$\rom$/mnt/c/Users/Nitro/Desktop/ASIC/Projects/cleave/source/cleave_imem.v:60$186_EN' from process `\cleave_imem.$proc$/mnt/c/Users/Nitro/Desktop/ASIC/Projects/cleave/source/cleave_imem.v:50$374'.
No latch inferred for signal `\cleave_imem.$memwr$\rom$/mnt/c/Users/Nitro/Desktop/ASIC/Projects/cleave/source/cleave_imem.v:61$187_EN' from process `\cleave_imem.$proc$/mnt/c/Users/Nitro/Desktop/ASIC/Projects/cleave/source/cleave_imem.v:50$374'.
No latch inferred for signal `\cleave_imem.$memwr$\rom$/mnt/c/Users/Nitro/Desktop/ASIC/Projects/cleave/source/cleave_imem.v:62$188_EN' from process `\cleave_imem.$proc$/mnt/c/Users/Nitro/Desktop/ASIC/Projects/cleave/source/cleave_imem.v:50$374'.
No latch inferred for signal `\cleave_imem.$memwr$\rom$/mnt/c/Users/Nitro/Desktop/ASIC/Projects/cleave/source/cleave_imem.v:63$189_EN' from process `\cleave_imem.$proc$/mnt/c/Users/Nitro/Desktop/ASIC/Projects/cleave/source/cleave_imem.v:50$374'.
No latch inferred for signal `\cleave_imem.$memwr$\rom$/mnt/c/Users/Nitro/Desktop/ASIC/Projects/cleave/source/cleave_imem.v:64$190_EN' from process `\cleave_imem.$proc$/mnt/c/Users/Nitro/Desktop/ASIC/Projects/cleave/source/cleave_imem.v:50$374'.
No latch inferred for signal `\cleave_imem.$memwr$\rom$/mnt/c/Users/Nitro/Desktop/ASIC/Projects/cleave/source/cleave_imem.v:66$191_EN' from process `\cleave_imem.$proc$/mnt/c/Users/Nitro/Desktop/ASIC/Projects/cleave/source/cleave_imem.v:50$374'.
No latch inferred for signal `\cleave_imem.$memwr$\rom$/mnt/c/Users/Nitro/Desktop/ASIC/Projects/cleave/source/cleave_imem.v:67$192_EN' from process `\cleave_imem.$proc$/mnt/c/Users/Nitro/Desktop/ASIC/Projects/cleave/source/cleave_imem.v:50$374'.
No latch inferred for signal `\cleave_imem.$memwr$\rom$/mnt/c/Users/Nitro/Desktop/ASIC/Projects/cleave/source/cleave_imem.v:68$193_EN' from process `\cleave_imem.$proc$/mnt/c/Users/Nitro/Desktop/ASIC/Projects/cleave/source/cleave_imem.v:50$374'.
No latch inferred for signal `\cleave_imem.$memwr$\rom$/mnt/c/Users/Nitro/Desktop/ASIC/Projects/cleave/source/cleave_imem.v:69$194_EN' from process `\cleave_imem.$proc$/mnt/c/Users/Nitro/Desktop/ASIC/Projects/cleave/source/cleave_imem.v:50$374'.
No latch inferred for signal `\cleave_imem.$memwr$\rom$/mnt/c/Users/Nitro/Desktop/ASIC/Projects/cleave/source/cleave_imem.v:70$195_EN' from process `\cleave_imem.$proc$/mnt/c/Users/Nitro/Desktop/ASIC/Projects/cleave/source/cleave_imem.v:50$374'.
No latch inferred for signal `\cleave_imem.$memwr$\rom$/mnt/c/Users/Nitro/Desktop/ASIC/Projects/cleave/source/cleave_imem.v:71$196_EN' from process `\cleave_imem.$proc$/mnt/c/Users/Nitro/Desktop/ASIC/Projects/cleave/source/cleave_imem.v:50$374'.
No latch inferred for signal `\cleave_imem.$memwr$\rom$/mnt/c/Users/Nitro/Desktop/ASIC/Projects/cleave/source/cleave_imem.v:72$197_EN' from process `\cleave_imem.$proc$/mnt/c/Users/Nitro/Desktop/ASIC/Projects/cleave/source/cleave_imem.v:50$374'.
No latch inferred for signal `\cleave_imem.$memwr$\rom$/mnt/c/Users/Nitro/Desktop/ASIC/Projects/cleave/source/cleave_imem.v:73$198_EN' from process `\cleave_imem.$proc$/mnt/c/Users/Nitro/Desktop/ASIC/Projects/cleave/source/cleave_imem.v:50$374'.
No latch inferred for signal `\cleave_imem.$memwr$\rom$/mnt/c/Users/Nitro/Desktop/ASIC/Projects/cleave/source/cleave_imem.v:74$199_EN' from process `\cleave_imem.$proc$/mnt/c/Users/Nitro/Desktop/ASIC/Projects/cleave/source/cleave_imem.v:50$374'.
No latch inferred for signal `\cleave_imem.$memwr$\rom$/mnt/c/Users/Nitro/Desktop/ASIC/Projects/cleave/source/cleave_imem.v:75$200_EN' from process `\cleave_imem.$proc$/mnt/c/Users/Nitro/Desktop/ASIC/Projects/cleave/source/cleave_imem.v:50$374'.
No latch inferred for signal `\cleave_imem.$memwr$\rom$/mnt/c/Users/Nitro/Desktop/ASIC/Projects/cleave/source/cleave_imem.v:77$201_EN' from process `\cleave_imem.$proc$/mnt/c/Users/Nitro/Desktop/ASIC/Projects/cleave/source/cleave_imem.v:50$374'.
No latch inferred for signal `\cleave_imem.$memwr$\rom$/mnt/c/Users/Nitro/Desktop/ASIC/Projects/cleave/source/cleave_imem.v:78$202_EN' from process `\cleave_imem.$proc$/mnt/c/Users/Nitro/Desktop/ASIC/Projects/cleave/source/cleave_imem.v:50$374'.
No latch inferred for signal `\cleave_imem.$memwr$\rom$/mnt/c/Users/Nitro/Desktop/ASIC/Projects/cleave/source/cleave_imem.v:80$203_EN' from process `\cleave_imem.$proc$/mnt/c/Users/Nitro/Desktop/ASIC/Projects/cleave/source/cleave_imem.v:50$374'.
No latch inferred for signal `\cleave_imem.$memwr$\rom$/mnt/c/Users/Nitro/Desktop/ASIC/Projects/cleave/source/cleave_imem.v:81$204_EN' from process `\cleave_imem.$proc$/mnt/c/Users/Nitro/Desktop/ASIC/Projects/cleave/source/cleave_imem.v:50$374'.
No latch inferred for signal `\cleave_imem.$memwr$\rom$/mnt/c/Users/Nitro/Desktop/ASIC/Projects/cleave/source/cleave_imem.v:82$205_EN' from process `\cleave_imem.$proc$/mnt/c/Users/Nitro/Desktop/ASIC/Projects/cleave/source/cleave_imem.v:50$374'.
No latch inferred for signal `\cleave_imem.$memwr$\rom$/mnt/c/Users/Nitro/Desktop/ASIC/Projects/cleave/source/cleave_imem.v:83$206_EN' from process `\cleave_imem.$proc$/mnt/c/Users/Nitro/Desktop/ASIC/Projects/cleave/source/cleave_imem.v:50$374'.
No latch inferred for signal `\cleave_imem.$memwr$\rom$/mnt/c/Users/Nitro/Desktop/ASIC/Projects/cleave/source/cleave_imem.v:84$207_EN' from process `\cleave_imem.$proc$/mnt/c/Users/Nitro/Desktop/ASIC/Projects/cleave/source/cleave_imem.v:50$374'.
No latch inferred for signal `\cleave_imem.$memwr$\rom$/mnt/c/Users/Nitro/Desktop/ASIC/Projects/cleave/source/cleave_imem.v:85$208_EN' from process `\cleave_imem.$proc$/mnt/c/Users/Nitro/Desktop/ASIC/Projects/cleave/source/cleave_imem.v:50$374'.
No latch inferred for signal `\cleave_imem.$memwr$\rom$/mnt/c/Users/Nitro/Desktop/ASIC/Projects/cleave/source/cleave_imem.v:86$209_EN' from process `\cleave_imem.$proc$/mnt/c/Users/Nitro/Desktop/ASIC/Projects/cleave/source/cleave_imem.v:50$374'.
No latch inferred for signal `\cleave_imem.$memwr$\rom$/mnt/c/Users/Nitro/Desktop/ASIC/Projects/cleave/source/cleave_imem.v:87$210_EN' from process `\cleave_imem.$proc$/mnt/c/Users/Nitro/Desktop/ASIC/Projects/cleave/source/cleave_imem.v:50$374'.
No latch inferred for signal `\cleave_imem.$memwr$\rom$/mnt/c/Users/Nitro/Desktop/ASIC/Projects/cleave/source/cleave_imem.v:88$211_EN' from process `\cleave_imem.$proc$/mnt/c/Users/Nitro/Desktop/ASIC/Projects/cleave/source/cleave_imem.v:50$374'.
No latch inferred for signal `\cleave_imem.$memwr$\rom$/mnt/c/Users/Nitro/Desktop/ASIC/Projects/cleave/source/cleave_imem.v:89$212_EN' from process `\cleave_imem.$proc$/mnt/c/Users/Nitro/Desktop/ASIC/Projects/cleave/source/cleave_imem.v:50$374'.
No latch inferred for signal `\cleave_imem.$memwr$\rom$/mnt/c/Users/Nitro/Desktop/ASIC/Projects/cleave/source/cleave_imem.v:90$213_EN' from process `\cleave_imem.$proc$/mnt/c/Users/Nitro/Desktop/ASIC/Projects/cleave/source/cleave_imem.v:50$374'.
No latch inferred for signal `\cleave_imem.$memwr$\rom$/mnt/c/Users/Nitro/Desktop/ASIC/Projects/cleave/source/cleave_imem.v:92$214_EN' from process `\cleave_imem.$proc$/mnt/c/Users/Nitro/Desktop/ASIC/Projects/cleave/source/cleave_imem.v:50$374'.
No latch inferred for signal `\cleave_imem.$memwr$\rom$/mnt/c/Users/Nitro/Desktop/ASIC/Projects/cleave/source/cleave_imem.v:93$215_EN' from process `\cleave_imem.$proc$/mnt/c/Users/Nitro/Desktop/ASIC/Projects/cleave/source/cleave_imem.v:50$374'.
No latch inferred for signal `\cleave_imem.$memwr$\rom$/mnt/c/Users/Nitro/Desktop/ASIC/Projects/cleave/source/cleave_imem.v:94$216_EN' from process `\cleave_imem.$proc$/mnt/c/Users/Nitro/Desktop/ASIC/Projects/cleave/source/cleave_imem.v:50$374'.
No latch inferred for signal `\cleave_imem.$memwr$\rom$/mnt/c/Users/Nitro/Desktop/ASIC/Projects/cleave/source/cleave_imem.v:95$217_EN' from process `\cleave_imem.$proc$/mnt/c/Users/Nitro/Desktop/ASIC/Projects/cleave/source/cleave_imem.v:50$374'.
No latch inferred for signal `\cleave_imem.$memwr$\rom$/mnt/c/Users/Nitro/Desktop/ASIC/Projects/cleave/source/cleave_imem.v:96$218_EN' from process `\cleave_imem.$proc$/mnt/c/Users/Nitro/Desktop/ASIC/Projects/cleave/source/cleave_imem.v:50$374'.
No latch inferred for signal `\cleave_imem.$memwr$\rom$/mnt/c/Users/Nitro/Desktop/ASIC/Projects/cleave/source/cleave_imem.v:97$219_EN' from process `\cleave_imem.$proc$/mnt/c/Users/Nitro/Desktop/ASIC/Projects/cleave/source/cleave_imem.v:50$374'.
No latch inferred for signal `\cleave_imem.$memwr$\rom$/mnt/c/Users/Nitro/Desktop/ASIC/Projects/cleave/source/cleave_imem.v:98$220_EN' from process `\cleave_imem.$proc$/mnt/c/Users/Nitro/Desktop/ASIC/Projects/cleave/source/cleave_imem.v:50$374'.
No latch inferred for signal `\cleave_imem.$memwr$\rom$/mnt/c/Users/Nitro/Desktop/ASIC/Projects/cleave/source/cleave_imem.v:99$221_EN' from process `\cleave_imem.$proc$/mnt/c/Users/Nitro/Desktop/ASIC/Projects/cleave/source/cleave_imem.v:50$374'.
No latch inferred for signal `\cleave_imem.$memwr$\rom$/mnt/c/Users/Nitro/Desktop/ASIC/Projects/cleave/source/cleave_imem.v:100$222_EN' from process `\cleave_imem.$proc$/mnt/c/Users/Nitro/Desktop/ASIC/Projects/cleave/source/cleave_imem.v:50$374'.
No latch inferred for signal `\cleave_imem.$memwr$\rom$/mnt/c/Users/Nitro/Desktop/ASIC/Projects/cleave/source/cleave_imem.v:101$223_EN' from process `\cleave_imem.$proc$/mnt/c/Users/Nitro/Desktop/ASIC/Projects/cleave/source/cleave_imem.v:50$374'.
No latch inferred for signal `\cleave_imem.$memwr$\rom$/mnt/c/Users/Nitro/Desktop/ASIC/Projects/cleave/source/cleave_imem.v:102$224_EN' from process `\cleave_imem.$proc$/mnt/c/Users/Nitro/Desktop/ASIC/Projects/cleave/source/cleave_imem.v:50$374'.
No latch inferred for signal `\cleave_imem.$memwr$\rom$/mnt/c/Users/Nitro/Desktop/ASIC/Projects/cleave/source/cleave_imem.v:103$225_EN' from process `\cleave_imem.$proc$/mnt/c/Users/Nitro/Desktop/ASIC/Projects/cleave/source/cleave_imem.v:50$374'.
No latch inferred for signal `\cleave_imem.$memwr$\rom$/mnt/c/Users/Nitro/Desktop/ASIC/Projects/cleave/source/cleave_imem.v:104$226_EN' from process `\cleave_imem.$proc$/mnt/c/Users/Nitro/Desktop/ASIC/Projects/cleave/source/cleave_imem.v:50$374'.
No latch inferred for signal `\cleave_imem.$memwr$\rom$/mnt/c/Users/Nitro/Desktop/ASIC/Projects/cleave/source/cleave_imem.v:105$227_EN' from process `\cleave_imem.$proc$/mnt/c/Users/Nitro/Desktop/ASIC/Projects/cleave/source/cleave_imem.v:50$374'.
No latch inferred for signal `\cleave_imem.$memwr$\rom$/mnt/c/Users/Nitro/Desktop/ASIC/Projects/cleave/source/cleave_imem.v:106$228_EN' from process `\cleave_imem.$proc$/mnt/c/Users/Nitro/Desktop/ASIC/Projects/cleave/source/cleave_imem.v:50$374'.
No latch inferred for signal `\cleave_imem.$memwr$\rom$/mnt/c/Users/Nitro/Desktop/ASIC/Projects/cleave/source/cleave_imem.v:107$229_EN' from process `\cleave_imem.$proc$/mnt/c/Users/Nitro/Desktop/ASIC/Projects/cleave/source/cleave_imem.v:50$374'.
No latch inferred for signal `\cleave_imem.$memwr$\rom$/mnt/c/Users/Nitro/Desktop/ASIC/Projects/cleave/source/cleave_imem.v:108$230_EN' from process `\cleave_imem.$proc$/mnt/c/Users/Nitro/Desktop/ASIC/Projects/cleave/source/cleave_imem.v:50$374'.
No latch inferred for signal `\cleave_imem.$memwr$\rom$/mnt/c/Users/Nitro/Desktop/ASIC/Projects/cleave/source/cleave_imem.v:109$231_EN' from process `\cleave_imem.$proc$/mnt/c/Users/Nitro/Desktop/ASIC/Projects/cleave/source/cleave_imem.v:50$374'.
No latch inferred for signal `\cleave_imem.$memwr$\rom$/mnt/c/Users/Nitro/Desktop/ASIC/Projects/cleave/source/cleave_imem.v:110$232_EN' from process `\cleave_imem.$proc$/mnt/c/Users/Nitro/Desktop/ASIC/Projects/cleave/source/cleave_imem.v:50$374'.
No latch inferred for signal `\cleave_imem.$memwr$\rom$/mnt/c/Users/Nitro/Desktop/ASIC/Projects/cleave/source/cleave_imem.v:111$233_EN' from process `\cleave_imem.$proc$/mnt/c/Users/Nitro/Desktop/ASIC/Projects/cleave/source/cleave_imem.v:50$374'.
No latch inferred for signal `\cleave_imem.$memwr$\rom$/mnt/c/Users/Nitro/Desktop/ASIC/Projects/cleave/source/cleave_imem.v:112$234_EN' from process `\cleave_imem.$proc$/mnt/c/Users/Nitro/Desktop/ASIC/Projects/cleave/source/cleave_imem.v:50$374'.
No latch inferred for signal `\cleave_imem.$memwr$\rom$/mnt/c/Users/Nitro/Desktop/ASIC/Projects/cleave/source/cleave_imem.v:113$235_EN' from process `\cleave_imem.$proc$/mnt/c/Users/Nitro/Desktop/ASIC/Projects/cleave/source/cleave_imem.v:50$374'.
No latch inferred for signal `\cleave_imem.$memwr$\rom$/mnt/c/Users/Nitro/Desktop/ASIC/Projects/cleave/source/cleave_imem.v:114$236_EN' from process `\cleave_imem.$proc$/mnt/c/Users/Nitro/Desktop/ASIC/Projects/cleave/source/cleave_imem.v:50$374'.
No latch inferred for signal `\cleave_imem.$memwr$\rom$/mnt/c/Users/Nitro/Desktop/ASIC/Projects/cleave/source/cleave_imem.v:116$237_EN' from process `\cleave_imem.$proc$/mnt/c/Users/Nitro/Desktop/ASIC/Projects/cleave/source/cleave_imem.v:50$374'.
No latch inferred for signal `\cleave_imem.$memwr$\rom$/mnt/c/Users/Nitro/Desktop/ASIC/Projects/cleave/source/cleave_imem.v:117$238_EN' from process `\cleave_imem.$proc$/mnt/c/Users/Nitro/Desktop/ASIC/Projects/cleave/source/cleave_imem.v:50$374'.
No latch inferred for signal `\cleave_imem.$memwr$\rom$/mnt/c/Users/Nitro/Desktop/ASIC/Projects/cleave/source/cleave_imem.v:118$239_EN' from process `\cleave_imem.$proc$/mnt/c/Users/Nitro/Desktop/ASIC/Projects/cleave/source/cleave_imem.v:50$374'.
No latch inferred for signal `\cleave_imem.$memwr$\rom$/mnt/c/Users/Nitro/Desktop/ASIC/Projects/cleave/source/cleave_imem.v:119$240_EN' from process `\cleave_imem.$proc$/mnt/c/Users/Nitro/Desktop/ASIC/Projects/cleave/source/cleave_imem.v:50$374'.
No latch inferred for signal `\cleave_imem.$memwr$\rom$/mnt/c/Users/Nitro/Desktop/ASIC/Projects/cleave/source/cleave_imem.v:120$241_EN' from process `\cleave_imem.$proc$/mnt/c/Users/Nitro/Desktop/ASIC/Projects/cleave/source/cleave_imem.v:50$374'.
No latch inferred for signal `\cleave_imem.$memwr$\rom$/mnt/c/Users/Nitro/Desktop/ASIC/Projects/cleave/source/cleave_imem.v:122$242_EN' from process `\cleave_imem.$proc$/mnt/c/Users/Nitro/Desktop/ASIC/Projects/cleave/source/cleave_imem.v:50$374'.
No latch inferred for signal `\cleave_imem.$memwr$\rom$/mnt/c/Users/Nitro/Desktop/ASIC/Projects/cleave/source/cleave_imem.v:123$243_EN' from process `\cleave_imem.$proc$/mnt/c/Users/Nitro/Desktop/ASIC/Projects/cleave/source/cleave_imem.v:50$374'.
No latch inferred for signal `\cleave_imem.$memwr$\rom$/mnt/c/Users/Nitro/Desktop/ASIC/Projects/cleave/source/cleave_imem.v:125$244_EN' from process `\cleave_imem.$proc$/mnt/c/Users/Nitro/Desktop/ASIC/Projects/cleave/source/cleave_imem.v:50$374'.
No latch inferred for signal `\cleave_control.\reg_write' from process `\cleave_control.$proc$/mnt/c/Users/Nitro/Desktop/ASIC/Projects/cleave/source/cleave_control.v:78$115'.
No latch inferred for signal `\cleave_control.\alu_src_a' from process `\cleave_control.$proc$/mnt/c/Users/Nitro/Desktop/ASIC/Projects/cleave/source/cleave_control.v:78$115'.
No latch inferred for signal `\cleave_control.\alu_src_b' from process `\cleave_control.$proc$/mnt/c/Users/Nitro/Desktop/ASIC/Projects/cleave/source/cleave_control.v:78$115'.
No latch inferred for signal `\cleave_control.\mem_read' from process `\cleave_control.$proc$/mnt/c/Users/Nitro/Desktop/ASIC/Projects/cleave/source/cleave_control.v:78$115'.
No latch inferred for signal `\cleave_control.\mem_write' from process `\cleave_control.$proc$/mnt/c/Users/Nitro/Desktop/ASIC/Projects/cleave/source/cleave_control.v:78$115'.
No latch inferred for signal `\cleave_control.\branch' from process `\cleave_control.$proc$/mnt/c/Users/Nitro/Desktop/ASIC/Projects/cleave/source/cleave_control.v:78$115'.
No latch inferred for signal `\cleave_control.\jump' from process `\cleave_control.$proc$/mnt/c/Users/Nitro/Desktop/ASIC/Projects/cleave/source/cleave_control.v:78$115'.
No latch inferred for signal `\cleave_control.\jalr' from process `\cleave_control.$proc$/mnt/c/Users/Nitro/Desktop/ASIC/Projects/cleave/source/cleave_control.v:78$115'.
No latch inferred for signal `\cleave_control.\illegal_instr' from process `\cleave_control.$proc$/mnt/c/Users/Nitro/Desktop/ASIC/Projects/cleave/source/cleave_control.v:78$115'.
No latch inferred for signal `\cleave_control.\result_src' from process `\cleave_control.$proc$/mnt/c/Users/Nitro/Desktop/ASIC/Projects/cleave/source/cleave_control.v:78$115'.
No latch inferred for signal `\cleave_control.\imm_sel' from process `\cleave_control.$proc$/mnt/c/Users/Nitro/Desktop/ASIC/Projects/cleave/source/cleave_control.v:78$115'.
No latch inferred for signal `\cleave_control.\alu_ctrl' from process `\cleave_control.$proc$/mnt/c/Users/Nitro/Desktop/ASIC/Projects/cleave/source/cleave_control.v:78$115'.
No latch inferred for signal `\cleave_immgen.\imm' from process `\cleave_immgen.$proc$/mnt/c/Users/Nitro/Desktop/ASIC/Projects/cleave/source/cleave_immgen.v:30$92'.
No latch inferred for signal `\cleave_alu.\result' from process `\cleave_alu.$proc$/mnt/c/Users/Nitro/Desktop/ASIC/Projects/cleave/source/cleave_alu.v:59$83'.
No latch inferred for signal `\cleave_branch.\take' from process `\cleave_branch.$proc$/mnt/c/Users/Nitro/Desktop/ASIC/Projects/cleave/source/cleave_branch.v:45$65'.
No latch inferred for signal `\cleave_dmem.\rdata' from process `\cleave_dmem.$proc$/mnt/c/Users/Nitro/Desktop/ASIC/Projects/cleave/source/cleave_dmem.v:96$55'.
No latch inferred for signal `\cleave_dmem.\wstrb' from process `\cleave_dmem.$proc$/mnt/c/Users/Nitro/Desktop/ASIC/Projects/cleave/source/cleave_dmem.v:67$20'.
No latch inferred for signal `\cleave_core.\dbg_byte' from process `\cleave_core.$proc$/mnt/c/Users/Nitro/Desktop/ASIC/Projects/cleave/source/cleave_core.v:175$14'.
No latch inferred for signal `\cleave_core.\wb_data' from process `\cleave_core.$proc$/mnt/c/Users/Nitro/Desktop/ASIC/Projects/cleave/source/cleave_core.v:148$8'.
