163. Printing statistics.

=== tt_um_cleave ===

        +----------Local Count, excluding submodules.
        |        +-Local Area, excluding submodules.
        |        | 
    13505        - wires
    16733        - wire bits
      112        - public wires
     3311        - public wire bits
        8        - ports
       43        - port bits
    16625  6.6E+04 cells
     1191        -   $_ANDNOT_
       72        -   $_AND_
     8779        -   $_MUX_
       71        -   $_NAND_
      186        -   $_NOR_
     2176        -   $_NOT_
      114        -   $_ORNOT_
      668        -   $_OR_
       59        -   $_XNOR_
      207        -   $_XOR_
     3102  6.6E+04   sky130_fd_sc_hd__dfxtp_2

   Area for cell type $_ANDNOT_ is unknown!
   Area for cell type $_AND_ is unknown!
   Area for cell type $_MUX_ is unknown!
   Area for cell type $_NAND_ is unknown!
   Area for cell type $_NOR_ is unknown!
   Area for cell type $_NOT_ is unknown!
   Area for cell type $_ORNOT_ is unknown!
   Area for cell type $_OR_ is unknown!
   Area for cell type $_XNOR_ is unknown!
   Area for cell type $_XOR_ is unknown!

   Chip area for module '\tt_um_cleave': 65980.780800
     of which used for sequential elements: 65980.780800 (100.00%)

