157. Printing statistics.

=== tt_um_cleave ===

        +----------Local Count, excluding submodules.
        | 
    10428 wires
    13656 wire bits
      112 public wires
     3311 public wire bits
        8 ports
       43 port bits
    13548 cells
     1191   $_ANDNOT_
       72   $_AND_
     3040   $_DFFE_PP_
       27   $_DFF_P_
     5702   $_MUX_
       71   $_NAND_
      186   $_NOR_
     2176   $_NOT_
      114   $_ORNOT_
      668   $_OR_
        1   $_SDFFE_PN0P_
        1   $_SDFFE_PP0N_
       32   $_SDFF_PN0_
        1   $_SDFF_PP0_
       59   $_XNOR_
      207   $_XOR_

   Area for cell type $_ANDNOT_ is unknown!
   Area for cell type $_AND_ is unknown!
   Area for cell type $_DFFE_PP_ is unknown!
   Area for cell type $_DFF_P_ is unknown!
   Area for cell type $_MUX_ is unknown!
   Area for cell type $_NAND_ is unknown!
   Area for cell type $_NOR_ is unknown!
   Area for cell type $_NOT_ is unknown!
   Area for cell type $_ORNOT_ is unknown!
   Area for cell type $_OR_ is unknown!
   Area for cell type $_SDFFE_PN0P_ is unknown!
   Area for cell type $_SDFFE_PP0N_ is unknown!
   Area for cell type $_SDFF_PN0_ is unknown!
   Area for cell type $_SDFF_PP0_ is unknown!
   Area for cell type $_XNOR_ is unknown!
   Area for cell type $_XOR_ is unknown!

