171. Printing statistics.

=== tt_um_cleave ===

        +----------Local Count, excluding submodules.
        |        +-Local Area, excluding submodules.
        |        | 
    12307        - wires
    12342        - wire bits
     3110        - public wires
     3145        - public wire bits
        8        - ports
       43        - port bits
    12323 1.62E+05 cells
        1   12.512   sky130_fd_sc_hd__a2111o_2
        1   15.014   sky130_fd_sc_hd__a2111oi_2
      253 2.53E+03   sky130_fd_sc_hd__a211o_2
        7   87.584   sky130_fd_sc_hd__a211oi_2
       92  920.883   sky130_fd_sc_hd__a21bo_2
        6   67.565   sky130_fd_sc_hd__a21boi_2
      173 1.52E+03   sky130_fd_sc_hd__a21o_2
      117 1.02E+03   sky130_fd_sc_hd__a21oi_2
      184 2.07E+03   sky130_fd_sc_hd__a221o_2
        3   45.043   sky130_fd_sc_hd__a221oi_2
      256 2.56E+03   sky130_fd_sc_hd__a22o_2
       14  175.168   sky130_fd_sc_hd__a22oi_2
       31  349.085   sky130_fd_sc_hd__a2bb2o_2
       11  123.869   sky130_fd_sc_hd__a311o_2
        3   45.043   sky130_fd_sc_hd__a311oi_2
      236 2.07E+03   sky130_fd_sc_hd__a31o_2
        5    62.56   sky130_fd_sc_hd__a31oi_2
       56  630.605   sky130_fd_sc_hd__a32o_2
        2   32.531   sky130_fd_sc_hd__a32oi_2
      116  870.835   sky130_fd_sc_hd__and2_2
       35  306.544   sky130_fd_sc_hd__and2b_2
      307  2304.71   sky130_fd_sc_hd__and3_2
       23  230.221   sky130_fd_sc_hd__and3b_2
       12  120.115   sky130_fd_sc_hd__and4_2
        8   90.086   sky130_fd_sc_hd__and4b_2
        3   37.536   sky130_fd_sc_hd__and4bb_2
       16   60.058   sky130_fd_sc_hd__conb_1
     3102  6.6E+04   sky130_fd_sc_hd__dfxtp_2
      102  382.867   sky130_fd_sc_hd__inv_2
     3731  4.2E+04   sky130_fd_sc_hd__mux2_1
      264 5.95E+03   sky130_fd_sc_hd__mux4_2
      218 1.36E+03   sky130_fd_sc_hd__nand2_2
       33  289.027   sky130_fd_sc_hd__nand2b_2
        5   50.048   sky130_fd_sc_hd__nand3_2
        3   33.782   sky130_fd_sc_hd__nand3b_2
        7   87.584   sky130_fd_sc_hd__nand4_2
        1   15.014   sky130_fd_sc_hd__nand4b_2
      281 1.76E+03   sky130_fd_sc_hd__nor2_2
       12  120.115   sky130_fd_sc_hd__nor3_2
        1   12.512   sky130_fd_sc_hd__nor4_2
        2   30.029   sky130_fd_sc_hd__nor4b_2
       11  137.632   sky130_fd_sc_hd__o2111a_2
        1   15.014   sky130_fd_sc_hd__o2111ai_2
      446 4.46E+03   sky130_fd_sc_hd__o211a_2
       12  150.144   sky130_fd_sc_hd__o211ai_2
      137  1.2E+03   sky130_fd_sc_hd__o21a_2
       95  832.048   sky130_fd_sc_hd__o21ai_2
        9   90.086   sky130_fd_sc_hd__o21ba_2
        6   67.565   sky130_fd_sc_hd__o21bai_2
      415 4.67E+03   sky130_fd_sc_hd__o221a_2
      635 6.36E+03   sky130_fd_sc_hd__o22a_2
        7   87.584   sky130_fd_sc_hd__o22ai_2
       31  349.085   sky130_fd_sc_hd__o2bb2a_2
       28  315.302   sky130_fd_sc_hd__o311a_2
        1   16.266   sky130_fd_sc_hd__o311ai_2
       31  310.298   sky130_fd_sc_hd__o31a_2
        4   50.048   sky130_fd_sc_hd__o31ai_2
       21  236.477   sky130_fd_sc_hd__o32a_2
      359 2.25E+03   sky130_fd_sc_hd__or2_2
      151 1.13E+03   sky130_fd_sc_hd__or3_2
       29  253.994   sky130_fd_sc_hd__or3b_2
       21  183.926   sky130_fd_sc_hd__or4_2
       11  110.106   sky130_fd_sc_hd__or4b_2
        6   75.072   sky130_fd_sc_hd__or4bb_2
       98 1.59E+03   sky130_fd_sc_hd__xnor2_2
       25   406.64   sky130_fd_sc_hd__xor2_2

   Chip area for module '\tt_um_cleave': 161798.928000
     of which used for sequential elements: 65980.780800 (40.78%)

