Reading timing models for corner nom_tt_025C_1v80…
Reading timing library for the 'nom_tt_025C_1v80' corner at '/home/nitro/.ciel/ciel/sky130/versions/8afc8346a57fe1ab7934ba5a6056ea8b43078e71/sky130A/libs.ref/sky130_fd_sc_hd/lib/sky130_fd_sc_hd__tt_025C_1v80.lib'…
Reading OpenROAD database at '/mnt/c/Users/Nitro/Desktop/ASIC/Projects/cleave/runs/RUN_2026-09-01_13-22-07/38-openroad-repairantennas/1-openroad-diodeinsertion/tt_um_cleave.odb'…
Reading design constraints file at '/nix/store/pyjad0nmv834qyrz9qicmvljgxnyd00p-python3-3.13.9-env/lib/python3.13/site-packages/librelane/scripts/base.sdc'…
[INFO] Using clock clk…
[INFO] Setting output delay to: 8.0
[INFO] Setting input delay to: 8.0
[INFO] Setting load to: 0.033442
[INFO] Setting clock uncertainty to: 0.25
[INFO] Setting clock transition to: 0.1499999999999999944488848768742172978818416595458984375
[INFO] Setting timing derate to: 5.0%
[INFO ORD-0030] Using 20 thread(s).
+ detailed_route -droute_end_iter 64 -or_seed 42 -verbose 1 -output_drc /mnt/c/Users/Nitro/Desktop/ASIC/Projects/cleave/runs/RUN_2026-09-01_13-22-07/40-openroad-detailedrouting/drt-run-0/tt_um_cleave.drc
[INFO DRT-0149] Reading tech and libs.
[WARNING DRT-0349] LEF58_ENCLOSURE with no CUTCLASS is not supported. Skipping for layer mcon
[WARNING DRT-0349] LEF58_ENCLOSURE with no CUTCLASS is not supported. Skipping for layer mcon
[WARNING DRT-0349] LEF58_ENCLOSURE with no CUTCLASS is not supported. Skipping for layer via
[WARNING DRT-0349] LEF58_ENCLOSURE with no CUTCLASS is not supported. Skipping for layer via
[WARNING DRT-0349] LEF58_ENCLOSURE with no CUTCLASS is not supported. Skipping for layer via2
[WARNING DRT-0349] LEF58_ENCLOSURE with no CUTCLASS is not supported. Skipping for layer via2
[WARNING DRT-0349] LEF58_ENCLOSURE with no CUTCLASS is not supported. Skipping for layer via3
[WARNING DRT-0349] LEF58_ENCLOSURE with no CUTCLASS is not supported. Skipping for layer via3
[WARNING DRT-0349] LEF58_ENCLOSURE with no CUTCLASS is not supported. Skipping for layer via4
[WARNING DRT-0349] LEF58_ENCLOSURE with no CUTCLASS is not supported. Skipping for layer via4

Units:                1000
Number of layers:     13
Number of macros:     445
Number of vias:       29
Number of viarulegen: 25

[INFO DRT-0150] Reading design.

Design:                   tt_um_cleave
Die area:                 ( 0 0 ) ( 647040 657760 )
Number of track patterns: 12
Number of DEF vias:       0
Number of components:     24758
Number of terminals:      45
Number of snets:          2
Number of nets:           18300

[INFO DRT-0167] List of default vias:
  Layer via
    default via: M1M2_PR
  Layer via2
    default via: M2M3_PR
  Layer via3
    default via: M3M4_PR
  Layer via4
    default via: M4M5_PR
[INFO DRT-0162] Library cell analysis.
[INFO DRT-0163] Instance analysis.
[INFO DRT-0164] Number of unique instances = 171.
[INFO DRT-0168] Init region query.
[INFO DRT-0024]   Complete FR_MASTERSLICE.
[INFO DRT-0024]   Complete licon.
[INFO DRT-0024]   Complete li1.
[INFO DRT-0024]   Complete mcon.
[INFO DRT-0024]   Complete met1.
[INFO DRT-0024]   Complete via.
[INFO DRT-0024]   Complete met2.
[INFO DRT-0024]   Complete via2.
[INFO DRT-0024]   Complete met3.
[INFO DRT-0024]   Complete via3.
[INFO DRT-0024]   Complete met4.
[INFO DRT-0024]   Complete via4.
[INFO DRT-0024]   Complete met5.
[INFO DRT-0033] FR_MASTERSLICE shape region query size = 0.
[INFO DRT-0033] licon shape region query size = 0.
[INFO DRT-0033] li1 shape region query size = 646622.
[INFO DRT-0033] mcon shape region query size = 0.
[INFO DRT-0033] met1 shape region query size = 80477.
[INFO DRT-0033] via shape region query size = 5850.
[INFO DRT-0033] met2 shape region query size = 3534.
[INFO DRT-0033] via2 shape region query size = 4680.
[INFO DRT-0033] met3 shape region query size = 3529.
[INFO DRT-0033] via3 shape region query size = 4680.
[INFO DRT-0033] met4 shape region query size = 1240.
[INFO DRT-0033] via4 shape region query size = 50.
[INFO DRT-0033] met5 shape region query size = 70.
[INFO DRT-0165] Start pin access.
[INFO DRT-0076]   Complete 1000 pins.
[INFO DRT-0078]   Complete 1356 pins.
[INFO DRT-0079]   Complete 100 unique inst patterns.
[INFO DRT-0081]   Complete 171 unique inst patterns.
[INFO DRT-0082]   Complete 10000 groups.
[INFO DRT-0084]   Complete 11674 groups.
#scanned instances     = 24758
#unique  instances     = 171
#stdCellGenAp          = 4747
#stdCellValidPlanarAp  = 49
#stdCellValidViaAp     = 3668
#stdCellPinNoAp        = 0
#stdCellPinCnt         = 61201
#instTermValidViaApCnt = 0
#macroGenAp            = 0
#macroValidPlanarAp    = 0
#macroValidViaAp       = 0
#macroNoAp             = 0
[INFO DRT-0166] Complete pin access.
[INFO DRT-0267] cpu time = 00:16:05, elapsed time = 00:00:50, memory = 262.68 (MB), peak = 272.11 (MB)
[INFO DRT-0156] guideIn read 100000 guides.

[INFO DRT-0157] Number of guides:     155646

[INFO DRT-0169] Post process guides.
[INFO DRT-0176] GCELLGRID X 0 DO 93 STEP 6900 ;
[INFO DRT-0177] GCELLGRID Y 0 DO 95 STEP 6900 ;
[INFO DRT-0026]   Complete 100000 origin guides.
[INFO DRT-0028]   Complete FR_MASTERSLICE.
[INFO DRT-0028]   Complete licon.
[INFO DRT-0028]   Complete li1.
[INFO DRT-0028]   Complete mcon.
[INFO DRT-0028]   Complete met1.
[INFO DRT-0028]   Complete via.
[INFO DRT-0028]   Complete met2.
[INFO DRT-0028]   Complete via2.
[INFO DRT-0028]   Complete met3.
[INFO DRT-0028]   Complete via3.
[INFO DRT-0028]   Complete met4.
[INFO DRT-0028]   Complete via4.
[INFO DRT-0028]   Complete met5.
[INFO DRT-0178] Init guide query.
[INFO DRT-0035]   Complete FR_MASTERSLICE (guide).
[INFO DRT-0035]   Complete licon (guide).
[INFO DRT-0035]   Complete li1 (guide).
[INFO DRT-0035]   Complete mcon (guide).
[INFO DRT-0035]   Complete met1 (guide).
[INFO DRT-0035]   Complete via (guide).
[INFO DRT-0035]   Complete met2 (guide).
[INFO DRT-0035]   Complete via2 (guide).
[INFO DRT-0035]   Complete met3 (guide).
[INFO DRT-0035]   Complete via3 (guide).
[INFO DRT-0035]   Complete met4 (guide).
[INFO DRT-0035]   Complete via4 (guide).
[INFO DRT-0035]   Complete met5 (guide).
[INFO DRT-0036] FR_MASTERSLICE guide region query size = 0.
[INFO DRT-0036] licon guide region query size = 0.
[INFO DRT-0036] li1 guide region query size = 52502.
[INFO DRT-0036] mcon guide region query size = 0.
[INFO DRT-0036] met1 guide region query size = 47428.
[INFO DRT-0036] via guide region query size = 0.
[INFO DRT-0036] met2 guide region query size = 24977.
[INFO DRT-0036] via2 guide region query size = 0.
[INFO DRT-0036] met3 guide region query size = 1954.
[INFO DRT-0036] via3 guide region query size = 0.
[INFO DRT-0036] met4 guide region query size = 704.
[INFO DRT-0036] via4 guide region query size = 0.
[INFO DRT-0036] met5 guide region query size = 64.
[INFO DRT-0179] Init gr pin query.
[INFO DRT-0267] cpu time = 00:00:04, elapsed time = 00:00:00, memory = 313.62 (MB), peak = 313.62 (MB)
[INFO DRT-0245] skipped writing guide updates to database.
[INFO DRT-0185] Post process initialize RPin region query.
[INFO DRT-0181] Start track assignment.
[INFO DRT-0184] Done with 78183 vertical wires in 2 frboxes and 49446 horizontal wires in 2 frboxes.
[INFO DRT-0186] Done with 9200 vertical wires in 2 frboxes and 16104 horizontal wires in 2 frboxes.
[INFO DRT-0182] Complete track assignment.
[INFO DRT-0267] cpu time = 00:00:15, elapsed time = 00:00:04, memory = 598.33 (MB), peak = 598.33 (MB)
[INFO DRT-0187] Start routing data preparation.
[INFO DRT-0267] cpu time = 00:00:00, elapsed time = 00:00:00, memory = 598.33 (MB), peak = 598.33 (MB)
[INFO DRT-0194] Start detail routing.
[INFO DRT-0195] Start 0th optimization iteration.
    Completing 10% with 0 violations.
    elapsed time = 00:00:07, memory = 1255.52 (MB).
    Completing 20% with 0 violations.
    elapsed time = 00:00:11, memory = 1360.21 (MB).
    Completing 30% with 2982 violations.
    elapsed time = 00:00:19, memory = 1528.29 (MB).
    Completing 40% with 2982 violations.
    elapsed time = 00:00:24, memory = 1571.09 (MB).
    Completing 50% with 2982 violations.
    elapsed time = 00:00:34, memory = 1527.06 (MB).
    Completing 60% with 5890 violations.
    elapsed time = 00:00:40, memory = 1619.71 (MB).
    Completing 70% with 5890 violations.
    elapsed time = 00:00:48, memory = 1668.84 (MB).
    Completing 80% with 8655 violations.
    elapsed time = 00:00:55, memory = 1780.24 (MB).
    Completing 90% with 8655 violations.
    elapsed time = 00:01:03, memory = 1917.11 (MB).
    Completing 100% with 11366 violations.
    elapsed time = 00:01:11, memory = 1605.78 (MB).
[INFO DRT-0199]   Number of violations = 12714.
Viol/Layer         li1   mcon   met1    via   met2   met3   met4
Cut Spacing          0     14      0      0      0      0      0
Metal Spacing        0      0   1746      0    311     19      6
Min Hole             0      0      4      0      0      0      0
Recheck             15      0    880      0    365     14     74
Short                0      1   7634      6   1609     12      4
[INFO DRT-0267] cpu time = 00:17:14, elapsed time = 00:01:11, memory = 1920.00 (MB), peak = 1922.27 (MB)
Total wire length = 836936 um.
Total wire length on LAYER li1 = 0 um.
Total wire length on LAYER met1 = 354525 um.
Total wire length on LAYER met2 = 376332 um.
Total wire length on LAYER met3 = 61028 um.
Total wire length on LAYER met4 = 43780 um.
Total wire length on LAYER met5 = 1269 um.
Total number of vias = 141725.
Up-via summary (total 141725):

-------------------------
 FR_MASTERSLICE         0
            li1     61943
           met1     74481
           met2      3883
           met3      1292
           met4       126
-------------------------
               141725


[INFO DRT-0195] Start 1st optimization iteration.
    Completing 10% with 12714 violations.
    elapsed time = 00:00:04, memory = 1985.00 (MB).
    Completing 20% with 12714 violations.
    elapsed time = 00:00:11, memory = 1975.30 (MB).
    Completing 30% with 11355 violations.
    elapsed time = 00:00:18, memory = 1972.28 (MB).
    Completing 40% with 11355 violations.
    elapsed time = 00:00:23, memory = 2004.47 (MB).
    Completing 50% with 11355 violations.
    elapsed time = 00:00:31, memory = 1949.62 (MB).
    Completing 60% with 9835 violations.
    elapsed time = 00:00:38, memory = 1978.21 (MB).
    Completing 70% with 9835 violations.
    elapsed time = 00:00:43, memory = 1971.71 (MB).
    Completing 80% with 7871 violations.
    elapsed time = 00:00:52, memory = 1976.87 (MB).
    Completing 90% with 7871 violations.
    elapsed time = 00:00:57, memory = 1973.18 (MB).
    Completing 100% with 6085 violations.
    elapsed time = 00:01:05, memory = 2000.37 (MB).
[INFO DRT-0199]   Number of violations = 6089.
Viol/Layer        mcon   met1    via   met2   met3   met4
Cut Spacing          3      0      0      0      0      0
Metal Spacing        0    712      0    221      5      3
Recheck              0      3      0      1      0      0
Short                0   4532      1    606      1      1
[INFO DRT-0267] cpu time = 00:15:42, elapsed time = 00:01:06, memory = 2000.37 (MB), peak = 2004.47 (MB)
Total wire length = 831807 um.
Total wire length on LAYER li1 = 0 um.
Total wire length on LAYER met1 = 350473 um.
Total wire length on LAYER met2 = 374086 um.
Total wire length on LAYER met3 = 62334 um.
Total wire length on LAYER met4 = 43714 um.
Total wire length on LAYER met5 = 1199 um.
Total number of vias = 140947.
Up-via summary (total 140947):

-------------------------
 FR_MASTERSLICE         0
            li1     61941
           met1     73541
           met2      4069
           met3      1276
           met4       120
-------------------------
               140947


[INFO DRT-0195] Start 2nd optimization iteration.
    Completing 10% with 6089 violations.
    elapsed time = 00:00:04, memory = 2027.55 (MB).
    Completing 20% with 6089 violations.
    elapsed time = 00:00:10, memory = 2083.02 (MB).
    Completing 30% with 6203 violations.
    elapsed time = 00:00:16, memory = 2004.23 (MB).
    Completing 40% with 6203 violations.
    elapsed time = 00:00:23, memory = 2026.67 (MB).
    Completing 50% with 6203 violations.
    elapsed time = 00:00:30, memory = 2007.93 (MB).
    Completing 60% with 6011 violations.
    elapsed time = 00:00:34, memory = 2029.80 (MB).
    Completing 70% with 6011 violations.
    elapsed time = 00:00:40, memory = 2070.60 (MB).
    Completing 80% with 5925 violations.
    elapsed time = 00:00:53, memory = 2064.14 (MB).
    Completing 90% with 5925 violations.
    elapsed time = 00:00:58, memory = 2063.32 (MB).
    Completing 100% with 5813 violations.
    elapsed time = 00:01:07, memory = 2034.42 (MB).
[INFO DRT-0199]   Number of violations = 5813.
Viol/Layer        met1   met2   met3   met4
Metal Spacing      656    164      5      1
Min Hole             1      0      0      0
Short             4385    595      4      2
[INFO DRT-0267] cpu time = 00:15:46, elapsed time = 00:01:07, memory = 2034.42 (MB), peak = 2086.96 (MB)
Total wire length = 830241 um.
Total wire length on LAYER li1 = 0 um.
Total wire length on LAYER met1 = 349881 um.
Total wire length on LAYER met2 = 373288 um.
Total wire length on LAYER met3 = 62110 um.
Total wire length on LAYER met4 = 43686 um.
Total wire length on LAYER met5 = 1275 um.
Total number of vias = 140122.
Up-via summary (total 140122):

-------------------------
 FR_MASTERSLICE         0
            li1     61950
           met1     72843
           met2      3946
           met3      1261
           met4       122
-------------------------
               140122


[INFO DRT-0195] Start 3rd optimization iteration.
    Completing 10% with 5813 violations.
    elapsed time = 00:00:02, memory = 2073.48 (MB).
    Completing 20% with 5813 violations.
    elapsed time = 00:00:08, memory = 2099.73 (MB).
    Completing 30% with 4655 violations.
    elapsed time = 00:00:15, memory = 2046.08 (MB).
    Completing 40% with 4655 violations.
    elapsed time = 00:00:19, memory = 2139.83 (MB).
    Completing 50% with 4655 violations.
    elapsed time = 00:00:34, memory = 1998.12 (MB).
    Completing 60% with 3260 violations.
    elapsed time = 00:00:37, memory = 2021.87 (MB).
    Completing 70% with 3260 violations.
    elapsed time = 00:00:41, memory = 2069.45 (MB).
    Completing 80% with 1930 violations.
    elapsed time = 00:00:51, memory = 2044.56 (MB).
    Completing 90% with 1930 violations.
    elapsed time = 00:00:54, memory = 2085.96 (MB).
    Completing 100% with 582 violations.
    elapsed time = 00:01:03, memory = 2024.44 (MB).
[INFO DRT-0199]   Number of violations = 582.
Viol/Layer        met1   met2   met3
Metal Spacing       94     58      7
Min Hole             0      1      0
Short              324     98      0
[INFO DRT-0267] cpu time = 00:12:12, elapsed time = 00:01:03, memory = 2024.44 (MB), peak = 2139.83 (MB)
Total wire length = 829437 um.
Total wire length on LAYER li1 = 0 um.
Total wire length on LAYER met1 = 327892 um.
Total wire length on LAYER met2 = 371449 um.
Total wire length on LAYER met3 = 82733 um.
Total wire length on LAYER met4 = 46089 um.
Total wire length on LAYER met5 = 1273 um.
Total number of vias = 143252.
Up-via summary (total 143252):

-------------------------
 FR_MASTERSLICE         0
            li1     61957
           met1     73287
           met2      6398
           met3      1490
           met4       120
-------------------------
               143252


[INFO DRT-0195] Start 4th optimization iteration.
    Completing 10% with 582 violations.
    elapsed time = 00:00:00, memory = 2024.44 (MB).
    Completing 20% with 582 violations.
    elapsed time = 00:00:00, memory = 2058.66 (MB).
    Completing 30% with 458 violations.
    elapsed time = 00:00:04, memory = 2024.44 (MB).
    Completing 40% with 458 violations.
    elapsed time = 00:00:04, memory = 2024.44 (MB).
    Completing 50% with 458 violations.
    elapsed time = 00:00:07, memory = 2024.43 (MB).
    Completing 60% with 416 violations.
    elapsed time = 00:00:07, memory = 2024.43 (MB).
    Completing 70% with 416 violations.
    elapsed time = 00:00:08, memory = 2024.43 (MB).
    Completing 80% with 255 violations.
    elapsed time = 00:00:10, memory = 2024.43 (MB).
    Completing 90% with 255 violations.
    elapsed time = 00:00:10, memory = 2024.43 (MB).
    Completing 100% with 8 violations.
    elapsed time = 00:00:11, memory = 2024.43 (MB).
[INFO DRT-0199]   Number of violations = 8.
Viol/Layer        met1
Metal Spacing        1
Short                7
[INFO DRT-0267] cpu time = 00:01:29, elapsed time = 00:00:12, memory = 2024.43 (MB), peak = 2139.83 (MB)
Total wire length = 829362 um.
Total wire length on LAYER li1 = 0 um.
Total wire length on LAYER met1 = 327028 um.
Total wire length on LAYER met2 = 371248 um.
Total wire length on LAYER met3 = 83513 um.
Total wire length on LAYER met4 = 46298 um.
Total wire length on LAYER met5 = 1273 um.
Total number of vias = 143317.
Up-via summary (total 143317):

-------------------------
 FR_MASTERSLICE         0
            li1     61956
           met1     73287
           met2      6452
           met3      1502
           met4       120
-------------------------
               143317


[INFO DRT-0195] Start 5th guides tiles iteration.
    Completing 30% with 8 violations.
    elapsed time = 00:00:00, memory = 2024.43 (MB).
    Completing 60% with 8 violations.
    elapsed time = 00:00:00, memory = 2024.43 (MB).
    Completing 100% with 6 violations.
    elapsed time = 00:00:00, memory = 2024.43 (MB).
[INFO DRT-0199]   Number of violations = 6.
Viol/Layer        met1
Metal Spacing        2
Short                4
[INFO DRT-0267] cpu time = 00:00:07, elapsed time = 00:00:00, memory = 2024.43 (MB), peak = 2139.83 (MB)
Total wire length = 829374 um.
Total wire length on LAYER li1 = 0 um.
Total wire length on LAYER met1 = 327018 um.
Total wire length on LAYER met2 = 371255 um.
Total wire length on LAYER met3 = 83528 um.
Total wire length on LAYER met4 = 46298 um.
Total wire length on LAYER met5 = 1273 um.
Total number of vias = 143322.
Up-via summary (total 143322):

-------------------------
 FR_MASTERSLICE         0
            li1     61956
           met1     73290
           met2      6454
           met3      1502
           met4       120
-------------------------
               143322


[INFO DRT-0195] Start 6th guides tiles iteration.
    Completing 100% with 2 violations.
    elapsed time = 00:00:00, memory = 2024.43 (MB).
[INFO DRT-0199]   Number of violations = 2.
Viol/Layer        met1   met2
Metal Spacing        1      0
Short                0      1
[INFO DRT-0267] cpu time = 00:00:05, elapsed time = 00:00:00, memory = 2024.43 (MB), peak = 2139.83 (MB)
Total wire length = 829375 um.
Total wire length on LAYER li1 = 0 um.
Total wire length on LAYER met1 = 327014 um.
Total wire length on LAYER met2 = 371256 um.
Total wire length on LAYER met3 = 83532 um.
Total wire length on LAYER met4 = 46298 um.
Total wire length on LAYER met5 = 1273 um.
Total number of vias = 143320.
Up-via summary (total 143320):

-------------------------
 FR_MASTERSLICE         0
            li1     61956
           met1     73288
           met2      6454
           met3      1502
           met4       120
-------------------------
               143320


[INFO DRT-0195] Start 7th guides tiles iteration.
    Completing 50% with 2 violations.
    elapsed time = 00:00:00, memory = 2024.43 (MB).
    Completing 100% with 0 violations.
    elapsed time = 00:00:00, memory = 2024.43 (MB).
[INFO DRT-0199]   Number of violations = 0.
[INFO DRT-0267] cpu time = 00:00:09, elapsed time = 00:00:00, memory = 2024.43 (MB), peak = 2139.83 (MB)
Total wire length = 829377 um.
Total wire length on LAYER li1 = 0 um.
Total wire length on LAYER met1 = 327013 um.
Total wire length on LAYER met2 = 371248 um.
Total wire length on LAYER met3 = 83531 um.
Total wire length on LAYER met4 = 46310 um.
Total wire length on LAYER met5 = 1273 um.
Total number of vias = 143324.
Up-via summary (total 143324):

-------------------------
 FR_MASTERSLICE         0
            li1     61956
           met1     73288
           met2      6456
           met3      1504
           met4       120
-------------------------
               143324


[INFO DRT-0198] Complete detail routing.
Total wire length = 829377 um.
Total wire length on LAYER li1 = 0 um.
Total wire length on LAYER met1 = 327013 um.
Total wire length on LAYER met2 = 371248 um.
Total wire length on LAYER met3 = 83531 um.
Total wire length on LAYER met4 = 46310 um.
Total wire length on LAYER met5 = 1273 um.
Total number of vias = 143324.
Up-via summary (total 143324):

-------------------------
 FR_MASTERSLICE         0
            li1     61956
           met1     73288
           met2      6456
           met3      1504
           met4       120
-------------------------
               143324


[INFO DRT-0267] cpu time = 01:02:52, elapsed time = 00:04:43, memory = 2024.43 (MB), peak = 2139.83 (MB)

[INFO DRT-0180] Post processing.
+ check_antennas 
[INFO ANT-0002] Found 26 net violations.
[INFO ANT-0001] Found 30 pin violations.
[INFO] Running antenna repair iteration 1…
+ repair_antennas sky130_fd_sc_hd__diode_2 -ratio_margin 10 -allow_congestion
[INFO GRT-0012] Found 38 antenna violations.
[INFO GRT-0015] Inserted 42 diodes.
+ detailed_route -droute_end_iter 64 -or_seed 42 -verbose 1 -output_drc /mnt/c/Users/Nitro/Desktop/ASIC/Projects/cleave/runs/RUN_2026-09-01_13-22-07/40-openroad-detailedrouting/drt-run-1/tt_um_cleave.drc
[INFO DRT-0024]   Complete FR_MASTERSLICE.
[INFO DRT-0024]   Complete licon.
[INFO DRT-0024]   Complete li1.
[INFO DRT-0024]   Complete mcon.
[INFO DRT-0024]   Complete met1.
[INFO DRT-0024]   Complete via.
[INFO DRT-0024]   Complete met2.
[INFO DRT-0024]   Complete via2.
[INFO DRT-0024]   Complete met3.
[INFO DRT-0024]   Complete via3.
[INFO DRT-0024]   Complete met4.
[INFO DRT-0024]   Complete via4.
[INFO DRT-0024]   Complete met5.
[INFO DRT-0165] Start pin access.
[INFO DRT-0076]   Complete 1000 pins.
[INFO DRT-0078]   Complete 1356 pins.
[INFO DRT-0079]   Complete 100 unique inst patterns.
[INFO DRT-0081]   Complete 171 unique inst patterns.
[INFO DRT-0082]   Complete 10000 groups.
[INFO DRT-0084]   Complete 11685 groups.
#scanned instances     = 24800
#unique  instances     = 171
#stdCellGenAp          = 4747
#stdCellValidPlanarAp  = 49
#stdCellValidViaAp     = 3668
#stdCellPinNoAp        = 0
#stdCellPinCnt         = 61201
#instTermValidViaApCnt = 0
#macroGenAp            = 0
#macroValidPlanarAp    = 0
#macroValidViaAp       = 0
#macroNoAp             = 0
[INFO DRT-0166] Complete pin access.
[INFO DRT-0267] cpu time = 00:14:42, elapsed time = 00:00:45, memory = 2026.00 (MB), peak = 2139.83 (MB)
[INFO DRT-0156] guideIn read 100000 guides.

[INFO DRT-0157] Number of guides:     155586

[INFO DRT-0169] Post process guides.
[INFO DRT-0176] GCELLGRID X 0 DO 93 STEP 6900 ;
[INFO DRT-0177] GCELLGRID Y 0 DO 95 STEP 6900 ;
[INFO DRT-0026]   Complete 100000 origin guides.
[INFO DRT-0028]   Complete FR_MASTERSLICE.
[INFO DRT-0028]   Complete licon.
[INFO DRT-0028]   Complete li1.
[INFO DRT-0028]   Complete mcon.
[INFO DRT-0028]   Complete met1.
[INFO DRT-0028]   Complete via.
[INFO DRT-0028]   Complete met2.
[INFO DRT-0028]   Complete via2.
[INFO DRT-0028]   Complete met3.
[INFO DRT-0028]   Complete via3.
[INFO DRT-0028]   Complete met4.
[INFO DRT-0028]   Complete via4.
[INFO DRT-0028]   Complete met5.
[INFO DRT-0178] Init guide query.
[INFO DRT-0035]   Complete FR_MASTERSLICE (guide).
[INFO DRT-0035]   Complete licon (guide).
[INFO DRT-0035]   Complete li1 (guide).
[INFO DRT-0035]   Complete mcon (guide).
[INFO DRT-0035]   Complete met1 (guide).
[INFO DRT-0035]   Complete via (guide).
[INFO DRT-0035]   Complete met2 (guide).
[INFO DRT-0035]   Complete via2 (guide).
[INFO DRT-0035]   Complete met3 (guide).
[INFO DRT-0035]   Complete via3 (guide).
[INFO DRT-0035]   Complete met4 (guide).
[INFO DRT-0035]   Complete via4 (guide).
[INFO DRT-0035]   Complete met5 (guide).
[INFO DRT-0036] FR_MASTERSLICE guide region query size = 0.
[INFO DRT-0036] licon guide region query size = 0.
[INFO DRT-0036] li1 guide region query size = 52522.
[INFO DRT-0036] mcon guide region query size = 0.
[INFO DRT-0036] met1 guide region query size = 47425.
[INFO DRT-0036] via guide region query size = 0.
[INFO DRT-0036] met2 guide region query size = 24962.
[INFO DRT-0036] via2 guide region query size = 0.
[INFO DRT-0036] met3 guide region query size = 1934.
[INFO DRT-0036] via3 guide region query size = 0.
[INFO DRT-0036] met4 guide region query size = 678.
[INFO DRT-0036] via4 guide region query size = 0.
[INFO DRT-0036] met5 guide region query size = 59.
[INFO DRT-0179] Init gr pin query.
[INFO DRT-0267] cpu time = 00:00:04, elapsed time = 00:00:00, memory = 2026.00 (MB), peak = 2139.83 (MB)
[INFO DRT-0245] skipped writing guide updates to database.
[INFO DRT-0185] Post process initialize RPin region query.
[INFO DRT-0181] Start track assignment.
[INFO DRT-0184] Done with 78162 vertical wires in 2 frboxes and 49418 horizontal wires in 2 frboxes.
[INFO DRT-0186] Done with 9246 vertical wires in 2 frboxes and 16138 horizontal wires in 2 frboxes.
[INFO DRT-0182] Complete track assignment.
[INFO DRT-0267] cpu time = 00:00:14, elapsed time = 00:00:04, memory = 2032.25 (MB), peak = 2139.83 (MB)
[INFO DRT-0187] Start routing data preparation.
[INFO DRT-0267] cpu time = 00:00:00, elapsed time = 00:00:00, memory = 2032.25 (MB), peak = 2139.83 (MB)
[INFO DRT-0194] Start detail routing.
[INFO DRT-0195] Start 0th optimization iteration.
    Completing 10% with 0 violations.
    elapsed time = 00:00:01, memory = 2065.20 (MB).
    Completing 20% with 0 violations.
    elapsed time = 00:00:02, memory = 2058.71 (MB).
    Completing 30% with 228 violations.
    elapsed time = 00:00:05, memory = 2173.55 (MB).
    Completing 40% with 228 violations.
    elapsed time = 00:00:05, memory = 2185.20 (MB).
    Completing 50% with 228 violations.
    elapsed time = 00:00:07, memory = 2082.85 (MB).
    Completing 60% with 472 violations.
    elapsed time = 00:00:09, memory = 2157.25 (MB).
    Completing 70% with 472 violations.
    elapsed time = 00:00:10, memory = 2179.43 (MB).
    Completing 80% with 738 violations.
    elapsed time = 00:00:11, memory = 2203.03 (MB).
    Completing 90% with 738 violations.
    elapsed time = 00:00:12, memory = 2241.93 (MB).
    Completing 100% with 950 violations.
    elapsed time = 00:00:14, memory = 2218.27 (MB).
[INFO DRT-0199]   Number of violations = 1086.
Viol/Layer        mcon   met1   met2   met3   met4
Cut Spacing          1      0      0      0      0
Metal Spacing        0     52     48      6      2
Min Hole             0      1      0      0      0
Recheck              0     47     79      9      1
Short                0    468    333     25     14
[INFO DRT-0267] cpu time = 00:03:48, elapsed time = 00:00:14, memory = 2218.27 (MB), peak = 2241.93 (MB)
Total wire length = 829751 um.
Total wire length on LAYER li1 = 0 um.
Total wire length on LAYER met1 = 327813 um.
Total wire length on LAYER met2 = 372021 um.
Total wire length on LAYER met3 = 83080 um.
Total wire length on LAYER met4 = 45601 um.
Total wire length on LAYER met5 = 1234 um.
Total number of vias = 143335.
Up-via summary (total 143335):

-------------------------
 FR_MASTERSLICE         0
            li1     62013
           met1     73354
           met2      6389
           met3      1465
           met4       114
-------------------------
               143335


[INFO DRT-0195] Start 1st optimization iteration.
    Completing 10% with 1086 violations.
    elapsed time = 00:00:01, memory = 2249.88 (MB).
    Completing 20% with 1086 violations.
    elapsed time = 00:00:02, memory = 2275.35 (MB).
    Completing 30% with 884 violations.
    elapsed time = 00:00:04, memory = 2277.85 (MB).
    Completing 40% with 884 violations.
    elapsed time = 00:00:05, memory = 2279.26 (MB).
    Completing 50% with 884 violations.
    elapsed time = 00:00:06, memory = 2224.56 (MB).
    Completing 60% with 692 violations.
    elapsed time = 00:00:07, memory = 2263.94 (MB).
    Completing 70% with 692 violations.
    elapsed time = 00:00:08, memory = 2263.17 (MB).
    Completing 80% with 461 violations.
    elapsed time = 00:00:10, memory = 2239.58 (MB).
    Completing 90% with 461 violations.
    elapsed time = 00:00:11, memory = 2275.98 (MB).
    Completing 100% with 327 violations.
    elapsed time = 00:00:12, memory = 2199.65 (MB).
[INFO DRT-0199]   Number of violations = 327.
Viol/Layer        met1   met2   met3   met4
Metal Spacing       11     12      2      0
Short              210     79      7      6
[INFO DRT-0267] cpu time = 00:03:14, elapsed time = 00:00:12, memory = 2202.62 (MB), peak = 2279.26 (MB)
Total wire length = 829445 um.
Total wire length on LAYER li1 = 0 um.
Total wire length on LAYER met1 = 327646 um.
Total wire length on LAYER met2 = 371882 um.
Total wire length on LAYER met3 = 83104 um.
Total wire length on LAYER met4 = 45573 um.
Total wire length on LAYER met5 = 1237 um.
Total number of vias = 143264.
Up-via summary (total 143264):

-------------------------
 FR_MASTERSLICE         0
            li1     62009
           met1     73304
           met2      6378
           met3      1459
           met4       114
-------------------------
               143264


[INFO DRT-0195] Start 2nd optimization iteration.
    Completing 10% with 327 violations.
    elapsed time = 00:00:00, memory = 2202.62 (MB).
    Completing 20% with 327 violations.
    elapsed time = 00:00:00, memory = 2258.40 (MB).
    Completing 30% with 288 violations.
    elapsed time = 00:00:01, memory = 2230.31 (MB).
    Completing 40% with 288 violations.
    elapsed time = 00:00:01, memory = 2230.31 (MB).
    Completing 50% with 288 violations.
    elapsed time = 00:00:03, memory = 2253.28 (MB).
    Completing 60% with 289 violations.
    elapsed time = 00:00:03, memory = 2253.28 (MB).
    Completing 70% with 289 violations.
    elapsed time = 00:00:03, memory = 2253.28 (MB).
    Completing 80% with 288 violations.
    elapsed time = 00:00:04, memory = 2253.40 (MB).
    Completing 90% with 288 violations.
    elapsed time = 00:00:04, memory = 2253.40 (MB).
    Completing 100% with 288 violations.
    elapsed time = 00:00:05, memory = 2253.40 (MB).
[INFO DRT-0199]   Number of violations = 288.
Viol/Layer        met1   met2   met3   met4
Metal Spacing       13     21      3      0
Short              149     82      7     13
[INFO DRT-0267] cpu time = 00:01:22, elapsed time = 00:00:05, memory = 2253.40 (MB), peak = 2302.81 (MB)
Total wire length = 829425 um.
Total wire length on LAYER li1 = 0 um.
Total wire length on LAYER met1 = 327648 um.
Total wire length on LAYER met2 = 371845 um.
Total wire length on LAYER met3 = 83084 um.
Total wire length on LAYER met4 = 45611 um.
Total wire length on LAYER met5 = 1235 um.
Total number of vias = 143276.
Up-via summary (total 143276):

-------------------------
 FR_MASTERSLICE         0
            li1     62010
           met1     73310
           met2      6380
           met3      1462
           met4       114
-------------------------
               143276


[INFO DRT-0195] Start 3rd optimization iteration.
    Completing 10% with 288 violations.
    elapsed time = 00:00:00, memory = 2253.40 (MB).
    Completing 20% with 288 violations.
    elapsed time = 00:00:00, memory = 2253.40 (MB).
    Completing 30% with 214 violations.
    elapsed time = 00:00:01, memory = 2253.45 (MB).
    Completing 40% with 214 violations.
    elapsed time = 00:00:01, memory = 2253.45 (MB).
    Completing 50% with 214 violations.
    elapsed time = 00:00:02, memory = 2256.89 (MB).
    Completing 60% with 124 violations.
    elapsed time = 00:00:02, memory = 2256.89 (MB).
    Completing 70% with 124 violations.
    elapsed time = 00:00:03, memory = 2256.89 (MB).
    Completing 80% with 92 violations.
    elapsed time = 00:00:03, memory = 2256.89 (MB).
    Completing 90% with 92 violations.
    elapsed time = 00:00:03, memory = 2256.89 (MB).
    Completing 100% with 1 violations.
    elapsed time = 00:00:04, memory = 2256.89 (MB).
[INFO DRT-0199]   Number of violations = 1.
Viol/Layer        met1
Short                1
[INFO DRT-0267] cpu time = 00:00:58, elapsed time = 00:00:04, memory = 2256.89 (MB), peak = 2315.43 (MB)
Total wire length = 829424 um.
Total wire length on LAYER li1 = 0 um.
Total wire length on LAYER met1 = 327076 um.
Total wire length on LAYER met2 = 371578 um.
Total wire length on LAYER met3 = 83692 um.
Total wire length on LAYER met4 = 45848 um.
Total wire length on LAYER met5 = 1228 um.
Total number of vias = 143425.
Up-via summary (total 143425):

-------------------------
 FR_MASTERSLICE         0
            li1     62008
           met1     73362
           met2      6467
           met3      1476
           met4       112
-------------------------
               143425


[INFO DRT-0195] Start 4th guides tiles iteration.
    Completing 100% with 1 violations.
    elapsed time = 00:00:00, memory = 2256.89 (MB).
[INFO DRT-0199]   Number of violations = 1.
Viol/Layer        met1
Short                1
[INFO DRT-0267] cpu time = 00:00:00, elapsed time = 00:00:00, memory = 2256.89 (MB), peak = 2315.43 (MB)
Total wire length = 829424 um.
Total wire length on LAYER li1 = 0 um.
Total wire length on LAYER met1 = 327076 um.
Total wire length on LAYER met2 = 371578 um.
Total wire length on LAYER met3 = 83692 um.
Total wire length on LAYER met4 = 45848 um.
Total wire length on LAYER met5 = 1228 um.
Total number of vias = 143425.
Up-via summary (total 143425):

-------------------------
 FR_MASTERSLICE         0
            li1     62008
           met1     73362
           met2      6467
           met3      1476
           met4       112
-------------------------
               143425


[INFO DRT-0195] Start 5th stubborn tiles iteration.
    Completing 10% with 1 violations.
    elapsed time = 00:00:00, memory = 2412.98 (MB).
    Completing 20% with 1 violations.
    elapsed time = 00:00:00, memory = 2412.98 (MB).
    Completing 30% with 1 violations.
    elapsed time = 00:00:00, memory = 2412.98 (MB).
    Completing 40% with 1 violations.
    elapsed time = 00:00:00, memory = 2395.79 (MB).
    Completing 50% with 1 violations.
    elapsed time = 00:00:01, memory = 2414.23 (MB).
    Completing 60% with 1 violations.
    elapsed time = 00:00:01, memory = 2436.42 (MB).
    Completing 70% with 1 violations.
    elapsed time = 00:00:01, memory = 2436.42 (MB).
    Completing 80% with 1 violations.
    elapsed time = 00:00:01, memory = 2437.04 (MB).
    Completing 90% with 1 violations.
    elapsed time = 00:00:01, memory = 2416.26 (MB).
    Completing 100% with 0 violations.
    elapsed time = 00:00:02, memory = 2208.37 (MB).
[INFO DRT-0199]   Number of violations = 0.
[INFO DRT-0267] cpu time = 00:00:40, elapsed time = 00:00:02, memory = 2211.18 (MB), peak = 2437.20 (MB)
Total wire length = 829421 um.
Total wire length on LAYER li1 = 0 um.
Total wire length on LAYER met1 = 327075 um.
Total wire length on LAYER met2 = 371577 um.
Total wire length on LAYER met3 = 83692 um.
Total wire length on LAYER met4 = 45848 um.
Total wire length on LAYER met5 = 1228 um.
Total number of vias = 143423.
Up-via summary (total 143423):

-------------------------
 FR_MASTERSLICE         0
            li1     62008
           met1     73360
           met2      6467
           met3      1476
           met4       112
-------------------------
               143423


[INFO DRT-0198] Complete detail routing.
Total wire length = 829421 um.
Total wire length on LAYER li1 = 0 um.
Total wire length on LAYER met1 = 327075 um.
Total wire length on LAYER met2 = 371577 um.
Total wire length on LAYER met3 = 83692 um.
Total wire length on LAYER met4 = 45848 um.
Total wire length on LAYER met5 = 1228 um.
Total number of vias = 143423.
Up-via summary (total 143423):

-------------------------
 FR_MASTERSLICE         0
            li1     62008
           met1     73360
           met2      6467
           met3      1476
           met4       112
-------------------------
               143423


[INFO DRT-0267] cpu time = 00:10:10, elapsed time = 00:00:40, memory = 2211.18 (MB), peak = 2437.20 (MB)

[INFO DRT-0180] Post processing.
+ check_antennas 
[INFO ANT-0002] Found 3 net violations.
[INFO ANT-0001] Found 3 pin violations.
[INFO] Running antenna repair iteration 2…
+ repair_antennas sky130_fd_sc_hd__diode_2 -ratio_margin 10 -allow_congestion
[INFO GRT-0012] Found 3 antenna violations.
[INFO GRT-0015] Inserted 3 diodes.
+ detailed_route -droute_end_iter 64 -or_seed 42 -verbose 1 -output_drc /mnt/c/Users/Nitro/Desktop/ASIC/Projects/cleave/runs/RUN_2026-09-01_13-22-07/40-openroad-detailedrouting/drt-run-2/tt_um_cleave.drc
[INFO DRT-0024]   Complete FR_MASTERSLICE.
[INFO DRT-0024]   Complete licon.
[INFO DRT-0024]   Complete li1.
[INFO DRT-0024]   Complete mcon.
[INFO DRT-0024]   Complete met1.
[INFO DRT-0024]   Complete via.
[INFO DRT-0024]   Complete met2.
[INFO DRT-0024]   Complete via2.
[INFO DRT-0024]   Complete met3.
[INFO DRT-0024]   Complete via3.
[INFO DRT-0024]   Complete met4.
[INFO DRT-0024]   Complete via4.
[INFO DRT-0024]   Complete met5.
[INFO DRT-0165] Start pin access.
[INFO DRT-0076]   Complete 1000 pins.
[INFO DRT-0078]   Complete 1356 pins.
[INFO DRT-0079]   Complete 100 unique inst patterns.
[INFO DRT-0081]   Complete 171 unique inst patterns.
[INFO DRT-0082]   Complete 10000 groups.
[INFO DRT-0084]   Complete 11686 groups.
#scanned instances     = 24803
#unique  instances     = 171
#stdCellGenAp          = 4747
#stdCellValidPlanarAp  = 49
#stdCellValidViaAp     = 3668
#stdCellPinNoAp        = 0
#stdCellPinCnt         = 61201
#instTermValidViaApCnt = 0
#macroGenAp            = 0
#macroValidPlanarAp    = 0
#macroValidViaAp       = 0
#macroNoAp             = 0
[INFO DRT-0166] Complete pin access.
[INFO DRT-0267] cpu time = 00:12:58, elapsed time = 00:00:39, memory = 2211.18 (MB), peak = 2437.20 (MB)
[INFO DRT-0156] guideIn read 100000 guides.

[INFO DRT-0157] Number of guides:     155577

[INFO DRT-0169] Post process guides.
[INFO DRT-0176] GCELLGRID X 0 DO 93 STEP 6900 ;
[INFO DRT-0177] GCELLGRID Y 0 DO 95 STEP 6900 ;
[INFO DRT-0026]   Complete 100000 origin guides.
[INFO DRT-0028]   Complete FR_MASTERSLICE.
[INFO DRT-0028]   Complete licon.
[INFO DRT-0028]   Complete li1.
[INFO DRT-0028]   Complete mcon.
[INFO DRT-0028]   Complete met1.
[INFO DRT-0028]   Complete via.
[INFO DRT-0028]   Complete met2.
[INFO DRT-0028]   Complete via2.
[INFO DRT-0028]   Complete met3.
[INFO DRT-0028]   Complete via3.
[INFO DRT-0028]   Complete met4.
[INFO DRT-0028]   Complete via4.
[INFO DRT-0028]   Complete met5.
[INFO DRT-0178] Init guide query.
[INFO DRT-0035]   Complete FR_MASTERSLICE (guide).
[INFO DRT-0035]   Complete licon (guide).
[INFO DRT-0035]   Complete li1 (guide).
[INFO DRT-0035]   Complete mcon (guide).
[INFO DRT-0035]   Complete met1 (guide).
[INFO DRT-0035]   Complete via (guide).
[INFO DRT-0035]   Complete met2 (guide).
[INFO DRT-0035]   Complete via2 (guide).
[INFO DRT-0035]   Complete met3 (guide).
[INFO DRT-0035]   Complete via3 (guide).
[INFO DRT-0035]   Complete met4 (guide).
[INFO DRT-0035]   Complete via4 (guide).
[INFO DRT-0035]   Complete met5 (guide).
[INFO DRT-0036] FR_MASTERSLICE guide region query size = 0.
[INFO DRT-0036] licon guide region query size = 0.
[INFO DRT-0036] li1 guide region query size = 52524.
[INFO DRT-0036] mcon guide region query size = 0.
[INFO DRT-0036] met1 guide region query size = 47426.
[INFO DRT-0036] via guide region query size = 0.
[INFO DRT-0036] met2 guide region query size = 24962.
[INFO DRT-0036] via2 guide region query size = 0.
[INFO DRT-0036] met3 guide region query size = 1930.
[INFO DRT-0036] via3 guide region query size = 0.
[INFO DRT-0036] met4 guide region query size = 673.
[INFO DRT-0036] via4 guide region query size = 0.
[INFO DRT-0036] met5 guide region query size = 57.
[INFO DRT-0179] Init gr pin query.
[INFO DRT-0267] cpu time = 00:00:04, elapsed time = 00:00:00, memory = 2211.18 (MB), peak = 2437.20 (MB)
[INFO DRT-0245] skipped writing guide updates to database.
[INFO DRT-0185] Post process initialize RPin region query.
[INFO DRT-0181] Start track assignment.
[INFO DRT-0184] Done with 78159 vertical wires in 2 frboxes and 49413 horizontal wires in 2 frboxes.
[INFO DRT-0186] Done with 9253 vertical wires in 2 frboxes and 16178 horizontal wires in 2 frboxes.
[INFO DRT-0182] Complete track assignment.
[INFO DRT-0267] cpu time = 00:00:13, elapsed time = 00:00:04, memory = 2212.59 (MB), peak = 2437.20 (MB)
[INFO DRT-0187] Start routing data preparation.
[INFO DRT-0267] cpu time = 00:00:00, elapsed time = 00:00:00, memory = 2212.59 (MB), peak = 2437.20 (MB)
[INFO DRT-0194] Start detail routing.
[INFO DRT-0195] Start 0th optimization iteration.
    Completing 10% with 0 violations.
    elapsed time = 00:00:01, memory = 2245.62 (MB).
    Completing 20% with 0 violations.
    elapsed time = 00:00:02, memory = 2245.62 (MB).
    Completing 30% with 23 violations.
    elapsed time = 00:00:03, memory = 2291.40 (MB).
    Completing 40% with 23 violations.
    elapsed time = 00:00:03, memory = 2337.49 (MB).
    Completing 50% with 23 violations.
    elapsed time = 00:00:04, memory = 2242.67 (MB).
    Completing 60% with 51 violations.
    elapsed time = 00:00:05, memory = 2242.83 (MB).
    Completing 70% with 51 violations.
    elapsed time = 00:00:06, memory = 2263.30 (MB).
    Completing 80% with 63 violations.
    elapsed time = 00:00:07, memory = 2290.95 (MB).
    Completing 90% with 63 violations.
    elapsed time = 00:00:08, memory = 2389.39 (MB).
    Completing 100% with 80 violations.
    elapsed time = 00:00:09, memory = 2318.99 (MB).
[INFO DRT-0199]   Number of violations = 91.
Viol/Layer        met1   met2   met3   met4
Metal Spacing        9      3      0      0
Recheck              4      5      2      0
Short               25     39      2      2
[INFO DRT-0267] cpu time = 00:02:44, elapsed time = 00:00:09, memory = 2318.99 (MB), peak = 2437.20 (MB)
Total wire length = 829469 um.
Total wire length on LAYER li1 = 0 um.
Total wire length on LAYER met1 = 327151 um.
Total wire length on LAYER met2 = 371520 um.
Total wire length on LAYER met3 = 83654 um.
Total wire length on LAYER met4 = 45935 um.
Total wire length on LAYER met5 = 1207 um.
Total number of vias = 143413.
Up-via summary (total 143413):

-------------------------
 FR_MASTERSLICE         0
            li1     62012
           met1     73362
           met2      6459
           met3      1470
           met4       110
-------------------------
               143413


[INFO DRT-0195] Start 1st optimization iteration.
    Completing 10% with 91 violations.
    elapsed time = 00:00:00, memory = 2365.95 (MB).
    Completing 20% with 91 violations.
    elapsed time = 00:00:01, memory = 2273.74 (MB).
    Completing 30% with 79 violations.
    elapsed time = 00:00:02, memory = 2299.37 (MB).
    Completing 40% with 79 violations.
    elapsed time = 00:00:03, memory = 2293.50 (MB).
    Completing 50% with 79 violations.
    elapsed time = 00:00:04, memory = 2293.50 (MB).
    Completing 60% with 48 violations.
    elapsed time = 00:00:06, memory = 2293.50 (MB).
    Completing 70% with 48 violations.
    elapsed time = 00:00:07, memory = 2313.97 (MB).
    Completing 80% with 40 violations.
    elapsed time = 00:00:08, memory = 2317.10 (MB).
    Completing 90% with 40 violations.
    elapsed time = 00:00:09, memory = 2317.72 (MB).
    Completing 100% with 39 violations.
    elapsed time = 00:00:10, memory = 2317.72 (MB).
[INFO DRT-0199]   Number of violations = 39.
Viol/Layer        met1   met2   met4
Metal Spacing        0     10      0
Short                2     26      1
[INFO DRT-0267] cpu time = 00:02:56, elapsed time = 00:00:10, memory = 2317.72 (MB), peak = 2437.20 (MB)
Total wire length = 829460 um.
Total wire length on LAYER li1 = 0 um.
Total wire length on LAYER met1 = 327143 um.
Total wire length on LAYER met2 = 371519 um.
Total wire length on LAYER met3 = 83664 um.
Total wire length on LAYER met4 = 45924 um.
Total wire length on LAYER met5 = 1207 um.
Total number of vias = 143407.
Up-via summary (total 143407):

-------------------------
 FR_MASTERSLICE         0
            li1     62011
           met1     73355
           met2      6462
           met3      1469
           met4       110
-------------------------
               143407


[INFO DRT-0195] Start 2nd optimization iteration.
    Completing 10% with 39 violations.
    elapsed time = 00:00:00, memory = 2317.72 (MB).
    Completing 20% with 39 violations.
    elapsed time = 00:00:00, memory = 2317.72 (MB).
    Completing 30% with 29 violations.
    elapsed time = 00:00:00, memory = 2317.72 (MB).
    Completing 40% with 29 violations.
    elapsed time = 00:00:00, memory = 2317.72 (MB).
    Completing 50% with 29 violations.
    elapsed time = 00:00:01, memory = 2317.72 (MB).
    Completing 60% with 28 violations.
    elapsed time = 00:00:01, memory = 2311.62 (MB).
    Completing 70% with 28 violations.
    elapsed time = 00:00:01, memory = 2311.62 (MB).
    Completing 80% with 28 violations.
    elapsed time = 00:00:01, memory = 2311.62 (MB).
    Completing 90% with 28 violations.
    elapsed time = 00:00:01, memory = 2311.62 (MB).
    Completing 100% with 28 violations.
    elapsed time = 00:00:01, memory = 2311.62 (MB).
[INFO DRT-0199]   Number of violations = 28.
Viol/Layer        met1   met2
Short                4     24
[INFO DRT-0267] cpu time = 00:00:13, elapsed time = 00:00:01, memory = 2311.62 (MB), peak = 2437.20 (MB)
Total wire length = 829464 um.
Total wire length on LAYER li1 = 0 um.
Total wire length on LAYER met1 = 327145 um.
Total wire length on LAYER met2 = 371516 um.
Total wire length on LAYER met3 = 83664 um.
Total wire length on LAYER met4 = 45929 um.
Total wire length on LAYER met5 = 1207 um.
Total number of vias = 143406.
Up-via summary (total 143406):

-------------------------
 FR_MASTERSLICE         0
            li1     62010
           met1     73354
           met2      6462
           met3      1470
           met4       110
-------------------------
               143406


[INFO DRT-0195] Start 3rd guides tiles iteration.
    Completing 10% with 28 violations.
    elapsed time = 00:00:00, memory = 2357.71 (MB).
    Completing 20% with 28 violations.
    elapsed time = 00:00:00, memory = 2357.71 (MB).
    Completing 30% with 28 violations.
    elapsed time = 00:00:00, memory = 2357.71 (MB).
    Completing 40% with 28 violations.
    elapsed time = 00:00:00, memory = 2311.62 (MB).
    Completing 50% with 0 violations.
    elapsed time = 00:00:00, memory = 2311.62 (MB).
    Completing 60% with 0 violations.
    elapsed time = 00:00:00, memory = 2311.62 (MB).
    Completing 70% with 0 violations.
    elapsed time = 00:00:00, memory = 2311.62 (MB).
    Completing 80% with 0 violations.
    elapsed time = 00:00:00, memory = 2311.62 (MB).
    Completing 90% with 0 violations.
    elapsed time = 00:00:00, memory = 2311.62 (MB).
    Completing 100% with 0 violations.
    elapsed time = 00:00:00, memory = 2311.62 (MB).
[INFO DRT-0199]   Number of violations = 0.
[INFO DRT-0267] cpu time = 00:00:09, elapsed time = 00:00:00, memory = 2311.62 (MB), peak = 2437.20 (MB)
Total wire length = 829430 um.
Total wire length on LAYER li1 = 0 um.
Total wire length on LAYER met1 = 327097 um.
Total wire length on LAYER met2 = 371326 um.
Total wire length on LAYER met3 = 83699 um.
Total wire length on LAYER met4 = 46099 um.
Total wire length on LAYER met5 = 1207 um.
Total number of vias = 143412.
Up-via summary (total 143412):

-------------------------
 FR_MASTERSLICE         0
            li1     62010
           met1     73356
           met2      6464
           met3      1472
           met4       110
-------------------------
               143412


[INFO DRT-0198] Complete detail routing.
Total wire length = 829430 um.
Total wire length on LAYER li1 = 0 um.
Total wire length on LAYER met1 = 327097 um.
Total wire length on LAYER met2 = 371326 um.
Total wire length on LAYER met3 = 83699 um.
Total wire length on LAYER met4 = 46099 um.
Total wire length on LAYER met5 = 1207 um.
Total number of vias = 143412.
Up-via summary (total 143412):

-------------------------
 FR_MASTERSLICE         0
            li1     62010
           met1     73356
           met2      6464
           met3      1472
           met4       110
-------------------------
               143412


[INFO DRT-0267] cpu time = 00:06:08, elapsed time = 00:00:22, memory = 2311.62 (MB), peak = 2437.20 (MB)

[INFO DRT-0180] Post processing.
+ check_antennas 
[INFO ANT-0002] Found 1 net violations.
[INFO ANT-0001] Found 1 pin violations.
[INFO] Running antenna repair iteration 3…
+ repair_antennas sky130_fd_sc_hd__diode_2 -ratio_margin 10 -allow_congestion
[INFO GRT-0012] Found 1 antenna violations.
[INFO GRT-0015] Inserted 1 diodes.
+ detailed_route -droute_end_iter 64 -or_seed 42 -verbose 1 -output_drc /mnt/c/Users/Nitro/Desktop/ASIC/Projects/cleave/runs/RUN_2026-09-01_13-22-07/40-openroad-detailedrouting/drt-run-3/tt_um_cleave.drc
[INFO DRT-0024]   Complete FR_MASTERSLICE.
[INFO DRT-0024]   Complete licon.
[INFO DRT-0024]   Complete li1.
[INFO DRT-0024]   Complete mcon.
[INFO DRT-0024]   Complete met1.
[INFO DRT-0024]   Complete via.
[INFO DRT-0024]   Complete met2.
[INFO DRT-0024]   Complete via2.
[INFO DRT-0024]   Complete met3.
[INFO DRT-0024]   Complete via3.
[INFO DRT-0024]   Complete met4.
[INFO DRT-0024]   Complete via4.
[INFO DRT-0024]   Complete met5.
[INFO DRT-0165] Start pin access.
[INFO DRT-0076]   Complete 1000 pins.
[INFO DRT-0078]   Complete 1356 pins.
[INFO DRT-0079]   Complete 100 unique inst patterns.
[INFO DRT-0081]   Complete 171 unique inst patterns.
[INFO DRT-0082]   Complete 10000 groups.
[INFO DRT-0084]   Complete 11687 groups.
#scanned instances     = 24804
#unique  instances     = 171
#stdCellGenAp          = 4747
#stdCellValidPlanarAp  = 49
#stdCellValidViaAp     = 3668
#stdCellPinNoAp        = 0
#stdCellPinCnt         = 61201
#instTermValidViaApCnt = 0
#macroGenAp            = 0
#macroValidPlanarAp    = 0
#macroValidViaAp       = 0
#macroNoAp             = 0
[INFO DRT-0166] Complete pin access.
[INFO DRT-0267] cpu time = 00:13:28, elapsed time = 00:00:41, memory = 2311.62 (MB), peak = 2437.20 (MB)
[INFO DRT-0156] guideIn read 100000 guides.

[INFO DRT-0157] Number of guides:     155576

[INFO DRT-0169] Post process guides.
[INFO DRT-0176] GCELLGRID X 0 DO 93 STEP 6900 ;
[INFO DRT-0177] GCELLGRID Y 0 DO 95 STEP 6900 ;
[INFO DRT-0026]   Complete 100000 origin guides.
[INFO DRT-0028]   Complete FR_MASTERSLICE.
[INFO DRT-0028]   Complete licon.
[INFO DRT-0028]   Complete li1.
[INFO DRT-0028]   Complete mcon.
[INFO DRT-0028]   Complete met1.
[INFO DRT-0028]   Complete via.
[INFO DRT-0028]   Complete met2.
[INFO DRT-0028]   Complete via2.
[INFO DRT-0028]   Complete met3.
[INFO DRT-0028]   Complete via3.
[INFO DRT-0028]   Complete met4.
[INFO DRT-0028]   Complete via4.
[INFO DRT-0028]   Complete met5.
[INFO DRT-0178] Init guide query.
[INFO DRT-0035]   Complete FR_MASTERSLICE (guide).
[INFO DRT-0035]   Complete licon (guide).
[INFO DRT-0035]   Complete li1 (guide).
[INFO DRT-0035]   Complete mcon (guide).
[INFO DRT-0035]   Complete met1 (guide).
[INFO DRT-0035]   Complete via (guide).
[INFO DRT-0035]   Complete met2 (guide).
[INFO DRT-0035]   Complete via2 (guide).
[INFO DRT-0035]   Complete met3 (guide).
[INFO DRT-0035]   Complete via3 (guide).
[INFO DRT-0035]   Complete met4 (guide).
[INFO DRT-0035]   Complete via4 (guide).
[INFO DRT-0035]   Complete met5 (guide).
[INFO DRT-0036] FR_MASTERSLICE guide region query size = 0.
[INFO DRT-0036] licon guide region query size = 0.
[INFO DRT-0036] li1 guide region query size = 52524.
[INFO DRT-0036] mcon guide region query size = 0.
[INFO DRT-0036] met1 guide region query size = 47426.
[INFO DRT-0036] via guide region query size = 0.
[INFO DRT-0036] met2 guide region query size = 24961.
[INFO DRT-0036] via2 guide region query size = 0.
[INFO DRT-0036] met3 guide region query size = 1931.
[INFO DRT-0036] via3 guide region query size = 0.
[INFO DRT-0036] met4 guide region query size = 674.
[INFO DRT-0036] via4 guide region query size = 0.
[INFO DRT-0036] met5 guide region query size = 57.
[INFO DRT-0179] Init gr pin query.
[INFO DRT-0267] cpu time = 00:00:03, elapsed time = 00:00:00, memory = 2311.62 (MB), peak = 2437.20 (MB)
[INFO DRT-0245] skipped writing guide updates to database.
[INFO DRT-0185] Post process initialize RPin region query.
[INFO DRT-0181] Start track assignment.
[INFO DRT-0184] Done with 78159 vertical wires in 2 frboxes and 49414 horizontal wires in 2 frboxes.
[INFO DRT-0186] Done with 9178 vertical wires in 2 frboxes and 16099 horizontal wires in 2 frboxes.
[INFO DRT-0182] Complete track assignment.
[INFO DRT-0267] cpu time = 00:00:14, elapsed time = 00:00:04, memory = 2311.68 (MB), peak = 2437.20 (MB)
[INFO DRT-0187] Start routing data preparation.
[INFO DRT-0267] cpu time = 00:00:00, elapsed time = 00:00:00, memory = 2311.68 (MB), peak = 2437.20 (MB)
[INFO DRT-0194] Start detail routing.
[INFO DRT-0195] Start 0th optimization iteration.
    Completing 10% with 0 violations.
    elapsed time = 00:00:02, memory = 2344.80 (MB).
    Completing 20% with 0 violations.
    elapsed time = 00:00:03, memory = 2311.84 (MB).
    Completing 30% with 4 violations.
    elapsed time = 00:00:05, memory = 2336.69 (MB).
    Completing 40% with 4 violations.
    elapsed time = 00:00:05, memory = 2317.77 (MB).
    Completing 50% with 4 violations.
    elapsed time = 00:00:06, memory = 2317.77 (MB).
    Completing 60% with 7 violations.
    elapsed time = 00:00:08, memory = 2317.77 (MB).
    Completing 70% with 7 violations.
    elapsed time = 00:00:09, memory = 2320.27 (MB).
    Completing 80% with 8 violations.
    elapsed time = 00:00:10, memory = 2320.27 (MB).
    Completing 90% with 8 violations.
    elapsed time = 00:00:11, memory = 2362.61 (MB).
    Completing 100% with 8 violations.
    elapsed time = 00:00:12, memory = 2276.98 (MB).
[INFO DRT-0199]   Number of violations = 10.
Viol/Layer        met1   met3   met4
Metal Spacing        1      0      0
Recheck              0      1      1
Short                0      1      6
[INFO DRT-0267] cpu time = 00:03:33, elapsed time = 00:00:12, memory = 2276.98 (MB), peak = 2437.20 (MB)
Total wire length = 829435 um.
Total wire length on LAYER li1 = 0 um.
Total wire length on LAYER met1 = 327102 um.
Total wire length on LAYER met2 = 371304 um.
Total wire length on LAYER met3 = 83695 um.
Total wire length on LAYER met4 = 46124 um.
Total wire length on LAYER met5 = 1207 um.
Total number of vias = 143415.
Up-via summary (total 143415):

-------------------------
 FR_MASTERSLICE         0
            li1     62012
           met1     73357
           met2      6464
           met3      1472
           met4       110
-------------------------
               143415


[INFO DRT-0195] Start 1st optimization iteration.
    Completing 10% with 10 violations.
    elapsed time = 00:00:00, memory = 2300.26 (MB).
    Completing 20% with 10 violations.
    elapsed time = 00:00:01, memory = 2300.26 (MB).
    Completing 30% with 5 violations.
    elapsed time = 00:00:02, memory = 2325.89 (MB).
    Completing 40% with 5 violations.
    elapsed time = 00:00:03, memory = 2300.26 (MB).
    Completing 50% with 5 violations.
    elapsed time = 00:00:04, memory = 2300.26 (MB).
    Completing 60% with 3 violations.
    elapsed time = 00:00:05, memory = 2300.26 (MB).
    Completing 70% with 3 violations.
    elapsed time = 00:00:06, memory = 2300.26 (MB).
    Completing 80% with 1 violations.
    elapsed time = 00:00:07, memory = 2300.26 (MB).
    Completing 90% with 1 violations.
    elapsed time = 00:00:07, memory = 2328.39 (MB).
    Completing 100% with 0 violations.
    elapsed time = 00:00:08, memory = 2328.39 (MB).
[INFO DRT-0199]   Number of violations = 0.
[INFO DRT-0267] cpu time = 00:02:40, elapsed time = 00:00:08, memory = 2328.39 (MB), peak = 2437.20 (MB)
Total wire length = 829432 um.
Total wire length on LAYER li1 = 0 um.
Total wire length on LAYER met1 = 327100 um.
Total wire length on LAYER met2 = 371302 um.
Total wire length on LAYER met3 = 83699 um.
Total wire length on LAYER met4 = 46122 um.
Total wire length on LAYER met5 = 1207 um.
Total number of vias = 143413.
Up-via summary (total 143413):

-------------------------
 FR_MASTERSLICE         0
            li1     62012
           met1     73356
           met2      6464
           met3      1471
           met4       110
-------------------------
               143413


[INFO DRT-0198] Complete detail routing.
Total wire length = 829432 um.
Total wire length on LAYER li1 = 0 um.
Total wire length on LAYER met1 = 327100 um.
Total wire length on LAYER met2 = 371302 um.
Total wire length on LAYER met3 = 83699 um.
Total wire length on LAYER met4 = 46122 um.
Total wire length on LAYER met5 = 1207 um.
Total number of vias = 143413.
Up-via summary (total 143413):

-------------------------
 FR_MASTERSLICE         0
            li1     62012
           met1     73356
           met2      6464
           met3      1471
           met4       110
-------------------------
               143413


[INFO DRT-0267] cpu time = 00:06:16, elapsed time = 00:00:21, memory = 2328.39 (MB), peak = 2437.20 (MB)

[INFO DRT-0180] Post processing.
Setting global connections for newly added cells…
[INFO] Setting global connections...
[INFO ODB-0403] 184 connections made, 0 conflicts skipped.
Updating metrics…
Cell type report:                       Count       Area
  Fill cell                               466    1749.18
  Tap cell                               5757    7203.16
  Antenna cell                             96     240.23
  Clock buffer                            568    7465.91
  Timing Repair Buffer                   5563   52783.12
  Inverter                                102     382.87
  Clock inverter                           31     211.45
  Sequential cell                        3102   65980.78
  Multi-Input combinational cell         9119   95531.62
  Total                                 24804  231548.32
Writing OpenROAD database to '/mnt/c/Users/Nitro/Desktop/ASIC/Projects/cleave/runs/RUN_2026-09-01_13-22-07/40-openroad-detailedrouting/tt_um_cleave.odb'…
Writing netlist to '/mnt/c/Users/Nitro/Desktop/ASIC/Projects/cleave/runs/RUN_2026-09-01_13-22-07/40-openroad-detailedrouting/tt_um_cleave.nl.v'…
Writing powered netlist to '/mnt/c/Users/Nitro/Desktop/ASIC/Projects/cleave/runs/RUN_2026-09-01_13-22-07/40-openroad-detailedrouting/tt_um_cleave.pnl.v'…
Writing layout to '/mnt/c/Users/Nitro/Desktop/ASIC/Projects/cleave/runs/RUN_2026-09-01_13-22-07/40-openroad-detailedrouting/tt_um_cleave.def'…
Writing timing constraints to '/mnt/c/Users/Nitro/Desktop/ASIC/Projects/cleave/runs/RUN_2026-09-01_13-22-07/40-openroad-detailedrouting/tt_um_cleave.sdc'…
