Reading timing models for corner max_tt_025C_1v80…
Reading timing library for the 'max_tt_025C_1v80' corner at '/home/nitro/.ciel/ciel/sky130/versions/8afc8346a57fe1ab7934ba5a6056ea8b43078e71/sky130A/libs.ref/sky130_fd_sc_hd/lib/sky130_fd_sc_hd__tt_025C_1v80.lib'…
Reading timing models for corner min_ss_100C_1v60…
Reading timing library for the 'min_ss_100C_1v60' corner at '/home/nitro/.ciel/ciel/sky130/versions/8afc8346a57fe1ab7934ba5a6056ea8b43078e71/sky130A/libs.ref/sky130_fd_sc_hd/lib/sky130_fd_sc_hd__ss_100C_1v60.lib'…
Reading timing models for corner nom_tt_025C_1v80…
Reading timing library for the 'nom_tt_025C_1v80' corner at '/home/nitro/.ciel/ciel/sky130/versions/8afc8346a57fe1ab7934ba5a6056ea8b43078e71/sky130A/libs.ref/sky130_fd_sc_hd/lib/sky130_fd_sc_hd__tt_025C_1v80.lib'…
[WARNING STA-1140] /home/nitro/.ciel/ciel/sky130/versions/8afc8346a57fe1ab7934ba5a6056ea8b43078e71/sky130A/libs.ref/sky130_fd_sc_hd/lib/sky130_fd_sc_hd__tt_025C_1v80.lib line 1, library sky130_fd_sc_hd__tt_025C_1v80 already exists.
Reading timing models for corner max_ff_n40C_1v95…
Reading timing library for the 'max_ff_n40C_1v95' corner at '/home/nitro/.ciel/ciel/sky130/versions/8afc8346a57fe1ab7934ba5a6056ea8b43078e71/sky130A/libs.ref/sky130_fd_sc_hd/lib/sky130_fd_sc_hd__ff_n40C_1v95.lib'…
Reading timing models for corner nom_ff_n40C_1v95…
Reading timing library for the 'nom_ff_n40C_1v95' corner at '/home/nitro/.ciel/ciel/sky130/versions/8afc8346a57fe1ab7934ba5a6056ea8b43078e71/sky130A/libs.ref/sky130_fd_sc_hd/lib/sky130_fd_sc_hd__ff_n40C_1v95.lib'…
[WARNING STA-1140] /home/nitro/.ciel/ciel/sky130/versions/8afc8346a57fe1ab7934ba5a6056ea8b43078e71/sky130A/libs.ref/sky130_fd_sc_hd/lib/sky130_fd_sc_hd__ff_n40C_1v95.lib line 1, library sky130_fd_sc_hd__ff_n40C_1v95 already exists.
Reading timing models for corner max_ss_100C_1v60…
Reading timing library for the 'max_ss_100C_1v60' corner at '/home/nitro/.ciel/ciel/sky130/versions/8afc8346a57fe1ab7934ba5a6056ea8b43078e71/sky130A/libs.ref/sky130_fd_sc_hd/lib/sky130_fd_sc_hd__ss_100C_1v60.lib'…
[WARNING STA-1140] /home/nitro/.ciel/ciel/sky130/versions/8afc8346a57fe1ab7934ba5a6056ea8b43078e71/sky130A/libs.ref/sky130_fd_sc_hd/lib/sky130_fd_sc_hd__ss_100C_1v60.lib line 1, library sky130_fd_sc_hd__ss_100C_1v60 already exists.
Reading timing models for corner min_tt_025C_1v80…
Reading timing library for the 'min_tt_025C_1v80' corner at '/home/nitro/.ciel/ciel/sky130/versions/8afc8346a57fe1ab7934ba5a6056ea8b43078e71/sky130A/libs.ref/sky130_fd_sc_hd/lib/sky130_fd_sc_hd__tt_025C_1v80.lib'…
[WARNING STA-1140] /home/nitro/.ciel/ciel/sky130/versions/8afc8346a57fe1ab7934ba5a6056ea8b43078e71/sky130A/libs.ref/sky130_fd_sc_hd/lib/sky130_fd_sc_hd__tt_025C_1v80.lib line 1, library sky130_fd_sc_hd__tt_025C_1v80 already exists.
Reading timing models for corner nom_ss_100C_1v60…
Reading timing library for the 'nom_ss_100C_1v60' corner at '/home/nitro/.ciel/ciel/sky130/versions/8afc8346a57fe1ab7934ba5a6056ea8b43078e71/sky130A/libs.ref/sky130_fd_sc_hd/lib/sky130_fd_sc_hd__ss_100C_1v60.lib'…
[WARNING STA-1140] /home/nitro/.ciel/ciel/sky130/versions/8afc8346a57fe1ab7934ba5a6056ea8b43078e71/sky130A/libs.ref/sky130_fd_sc_hd/lib/sky130_fd_sc_hd__ss_100C_1v60.lib line 1, library sky130_fd_sc_hd__ss_100C_1v60 already exists.
Reading timing models for corner min_ff_n40C_1v95…
Reading timing library for the 'min_ff_n40C_1v95' corner at '/home/nitro/.ciel/ciel/sky130/versions/8afc8346a57fe1ab7934ba5a6056ea8b43078e71/sky130A/libs.ref/sky130_fd_sc_hd/lib/sky130_fd_sc_hd__ff_n40C_1v95.lib'…
[WARNING STA-1140] /home/nitro/.ciel/ciel/sky130/versions/8afc8346a57fe1ab7934ba5a6056ea8b43078e71/sky130A/libs.ref/sky130_fd_sc_hd/lib/sky130_fd_sc_hd__ff_n40C_1v95.lib line 1, library sky130_fd_sc_hd__ff_n40C_1v95 already exists.
Reading OpenROAD database at '/mnt/c/Users/Nitro/Desktop/ASIC/Projects/cleave/runs/RUN_2026-09-01_13-22-07/31-openroad-cts/tt_um_cleave.odb'…
Reading design constraints file at '/nix/store/pyjad0nmv834qyrz9qicmvljgxnyd00p-python3-3.13.9-env/lib/python3.13/site-packages/librelane/scripts/base.sdc'…
[INFO] Using clock clk…
[INFO] Setting output delay to: 8.0
[INFO] Setting input delay to: 8.0
[INFO] Setting load to: 0.033442
[INFO] Setting clock uncertainty to: 0.25
[INFO] Setting clock transition to: 0.1499999999999999944488848768742172978818416595458984375
[INFO] Setting timing derate to: 5.0%
+ repair_timing -verbose -setup -setup_margin 0.05000000000000000277555756156289135105907917022705078125 -max_buffer_percent 50.0
[INFO RSZ-0100] Repair move sequence: UnbufferMove SizeUpMove SwapPinsMove BufferMove CloneMove SplitLoadMove 
[INFO RSZ-0098] No setup violations found
+ repair_timing -verbose -hold -setup_margin 0.05000000000000000277555756156289135105907917022705078125 -hold_margin 0.1000000000000000055511151231257827021181583404541015625 -max_buffer_percent 50.0
[INFO RSZ-0046] Found 3041 endpoints with hold violations.
Iteration | Resized | Buffers | Cloned Gates |   Area   |   WNS   |   TNS   | Endpoint
--------------------------------------------------------------------------------------
        0 |       0 |       0 |            0 |    +0.0% |   0.014 |   0.000 | _19116_/D
       10 |       0 |       9 |            0 |    +0.0% |   0.015 |   0.000 | _19088_/D
       20 |       0 |      19 |            0 |    +0.1% |   0.016 |   0.000 | _19338_/D
       30 |       0 |      29 |            0 |    +0.2% |   0.017 |   0.000 | _18478_/D
       40 |       0 |      39 |            0 |    +0.2% |   0.017 |   0.000 | _19780_/D
       50 |       0 |      49 |            0 |    +0.3% |   0.017 |   0.000 | _19909_/D
       60 |       0 |      59 |            0 |    +0.3% |   0.017 |   0.000 | _18921_/D
       70 |       0 |      69 |            0 |    +0.4% |   0.017 |   0.000 | _19053_/D
       80 |       0 |      79 |            0 |    +0.4% |   0.017 |   0.000 | _18660_/D
       90 |       0 |      89 |            0 |    +0.5% |   0.017 |   0.000 | _20177_/D
      100 |       0 |      99 |            0 |    +0.5% |   0.017 |   0.000 | _19204_/D
      110 |       0 |     109 |            0 |    +0.6% |   0.017 |   0.000 | _18641_/D
      120 |       0 |     119 |            0 |    +0.6% |   0.017 |   0.000 | _19205_/D
      130 |       0 |     129 |            0 |    +0.7% |   0.017 |   0.000 | _19615_/D
      140 |       0 |     139 |            0 |    +0.7% |   0.017 |   0.000 | _19136_/D
      150 |       0 |     149 |            0 |    +0.8% |   0.017 |   0.000 | _20397_/D
      160 |       0 |     159 |            0 |    +0.8% |   0.017 |   0.000 | _18890_/D
      170 |       0 |     169 |            0 |    +0.9% |   0.017 |   0.000 | _18589_/D
      180 |       0 |     179 |            0 |    +0.9% |   0.018 |   0.000 | _19559_/D
      190 |       0 |     189 |            0 |    +1.0% |   0.018 |   0.000 | _18892_/D
      200 |       0 |     199 |            0 |    +1.0% |   0.018 |   0.000 | _18430_/D
      210 |       0 |     209 |            0 |    +1.1% |   0.018 |   0.000 | _20170_/D
      220 |       0 |     219 |            0 |    +1.1% |   0.018 |   0.000 | _19332_/D
      230 |       0 |     229 |            0 |    +1.2% |   0.018 |   0.000 | _19851_/D
      240 |       0 |     239 |            0 |    +1.2% |   0.018 |   0.000 | _18926_/D
      250 |       0 |     249 |            0 |    +1.3% |   0.018 |   0.000 | _18445_/D
      260 |       0 |     259 |            0 |    +1.4% |   0.018 |   0.000 | _19055_/D
      270 |       0 |     269 |            0 |    +1.4% |   0.018 |   0.000 | _18888_/D
      280 |       0 |     279 |            0 |    +1.5% |   0.018 |   0.000 | _18664_/D
      290 |       0 |     289 |            0 |    +1.5% |   0.018 |   0.000 | _20006_/D
      300 |       0 |     299 |            0 |    +1.6% |   0.018 |   0.000 | _19886_/D
      310 |       0 |     309 |            0 |    +1.6% |   0.018 |   0.000 | _19341_/D
      320 |       0 |     319 |            0 |    +1.7% |   0.018 |   0.000 | _19359_/D
      330 |       0 |     329 |            0 |    +1.7% |   0.018 |   0.000 | _18441_/D
      340 |       0 |     339 |            0 |    +1.8% |   0.018 |   0.000 | _19739_/D
      350 |       0 |     349 |            0 |    +1.8% |   0.018 |   0.000 | _19616_/D
      360 |       0 |     359 |            0 |    +1.9% |   0.018 |   0.000 | _19376_/D
      370 |       0 |     369 |            0 |    +1.9% |   0.018 |   0.000 | _18474_/D
      380 |       0 |     379 |            0 |    +2.0% |   0.018 |   0.000 | _18538_/D
      390 |       0 |     389 |            0 |    +2.0% |   0.018 |   0.000 | _20174_/D
      400 |       0 |     399 |            0 |    +2.1% |   0.018 |   0.000 | _19141_/D
      410 |       0 |     409 |            0 |    +2.1% |   0.018 |   0.000 | _19580_/D
      420 |       0 |     419 |            0 |    +2.2% |   0.018 |   0.000 | _19297_/D
      430 |       0 |     429 |            0 |    +2.2% |   0.018 |   0.000 | _19904_/D
      440 |       0 |     439 |            0 |    +2.3% |   0.018 |   0.000 | _19373_/D
      450 |       0 |     449 |            0 |    +2.3% |   0.018 |   0.000 | _19375_/D
      460 |       0 |     459 |            0 |    +2.4% |   0.018 |   0.000 | _19529_/D
      470 |       0 |     469 |            0 |    +2.4% |   0.018 |   0.000 | _18568_/D
      480 |       0 |     479 |            0 |    +2.5% |   0.018 |   0.000 | _20234_/D
      490 |       0 |     489 |            0 |    +2.6% |   0.018 |   0.000 | _18545_/D
      500 |       0 |     499 |            0 |    +2.6% |   0.018 |   0.000 | _19719_/D
      510 |       0 |     509 |            0 |    +2.7% |   0.018 |   0.000 | _19426_/D
      520 |       0 |     519 |            0 |    +2.7% |   0.018 |   0.000 | _18758_/D
      530 |       0 |     529 |            0 |    +2.8% |   0.018 |   0.000 | _18639_/D
      540 |       0 |     539 |            0 |    +2.8% |   0.018 |   0.000 | _19232_/D
      550 |       0 |     549 |            0 |    +2.9% |   0.018 |   0.000 | _18673_/D
      560 |       0 |     559 |            0 |    +2.9% |   0.018 |   0.000 | _20035_/D
      570 |       0 |     569 |            0 |    +3.0% |   0.019 |   0.000 | _19304_/D
      580 |       0 |     579 |            0 |    +3.0% |   0.019 |   0.000 | _19358_/D
      590 |       0 |     589 |            0 |    +3.1% |   0.019 |   0.000 | _19464_/D
      600 |       0 |     599 |            0 |    +3.1% |   0.019 |   0.000 | _19532_/D
      610 |       0 |     609 |            0 |    +3.2% |   0.019 |   0.000 | _20068_/D
      620 |       0 |     619 |            0 |    +3.2% |   0.019 |   0.000 | _19720_/D
      630 |       0 |     629 |            0 |    +3.3% |   0.019 |   0.000 | _19814_/D
      640 |       0 |     639 |            0 |    +3.3% |   0.019 |   0.000 | _19392_/D
      650 |       0 |     649 |            0 |    +3.4% |   0.019 |   0.000 | _20172_/D
      660 |       0 |     659 |            0 |    +3.4% |   0.019 |   0.000 | _19487_/D
      670 |       0 |     669 |            0 |    +3.5% |   0.019 |   0.000 | _18666_/D
      680 |       0 |     679 |            0 |    +3.5% |   0.019 |   0.000 | _18859_/D
      690 |       0 |     689 |            0 |    +3.6% |   0.019 |   0.000 | _19424_/D
      700 |       0 |     699 |            0 |    +3.6% |   0.019 |   0.000 | _19015_/D
      710 |       0 |     709 |            0 |    +3.7% |   0.019 |   0.000 | _18405_/D
      720 |       0 |     719 |            0 |    +3.8% |   0.019 |   0.000 | _18720_/D
      730 |       0 |     729 |            0 |    +3.8% |   0.019 |   0.000 | _20162_/D
      740 |       0 |     739 |            0 |    +3.9% |   0.019 |   0.000 | _18604_/D
      750 |       0 |     749 |            0 |    +3.9% |   0.019 |   0.000 | _20303_/D
      760 |       0 |     759 |            0 |    +4.0% |   0.019 |   0.000 | _18544_/D
      770 |       0 |     769 |            0 |    +4.0% |   0.019 |   0.000 | _19793_/D
      780 |       0 |     779 |            0 |    +4.1% |   0.019 |   0.000 | _20291_/D
      790 |       0 |     789 |            0 |    +4.1% |   0.019 |   0.000 | _19012_/D
      800 |       0 |     799 |            0 |    +4.2% |   0.019 |   0.000 | _19874_/D
      810 |       0 |     809 |            0 |    +4.2% |   0.019 |   0.000 | _19853_/D
      820 |       0 |     819 |            0 |    +4.3% |   0.019 |   0.000 | _18407_/D
      830 |       0 |     829 |            0 |    +4.3% |   0.019 |   0.000 | _19724_/D
      840 |       0 |     839 |            0 |    +4.4% |   0.019 |   0.000 | _18768_/D
      850 |       0 |     849 |            0 |    +4.4% |   0.019 |   0.000 | _19208_/D
      860 |       0 |     859 |            0 |    +4.5% |   0.019 |   0.000 | _20047_/D
      870 |       0 |     869 |            0 |    +4.5% |   0.019 |   0.000 | _20009_/D
      880 |       0 |     879 |            0 |    +4.6% |   0.019 |   0.000 | _19492_/D
      890 |       0 |     889 |            0 |    +4.6% |   0.019 |   0.000 | _19666_/D
      900 |       0 |     899 |            0 |    +4.7% |   0.019 |   0.000 | _18816_/D
      910 |       0 |     909 |            0 |    +4.7% |   0.019 |   0.000 | _18476_/D
      920 |       0 |     919 |            0 |    +4.8% |   0.019 |   0.000 | _19372_/D
      930 |       0 |     929 |            0 |    +4.8% |   0.019 |   0.000 | _19209_/D
      940 |       0 |     939 |            0 |    +4.9% |   0.019 |   0.000 | _19303_/D
      950 |       0 |     949 |            0 |    +4.9% |   0.019 |   0.000 | _19911_/D
      960 |       0 |     959 |            0 |    +5.0% |   0.019 |   0.000 | _20423_/D
      970 |       0 |     969 |            0 |    +5.1% |   0.019 |   0.000 | _19685_/D
      980 |       0 |     979 |            0 |    +5.1% |   0.019 |   0.000 | _18632_/D
      990 |       0 |     989 |            0 |    +5.2% |   0.019 |   0.000 | _18569_/D
     1000 |       0 |     999 |            0 |    +5.2% |   0.019 |   0.000 | _20380_/D
     1010 |       0 |    1009 |            0 |    +5.3% |   0.020 |   0.000 | _18832_/D
     1020 |       0 |    1019 |            0 |    +5.3% |   0.020 |   0.000 | _19229_/D
     1030 |       0 |    1029 |            0 |    +5.4% |   0.020 |   0.000 | _20271_/D
     1040 |       0 |    1039 |            0 |    +5.4% |   0.020 |   0.000 | _19365_/D
     1050 |       0 |    1049 |            0 |    +5.5% |   0.020 |   0.000 | _19613_/D
     1060 |       0 |    1059 |            0 |    +5.5% |   0.020 |   0.000 | _20219_/D
     1070 |       0 |    1069 |            0 |    +5.6% |   0.020 |   0.000 | _18655_/D
     1080 |       0 |    1079 |            0 |    +5.6% |   0.020 |   0.000 | _18702_/D
     1090 |       0 |    1089 |            0 |    +5.7% |   0.020 |   0.000 | _19367_/D
     1100 |       0 |    1099 |            0 |    +5.7% |   0.020 |   0.000 | _19804_/D
     1110 |       0 |    1109 |            0 |    +5.8% |   0.020 |   0.000 | _20171_/D
     1120 |       0 |    1119 |            0 |    +5.8% |   0.020 |   0.000 | _19182_/D
     1130 |       0 |    1129 |            0 |    +5.9% |   0.020 |   0.000 | _18799_/D
     1140 |       0 |    1139 |            0 |    +5.9% |   0.020 |   0.000 | _20447_/D
     1150 |       0 |    1149 |            0 |    +6.0% |   0.020 |   0.000 | _19196_/D
     1160 |       0 |    1159 |            0 |    +6.0% |   0.020 |   0.000 | _19420_/D
     1170 |       0 |    1169 |            0 |    +6.1% |   0.020 |   0.000 | _19917_/D
     1180 |       0 |    1179 |            0 |    +6.1% |   0.020 |   0.000 | _19691_/D
     1190 |       0 |    1189 |            0 |    +6.2% |   0.020 |   0.000 | _19612_/D
     1200 |       0 |    1199 |            0 |    +6.3% |   0.020 |   0.000 | _20135_/D
     1210 |       0 |    1209 |            0 |    +6.3% |   0.020 |   0.000 | _19972_/D
     1220 |       0 |    1219 |            0 |    +6.4% |   0.020 |   0.000 | _18532_/D
     1230 |       0 |    1229 |            0 |    +6.4% |   0.020 |   0.000 | _19651_/D
     1240 |       0 |    1239 |            0 |    +6.5% |   0.020 |   0.000 | _19645_/D
     1250 |       0 |    1249 |            0 |    +6.5% |   0.020 |   0.000 | _19265_/D
     1260 |       0 |    1259 |            0 |    +6.6% |   0.020 |   0.000 | _20097_/D
     1270 |       0 |    1269 |            0 |    +6.6% |   0.020 |   0.000 | _19999_/D
     1280 |       0 |    1279 |            0 |    +6.7% |   0.020 |   0.000 | _19060_/D
     1290 |       0 |    1289 |            0 |    +6.7% |   0.020 |   0.000 | _20222_/D
     1300 |       0 |    1299 |            0 |    +6.8% |   0.020 |   0.000 | _19316_/D
     1310 |       0 |    1309 |            0 |    +6.8% |   0.020 |   0.000 | _19862_/D
     1320 |       0 |    1319 |            0 |    +6.9% |   0.020 |   0.000 | _20093_/D
     1330 |       0 |    1329 |            0 |    +6.9% |   0.020 |   0.000 | _19400_/D
     1340 |       0 |    1339 |            0 |    +7.0% |   0.020 |   0.000 | _18483_/D
     1350 |       0 |    1349 |            0 |    +7.0% |   0.021 |   0.000 | _20066_/D
     1360 |       0 |    1359 |            0 |    +7.1% |   0.021 |   0.000 | _20117_/D
     1370 |       0 |    1369 |            0 |    +7.1% |   0.021 |   0.000 | _20295_/D
     1380 |       0 |    1379 |            0 |    +7.2% |   0.021 |   0.000 | _18910_/D
     1390 |       0 |    1389 |            0 |    +7.2% |   0.021 |   0.000 | _19510_/D
     1400 |       0 |    1399 |            0 |    +7.3% |   0.021 |   0.000 | _19413_/D
     1410 |       0 |    1409 |            0 |    +7.3% |   0.021 |   0.000 | _18970_/D
     1420 |       0 |    1419 |            0 |    +7.4% |   0.021 |   0.000 | _19869_/D
     1430 |       0 |    1429 |            0 |    +7.5% |   0.021 |   0.000 | _18825_/D
     1440 |       0 |    1439 |            0 |    +7.5% |   0.021 |   0.000 | _18882_/D
     1450 |       0 |    1449 |            0 |    +7.6% |   0.021 |   0.000 | _18814_/D
     1460 |       0 |    1459 |            0 |    +7.6% |   0.021 |   0.000 | _20101_/D
     1470 |       0 |    1469 |            0 |    +7.7% |   0.021 |   0.000 | _19120_/D
     1480 |       0 |    1479 |            0 |    +7.7% |   0.021 |   0.000 | _20235_/D
     1490 |       0 |    1489 |            0 |    +7.8% |   0.021 |   0.000 | _19310_/D
     1500 |       0 |    1499 |            0 |    +7.8% |   0.021 |   0.000 | _20150_/D
     1510 |       0 |    1509 |            0 |    +7.9% |   0.021 |   0.000 | _19630_/D
     1520 |       0 |    1519 |            0 |    +7.9% |   0.021 |   0.000 | _19928_/D
     1530 |       0 |    1529 |            0 |    +8.0% |   0.021 |   0.000 | _18964_/D
     1540 |       0 |    1539 |            0 |    +8.0% |   0.021 |   0.000 | _19125_/D
     1550 |       0 |    1549 |            0 |    +8.1% |   0.021 |   0.000 | _20288_/D
     1560 |       0 |    1559 |            0 |    +8.1% |   0.021 |   0.000 | _19149_/D
     1570 |       0 |    1569 |            0 |    +8.2% |   0.021 |   0.000 | _20379_/D
     1580 |       0 |    1579 |            0 |    +8.2% |   0.021 |   0.000 | _19670_/D
     1590 |       0 |    1589 |            0 |    +8.3% |   0.021 |   0.000 | _20149_/D
     1600 |       0 |    1599 |            0 |    +8.3% |   0.021 |   0.000 | _19718_/D
     1610 |       0 |    1609 |            0 |    +8.4% |   0.021 |   0.000 | _19191_/D
     1620 |       0 |    1619 |            0 |    +8.4% |   0.021 |   0.000 | _19593_/D
     1630 |       0 |    1629 |            0 |    +8.5% |   0.021 |   0.000 | _18870_/D
     1640 |       0 |    1639 |            0 |    +8.5% |   0.021 |   0.000 | _19362_/D
     1650 |       0 |    1649 |            0 |    +8.6% |   0.021 |   0.000 | _19609_/D
     1660 |       0 |    1659 |            0 |    +8.7% |   0.022 |   0.000 | _19449_/D
     1670 |       0 |    1669 |            0 |    +8.7% |   0.022 |   0.000 | _20441_/D
     1680 |       0 |    1679 |            0 |    +8.8% |   0.022 |   0.000 | _20083_/D
     1690 |       0 |    1689 |            0 |    +8.8% |   0.022 |   0.000 | _20395_/D
     1700 |       0 |    1699 |            0 |    +8.9% |   0.022 |   0.000 | _18585_/D
     1710 |       0 |    1709 |            0 |    +8.9% |   0.022 |   0.000 | _20218_/D
     1720 |       0 |    1719 |            0 |    +9.0% |   0.022 |   0.000 | _19873_/D
     1730 |       0 |    1729 |            0 |    +9.0% |   0.022 |   0.000 | _19684_/D
     1740 |       0 |    1739 |            0 |    +9.1% |   0.022 |   0.000 | _18836_/D
     1750 |       0 |    1749 |            0 |    +9.1% |   0.022 |   0.000 | _19548_/D
     1760 |       0 |    1759 |            0 |    +9.2% |   0.022 |   0.000 | _19056_/D
     1770 |       0 |    1769 |            0 |    +9.2% |   0.022 |   0.000 | _18727_/D
     1780 |       0 |    1779 |            0 |    +9.3% |   0.022 |   0.000 | _20026_/D
     1790 |       0 |    1789 |            0 |    +9.3% |   0.022 |   0.000 | _18935_/D
     1800 |       0 |    1799 |            0 |    +9.4% |   0.022 |   0.000 | _19351_/D
     1810 |       0 |    1809 |            0 |    +9.4% |   0.022 |   0.000 | _19553_/D
     1820 |       0 |    1819 |            0 |    +9.5% |   0.022 |   0.000 | _19156_/D
     1830 |       0 |    1829 |            0 |    +9.5% |   0.022 |   0.000 | _20393_/D
     1840 |       0 |    1839 |            0 |    +9.6% |   0.022 |   0.000 | _18555_/D
     1850 |       0 |    1849 |            0 |    +9.6% |   0.022 |   0.000 | _18745_/D
     1860 |       0 |    1859 |            0 |    +9.7% |   0.022 |   0.000 | _18791_/D
     1870 |       0 |    1869 |            0 |    +9.7% |   0.023 |   0.000 | _20213_/D
     1880 |       0 |    1879 |            0 |    +9.8% |   0.023 |   0.000 | _19255_/D
     1890 |       0 |    1889 |            0 |    +9.9% |   0.023 |   0.000 | _20410_/D
     1900 |       0 |    1899 |            0 |    +9.9% |   0.023 |   0.000 | _19743_/D
     1910 |       0 |    1909 |            0 |   +10.0% |   0.023 |   0.000 | _19846_/D
     1920 |       0 |    1919 |            0 |   +10.0% |   0.023 |   0.000 | _19799_/D
     1930 |       0 |    1929 |            0 |   +10.1% |   0.023 |   0.000 | _19159_/D
     1940 |       0 |    1939 |            0 |   +10.1% |   0.023 |   0.000 | _19879_/D
     1950 |       0 |    1949 |            0 |   +10.2% |   0.023 |   0.000 | _19994_/D
     1960 |       0 |    1959 |            0 |   +10.2% |   0.023 |   0.000 | _19617_/D
     1970 |       0 |    1969 |            0 |   +10.3% |   0.024 |   0.000 | _19832_/D
     1980 |       0 |    1979 |            0 |   +10.3% |   0.024 |   0.000 | _19636_/D
     1990 |       0 |    1989 |            0 |   +10.4% |   0.024 |   0.000 | _18452_/D
     2000 |       0 |    1999 |            0 |   +10.4% |   0.024 |   0.000 | _20148_/D
     2010 |       0 |    2009 |            0 |   +10.5% |   0.024 |   0.000 | _19126_/D
     2020 |       0 |    2019 |            0 |   +10.5% |   0.024 |   0.000 | _20365_/D
     2030 |       0 |    2029 |            0 |   +10.6% |   0.025 |   0.000 | _18519_/D
     2040 |       0 |    2039 |            0 |   +10.6% |   0.025 |   0.000 | _19898_/D
     2050 |       0 |    2049 |            0 |   +10.7% |   0.028 |   0.000 | _20610_/D
     2060 |       0 |    2059 |            0 |   +10.7% |   0.030 |   0.000 | _20546_/D
     2070 |       0 |    2069 |            0 |   +10.8% |   0.030 |   0.000 | _20940_/D
     2080 |       0 |    2079 |            0 |   +10.8% |   0.031 |   0.000 | _20626_/D
     2090 |       0 |    2089 |            0 |   +10.9% |   0.031 |   0.000 | _21357_/D
     2100 |       0 |    2099 |            0 |   +10.9% |   0.031 |   0.000 | _20919_/D
     2110 |       0 |    2109 |            0 |   +11.0% |   0.031 |   0.000 | _20668_/D
     2120 |       0 |    2119 |            0 |   +11.1% |   0.032 |   0.000 | _21395_/D
     2130 |       0 |    2129 |            0 |   +11.1% |   0.032 |   0.000 | _20633_/D
     2140 |       0 |    2139 |            0 |   +11.2% |   0.032 |   0.000 | _20841_/D
     2150 |       0 |    2149 |            0 |   +11.2% |   0.032 |   0.000 | _20618_/D
     2160 |       0 |    2159 |            0 |   +11.3% |   0.032 |   0.000 | _20529_/D
     2170 |       0 |    2169 |            0 |   +11.3% |   0.033 |   0.000 | _21177_/D
     2180 |       0 |    2179 |            0 |   +11.4% |   0.033 |   0.000 | _21356_/D
     2190 |       0 |    2189 |            0 |   +11.4% |   0.033 |   0.000 | _20517_/D
     2200 |       0 |    2199 |            0 |   +11.5% |   0.033 |   0.000 | _21205_/D
     2210 |       0 |    2209 |            0 |   +11.5% |   0.033 |   0.000 | _21377_/D
     2220 |       0 |    2219 |            0 |   +11.6% |   0.033 |   0.000 | _21180_/D
     2230 |       0 |    2229 |            0 |   +11.6% |   0.033 |   0.000 | _20953_/D
     2240 |       0 |    2239 |            0 |   +11.7% |   0.034 |   0.000 | _20856_/D
     2250 |       0 |    2249 |            0 |   +11.7% |   0.034 |   0.000 | _21138_/D
     2260 |       0 |    2259 |            0 |   +11.8% |   0.034 |   0.000 | _21232_/D
     2270 |       0 |    2269 |            0 |   +11.8% |   0.034 |   0.000 | _21198_/D
     2280 |       0 |    2279 |            0 |   +11.9% |   0.034 |   0.000 | _21359_/D
     2290 |       0 |    2289 |            0 |   +11.9% |   0.034 |   0.000 | _21281_/D
     2300 |       0 |    2299 |            0 |   +12.0% |   0.034 |   0.000 | _21209_/D
     2310 |       0 |    2309 |            0 |   +12.0% |   0.034 |   0.000 | _20640_/D
     2320 |       0 |    2319 |            0 |   +12.1% |   0.034 |   0.000 | _21369_/D
     2330 |       0 |    2329 |            0 |   +12.1% |   0.034 |   0.000 | _20645_/D
     2340 |       0 |    2339 |            0 |   +12.2% |   0.034 |   0.000 | _20567_/D
     2350 |       0 |    2349 |            0 |   +12.3% |   0.035 |   0.000 | _21275_/D
     2360 |       0 |    2359 |            0 |   +12.3% |   0.035 |   0.000 | _20589_/D
     2370 |       0 |    2369 |            0 |   +12.4% |   0.035 |   0.000 | _21386_/D
     2380 |       0 |    2379 |            0 |   +12.4% |   0.035 |   0.000 | _21410_/D
     2390 |       0 |    2389 |            0 |   +12.5% |   0.035 |   0.000 | _20683_/D
     2400 |       0 |    2399 |            0 |   +12.5% |   0.035 |   0.000 | _20947_/D
     2410 |       0 |    2409 |            0 |   +12.6% |   0.035 |   0.000 | _21114_/D
     2420 |       0 |    2419 |            0 |   +12.6% |   0.035 |   0.000 | _21268_/D
     2430 |       0 |    2429 |            0 |   +12.7% |   0.035 |   0.000 | _20540_/D
     2440 |       0 |    2439 |            0 |   +12.7% |   0.035 |   0.000 | _21317_/D
     2450 |       0 |    2449 |            0 |   +12.8% |   0.035 |   0.000 | _21420_/D
     2460 |       0 |    2459 |            0 |   +12.8% |   0.036 |   0.000 | _20931_/D
     2470 |       0 |    2469 |            0 |   +12.9% |   0.036 |   0.000 | _20536_/D
     2480 |       0 |    2479 |            0 |   +12.9% |   0.036 |   0.000 | _21278_/D
     2490 |       0 |    2489 |            0 |   +13.0% |   0.036 |   0.000 | _20877_/D
     2500 |       0 |    2499 |            0 |   +13.0% |   0.036 |   0.000 | _21283_/D
     2510 |       0 |    2509 |            0 |   +13.1% |   0.036 |   0.000 | _20684_/D
     2520 |       0 |    2519 |            0 |   +13.1% |   0.036 |   0.000 | _21038_/D
     2530 |       0 |    2529 |            0 |   +13.2% |   0.036 |   0.000 | _21187_/D
     2540 |       0 |    2539 |            0 |   +13.2% |   0.036 |   0.000 | _20852_/D
     2550 |       0 |    2549 |            0 |   +13.3% |   0.036 |   0.000 | _20868_/D
     2560 |       0 |    2559 |            0 |   +13.3% |   0.036 |   0.000 | _21261_/D
     2570 |       0 |    2569 |            0 |   +13.4% |   0.037 |   0.000 | _20560_/D
     2580 |       0 |    2579 |            0 |   +13.5% |   0.037 |   0.000 | _20647_/D
     2590 |       0 |    2589 |            0 |   +13.5% |   0.037 |   0.000 | _20992_/D
     2600 |       0 |    2599 |            0 |   +13.6% |   0.037 |   0.000 | _20500_/D
     2610 |       0 |    2609 |            0 |   +13.6% |   0.037 |   0.000 | _21415_/D
     2620 |       0 |    2619 |            0 |   +13.7% |   0.037 |   0.000 | _21264_/D
     2630 |       0 |    2629 |            0 |   +13.7% |   0.037 |   0.000 | _21265_/D
     2640 |       0 |    2639 |            0 |   +13.8% |   0.037 |   0.000 | _20699_/D
     2650 |       0 |    2649 |            0 |   +13.8% |   0.037 |   0.000 | _20982_/D
     2660 |       0 |    2659 |            0 |   +13.9% |   0.037 |   0.000 | _21274_/D
     2670 |       0 |    2669 |            0 |   +13.9% |   0.037 |   0.000 | _20999_/D
     2680 |       0 |    2679 |            0 |   +14.0% |   0.037 |   0.000 | _20956_/D
     2690 |       0 |    2689 |            0 |   +14.0% |   0.038 |   0.000 | _21112_/D
     2700 |       0 |    2699 |            0 |   +14.1% |   0.038 |   0.000 | _21050_/D
     2710 |       0 |    2709 |            0 |   +14.1% |   0.038 |   0.000 | _21062_/D
     2720 |       0 |    2719 |            0 |   +14.2% |   0.038 |   0.000 | _21185_/D
     2730 |       0 |    2729 |            0 |   +14.2% |   0.038 |   0.000 | _21451_/D
     2740 |       0 |    2739 |            0 |   +14.3% |   0.038 |   0.000 | _21352_/D
     2750 |       0 |    2749 |            0 |   +14.3% |   0.038 |   0.000 | _20495_/D
     2760 |       0 |    2759 |            0 |   +14.4% |   0.038 |   0.000 | _20833_/D
     2770 |       0 |    2769 |            0 |   +14.4% |   0.038 |   0.000 | _20612_/D
     2780 |       0 |    2779 |            0 |   +14.5% |   0.039 |   0.000 | _20504_/D
     2790 |       0 |    2789 |            0 |   +14.5% |   0.039 |   0.000 | _21296_/D
     2800 |       0 |    2799 |            0 |   +14.6% |   0.039 |   0.000 | _20935_/D
     2810 |       0 |    2809 |            0 |   +14.7% |   0.039 |   0.000 | _21423_/D
     2820 |       0 |    2819 |            0 |   +14.7% |   0.039 |   0.000 | _21135_/D
     2830 |       0 |    2829 |            0 |   +14.8% |   0.039 |   0.000 | _21453_/D
     2840 |       0 |    2839 |            0 |   +14.8% |   0.039 |   0.000 | _21432_/D
     2850 |       0 |    2849 |            0 |   +14.9% |   0.039 |   0.000 | _20698_/D
     2860 |       0 |    2859 |            0 |   +14.9% |   0.040 |   0.000 | _20519_/D
     2870 |       0 |    2869 |            0 |   +15.0% |   0.040 |   0.000 | _21078_/D
     2880 |       0 |    2879 |            0 |   +15.0% |   0.040 |   0.000 | _20629_/D
     2890 |       0 |    2889 |            0 |   +15.1% |   0.040 |   0.000 | _21437_/D
     2900 |       0 |    2899 |            0 |   +15.1% |   0.040 |   0.000 | _20808_/D
     2910 |       0 |    2909 |            0 |   +15.2% |   0.041 |   0.000 | _20749_/D
     2920 |       0 |    2919 |            0 |   +15.2% |   0.041 |   0.000 | _20782_/D
     2930 |       0 |    2929 |            0 |   +15.3% |   0.041 |   0.000 | _20830_/D
     2940 |       0 |    2939 |            0 |   +15.3% |   0.041 |   0.000 | _20825_/D
     2950 |       0 |    2949 |            0 |   +15.4% |   0.041 |   0.000 | _20753_/D
     2960 |       0 |    2959 |            0 |   +15.4% |   0.041 |   0.000 | _20695_/D
     2970 |       0 |    2969 |            0 |   +15.5% |   0.042 |   0.000 | _21052_/D
     2980 |       0 |    2979 |            0 |   +15.5% |   0.042 |   0.000 | _20719_/D
     2990 |       0 |    2989 |            0 |   +15.6% |   0.043 |   0.000 | _20714_/D
     3000 |       0 |    2999 |            0 |   +15.6% |   0.043 |   0.000 | _20765_/D
     3010 |       0 |    3009 |            0 |   +15.7% |   0.043 |   0.000 | _21414_/D
     3020 |       0 |    3019 |            0 |   +15.7% |   0.044 |   0.000 | _21056_/D
     3030 |       0 |    3029 |            0 |   +15.8% |   0.045 |   0.000 | _20817_/D
     3040 |       0 |    3039 |            0 |   +15.9% |   0.051 |   0.000 | _20861_/D
    final |       0 |    3041 |            0 |   +15.9% |   0.131 |   0.000 | _21503_/D
--------------------------------------------------------------------------------------
[INFO RSZ-0032] Inserted 3041 hold buffers.
+ detailed_placement -max_displacement  500 100 
Placement Analysis
---------------------------------
total displacement      16875.0 u
average displacement        0.7 u
max displacement           12.4 u
original HPWL          687414.1 u
legalized HPWL         713132.2 u
delta HPWL                    4 %

[INFO DPL-0020] Mirrored 7358 instances
[INFO DPL-0021] HPWL before          713132.2 u
[INFO DPL-0022] HPWL after           697572.2 u
[INFO DPL-0023] HPWL delta               -2.2 %
Setting global connections for newly added cells…
[INFO] Setting global connections...
[INFO ODB-0403] 12164 connections made, 0 conflicts skipped.
Updating metrics…
Cell type report:                       Count       Area
  Fill cell                               466    1749.18
  Tap cell                               5757    7203.16
  Clock buffer                            568    7465.91
  Timing Repair Buffer                   5563   52783.12
  Inverter                                102     382.87
  Clock inverter                           31     211.45
  Sequential cell                        3102   65980.78
  Multi-Input combinational cell         9119   95531.62
  Total                                 24708  231308.09
Writing OpenROAD database to '/mnt/c/Users/Nitro/Desktop/ASIC/Projects/cleave/runs/RUN_2026-09-01_13-22-07/33-openroad-resizertimingpostcts/tt_um_cleave.odb'…
Writing netlist to '/mnt/c/Users/Nitro/Desktop/ASIC/Projects/cleave/runs/RUN_2026-09-01_13-22-07/33-openroad-resizertimingpostcts/tt_um_cleave.nl.v'…
Writing powered netlist to '/mnt/c/Users/Nitro/Desktop/ASIC/Projects/cleave/runs/RUN_2026-09-01_13-22-07/33-openroad-resizertimingpostcts/tt_um_cleave.pnl.v'…
Writing layout to '/mnt/c/Users/Nitro/Desktop/ASIC/Projects/cleave/runs/RUN_2026-09-01_13-22-07/33-openroad-resizertimingpostcts/tt_um_cleave.def'…
Writing timing constraints to '/mnt/c/Users/Nitro/Desktop/ASIC/Projects/cleave/runs/RUN_2026-09-01_13-22-07/33-openroad-resizertimingpostcts/tt_um_cleave.sdc'…
