
 /----------------------------------------------------------------------------\
 |  yosys -- Yosys Open SYnthesis Suite                                       |
 |  Copyright (C) 2012 - 2026  Claire Xenia Wolf <claire@yosyshq.com>         |
 |  Distributed under an ISC-like license, type "license" to see terms        |
 \----------------------------------------------------------------------------/
 Yosys 0.62 (git sha1 7326bb7d6641500ecb285c291a54a662cb1e76cf, clang++ 21.1.2 -fPIC -O3)

1. Executing Verilog-2005 frontend: /mnt/c/Users/Nitro/Desktop/ASIC/Projects/cleave/runs/RUN_2026-09-01_13-22-07/tmp/cbd323660b6a4c56940b16225e28588f.bb.v
Parsing SystemVerilog input from `/mnt/c/Users/Nitro/Desktop/ASIC/Projects/cleave/runs/RUN_2026-09-01_13-22-07/tmp/cbd323660b6a4c56940b16225e28588f.bb.v' to AST representation.
Generating RTLIL representation for module `\sky130_ef_sc_hd__decap_12'.
Generating RTLIL representation for module `\sky130_ef_sc_hd__decap_20_12'.
Generating RTLIL representation for module `\sky130_ef_sc_hd__decap_40_12'.
Generating RTLIL representation for module `\sky130_ef_sc_hd__decap_60_12'.
Generating RTLIL representation for module `\sky130_ef_sc_hd__decap_80_12'.
Generating RTLIL representation for module `\sky130_ef_sc_hd__fill_12'.
Generating RTLIL representation for module `\sky130_ef_sc_hd__fill_2'.
Generating RTLIL representation for module `\sky130_ef_sc_hd__fill_4'.
Generating RTLIL representation for module `\sky130_ef_sc_hd__fill_8'.
Generating RTLIL representation for module `\sky130_fd_sc_hd__a2111o_1'.
Generating RTLIL representation for module `\sky130_fd_sc_hd__a2111o_2'.
Generating RTLIL representation for module `\sky130_fd_sc_hd__a2111o_4'.
Generating RTLIL representation for module `\sky130_fd_sc_hd__a2111oi_0'.
Generating RTLIL representation for module `\sky130_fd_sc_hd__a2111oi_1'.
Generating RTLIL representation for module `\sky130_fd_sc_hd__a2111oi_2'.
Generating RTLIL representation for module `\sky130_fd_sc_hd__a2111oi_4'.
Generating RTLIL representation for module `\sky130_fd_sc_hd__a211o_1'.
Generating RTLIL representation for module `\sky130_fd_sc_hd__a211o_2'.
Generating RTLIL representation for module `\sky130_fd_sc_hd__a211o_4'.
Generating RTLIL representation for module `\sky130_fd_sc_hd__a211oi_1'.
Generating RTLIL representation for module `\sky130_fd_sc_hd__a211oi_2'.
Generating RTLIL representation for module `\sky130_fd_sc_hd__a211oi_4'.
Generating RTLIL representation for module `\sky130_fd_sc_hd__a21bo_1'.
Generating RTLIL representation for module `\sky130_fd_sc_hd__a21bo_2'.
Generating RTLIL representation for module `\sky130_fd_sc_hd__a21bo_4'.
Generating RTLIL representation for module `\sky130_fd_sc_hd__a21boi_0'.
Generating RTLIL representation for module `\sky130_fd_sc_hd__a21boi_1'.
Generating RTLIL representation for module `\sky130_fd_sc_hd__a21boi_2'.
Generating RTLIL representation for module `\sky130_fd_sc_hd__a21boi_4'.
Generating RTLIL representation for module `\sky130_fd_sc_hd__a21o_1'.
Generating RTLIL representation for module `\sky130_fd_sc_hd__a21o_2'.
Generating RTLIL representation for module `\sky130_fd_sc_hd__a21o_4'.
Generating RTLIL representation for module `\sky130_fd_sc_hd__a21oi_1'.
Generating RTLIL representation for module `\sky130_fd_sc_hd__a21oi_2'.
Generating RTLIL representation for module `\sky130_fd_sc_hd__a21oi_4'.
Generating RTLIL representation for module `\sky130_fd_sc_hd__a221o_1'.
Generating RTLIL representation for module `\sky130_fd_sc_hd__a221o_2'.
Generating RTLIL representation for module `\sky130_fd_sc_hd__a221o_4'.
Generating RTLIL representation for module `\sky130_fd_sc_hd__a221oi_1'.
Generating RTLIL representation for module `\sky130_fd_sc_hd__a221oi_2'.
Generating RTLIL representation for module `\sky130_fd_sc_hd__a221oi_4'.
Generating RTLIL representation for module `\sky130_fd_sc_hd__a222oi_1'.
Generating RTLIL representation for module `\sky130_fd_sc_hd__a22o_1'.
Generating RTLIL representation for module `\sky130_fd_sc_hd__a22o_2'.
Generating RTLIL representation for module `\sky130_fd_sc_hd__a22o_4'.
Generating RTLIL representation for module `\sky130_fd_sc_hd__a22oi_1'.
Generating RTLIL representation for module `\sky130_fd_sc_hd__a22oi_2'.
Generating RTLIL representation for module `\sky130_fd_sc_hd__a22oi_4'.
Generating RTLIL representation for module `\sky130_fd_sc_hd__a2bb2o_1'.
Generating RTLIL representation for module `\sky130_fd_sc_hd__a2bb2o_2'.
Generating RTLIL representation for module `\sky130_fd_sc_hd__a2bb2o_4'.
Generating RTLIL representation for module `\sky130_fd_sc_hd__a2bb2oi_1'.
Generating RTLIL representation for module `\sky130_fd_sc_hd__a2bb2oi_2'.
Generating RTLIL representation for module `\sky130_fd_sc_hd__a2bb2oi_4'.
Generating RTLIL representation for module `\sky130_fd_sc_hd__a311o_1'.
Generating RTLIL representation for module `\sky130_fd_sc_hd__a311o_2'.
Generating RTLIL representation for module `\sky130_fd_sc_hd__a311o_4'.
Generating RTLIL representation for module `\sky130_fd_sc_hd__a311oi_1'.
Generating RTLIL representation for module `\sky130_fd_sc_hd__a311oi_2'.
Generating RTLIL representation for module `\sky130_fd_sc_hd__a311oi_4'.
Generating RTLIL representation for module `\sky130_fd_sc_hd__a31o_1'.
Generating RTLIL representation for module `\sky130_fd_sc_hd__a31o_2'.
Generating RTLIL representation for module `\sky130_fd_sc_hd__a31o_4'.
Generating RTLIL representation for module `\sky130_fd_sc_hd__a31oi_1'.
Generating RTLIL representation for module `\sky130_fd_sc_hd__a31oi_2'.
Generating RTLIL representation for module `\sky130_fd_sc_hd__a31oi_4'.
Generating RTLIL representation for module `\sky130_fd_sc_hd__a32o_1'.
Generating RTLIL representation for module `\sky130_fd_sc_hd__a32o_2'.
Generating RTLIL representation for module `\sky130_fd_sc_hd__a32o_4'.
Generating RTLIL representation for module `\sky130_fd_sc_hd__a32oi_1'.
Generating RTLIL representation for module `\sky130_fd_sc_hd__a32oi_2'.
Generating RTLIL representation for module `\sky130_fd_sc_hd__a32oi_4'.
Generating RTLIL representation for module `\sky130_fd_sc_hd__a41o_1'.
Generating RTLIL representation for module `\sky130_fd_sc_hd__a41o_2'.
Generating RTLIL representation for module `\sky130_fd_sc_hd__a41o_4'.
Generating RTLIL representation for module `\sky130_fd_sc_hd__a41oi_1'.
Generating RTLIL representation for module `\sky130_fd_sc_hd__a41oi_2'.
Generating RTLIL representation for module `\sky130_fd_sc_hd__a41oi_4'.
Generating RTLIL representation for module `\sky130_fd_sc_hd__and2_0'.
Generating RTLIL representation for module `\sky130_fd_sc_hd__and2_1'.
Generating RTLIL representation for module `\sky130_fd_sc_hd__and2_2'.
Generating RTLIL representation for module `\sky130_fd_sc_hd__and2_4'.
Generating RTLIL representation for module `\sky130_fd_sc_hd__and2b_1'.
Generating RTLIL representation for module `\sky130_fd_sc_hd__and2b_2'.
Generating RTLIL representation for module `\sky130_fd_sc_hd__and2b_4'.
Generating RTLIL representation for module `\sky130_fd_sc_hd__and3_1'.
Generating RTLIL representation for module `\sky130_fd_sc_hd__and3_2'.
Generating RTLIL representation for module `\sky130_fd_sc_hd__and3_4'.
Generating RTLIL representation for module `\sky130_fd_sc_hd__and3b_1'.
Generating RTLIL representation for module `\sky130_fd_sc_hd__and3b_2'.
Generating RTLIL representation for module `\sky130_fd_sc_hd__and3b_4'.
Generating RTLIL representation for module `\sky130_fd_sc_hd__and4_1'.
Generating RTLIL representation for module `\sky130_fd_sc_hd__and4_2'.
Generating RTLIL representation for module `\sky130_fd_sc_hd__and4_4'.
Generating RTLIL representation for module `\sky130_fd_sc_hd__and4b_1'.
Generating RTLIL representation for module `\sky130_fd_sc_hd__and4b_2'.
Generating RTLIL representation for module `\sky130_fd_sc_hd__and4b_4'.
Generating RTLIL representation for module `\sky130_fd_sc_hd__and4bb_1'.
Generating RTLIL representation for module `\sky130_fd_sc_hd__and4bb_2'.
Generating RTLIL representation for module `\sky130_fd_sc_hd__and4bb_4'.
Generating RTLIL representation for module `\sky130_fd_sc_hd__buf_1'.
Generating RTLIL representation for module `\sky130_fd_sc_hd__buf_12'.
Generating RTLIL representation for module `\sky130_fd_sc_hd__buf_16'.
Generating RTLIL representation for module `\sky130_fd_sc_hd__buf_2'.
Generating RTLIL representation for module `\sky130_fd_sc_hd__buf_4'.
Generating RTLIL representation for module `\sky130_fd_sc_hd__buf_6'.
Generating RTLIL representation for module `\sky130_fd_sc_hd__buf_8'.
Generating RTLIL representation for module `\sky130_fd_sc_hd__bufbuf_16'.
Generating RTLIL representation for module `\sky130_fd_sc_hd__bufbuf_8'.
Generating RTLIL representation for module `\sky130_fd_sc_hd__bufinv_16'.
Generating RTLIL representation for module `\sky130_fd_sc_hd__bufinv_8'.
Generating RTLIL representation for module `\sky130_fd_sc_hd__clkbuf_1'.
Generating RTLIL representation for module `\sky130_fd_sc_hd__clkbuf_16'.
Generating RTLIL representation for module `\sky130_fd_sc_hd__clkbuf_2'.
Generating RTLIL representation for module `\sky130_fd_sc_hd__clkbuf_4'.
Generating RTLIL representation for module `\sky130_fd_sc_hd__clkbuf_8'.
Generating RTLIL representation for module `\sky130_fd_sc_hd__clkdlybuf4s15_1'.
Generating RTLIL representation for module `\sky130_fd_sc_hd__clkdlybuf4s15_2'.
Generating RTLIL representation for module `\sky130_fd_sc_hd__clkdlybuf4s18_1'.
Generating RTLIL representation for module `\sky130_fd_sc_hd__clkdlybuf4s18_2'.
Generating RTLIL representation for module `\sky130_fd_sc_hd__clkdlybuf4s25_1'.
Generating RTLIL representation for module `\sky130_fd_sc_hd__clkdlybuf4s25_2'.
Generating RTLIL representation for module `\sky130_fd_sc_hd__clkdlybuf4s50_1'.
Generating RTLIL representation for module `\sky130_fd_sc_hd__clkdlybuf4s50_2'.
Generating RTLIL representation for module `\sky130_fd_sc_hd__clkinv_1'.
Generating RTLIL representation for module `\sky130_fd_sc_hd__clkinv_16'.
Generating RTLIL representation for module `\sky130_fd_sc_hd__clkinv_2'.
Generating RTLIL representation for module `\sky130_fd_sc_hd__clkinv_4'.
Generating RTLIL representation for module `\sky130_fd_sc_hd__clkinv_8'.
Generating RTLIL representation for module `\sky130_fd_sc_hd__clkinvlp_2'.
Generating RTLIL representation for module `\sky130_fd_sc_hd__clkinvlp_4'.
Generating RTLIL representation for module `\sky130_fd_sc_hd__conb_1'.
Generating RTLIL representation for module `\sky130_fd_sc_hd__decap_12'.
Generating RTLIL representation for module `\sky130_fd_sc_hd__decap_3'.
Generating RTLIL representation for module `\sky130_fd_sc_hd__decap_4'.
Generating RTLIL representation for module `\sky130_fd_sc_hd__decap_6'.
Generating RTLIL representation for module `\sky130_fd_sc_hd__decap_8'.
Generating RTLIL representation for module `\sky130_fd_sc_hd__dfbbn_1'.
Generating RTLIL representation for module `\sky130_fd_sc_hd__dfbbn_2'.
Generating RTLIL representation for module `\sky130_fd_sc_hd__dfbbp_1'.
Generating RTLIL representation for module `\sky130_fd_sc_hd__dfrbp_1'.
Generating RTLIL representation for module `\sky130_fd_sc_hd__dfrbp_2'.
Generating RTLIL representation for module `\sky130_fd_sc_hd__dfrtn_1'.
Generating RTLIL representation for module `\sky130_fd_sc_hd__dfrtp_1'.
Generating RTLIL representation for module `\sky130_fd_sc_hd__dfrtp_2'.
Generating RTLIL representation for module `\sky130_fd_sc_hd__dfrtp_4'.
Generating RTLIL representation for module `\sky130_fd_sc_hd__dfsbp_1'.
Generating RTLIL representation for module `\sky130_fd_sc_hd__dfsbp_2'.
Generating RTLIL representation for module `\sky130_fd_sc_hd__dfstp_1'.
Generating RTLIL representation for module `\sky130_fd_sc_hd__dfstp_2'.
Generating RTLIL representation for module `\sky130_fd_sc_hd__dfstp_4'.
Generating RTLIL representation for module `\sky130_fd_sc_hd__dfxbp_1'.
Generating RTLIL representation for module `\sky130_fd_sc_hd__dfxbp_2'.
Generating RTLIL representation for module `\sky130_fd_sc_hd__dfxtp_1'.
Generating RTLIL representation for module `\sky130_fd_sc_hd__dfxtp_2'.
Generating RTLIL representation for module `\sky130_fd_sc_hd__dfxtp_4'.
Generating RTLIL representation for module `\sky130_fd_sc_hd__diode_2'.
Generating RTLIL representation for module `\sky130_fd_sc_hd__dlclkp_1'.
Generating RTLIL representation for module `\sky130_fd_sc_hd__dlclkp_2'.
Generating RTLIL representation for module `\sky130_fd_sc_hd__dlclkp_4'.
Generating RTLIL representation for module `\sky130_fd_sc_hd__dlrbn_1'.
Generating RTLIL representation for module `\sky130_fd_sc_hd__dlrbn_2'.
Generating RTLIL representation for module `\sky130_fd_sc_hd__dlrbp_1'.
Generating RTLIL representation for module `\sky130_fd_sc_hd__dlrbp_2'.
Generating RTLIL representation for module `\sky130_fd_sc_hd__dlrtn_1'.
Generating RTLIL representation for module `\sky130_fd_sc_hd__dlrtn_2'.
Generating RTLIL representation for module `\sky130_fd_sc_hd__dlrtn_4'.
Generating RTLIL representation for module `\sky130_fd_sc_hd__dlrtp_1'.
Generating RTLIL representation for module `\sky130_fd_sc_hd__dlrtp_2'.
Generating RTLIL representation for module `\sky130_fd_sc_hd__dlrtp_4'.
Generating RTLIL representation for module `\sky130_fd_sc_hd__dlxbn_1'.
Generating RTLIL representation for module `\sky130_fd_sc_hd__dlxbn_2'.
Generating RTLIL representation for module `\sky130_fd_sc_hd__dlxbp_1'.
Generating RTLIL representation for module `\sky130_fd_sc_hd__dlxtn_1'.
Generating RTLIL representation for module `\sky130_fd_sc_hd__dlxtn_2'.
Generating RTLIL representation for module `\sky130_fd_sc_hd__dlxtn_4'.
Generating RTLIL representation for module `\sky130_fd_sc_hd__dlxtp_1'.
Generating RTLIL representation for module `\sky130_fd_sc_hd__dlygate4sd1_1'.
Generating RTLIL representation for module `\sky130_fd_sc_hd__dlygate4sd2_1'.
Generating RTLIL representation for module `\sky130_fd_sc_hd__dlygate4sd3_1'.
Generating RTLIL representation for module `\sky130_fd_sc_hd__dlymetal6s2s_1'.
Generating RTLIL representation for module `\sky130_fd_sc_hd__dlymetal6s4s_1'.
Generating RTLIL representation for module `\sky130_fd_sc_hd__dlymetal6s6s_1'.
Generating RTLIL representation for module `\sky130_fd_sc_hd__ebufn_1'.
Generating RTLIL representation for module `\sky130_fd_sc_hd__ebufn_2'.
Generating RTLIL representation for module `\sky130_fd_sc_hd__ebufn_4'.
Generating RTLIL representation for module `\sky130_fd_sc_hd__ebufn_8'.
Generating RTLIL representation for module `\sky130_fd_sc_hd__edfxbp_1'.
Generating RTLIL representation for module `\sky130_fd_sc_hd__edfxtp_1'.
Generating RTLIL representation for module `\sky130_fd_sc_hd__einvn_0'.
Generating RTLIL representation for module `\sky130_fd_sc_hd__einvn_1'.
Generating RTLIL representation for module `\sky130_fd_sc_hd__einvn_2'.
Generating RTLIL representation for module `\sky130_fd_sc_hd__einvn_4'.
Generating RTLIL representation for module `\sky130_fd_sc_hd__einvn_8'.
Generating RTLIL representation for module `\sky130_fd_sc_hd__einvp_1'.
Generating RTLIL representation for module `\sky130_fd_sc_hd__einvp_2'.
Generating RTLIL representation for module `\sky130_fd_sc_hd__einvp_4'.
Generating RTLIL representation for module `\sky130_fd_sc_hd__einvp_8'.
Generating RTLIL representation for module `\sky130_fd_sc_hd__fa_1'.
Generating RTLIL representation for module `\sky130_fd_sc_hd__fa_2'.
Generating RTLIL representation for module `\sky130_fd_sc_hd__fa_4'.
Generating RTLIL representation for module `\sky130_fd_sc_hd__fah_1'.
Generating RTLIL representation for module `\sky130_fd_sc_hd__fahcin_1'.
Generating RTLIL representation for module `\sky130_fd_sc_hd__fahcon_1'.
Generating RTLIL representation for module `\sky130_fd_sc_hd__fill_1'.
Generating RTLIL representation for module `\sky130_fd_sc_hd__fill_2'.
Generating RTLIL representation for module `\sky130_fd_sc_hd__fill_4'.
Generating RTLIL representation for module `\sky130_fd_sc_hd__fill_8'.
Generating RTLIL representation for module `\sky130_fd_sc_hd__ha_1'.
Generating RTLIL representation for module `\sky130_fd_sc_hd__ha_2'.
Generating RTLIL representation for module `\sky130_fd_sc_hd__ha_4'.
Generating RTLIL representation for module `\sky130_fd_sc_hd__inv_1'.
Generating RTLIL representation for module `\sky130_fd_sc_hd__inv_12'.
Generating RTLIL representation for module `\sky130_fd_sc_hd__inv_16'.
Generating RTLIL representation for module `\sky130_fd_sc_hd__inv_2'.
Generating RTLIL representation for module `\sky130_fd_sc_hd__inv_4'.
Generating RTLIL representation for module `\sky130_fd_sc_hd__inv_6'.
Generating RTLIL representation for module `\sky130_fd_sc_hd__inv_8'.
Generating RTLIL representation for module `\sky130_fd_sc_hd__lpflow_bleeder_1'.
Generating RTLIL representation for module `\sky130_fd_sc_hd__lpflow_clkbufkapwr_1'.
Generating RTLIL representation for module `\sky130_fd_sc_hd__lpflow_clkbufkapwr_16'.
Generating RTLIL representation for module `\sky130_fd_sc_hd__lpflow_clkbufkapwr_2'.
Generating RTLIL representation for module `\sky130_fd_sc_hd__lpflow_clkbufkapwr_4'.
Generating RTLIL representation for module `\sky130_fd_sc_hd__lpflow_clkbufkapwr_8'.
Generating RTLIL representation for module `\sky130_fd_sc_hd__lpflow_clkinvkapwr_1'.
Generating RTLIL representation for module `\sky130_fd_sc_hd__lpflow_clkinvkapwr_16'.
Generating RTLIL representation for module `\sky130_fd_sc_hd__lpflow_clkinvkapwr_2'.
Generating RTLIL representation for module `\sky130_fd_sc_hd__lpflow_clkinvkapwr_4'.
Generating RTLIL representation for module `\sky130_fd_sc_hd__lpflow_clkinvkapwr_8'.
Generating RTLIL representation for module `\sky130_fd_sc_hd__lpflow_decapkapwr_12'.
Generating RTLIL representation for module `\sky130_fd_sc_hd__lpflow_decapkapwr_3'.
Generating RTLIL representation for module `\sky130_fd_sc_hd__lpflow_decapkapwr_4'.
Generating RTLIL representation for module `\sky130_fd_sc_hd__lpflow_decapkapwr_6'.
Generating RTLIL representation for module `\sky130_fd_sc_hd__lpflow_decapkapwr_8'.
Generating RTLIL representation for module `\sky130_fd_sc_hd__lpflow_inputiso0n_1'.
Generating RTLIL representation for module `\sky130_fd_sc_hd__lpflow_inputiso0p_1'.
Generating RTLIL representation for module `\sky130_fd_sc_hd__lpflow_inputiso1n_1'.
Generating RTLIL representation for module `\sky130_fd_sc_hd__lpflow_inputiso1p_1'.
Generating RTLIL representation for module `\sky130_fd_sc_hd__lpflow_inputisolatch_1'.
Generating RTLIL representation for module `\sky130_fd_sc_hd__lpflow_isobufsrc_1'.
Generating RTLIL representation for module `\sky130_fd_sc_hd__lpflow_isobufsrc_16'.
Generating RTLIL representation for module `\sky130_fd_sc_hd__lpflow_isobufsrc_2'.
Generating RTLIL representation for module `\sky130_fd_sc_hd__lpflow_isobufsrc_4'.
Generating RTLIL representation for module `\sky130_fd_sc_hd__lpflow_isobufsrc_8'.
Generating RTLIL representation for module `\sky130_fd_sc_hd__lpflow_isobufsrckapwr_16'.
Generating RTLIL representation for module `\sky130_fd_sc_hd__lpflow_lsbuf_lh_hl_isowell_tap_1'.
Generating RTLIL representation for module `\sky130_fd_sc_hd__lpflow_lsbuf_lh_hl_isowell_tap_2'.
Generating RTLIL representation for module `\sky130_fd_sc_hd__lpflow_lsbuf_lh_hl_isowell_tap_4'.
Generating RTLIL representation for module `\sky130_fd_sc_hd__lpflow_lsbuf_lh_isowell_4'.
Generating RTLIL representation for module `\sky130_fd_sc_hd__lpflow_lsbuf_lh_isowell_tap_1'.
Generating RTLIL representation for module `\sky130_fd_sc_hd__lpflow_lsbuf_lh_isowell_tap_2'.
Generating RTLIL representation for module `\sky130_fd_sc_hd__lpflow_lsbuf_lh_isowell_tap_4'.
Generating RTLIL representation for module `\sky130_fd_sc_hd__macro_sparecell'.
Generating RTLIL representation for module `\sky130_fd_sc_hd__maj3_1'.
Generating RTLIL representation for module `\sky130_fd_sc_hd__maj3_2'.
Generating RTLIL representation for module `\sky130_fd_sc_hd__maj3_4'.
Generating RTLIL representation for module `\sky130_fd_sc_hd__mux2_1'.
Generating RTLIL representation for module `\sky130_fd_sc_hd__mux2_2'.
Generating RTLIL representation for module `\sky130_fd_sc_hd__mux2_4'.
Generating RTLIL representation for module `\sky130_fd_sc_hd__mux2_8'.
Generating RTLIL representation for module `\sky130_fd_sc_hd__mux2i_1'.
Generating RTLIL representation for module `\sky130_fd_sc_hd__mux2i_2'.
Generating RTLIL representation for module `\sky130_fd_sc_hd__mux2i_4'.
Generating RTLIL representation for module `\sky130_fd_sc_hd__mux4_1'.
Generating RTLIL representation for module `\sky130_fd_sc_hd__mux4_2'.
Generating RTLIL representation for module `\sky130_fd_sc_hd__mux4_4'.
Generating RTLIL representation for module `\sky130_fd_sc_hd__nand2_1'.
Generating RTLIL representation for module `\sky130_fd_sc_hd__nand2_2'.
Generating RTLIL representation for module `\sky130_fd_sc_hd__nand2_4'.
Generating RTLIL representation for module `\sky130_fd_sc_hd__nand2_8'.
Generating RTLIL representation for module `\sky130_fd_sc_hd__nand2b_1'.
Generating RTLIL representation for module `\sky130_fd_sc_hd__nand2b_2'.
Generating RTLIL representation for module `\sky130_fd_sc_hd__nand2b_4'.
Generating RTLIL representation for module `\sky130_fd_sc_hd__nand3_1'.
Generating RTLIL representation for module `\sky130_fd_sc_hd__nand3_2'.
Generating RTLIL representation for module `\sky130_fd_sc_hd__nand3_4'.
Generating RTLIL representation for module `\sky130_fd_sc_hd__nand3b_1'.
Generating RTLIL representation for module `\sky130_fd_sc_hd__nand3b_2'.
Generating RTLIL representation for module `\sky130_fd_sc_hd__nand3b_4'.
Generating RTLIL representation for module `\sky130_fd_sc_hd__nand4_1'.
Generating RTLIL representation for module `\sky130_fd_sc_hd__nand4_2'.
Generating RTLIL representation for module `\sky130_fd_sc_hd__nand4_4'.
Generating RTLIL representation for module `\sky130_fd_sc_hd__nand4b_1'.
Generating RTLIL representation for module `\sky130_fd_sc_hd__nand4b_2'.
Generating RTLIL representation for module `\sky130_fd_sc_hd__nand4b_4'.
Generating RTLIL representation for module `\sky130_fd_sc_hd__nand4bb_1'.
Generating RTLIL representation for module `\sky130_fd_sc_hd__nand4bb_2'.
Generating RTLIL representation for module `\sky130_fd_sc_hd__nand4bb_4'.
Generating RTLIL representation for module `\sky130_fd_sc_hd__nor2_1'.
Generating RTLIL representation for module `\sky130_fd_sc_hd__nor2_2'.
Generating RTLIL representation for module `\sky130_fd_sc_hd__nor2_4'.
Generating RTLIL representation for module `\sky130_fd_sc_hd__nor2_8'.
Generating RTLIL representation for module `\sky130_fd_sc_hd__nor2b_1'.
Generating RTLIL representation for module `\sky130_fd_sc_hd__nor2b_2'.
Generating RTLIL representation for module `\sky130_fd_sc_hd__nor2b_4'.
Generating RTLIL representation for module `\sky130_fd_sc_hd__nor3_1'.
Generating RTLIL representation for module `\sky130_fd_sc_hd__nor3_2'.
Generating RTLIL representation for module `\sky130_fd_sc_hd__nor3_4'.
Generating RTLIL representation for module `\sky130_fd_sc_hd__nor3b_1'.
Generating RTLIL representation for module `\sky130_fd_sc_hd__nor3b_2'.
Generating RTLIL representation for module `\sky130_fd_sc_hd__nor3b_4'.
Generating RTLIL representation for module `\sky130_fd_sc_hd__nor4_1'.
Generating RTLIL representation for module `\sky130_fd_sc_hd__nor4_2'.
Generating RTLIL representation for module `\sky130_fd_sc_hd__nor4_4'.
Generating RTLIL representation for module `\sky130_fd_sc_hd__nor4b_1'.
Generating RTLIL representation for module `\sky130_fd_sc_hd__nor4b_2'.
Generating RTLIL representation for module `\sky130_fd_sc_hd__nor4b_4'.
Generating RTLIL representation for module `\sky130_fd_sc_hd__nor4bb_1'.
Generating RTLIL representation for module `\sky130_fd_sc_hd__nor4bb_2'.
Generating RTLIL representation for module `\sky130_fd_sc_hd__nor4bb_4'.
Generating RTLIL representation for module `\sky130_fd_sc_hd__o2111a_1'.
Generating RTLIL representation for module `\sky130_fd_sc_hd__o2111a_2'.
Generating RTLIL representation for module `\sky130_fd_sc_hd__o2111a_4'.
Generating RTLIL representation for module `\sky130_fd_sc_hd__o2111ai_1'.
Generating RTLIL representation for module `\sky130_fd_sc_hd__o2111ai_2'.
Generating RTLIL representation for module `\sky130_fd_sc_hd__o2111ai_4'.
Generating RTLIL representation for module `\sky130_fd_sc_hd__o211a_1'.
Generating RTLIL representation for module `\sky130_fd_sc_hd__o211a_2'.
Generating RTLIL representation for module `\sky130_fd_sc_hd__o211a_4'.
Generating RTLIL representation for module `\sky130_fd_sc_hd__o211ai_1'.
Generating RTLIL representation for module `\sky130_fd_sc_hd__o211ai_2'.
Generating RTLIL representation for module `\sky130_fd_sc_hd__o211ai_4'.
Generating RTLIL representation for module `\sky130_fd_sc_hd__o21a_1'.
Generating RTLIL representation for module `\sky130_fd_sc_hd__o21a_2'.
Generating RTLIL representation for module `\sky130_fd_sc_hd__o21a_4'.
Generating RTLIL representation for module `\sky130_fd_sc_hd__o21ai_0'.
Generating RTLIL representation for module `\sky130_fd_sc_hd__o21ai_1'.
Generating RTLIL representation for module `\sky130_fd_sc_hd__o21ai_2'.
Generating RTLIL representation for module `\sky130_fd_sc_hd__o21ai_4'.
Generating RTLIL representation for module `\sky130_fd_sc_hd__o21ba_1'.
Generating RTLIL representation for module `\sky130_fd_sc_hd__o21ba_2'.
Generating RTLIL representation for module `\sky130_fd_sc_hd__o21ba_4'.
Generating RTLIL representation for module `\sky130_fd_sc_hd__o21bai_1'.
Generating RTLIL representation for module `\sky130_fd_sc_hd__o21bai_2'.
Generating RTLIL representation for module `\sky130_fd_sc_hd__o21bai_4'.
Generating RTLIL representation for module `\sky130_fd_sc_hd__o221a_1'.
Generating RTLIL representation for module `\sky130_fd_sc_hd__o221a_2'.
Generating RTLIL representation for module `\sky130_fd_sc_hd__o221a_4'.
Generating RTLIL representation for module `\sky130_fd_sc_hd__o221ai_1'.
Generating RTLIL representation for module `\sky130_fd_sc_hd__o221ai_2'.
Generating RTLIL representation for module `\sky130_fd_sc_hd__o221ai_4'.
Generating RTLIL representation for module `\sky130_fd_sc_hd__o22a_1'.
Generating RTLIL representation for module `\sky130_fd_sc_hd__o22a_2'.
Generating RTLIL representation for module `\sky130_fd_sc_hd__o22a_4'.
Generating RTLIL representation for module `\sky130_fd_sc_hd__o22ai_1'.
Generating RTLIL representation for module `\sky130_fd_sc_hd__o22ai_2'.
Generating RTLIL representation for module `\sky130_fd_sc_hd__o22ai_4'.
Generating RTLIL representation for module `\sky130_fd_sc_hd__o2bb2a_1'.
Generating RTLIL representation for module `\sky130_fd_sc_hd__o2bb2a_2'.
Generating RTLIL representation for module `\sky130_fd_sc_hd__o2bb2a_4'.
Generating RTLIL representation for module `\sky130_fd_sc_hd__o2bb2ai_1'.
Generating RTLIL representation for module `\sky130_fd_sc_hd__o2bb2ai_2'.
Generating RTLIL representation for module `\sky130_fd_sc_hd__o2bb2ai_4'.
Generating RTLIL representation for module `\sky130_fd_sc_hd__o311a_1'.
Generating RTLIL representation for module `\sky130_fd_sc_hd__o311a_2'.
Generating RTLIL representation for module `\sky130_fd_sc_hd__o311a_4'.
Generating RTLIL representation for module `\sky130_fd_sc_hd__o311ai_0'.
Generating RTLIL representation for module `\sky130_fd_sc_hd__o311ai_1'.
Generating RTLIL representation for module `\sky130_fd_sc_hd__o311ai_2'.
Generating RTLIL representation for module `\sky130_fd_sc_hd__o311ai_4'.
Generating RTLIL representation for module `\sky130_fd_sc_hd__o31a_1'.
Generating RTLIL representation for module `\sky130_fd_sc_hd__o31a_2'.
Generating RTLIL representation for module `\sky130_fd_sc_hd__o31a_4'.
Generating RTLIL representation for module `\sky130_fd_sc_hd__o31ai_1'.
Generating RTLIL representation for module `\sky130_fd_sc_hd__o31ai_2'.
Generating RTLIL representation for module `\sky130_fd_sc_hd__o31ai_4'.
Generating RTLIL representation for module `\sky130_fd_sc_hd__o32a_1'.
Generating RTLIL representation for module `\sky130_fd_sc_hd__o32a_2'.
Generating RTLIL representation for module `\sky130_fd_sc_hd__o32a_4'.
Generating RTLIL representation for module `\sky130_fd_sc_hd__o32ai_1'.
Generating RTLIL representation for module `\sky130_fd_sc_hd__o32ai_2'.
Generating RTLIL representation for module `\sky130_fd_sc_hd__o32ai_4'.
Generating RTLIL representation for module `\sky130_fd_sc_hd__o41a_1'.
Generating RTLIL representation for module `\sky130_fd_sc_hd__o41a_2'.
Generating RTLIL representation for module `\sky130_fd_sc_hd__o41a_4'.
Generating RTLIL representation for module `\sky130_fd_sc_hd__o41ai_1'.
Generating RTLIL representation for module `\sky130_fd_sc_hd__o41ai_2'.
Generating RTLIL representation for module `\sky130_fd_sc_hd__o41ai_4'.
Generating RTLIL representation for module `\sky130_fd_sc_hd__or2_0'.
Generating RTLIL representation for module `\sky130_fd_sc_hd__or2_1'.
Generating RTLIL representation for module `\sky130_fd_sc_hd__or2_2'.
Generating RTLIL representation for module `\sky130_fd_sc_hd__or2_4'.
Generating RTLIL representation for module `\sky130_fd_sc_hd__or2b_1'.
Generating RTLIL representation for module `\sky130_fd_sc_hd__or2b_2'.
Generating RTLIL representation for module `\sky130_fd_sc_hd__or2b_4'.
Generating RTLIL representation for module `\sky130_fd_sc_hd__or3_1'.
Generating RTLIL representation for module `\sky130_fd_sc_hd__or3_2'.
Generating RTLIL representation for module `\sky130_fd_sc_hd__or3_4'.
Generating RTLIL representation for module `\sky130_fd_sc_hd__or3b_1'.
Generating RTLIL representation for module `\sky130_fd_sc_hd__or3b_2'.
Generating RTLIL representation for module `\sky130_fd_sc_hd__or3b_4'.
Generating RTLIL representation for module `\sky130_fd_sc_hd__or4_1'.
Generating RTLIL representation for module `\sky130_fd_sc_hd__or4_2'.
Generating RTLIL representation for module `\sky130_fd_sc_hd__or4_4'.
Generating RTLIL representation for module `\sky130_fd_sc_hd__or4b_1'.
Generating RTLIL representation for module `\sky130_fd_sc_hd__or4b_2'.
Generating RTLIL representation for module `\sky130_fd_sc_hd__or4b_4'.
Generating RTLIL representation for module `\sky130_fd_sc_hd__or4bb_1'.
Generating RTLIL representation for module `\sky130_fd_sc_hd__or4bb_2'.
Generating RTLIL representation for module `\sky130_fd_sc_hd__or4bb_4'.
Generating RTLIL representation for module `\sky130_fd_sc_hd__probe_p_8'.
Generating RTLIL representation for module `\sky130_fd_sc_hd__probec_p_8'.
Generating RTLIL representation for module `\sky130_fd_sc_hd__sdfbbn_1'.
Generating RTLIL representation for module `\sky130_fd_sc_hd__sdfbbn_2'.
Generating RTLIL representation for module `\sky130_fd_sc_hd__sdfbbp_1'.
Generating RTLIL representation for module `\sky130_fd_sc_hd__sdfrbp_1'.
Generating RTLIL representation for module `\sky130_fd_sc_hd__sdfrbp_2'.
Generating RTLIL representation for module `\sky130_fd_sc_hd__sdfrtn_1'.
Generating RTLIL representation for module `\sky130_fd_sc_hd__sdfrtp_1'.
Generating RTLIL representation for module `\sky130_fd_sc_hd__sdfrtp_2'.
Generating RTLIL representation for module `\sky130_fd_sc_hd__sdfrtp_4'.
Generating RTLIL representation for module `\sky130_fd_sc_hd__sdfsbp_1'.
Generating RTLIL representation for module `\sky130_fd_sc_hd__sdfsbp_2'.
Generating RTLIL representation for module `\sky130_fd_sc_hd__sdfstp_1'.
Generating RTLIL representation for module `\sky130_fd_sc_hd__sdfstp_2'.
Generating RTLIL representation for module `\sky130_fd_sc_hd__sdfstp_4'.
Generating RTLIL representation for module `\sky130_fd_sc_hd__sdfxbp_1'.
Generating RTLIL representation for module `\sky130_fd_sc_hd__sdfxbp_2'.
Generating RTLIL representation for module `\sky130_fd_sc_hd__sdfxtp_1'.
Generating RTLIL representation for module `\sky130_fd_sc_hd__sdfxtp_2'.
Generating RTLIL representation for module `\sky130_fd_sc_hd__sdfxtp_4'.
Generating RTLIL representation for module `\sky130_fd_sc_hd__sdlclkp_1'.
Generating RTLIL representation for module `\sky130_fd_sc_hd__sdlclkp_2'.
Generating RTLIL representation for module `\sky130_fd_sc_hd__sdlclkp_4'.
Generating RTLIL representation for module `\sky130_fd_sc_hd__sedfxbp_1'.
Generating RTLIL representation for module `\sky130_fd_sc_hd__sedfxbp_2'.
Generating RTLIL representation for module `\sky130_fd_sc_hd__sedfxtp_1'.
Generating RTLIL representation for module `\sky130_fd_sc_hd__sedfxtp_2'.
Generating RTLIL representation for module `\sky130_fd_sc_hd__sedfxtp_4'.
Generating RTLIL representation for module `\sky130_fd_sc_hd__tap_1'.
Generating RTLIL representation for module `\sky130_fd_sc_hd__tap_2'.
Generating RTLIL representation for module `\sky130_fd_sc_hd__tapvgnd2_1'.
Generating RTLIL representation for module `\sky130_fd_sc_hd__tapvgnd_1'.
Generating RTLIL representation for module `\sky130_fd_sc_hd__tapvpwrvgnd_1'.
Generating RTLIL representation for module `\sky130_fd_sc_hd__xnor2_1'.
Generating RTLIL representation for module `\sky130_fd_sc_hd__xnor2_2'.
Generating RTLIL representation for module `\sky130_fd_sc_hd__xnor2_4'.
Generating RTLIL representation for module `\sky130_fd_sc_hd__xnor3_1'.
Generating RTLIL representation for module `\sky130_fd_sc_hd__xnor3_2'.
Generating RTLIL representation for module `\sky130_fd_sc_hd__xnor3_4'.
Generating RTLIL representation for module `\sky130_fd_sc_hd__xor2_1'.
Generating RTLIL representation for module `\sky130_fd_sc_hd__xor2_2'.
Generating RTLIL representation for module `\sky130_fd_sc_hd__xor2_4'.
Generating RTLIL representation for module `\sky130_fd_sc_hd__xor3_1'.
Generating RTLIL representation for module `\sky130_fd_sc_hd__xor3_2'.
Generating RTLIL representation for module `\sky130_fd_sc_hd__xor3_4'.
Successfully finished Verilog frontend.

2. Executing Verilog-2005 frontend: /mnt/c/Users/Nitro/Desktop/ASIC/Projects/cleave/source/cleave_alu.v
Parsing SystemVerilog input from `/mnt/c/Users/Nitro/Desktop/ASIC/Projects/cleave/source/cleave_alu.v' to AST representation.
Storing AST representation for module `$abstract\cleave_alu'.
Successfully finished Verilog frontend.

3. Executing Verilog-2005 frontend: /mnt/c/Users/Nitro/Desktop/ASIC/Projects/cleave/source/cleave_branch.v
Parsing SystemVerilog input from `/mnt/c/Users/Nitro/Desktop/ASIC/Projects/cleave/source/cleave_branch.v' to AST representation.
Storing AST representation for module `$abstract\cleave_branch'.
Successfully finished Verilog frontend.

4. Executing Verilog-2005 frontend: /mnt/c/Users/Nitro/Desktop/ASIC/Projects/cleave/source/cleave_control.v
Parsing SystemVerilog input from `/mnt/c/Users/Nitro/Desktop/ASIC/Projects/cleave/source/cleave_control.v' to AST representation.
Storing AST representation for module `$abstract\cleave_control'.
Successfully finished Verilog frontend.

5. Executing Verilog-2005 frontend: /mnt/c/Users/Nitro/Desktop/ASIC/Projects/cleave/source/cleave_core.v
Parsing SystemVerilog input from `/mnt/c/Users/Nitro/Desktop/ASIC/Projects/cleave/source/cleave_core.v' to AST representation.
Storing AST representation for module `$abstract\cleave_core'.
Successfully finished Verilog frontend.

6. Executing Verilog-2005 frontend: /mnt/c/Users/Nitro/Desktop/ASIC/Projects/cleave/source/cleave_dmem.v
Parsing SystemVerilog input from `/mnt/c/Users/Nitro/Desktop/ASIC/Projects/cleave/source/cleave_dmem.v' to AST representation.
Storing AST representation for module `$abstract\cleave_dmem'.
Successfully finished Verilog frontend.

7. Executing Verilog-2005 frontend: /mnt/c/Users/Nitro/Desktop/ASIC/Projects/cleave/source/cleave_imem.v
Parsing SystemVerilog input from `/mnt/c/Users/Nitro/Desktop/ASIC/Projects/cleave/source/cleave_imem.v' to AST representation.
Storing AST representation for module `$abstract\cleave_imem'.
Successfully finished Verilog frontend.

8. Executing Verilog-2005 frontend: /mnt/c/Users/Nitro/Desktop/ASIC/Projects/cleave/source/cleave_immgen.v
Parsing SystemVerilog input from `/mnt/c/Users/Nitro/Desktop/ASIC/Projects/cleave/source/cleave_immgen.v' to AST representation.
Storing AST representation for module `$abstract\cleave_immgen'.
Successfully finished Verilog frontend.

9. Executing Verilog-2005 frontend: /mnt/c/Users/Nitro/Desktop/ASIC/Projects/cleave/source/cleave_pc.v
Parsing SystemVerilog input from `/mnt/c/Users/Nitro/Desktop/ASIC/Projects/cleave/source/cleave_pc.v' to AST representation.
Storing AST representation for module `$abstract\cleave_pc'.
Successfully finished Verilog frontend.

10. Executing Verilog-2005 frontend: /mnt/c/Users/Nitro/Desktop/ASIC/Projects/cleave/source/cleave_regfile.v
Parsing SystemVerilog input from `/mnt/c/Users/Nitro/Desktop/ASIC/Projects/cleave/source/cleave_regfile.v' to AST representation.
Storing AST representation for module `$abstract\cleave_regfile'.
Successfully finished Verilog frontend.

11. Executing Verilog-2005 frontend: /mnt/c/Users/Nitro/Desktop/ASIC/Projects/cleave/source/tt_um_cleave.v
Parsing SystemVerilog input from `/mnt/c/Users/Nitro/Desktop/ASIC/Projects/cleave/source/tt_um_cleave.v' to AST representation.
Storing AST representation for module `$abstract\tt_um_cleave'.
Successfully finished Verilog frontend.

12. Executing HIERARCHY pass (managing design hierarchy).

13. Executing AST frontend in derive mode using pre-parsed AST for module `\tt_um_cleave'.
Generating RTLIL representation for module `\tt_um_cleave'.

13.1. Analyzing design hierarchy..
Top module:  \tt_um_cleave

13.2. Executing AST frontend in derive mode using pre-parsed AST for module `\cleave_core'.
Generating RTLIL representation for module `\cleave_core'.

13.3. Analyzing design hierarchy..
Top module:  \tt_um_cleave
Used module:     \cleave_core

13.4. Executing AST frontend in derive mode using pre-parsed AST for module `\cleave_dmem'.
Generating RTLIL representation for module `\cleave_dmem'.

13.5. Executing AST frontend in derive mode using pre-parsed AST for module `\cleave_branch'.
Generating RTLIL representation for module `\cleave_branch'.

13.6. Executing AST frontend in derive mode using pre-parsed AST for module `\cleave_alu'.
Generating RTLIL representation for module `\cleave_alu'.

13.7. Executing AST frontend in derive mode using pre-parsed AST for module `\cleave_immgen'.
Generating RTLIL representation for module `\cleave_immgen'.

13.8. Executing AST frontend in derive mode using pre-parsed AST for module `\cleave_regfile'.
Generating RTLIL representation for module `\cleave_regfile'.

13.9. Executing AST frontend in derive mode using pre-parsed AST for module `\cleave_control'.
Generating RTLIL representation for module `\cleave_control'.

13.10. Executing AST frontend in derive mode using pre-parsed AST for module `\cleave_imem'.
Generating RTLIL representation for module `\cleave_imem'.

13.11. Executing AST frontend in derive mode using pre-parsed AST for module `\cleave_pc'.
Generating RTLIL representation for module `\cleave_pc'.

13.12. Analyzing design hierarchy..
Top module:  \tt_um_cleave
Used module:     \cleave_core
Used module:         \cleave_dmem
Used module:         \cleave_branch
Used module:         \cleave_alu
Used module:         \cleave_immgen
Used module:         \cleave_regfile
Used module:         \cleave_control
Used module:         \cleave_imem
Used module:         \cleave_pc

13.13. Analyzing design hierarchy..
Top module:  \tt_um_cleave
Used module:     \cleave_core
Used module:         \cleave_dmem
Used module:         \cleave_branch
Used module:         \cleave_alu
Used module:         \cleave_immgen
Used module:         \cleave_regfile
Used module:         \cleave_control
Used module:         \cleave_imem
Used module:         \cleave_pc
Removing unused module `$abstract\tt_um_cleave'.
Removing unused module `$abstract\cleave_regfile'.
Removing unused module `$abstract\cleave_pc'.
Removing unused module `$abstract\cleave_immgen'.
Removing unused module `$abstract\cleave_imem'.
Removing unused module `$abstract\cleave_dmem'.
Removing unused module `$abstract\cleave_core'.
Removing unused module `$abstract\cleave_control'.
Removing unused module `$abstract\cleave_branch'.
Removing unused module `$abstract\cleave_alu'.
Removed 10 unused modules.
Renaming module tt_um_cleave to tt_um_cleave.

14. Executing PROC pass (convert processes to netlists).

14.1. Executing PROC_CLEAN pass (remove empty switches from decision trees).
Cleaned up 0 empty switches.

14.2. Executing PROC_RMDEAD pass (remove dead branches from decision trees).
Marked 1 switch rules as full_case in process $proc$/mnt/c/Users/Nitro/Desktop/ASIC/Projects/cleave/source/cleave_control.v:78$115 in module cleave_control.
Marked 1 switch rules as full_case in process $proc$/mnt/c/Users/Nitro/Desktop/ASIC/Projects/cleave/source/cleave_regfile.v:58$103 in module cleave_regfile.
Marked 1 switch rules as full_case in process $proc$/mnt/c/Users/Nitro/Desktop/ASIC/Projects/cleave/source/cleave_immgen.v:30$92 in module cleave_immgen.
Marked 1 switch rules as full_case in process $proc$/mnt/c/Users/Nitro/Desktop/ASIC/Projects/cleave/source/cleave_alu.v:59$83 in module cleave_alu.
Marked 1 switch rules as full_case in process $proc$/mnt/c/Users/Nitro/Desktop/ASIC/Projects/cleave/source/cleave_branch.v:45$65 in module cleave_branch.
Marked 1 switch rules as full_case in process $proc$/mnt/c/Users/Nitro/Desktop/ASIC/Projects/cleave/source/cleave_dmem.v:96$55 in module cleave_dmem.
Marked 4 switch rules as full_case in process $proc$/mnt/c/Users/Nitro/Desktop/ASIC/Projects/cleave/source/cleave_dmem.v:82$25 in module cleave_dmem.
Marked 2 switch rules as full_case in process $proc$/mnt/c/Users/Nitro/Desktop/ASIC/Projects/cleave/source/cleave_dmem.v:67$20 in module cleave_dmem.
Marked 1 switch rules as full_case in process $proc$/mnt/c/Users/Nitro/Desktop/ASIC/Projects/cleave/source/cleave_core.v:175$14 in module cleave_core.
Removed 1 dead cases from process $proc$/mnt/c/Users/Nitro/Desktop/ASIC/Projects/cleave/source/cleave_core.v:148$8 in module cleave_core.
Marked 1 switch rules as full_case in process $proc$/mnt/c/Users/Nitro/Desktop/ASIC/Projects/cleave/source/cleave_core.v:148$8 in module cleave_core.
Marked 1 switch rules as full_case in process $proc$/mnt/c/Users/Nitro/Desktop/ASIC/Projects/cleave/source/cleave_pc.v:23$503 in module cleave_pc.
Removed a total of 1 dead cases.

14.3. Executing PROC_PRUNE pass (remove redundant assignments in processes).
Removed 1 redundant assignment.
Promoted 163 assignments to connections.

14.4. Executing PROC_INIT pass (extract init attributes).

14.5. Executing PROC_ARST pass (detect async resets in processes).

14.6. Executing PROC_ROM pass (convert switches to ROMs).
Converted 0 switches.
<suppressed ~15 debug messages>

14.7. Executing PROC_MUX pass (convert decision trees to multiplexers).
Creating decoders for process `\cleave_imem.$proc$/mnt/c/Users/Nitro/Desktop/ASIC/Projects/cleave/source/cleave_imem.v:50$374'.
Creating decoders for process `\cleave_control.$proc$/mnt/c/Users/Nitro/Desktop/ASIC/Projects/cleave/source/cleave_control.v:78$115'.
     1/12: $1\imm_sel[2:0]
     2/12: $1\alu_ctrl[3:0]
     3/12: $1\alu_src_b[0:0]
     4/12: $1\reg_write[0:0]
     5/12: $1\result_src[1:0]
     6/12: $1\illegal_instr[0:0]
     7/12: $1\jalr[0:0]
     8/12: $1\jump[0:0]
     9/12: $1\branch[0:0]
    10/12: $1\mem_write[0:0]
    11/12: $1\mem_read[0:0]
    12/12: $1\alu_src_a[0:0]
Creating decoders for process `\cleave_regfile.$proc$/mnt/c/Users/Nitro/Desktop/ASIC/Projects/cleave/source/cleave_regfile.v:58$103'.
     1/3: $1$memwr$\regs$/mnt/c/Users/Nitro/Desktop/ASIC/Projects/cleave/source/cleave_regfile.v:60$93_EN[31:0]$111
     2/3: $1$memwr$\regs$/mnt/c/Users/Nitro/Desktop/ASIC/Projects/cleave/source/cleave_regfile.v:60$93_DATA[31:0]$110
     3/3: $1$memwr$\regs$/mnt/c/Users/Nitro/Desktop/ASIC/Projects/cleave/source/cleave_regfile.v:60$93_ADDR[4:0]$109
Creating decoders for process `\cleave_immgen.$proc$/mnt/c/Users/Nitro/Desktop/ASIC/Projects/cleave/source/cleave_immgen.v:30$92'.
     1/1: $1\imm[31:0]
Creating decoders for process `\cleave_alu.$proc$/mnt/c/Users/Nitro/Desktop/ASIC/Projects/cleave/source/cleave_alu.v:59$83'.
     1/1: $1\result[31:0]
Creating decoders for process `\cleave_branch.$proc$/mnt/c/Users/Nitro/Desktop/ASIC/Projects/cleave/source/cleave_branch.v:45$65'.
     1/1: $1\take[0:0]
Creating decoders for process `\cleave_dmem.$proc$/mnt/c/Users/Nitro/Desktop/ASIC/Projects/cleave/source/cleave_dmem.v:96$55'.
     1/1: $1\rdata[31:0]
Creating decoders for process `\cleave_dmem.$proc$/mnt/c/Users/Nitro/Desktop/ASIC/Projects/cleave/source/cleave_dmem.v:82$25'.
     1/12: $1$memwr$\ram$/mnt/c/Users/Nitro/Desktop/ASIC/Projects/cleave/source/cleave_dmem.v:86$19_EN[31:0]$49
     2/12: $1$memwr$\ram$/mnt/c/Users/Nitro/Desktop/ASIC/Projects/cleave/source/cleave_dmem.v:86$19_DATA[31:0]$48
     3/12: $1$memwr$\ram$/mnt/c/Users/Nitro/Desktop/ASIC/Projects/cleave/source/cleave_dmem.v:86$19_ADDR[5:0]$47
     4/12: $1$memwr$\ram$/mnt/c/Users/Nitro/Desktop/ASIC/Projects/cleave/source/cleave_dmem.v:85$18_EN[31:0]$46
     5/12: $1$memwr$\ram$/mnt/c/Users/Nitro/Desktop/ASIC/Projects/cleave/source/cleave_dmem.v:85$18_DATA[31:0]$45
     6/12: $1$memwr$\ram$/mnt/c/Users/Nitro/Desktop/ASIC/Projects/cleave/source/cleave_dmem.v:85$18_ADDR[5:0]$44
     7/12: $1$memwr$\ram$/mnt/c/Users/Nitro/Desktop/ASIC/Projects/cleave/source/cleave_dmem.v:84$17_EN[31:0]$43
     8/12: $1$memwr$\ram$/mnt/c/Users/Nitro/Desktop/ASIC/Projects/cleave/source/cleave_dmem.v:84$17_DATA[31:0]$42
     9/12: $1$memwr$\ram$/mnt/c/Users/Nitro/Desktop/ASIC/Projects/cleave/source/cleave_dmem.v:84$17_ADDR[5:0]$41
    10/12: $1$memwr$\ram$/mnt/c/Users/Nitro/Desktop/ASIC/Projects/cleave/source/cleave_dmem.v:83$16_EN[31:0]$40
    11/12: $1$memwr$\ram$/mnt/c/Users/Nitro/Desktop/ASIC/Projects/cleave/source/cleave_dmem.v:83$16_DATA[31:0]$39
    12/12: $1$memwr$\ram$/mnt/c/Users/Nitro/Desktop/ASIC/Projects/cleave/source/cleave_dmem.v:83$16_ADDR[5:0]$38
Creating decoders for process `\cleave_dmem.$proc$/mnt/c/Users/Nitro/Desktop/ASIC/Projects/cleave/source/cleave_dmem.v:67$20'.
     1/2: $2\wstrb[3:0]
     2/2: $1\wstrb[3:0]
Creating decoders for process `\cleave_core.$proc$/mnt/c/Users/Nitro/Desktop/ASIC/Projects/cleave/source/cleave_core.v:175$14'.
     1/1: $1\dbg_byte[7:0]
Creating decoders for process `\cleave_core.$proc$/mnt/c/Users/Nitro/Desktop/ASIC/Projects/cleave/source/cleave_core.v:148$8'.
     1/1: $1\wb_data[31:0]
Creating decoders for process `\cleave_pc.$proc$/mnt/c/Users/Nitro/Desktop/ASIC/Projects/cleave/source/cleave_pc.v:23$503'.
     1/1: $0\pc[31:0]

14.8. Executing PROC_DLATCH pass (convert process syncs to latches).
No latch inferred for signal `\cleave_imem.\i' from process `\cleave_imem.$proc$/mnt/c/Users/Nitro/Desktop/ASIC/Projects/cleave/source/cleave_imem.v:50$374'.
No latch inferred for signal `\cleave_imem.$memwr$\rom$/mnt/c/Users/Nitro/Desktop/ASIC/Projects/cleave/source/cleave_imem.v:52$117_EN' from process `\cleave_imem.$proc$/mnt/c/Users/Nitro/Desktop/ASIC/Projects/cleave/source/cleave_imem.v:50$374'.
No latch inferred for signal `\cleave_imem.$memwr$\rom$/mnt/c/Users/Nitro/Desktop/ASIC/Projects/cleave/source/cleave_imem.v:52$118_EN' from process `\cleave_imem.$proc$/mnt/c/Users/Nitro/Desktop/ASIC/Projects/cleave/source/cleave_imem.v:50$374'.
No latch inferred for signal `\cleave_imem.$memwr$\rom$/mnt/c/Users/Nitro/Desktop/ASIC/Projects/cleave/source/cleave_imem.v:52$119_EN' from process `\cleave_imem.$proc$/mnt/c/Users/Nitro/Desktop/ASIC/Projects/cleave/source/cleave_imem.v:50$374'.
No latch inferred for signal `\cleave_imem.$memwr$\rom$/mnt/c/Users/Nitro/Desktop/ASIC/Projects/cleave/source/cleave_imem.v:52$120_EN' from process `\cleave_imem.$proc$/mnt/c/Users/Nitro/Desktop/ASIC/Projects/cleave/source/cleave_imem.v:50$374'.
No latch inferred for signal `\cleave_imem.$memwr$\rom$/mnt/c/Users/Nitro/Desktop/ASIC/Projects/cleave/source/cleave_imem.v:52$121_EN' from process `\cleave_imem.$proc$/mnt/c/Users/Nitro/Desktop/ASIC/Projects/cleave/source/cleave_imem.v:50$374'.
No latch inferred for signal `\cleave_imem.$memwr$\rom$/mnt/c/Users/Nitro/Desktop/ASIC/Projects/cleave/source/cleave_imem.v:52$122_EN' from process `\cleave_imem.$proc$/mnt/c/Users/Nitro/Desktop/ASIC/Projects/cleave/source/cleave_imem.v:50$374'.
No latch inferred for signal `\cleave_imem.$memwr$\rom$/mnt/c/Users/Nitro/Desktop/ASIC/Projects/cleave/source/cleave_imem.v:52$123_EN' from process `\cleave_imem.$proc$/mnt/c/Users/Nitro/Desktop/ASIC/Projects/cleave/source/cleave_imem.v:50$374'.
No latch inferred for signal `\cleave_imem.$memwr$\rom$/mnt/c/Users/Nitro/Desktop/ASIC/Projects/cleave/source/cleave_imem.v:52$124_EN' from process `\cleave_imem.$proc$/mnt/c/Users/Nitro/Desktop/ASIC/Projects/cleave/source/cleave_imem.v:50$374'.
No latch inferred for signal `\cleave_imem.$memwr$\rom$/mnt/c/Users/Nitro/Desktop/ASIC/Projects/cleave/source/cleave_imem.v:52$125_EN' from process `\cleave_imem.$proc$/mnt/c/Users/Nitro/Desktop/ASIC/Projects/cleave/source/cleave_imem.v:50$374'.
No latch inferred for signal `\cleave_imem.$memwr$\rom$/mnt/c/Users/Nitro/Desktop/ASIC/Projects/cleave/source/cleave_imem.v:52$126_EN' from process `\cleave_imem.$proc$/mnt/c/Users/Nitro/Desktop/ASIC/Projects/cleave/source/cleave_imem.v:50$374'.
No latch inferred for signal `\cleave_imem.$memwr$\rom$/mnt/c/Users/Nitro/Desktop/ASIC/Projects/cleave/source/cleave_imem.v:52$127_EN' from process `\cleave_imem.$proc$/mnt/c/Users/Nitro/Desktop/ASIC/Projects/cleave/source/cleave_imem.v:50$374'.
No latch inferred for signal `\cleave_imem.$memwr$\rom$/mnt/c/Users/Nitro/Desktop/ASIC/Projects/cleave/source/cleave_imem.v:52$128_EN' from process `\cleave_imem.$proc$/mnt/c/Users/Nitro/Desktop/ASIC/Projects/cleave/source/cleave_imem.v:50$374'.
No latch inferred for signal `\cleave_imem.$memwr$\rom$/mnt/c/Users/Nitro/Desktop/ASIC/Projects/cleave/source/cleave_imem.v:52$129_EN' from process `\cleave_imem.$proc$/mnt/c/Users/Nitro/Desktop/ASIC/Projects/cleave/source/cleave_imem.v:50$374'.
No latch inferred for signal `\cleave_imem.$memwr$\rom$/mnt/c/Users/Nitro/Desktop/ASIC/Projects/cleave/source/cleave_imem.v:52$130_EN' from process `\cleave_imem.$proc$/mnt/c/Users/Nitro/Desktop/ASIC/Projects/cleave/source/cleave_imem.v:50$374'.
No latch inferred for signal `\cleave_imem.$memwr$\rom$/mnt/c/Users/Nitro/Desktop/ASIC/Projects/cleave/source/cleave_imem.v:52$131_EN' from process `\cleave_imem.$proc$/mnt/c/Users/Nitro/Desktop/ASIC/Projects/cleave/source/cleave_imem.v:50$374'.
No latch inferred for signal `\cleave_imem.$memwr$\rom$/mnt/c/Users/Nitro/Desktop/ASIC/Projects/cleave/source/cleave_imem.v:52$132_EN' from process `\cleave_imem.$proc$/mnt/c/Users/Nitro/Desktop/ASIC/Projects/cleave/source/cleave_imem.v:50$374'.
No latch inferred for signal `\cleave_imem.$memwr$\rom$/mnt/c/Users/Nitro/Desktop/ASIC/Projects/cleave/source/cleave_imem.v:52$133_EN' from process `\cleave_imem.$proc$/mnt/c/Users/Nitro/Desktop/ASIC/Projects/cleave/source/cleave_imem.v:50$374'.
No latch inferred for signal `\cleave_imem.$memwr$\rom$/mnt/c/Users/Nitro/Desktop/ASIC/Projects/cleave/source/cleave_imem.v:52$134_EN' from process `\cleave_imem.$proc$/mnt/c/Users/Nitro/Desktop/ASIC/Projects/cleave/source/cleave_imem.v:50$374'.
No latch inferred for signal `\cleave_imem.$memwr$\rom$/mnt/c/Users/Nitro/Desktop/ASIC/Projects/cleave/source/cleave_imem.v:52$135_EN' from process `\cleave_imem.$proc$/mnt/c/Users/Nitro/Desktop/ASIC/Projects/cleave/source/cleave_imem.v:50$374'.
No latch inferred for signal `\cleave_imem.$memwr$\rom$/mnt/c/Users/Nitro/Desktop/ASIC/Projects/cleave/source/cleave_imem.v:52$136_EN' from process `\cleave_imem.$proc$/mnt/c/Users/Nitro/Desktop/ASIC/Projects/cleave/source/cleave_imem.v:50$374'.
No latch inferred for signal `\cleave_imem.$memwr$\rom$/mnt/c/Users/Nitro/Desktop/ASIC/Projects/cleave/source/cleave_imem.v:52$137_EN' from process `\cleave_imem.$proc$/mnt/c/Users/Nitro/Desktop/ASIC/Projects/cleave/source/cleave_imem.v:50$374'.
No latch inferred for signal `\cleave_imem.$memwr$\rom$/mnt/c/Users/Nitro/Desktop/ASIC/Projects/cleave/source/cleave_imem.v:52$138_EN' from process `\cleave_imem.$proc$/mnt/c/Users/Nitro/Desktop/ASIC/Projects/cleave/source/cleave_imem.v:50$374'.
No latch inferred for signal `\cleave_imem.$memwr$\rom$/mnt/c/Users/Nitro/Desktop/ASIC/Projects/cleave/source/cleave_imem.v:52$139_EN' from process `\cleave_imem.$proc$/mnt/c/Users/Nitro/Desktop/ASIC/Projects/cleave/source/cleave_imem.v:50$374'.
No latch inferred for signal `\cleave_imem.$memwr$\rom$/mnt/c/Users/Nitro/Desktop/ASIC/Projects/cleave/source/cleave_imem.v:52$140_EN' from process `\cleave_imem.$proc$/mnt/c/Users/Nitro/Desktop/ASIC/Projects/cleave/source/cleave_imem.v:50$374'.
No latch inferred for signal `\cleave_imem.$memwr$\rom$/mnt/c/Users/Nitro/Desktop/ASIC/Projects/cleave/source/cleave_imem.v:52$141_EN' from process `\cleave_imem.$proc$/mnt/c/Users/Nitro/Desktop/ASIC/Projects/cleave/source/cleave_imem.v:50$374'.
No latch inferred for signal `\cleave_imem.$memwr$\rom$/mnt/c/Users/Nitro/Desktop/ASIC/Projects/cleave/source/cleave_imem.v:52$142_EN' from process `\cleave_imem.$proc$/mnt/c/Users/Nitro/Desktop/ASIC/Projects/cleave/source/cleave_imem.v:50$374'.
No latch inferred for signal `\cleave_imem.$memwr$\rom$/mnt/c/Users/Nitro/Desktop/ASIC/Projects/cleave/source/cleave_imem.v:52$143_EN' from process `\cleave_imem.$proc$/mnt/c/Users/Nitro/Desktop/ASIC/Projects/cleave/source/cleave_imem.v:50$374'.
No latch inferred for signal `\cleave_imem.$memwr$\rom$/mnt/c/Users/Nitro/Desktop/ASIC/Projects/cleave/source/cleave_imem.v:52$144_EN' from process `\cleave_imem.$proc$/mnt/c/Users/Nitro/Desktop/ASIC/Projects/cleave/source/cleave_imem.v:50$374'.
No latch inferred for signal `\cleave_imem.$memwr$\rom$/mnt/c/Users/Nitro/Desktop/ASIC/Projects/cleave/source/cleave_imem.v:52$145_EN' from process `\cleave_imem.$proc$/mnt/c/Users/Nitro/Desktop/ASIC/Projects/cleave/source/cleave_imem.v:50$374'.
No latch inferred for signal `\cleave_imem.$memwr$\rom$/mnt/c/Users/Nitro/Desktop/ASIC/Projects/cleave/source/cleave_imem.v:52$146_EN' from process `\cleave_imem.$proc$/mnt/c/Users/Nitro/Desktop/ASIC/Projects/cleave/source/cleave_imem.v:50$374'.
No latch inferred for signal `\cleave_imem.$memwr$\rom$/mnt/c/Users/Nitro/Desktop/ASIC/Projects/cleave/source/cleave_imem.v:52$147_EN' from process `\cleave_imem.$proc$/mnt/c/Users/Nitro/Desktop/ASIC/Projects/cleave/source/cleave_imem.v:50$374'.
No latch inferred for signal `\cleave_imem.$memwr$\rom$/mnt/c/Users/Nitro/Desktop/ASIC/Projects/cleave/source/cleave_imem.v:52$148_EN' from process `\cleave_imem.$proc$/mnt/c/Users/Nitro/Desktop/ASIC/Projects/cleave/source/cleave_imem.v:50$374'.
No latch inferred for signal `\cleave_imem.$memwr$\rom$/mnt/c/Users/Nitro/Desktop/ASIC/Projects/cleave/source/cleave_imem.v:52$149_EN' from process `\cleave_imem.$proc$/mnt/c/Users/Nitro/Desktop/ASIC/Projects/cleave/source/cleave_imem.v:50$374'.
No latch inferred for signal `\cleave_imem.$memwr$\rom$/mnt/c/Users/Nitro/Desktop/ASIC/Projects/cleave/source/cleave_imem.v:52$150_EN' from process `\cleave_imem.$proc$/mnt/c/Users/Nitro/Desktop/ASIC/Projects/cleave/source/cleave_imem.v:50$374'.
No latch inferred for signal `\cleave_imem.$memwr$\rom$/mnt/c/Users/Nitro/Desktop/ASIC/Projects/cleave/source/cleave_imem.v:52$151_EN' from process `\cleave_imem.$proc$/mnt/c/Users/Nitro/Desktop/ASIC/Projects/cleave/source/cleave_imem.v:50$374'.
No latch inferred for signal `\cleave_imem.$memwr$\rom$/mnt/c/Users/Nitro/Desktop/ASIC/Projects/cleave/source/cleave_imem.v:52$152_EN' from process `\cleave_imem.$proc$/mnt/c/Users/Nitro/Desktop/ASIC/Projects/cleave/source/cleave_imem.v:50$374'.
No latch inferred for signal `\cleave_imem.$memwr$\rom$/mnt/c/Users/Nitro/Desktop/ASIC/Projects/cleave/source/cleave_imem.v:52$153_EN' from process `\cleave_imem.$proc$/mnt/c/Users/Nitro/Desktop/ASIC/Projects/cleave/source/cleave_imem.v:50$374'.
No latch inferred for signal `\cleave_imem.$memwr$\rom$/mnt/c/Users/Nitro/Desktop/ASIC/Projects/cleave/source/cleave_imem.v:52$154_EN' from process `\cleave_imem.$proc$/mnt/c/Users/Nitro/Desktop/ASIC/Projects/cleave/source/cleave_imem.v:50$374'.
No latch inferred for signal `\cleave_imem.$memwr$\rom$/mnt/c/Users/Nitro/Desktop/ASIC/Projects/cleave/source/cleave_imem.v:52$155_EN' from process `\cleave_imem.$proc$/mnt/c/Users/Nitro/Desktop/ASIC/Projects/cleave/source/cleave_imem.v:50$374'.
No latch inferred for signal `\cleave_imem.$memwr$\rom$/mnt/c/Users/Nitro/Desktop/ASIC/Projects/cleave/source/cleave_imem.v:52$156_EN' from process `\cleave_imem.$proc$/mnt/c/Users/Nitro/Desktop/ASIC/Projects/cleave/source/cleave_imem.v:50$374'.
No latch inferred for signal `\cleave_imem.$memwr$\rom$/mnt/c/Users/Nitro/Desktop/ASIC/Projects/cleave/source/cleave_imem.v:52$157_EN' from process `\cleave_imem.$proc$/mnt/c/Users/Nitro/Desktop/ASIC/Projects/cleave/source/cleave_imem.v:50$374'.
No latch inferred for signal `\cleave_imem.$memwr$\rom$/mnt/c/Users/Nitro/Desktop/ASIC/Projects/cleave/source/cleave_imem.v:52$158_EN' from process `\cleave_imem.$proc$/mnt/c/Users/Nitro/Desktop/ASIC/Projects/cleave/source/cleave_imem.v:50$374'.
No latch inferred for signal `\cleave_imem.$memwr$\rom$/mnt/c/Users/Nitro/Desktop/ASIC/Projects/cleave/source/cleave_imem.v:52$159_EN' from process `\cleave_imem.$proc$/mnt/c/Users/Nitro/Desktop/ASIC/Projects/cleave/source/cleave_imem.v:50$374'.
No latch inferred for signal `\cleave_imem.$memwr$\rom$/mnt/c/Users/Nitro/Desktop/ASIC/Projects/cleave/source/cleave_imem.v:52$160_EN' from process `\cleave_imem.$proc$/mnt/c/Users/Nitro/Desktop/ASIC/Projects/cleave/source/cleave_imem.v:50$374'.
No latch inferred for signal `\cleave_imem.$memwr$\rom$/mnt/c/Users/Nitro/Desktop/ASIC/Projects/cleave/source/cleave_imem.v:52$161_EN' from process `\cleave_imem.$proc$/mnt/c/Users/Nitro/Desktop/ASIC/Projects/cleave/source/cleave_imem.v:50$374'.
No latch inferred for signal `\cleave_imem.$memwr$\rom$/mnt/c/Users/Nitro/Desktop/ASIC/Projects/cleave/source/cleave_imem.v:52$162_EN' from process `\cleave_imem.$proc$/mnt/c/Users/Nitro/Desktop/ASIC/Projects/cleave/source/cleave_imem.v:50$374'.
No latch inferred for signal `\cleave_imem.$memwr$\rom$/mnt/c/Users/Nitro/Desktop/ASIC/Projects/cleave/source/cleave_imem.v:52$163_EN' from process `\cleave_imem.$proc$/mnt/c/Users/Nitro/Desktop/ASIC/Projects/cleave/source/cleave_imem.v:50$374'.
No latch inferred for signal `\cleave_imem.$memwr$\rom$/mnt/c/Users/Nitro/Desktop/ASIC/Projects/cleave/source/cleave_imem.v:52$164_EN' from process `\cleave_imem.$proc$/mnt/c/Users/Nitro/Desktop/ASIC/Projects/cleave/source/cleave_imem.v:50$374'.
No latch inferred for signal `\cleave_imem.$memwr$\rom$/mnt/c/Users/Nitro/Desktop/ASIC/Projects/cleave/source/cleave_imem.v:52$165_EN' from process `\cleave_imem.$proc$/mnt/c/Users/Nitro/Desktop/ASIC/Projects/cleave/source/cleave_imem.v:50$374'.
No latch inferred for signal `\cleave_imem.$memwr$\rom$/mnt/c/Users/Nitro/Desktop/ASIC/Projects/cleave/source/cleave_imem.v:52$166_EN' from process `\cleave_imem.$proc$/mnt/c/Users/Nitro/Desktop/ASIC/Projects/cleave/source/cleave_imem.v:50$374'.
No latch inferred for signal `\cleave_imem.$memwr$\rom$/mnt/c/Users/Nitro/Desktop/ASIC/Projects/cleave/source/cleave_imem.v:52$167_EN' from process `\cleave_imem.$proc$/mnt/c/Users/Nitro/Desktop/ASIC/Projects/cleave/source/cleave_imem.v:50$374'.
No latch inferred for signal `\cleave_imem.$memwr$\rom$/mnt/c/Users/Nitro/Desktop/ASIC/Projects/cleave/source/cleave_imem.v:52$168_EN' from process `\cleave_imem.$proc$/mnt/c/Users/Nitro/Desktop/ASIC/Projects/cleave/source/cleave_imem.v:50$374'.
No latch inferred for signal `\cleave_imem.$memwr$\rom$/mnt/c/Users/Nitro/Desktop/ASIC/Projects/cleave/source/cleave_imem.v:52$169_EN' from process `\cleave_imem.$proc$/mnt/c/Users/Nitro/Desktop/ASIC/Projects/cleave/source/cleave_imem.v:50$374'.
No latch inferred for signal `\cleave_imem.$memwr$\rom$/mnt/c/Users/Nitro/Desktop/ASIC/Projects/cleave/source/cleave_imem.v:52$170_EN' from process `\cleave_imem.$proc$/mnt/c/Users/Nitro/Desktop/ASIC/Projects/cleave/source/cleave_imem.v:50$374'.
No latch inferred for signal `\cleave_imem.$memwr$\rom$/mnt/c/Users/Nitro/Desktop/ASIC/Projects/cleave/source/cleave_imem.v:52$171_EN' from process `\cleave_imem.$proc$/mnt/c/Users/Nitro/Desktop/ASIC/Projects/cleave/source/cleave_imem.v:50$374'.
No latch inferred for signal `\cleave_imem.$memwr$\rom$/mnt/c/Users/Nitro/Desktop/ASIC/Projects/cleave/source/cleave_imem.v:52$172_EN' from process `\cleave_imem.$proc$/mnt/c/Users/Nitro/Desktop/ASIC/Projects/cleave/source/cleave_imem.v:50$374'.
No latch inferred for signal `\cleave_imem.$memwr$\rom$/mnt/c/Users/Nitro/Desktop/ASIC/Projects/cleave/source/cleave_imem.v:52$173_EN' from process `\cleave_imem.$proc$/mnt/c/Users/Nitro/Desktop/ASIC/Projects/cleave/source/cleave_imem.v:50$374'.
No latch inferred for signal `\cleave_imem.$memwr$\rom$/mnt/c/Users/Nitro/Desktop/ASIC/Projects/cleave/source/cleave_imem.v:52$174_EN' from process `\cleave_imem.$proc$/mnt/c/Users/Nitro/Desktop/ASIC/Projects/cleave/source/cleave_imem.v:50$374'.
No latch inferred for signal `\cleave_imem.$memwr$\rom$/mnt/c/Users/Nitro/Desktop/ASIC/Projects/cleave/source/cleave_imem.v:52$175_EN' from process `\cleave_imem.$proc$/mnt/c/Users/Nitro/Desktop/ASIC/Projects/cleave/source/cleave_imem.v:50$374'.
No latch inferred for signal `\cleave_imem.$memwr$\rom$/mnt/c/Users/Nitro/Desktop/ASIC/Projects/cleave/source/cleave_imem.v:52$176_EN' from process `\cleave_imem.$proc$/mnt/c/Users/Nitro/Desktop/ASIC/Projects/cleave/source/cleave_imem.v:50$374'.
No latch inferred for signal `\cleave_imem.$memwr$\rom$/mnt/c/Users/Nitro/Desktop/ASIC/Projects/cleave/source/cleave_imem.v:52$177_EN' from process `\cleave_imem.$proc$/mnt/c/Users/Nitro/Desktop/ASIC/Projects/cleave/source/cleave_imem.v:50$374'.
No latch inferred for signal `\cleave_imem.$memwr$\rom$/mnt/c/Users/Nitro/Desktop/ASIC/Projects/cleave/source/cleave_imem.v:52$178_EN' from process `\cleave_imem.$proc$/mnt/c/Users/Nitro/Desktop/ASIC/Projects/cleave/source/cleave_imem.v:50$374'.
No latch inferred for signal `\cleave_imem.$memwr$\rom$/mnt/c/Users/Nitro/Desktop/ASIC/Projects/cleave/source/cleave_imem.v:52$179_EN' from process `\cleave_imem.$proc$/mnt/c/Users/Nitro/Desktop/ASIC/Projects/cleave/source/cleave_imem.v:50$374'.
No latch inferred for signal `\cleave_imem.$memwr$\rom$/mnt/c/Users/Nitro/Desktop/ASIC/Projects/cleave/source/cleave_imem.v:52$180_EN' from process `\cleave_imem.$proc$/mnt/c/Users/Nitro/Desktop/ASIC/Projects/cleave/source/cleave_imem.v:50$374'.
No latch inferred for signal `\cleave_imem.$memwr$\rom$/mnt/c/Users/Nitro/Desktop/ASIC/Projects/cleave/source/cleave_imem.v:55$181_EN' from process `\cleave_imem.$proc$/mnt/c/Users/Nitro/Desktop/ASIC/Projects/cleave/source/cleave_imem.v:50$374'.
No latch inferred for signal `\cleave_imem.$memwr$\rom$/mnt/c/Users/Nitro/Desktop/ASIC/Projects/cleave/source/cleave_imem.v:56$182_EN' from process `\cleave_imem.$proc$/mnt/c/Users/Nitro/Desktop/ASIC/Projects/cleave/source/cleave_imem.v:50$374'.
No latch inferred for signal `\cleave_imem.$memwr$\rom$/mnt/c/Users/Nitro/Desktop/ASIC/Projects/cleave/source/cleave_imem.v:57$183_EN' from process `\cleave_imem.$proc$/mnt/c/Users/Nitro/Desktop/ASIC/Projects/cleave/source/cleave_imem.v:50$374'.
No latch inferred for signal `\cleave_imem.$memwr$\rom$/mnt/c/Users/Nitro/Desktop/ASIC/Projects/cleave/source/cleave_imem.v:58$184_EN' from process `\cleave_imem.$proc$/mnt/c/Users/Nitro/Desktop/ASIC/Projects/cleave/source/cleave_imem.v:50$374'.
No latch inferred for signal `\cleave_imem.$memwr$\rom$/mnt/c/Users/Nitro/Desktop/ASIC/Projects/cleave/source/cleave_imem.v:59$185_EN' from process `\cleave_imem.$proc$/mnt/c/Users/Nitro/Desktop/ASIC/Projects/cleave/source/cleave_imem.v:50$374'.
No latch inferred for signal `\cleave_imem.$memwr$\rom$/mnt/c/Users/Nitro/Desktop/ASIC/Projects/cleave/source/cleave_imem.v:60$186_EN' from process `\cleave_imem.$proc$/mnt/c/Users/Nitro/Desktop/ASIC/Projects/cleave/source/cleave_imem.v:50$374'.
No latch inferred for signal `\cleave_imem.$memwr$\rom$/mnt/c/Users/Nitro/Desktop/ASIC/Projects/cleave/source/cleave_imem.v:61$187_EN' from process `\cleave_imem.$proc$/mnt/c/Users/Nitro/Desktop/ASIC/Projects/cleave/source/cleave_imem.v:50$374'.
No latch inferred for signal `\cleave_imem.$memwr$\rom$/mnt/c/Users/Nitro/Desktop/ASIC/Projects/cleave/source/cleave_imem.v:62$188_EN' from process `\cleave_imem.$proc$/mnt/c/Users/Nitro/Desktop/ASIC/Projects/cleave/source/cleave_imem.v:50$374'.
No latch inferred for signal `\cleave_imem.$memwr$\rom$/mnt/c/Users/Nitro/Desktop/ASIC/Projects/cleave/source/cleave_imem.v:63$189_EN' from process `\cleave_imem.$proc$/mnt/c/Users/Nitro/Desktop/ASIC/Projects/cleave/source/cleave_imem.v:50$374'.
No latch inferred for signal `\cleave_imem.$memwr$\rom$/mnt/c/Users/Nitro/Desktop/ASIC/Projects/cleave/source/cleave_imem.v:64$190_EN' from process `\cleave_imem.$proc$/mnt/c/Users/Nitro/Desktop/ASIC/Projects/cleave/source/cleave_imem.v:50$374'.
No latch inferred for signal `\cleave_imem.$memwr$\rom$/mnt/c/Users/Nitro/Desktop/ASIC/Projects/cleave/source/cleave_imem.v:66$191_EN' from process `\cleave_imem.$proc$/mnt/c/Users/Nitro/Desktop/ASIC/Projects/cleave/source/cleave_imem.v:50$374'.
No latch inferred for signal `\cleave_imem.$memwr$\rom$/mnt/c/Users/Nitro/Desktop/ASIC/Projects/cleave/source/cleave_imem.v:67$192_EN' from process `\cleave_imem.$proc$/mnt/c/Users/Nitro/Desktop/ASIC/Projects/cleave/source/cleave_imem.v:50$374'.
No latch inferred for signal `\cleave_imem.$memwr$\rom$/mnt/c/Users/Nitro/Desktop/ASIC/Projects/cleave/source/cleave_imem.v:68$193_EN' from process `\cleave_imem.$proc$/mnt/c/Users/Nitro/Desktop/ASIC/Projects/cleave/source/cleave_imem.v:50$374'.
No latch inferred for signal `\cleave_imem.$memwr$\rom$/mnt/c/Users/Nitro/Desktop/ASIC/Projects/cleave/source/cleave_imem.v:69$194_EN' from process `\cleave_imem.$proc$/mnt/c/Users/Nitro/Desktop/ASIC/Projects/cleave/source/cleave_imem.v:50$374'.
No latch inferred for signal `\cleave_imem.$memwr$\rom$/mnt/c/Users/Nitro/Desktop/ASIC/Projects/cleave/source/cleave_imem.v:70$195_EN' from process `\cleave_imem.$proc$/mnt/c/Users/Nitro/Desktop/ASIC/Projects/cleave/source/cleave_imem.v:50$374'.
No latch inferred for signal `\cleave_imem.$memwr$\rom$/mnt/c/Users/Nitro/Desktop/ASIC/Projects/cleave/source/cleave_imem.v:71$196_EN' from process `\cleave_imem.$proc$/mnt/c/Users/Nitro/Desktop/ASIC/Projects/cleave/source/cleave_imem.v:50$374'.
No latch inferred for signal `\cleave_imem.$memwr$\rom$/mnt/c/Users/Nitro/Desktop/ASIC/Projects/cleave/source/cleave_imem.v:72$197_EN' from process `\cleave_imem.$proc$/mnt/c/Users/Nitro/Desktop/ASIC/Projects/cleave/source/cleave_imem.v:50$374'.
No latch inferred for signal `\cleave_imem.$memwr$\rom$/mnt/c/Users/Nitro/Desktop/ASIC/Projects/cleave/source/cleave_imem.v:73$198_EN' from process `\cleave_imem.$proc$/mnt/c/Users/Nitro/Desktop/ASIC/Projects/cleave/source/cleave_imem.v:50$374'.
No latch inferred for signal `\cleave_imem.$memwr$\rom$/mnt/c/Users/Nitro/Desktop/ASIC/Projects/cleave/source/cleave_imem.v:74$199_EN' from process `\cleave_imem.$proc$/mnt/c/Users/Nitro/Desktop/ASIC/Projects/cleave/source/cleave_imem.v:50$374'.
No latch inferred for signal `\cleave_imem.$memwr$\rom$/mnt/c/Users/Nitro/Desktop/ASIC/Projects/cleave/source/cleave_imem.v:75$200_EN' from process `\cleave_imem.$proc$/mnt/c/Users/Nitro/Desktop/ASIC/Projects/cleave/source/cleave_imem.v:50$374'.
No latch inferred for signal `\cleave_imem.$memwr$\rom$/mnt/c/Users/Nitro/Desktop/ASIC/Projects/cleave/source/cleave_imem.v:77$201_EN' from process `\cleave_imem.$proc$/mnt/c/Users/Nitro/Desktop/ASIC/Projects/cleave/source/cleave_imem.v:50$374'.
No latch inferred for signal `\cleave_imem.$memwr$\rom$/mnt/c/Users/Nitro/Desktop/ASIC/Projects/cleave/source/cleave_imem.v:78$202_EN' from process `\cleave_imem.$proc$/mnt/c/Users/Nitro/Desktop/ASIC/Projects/cleave/source/cleave_imem.v:50$374'.
No latch inferred for signal `\cleave_imem.$memwr$\rom$/mnt/c/Users/Nitro/Desktop/ASIC/Projects/cleave/source/cleave_imem.v:80$203_EN' from process `\cleave_imem.$proc$/mnt/c/Users/Nitro/Desktop/ASIC/Projects/cleave/source/cleave_imem.v:50$374'.
No latch inferred for signal `\cleave_imem.$memwr$\rom$/mnt/c/Users/Nitro/Desktop/ASIC/Projects/cleave/source/cleave_imem.v:81$204_EN' from process `\cleave_imem.$proc$/mnt/c/Users/Nitro/Desktop/ASIC/Projects/cleave/source/cleave_imem.v:50$374'.
No latch inferred for signal `\cleave_imem.$memwr$\rom$/mnt/c/Users/Nitro/Desktop/ASIC/Projects/cleave/source/cleave_imem.v:82$205_EN' from process `\cleave_imem.$proc$/mnt/c/Users/Nitro/Desktop/ASIC/Projects/cleave/source/cleave_imem.v:50$374'.
No latch inferred for signal `\cleave_imem.$memwr$\rom$/mnt/c/Users/Nitro/Desktop/ASIC/Projects/cleave/source/cleave_imem.v:83$206_EN' from process `\cleave_imem.$proc$/mnt/c/Users/Nitro/Desktop/ASIC/Projects/cleave/source/cleave_imem.v:50$374'.
No latch inferred for signal `\cleave_imem.$memwr$\rom$/mnt/c/Users/Nitro/Desktop/ASIC/Projects/cleave/source/cleave_imem.v:84$207_EN' from process `\cleave_imem.$proc$/mnt/c/Users/Nitro/Desktop/ASIC/Projects/cleave/source/cleave_imem.v:50$374'.
No latch inferred for signal `\cleave_imem.$memwr$\rom$/mnt/c/Users/Nitro/Desktop/ASIC/Projects/cleave/source/cleave_imem.v:85$208_EN' from process `\cleave_imem.$proc$/mnt/c/Users/Nitro/Desktop/ASIC/Projects/cleave/source/cleave_imem.v:50$374'.
No latch inferred for signal `\cleave_imem.$memwr$\rom$/mnt/c/Users/Nitro/Desktop/ASIC/Projects/cleave/source/cleave_imem.v:86$209_EN' from process `\cleave_imem.$proc$/mnt/c/Users/Nitro/Desktop/ASIC/Projects/cleave/source/cleave_imem.v:50$374'.
No latch inferred for signal `\cleave_imem.$memwr$\rom$/mnt/c/Users/Nitro/Desktop/ASIC/Projects/cleave/source/cleave_imem.v:87$210_EN' from process `\cleave_imem.$proc$/mnt/c/Users/Nitro/Desktop/ASIC/Projects/cleave/source/cleave_imem.v:50$374'.
No latch inferred for signal `\cleave_imem.$memwr$\rom$/mnt/c/Users/Nitro/Desktop/ASIC/Projects/cleave/source/cleave_imem.v:88$211_EN' from process `\cleave_imem.$proc$/mnt/c/Users/Nitro/Desktop/ASIC/Projects/cleave/source/cleave_imem.v:50$374'.
No latch inferred for signal `\cleave_imem.$memwr$\rom$/mnt/c/Users/Nitro/Desktop/ASIC/Projects/cleave/source/cleave_imem.v:89$212_EN' from process `\cleave_imem.$proc$/mnt/c/Users/Nitro/Desktop/ASIC/Projects/cleave/source/cleave_imem.v:50$374'.
No latch inferred for signal `\cleave_imem.$memwr$\rom$/mnt/c/Users/Nitro/Desktop/ASIC/Projects/cleave/source/cleave_imem.v:90$213_EN' from process `\cleave_imem.$proc$/mnt/c/Users/Nitro/Desktop/ASIC/Projects/cleave/source/cleave_imem.v:50$374'.
No latch inferred for signal `\cleave_imem.$memwr$\rom$/mnt/c/Users/Nitro/Desktop/ASIC/Projects/cleave/source/cleave_imem.v:92$214_EN' from process `\cleave_imem.$proc$/mnt/c/Users/Nitro/Desktop/ASIC/Projects/cleave/source/cleave_imem.v:50$374'.
No latch inferred for signal `\cleave_imem.$memwr$\rom$/mnt/c/Users/Nitro/Desktop/ASIC/Projects/cleave/source/cleave_imem.v:93$215_EN' from process `\cleave_imem.$proc$/mnt/c/Users/Nitro/Desktop/ASIC/Projects/cleave/source/cleave_imem.v:50$374'.
No latch inferred for signal `\cleave_imem.$memwr$\rom$/mnt/c/Users/Nitro/Desktop/ASIC/Projects/cleave/source/cleave_imem.v:94$216_EN' from process `\cleave_imem.$proc$/mnt/c/Users/Nitro/Desktop/ASIC/Projects/cleave/source/cleave_imem.v:50$374'.
No latch inferred for signal `\cleave_imem.$memwr$\rom$/mnt/c/Users/Nitro/Desktop/ASIC/Projects/cleave/source/cleave_imem.v:95$217_EN' from process `\cleave_imem.$proc$/mnt/c/Users/Nitro/Desktop/ASIC/Projects/cleave/source/cleave_imem.v:50$374'.
No latch inferred for signal `\cleave_imem.$memwr$\rom$/mnt/c/Users/Nitro/Desktop/ASIC/Projects/cleave/source/cleave_imem.v:96$218_EN' from process `\cleave_imem.$proc$/mnt/c/Users/Nitro/Desktop/ASIC/Projects/cleave/source/cleave_imem.v:50$374'.
No latch inferred for signal `\cleave_imem.$memwr$\rom$/mnt/c/Users/Nitro/Desktop/ASIC/Projects/cleave/source/cleave_imem.v:97$219_EN' from process `\cleave_imem.$proc$/mnt/c/Users/Nitro/Desktop/ASIC/Projects/cleave/source/cleave_imem.v:50$374'.
No latch inferred for signal `\cleave_imem.$memwr$\rom$/mnt/c/Users/Nitro/Desktop/ASIC/Projects/cleave/source/cleave_imem.v:98$220_EN' from process `\cleave_imem.$proc$/mnt/c/Users/Nitro/Desktop/ASIC/Projects/cleave/source/cleave_imem.v:50$374'.
No latch inferred for signal `\cleave_imem.$memwr$\rom$/mnt/c/Users/Nitro/Desktop/ASIC/Projects/cleave/source/cleave_imem.v:99$221_EN' from process `\cleave_imem.$proc$/mnt/c/Users/Nitro/Desktop/ASIC/Projects/cleave/source/cleave_imem.v:50$374'.
No latch inferred for signal `\cleave_imem.$memwr$\rom$/mnt/c/Users/Nitro/Desktop/ASIC/Projects/cleave/source/cleave_imem.v:100$222_EN' from process `\cleave_imem.$proc$/mnt/c/Users/Nitro/Desktop/ASIC/Projects/cleave/source/cleave_imem.v:50$374'.
No latch inferred for signal `\cleave_imem.$memwr$\rom$/mnt/c/Users/Nitro/Desktop/ASIC/Projects/cleave/source/cleave_imem.v:101$223_EN' from process `\cleave_imem.$proc$/mnt/c/Users/Nitro/Desktop/ASIC/Projects/cleave/source/cleave_imem.v:50$374'.
No latch inferred for signal `\cleave_imem.$memwr$\rom$/mnt/c/Users/Nitro/Desktop/ASIC/Projects/cleave/source/cleave_imem.v:102$224_EN' from process `\cleave_imem.$proc$/mnt/c/Users/Nitro/Desktop/ASIC/Projects/cleave/source/cleave_imem.v:50$374'.
No latch inferred for signal `\cleave_imem.$memwr$\rom$/mnt/c/Users/Nitro/Desktop/ASIC/Projects/cleave/source/cleave_imem.v:103$225_EN' from process `\cleave_imem.$proc$/mnt/c/Users/Nitro/Desktop/ASIC/Projects/cleave/source/cleave_imem.v:50$374'.
No latch inferred for signal `\cleave_imem.$memwr$\rom$/mnt/c/Users/Nitro/Desktop/ASIC/Projects/cleave/source/cleave_imem.v:104$226_EN' from process `\cleave_imem.$proc$/mnt/c/Users/Nitro/Desktop/ASIC/Projects/cleave/source/cleave_imem.v:50$374'.
No latch inferred for signal `\cleave_imem.$memwr$\rom$/mnt/c/Users/Nitro/Desktop/ASIC/Projects/cleave/source/cleave_imem.v:105$227_EN' from process `\cleave_imem.$proc$/mnt/c/Users/Nitro/Desktop/ASIC/Projects/cleave/source/cleave_imem.v:50$374'.
No latch inferred for signal `\cleave_imem.$memwr$\rom$/mnt/c/Users/Nitro/Desktop/ASIC/Projects/cleave/source/cleave_imem.v:106$228_EN' from process `\cleave_imem.$proc$/mnt/c/Users/Nitro/Desktop/ASIC/Projects/cleave/source/cleave_imem.v:50$374'.
No latch inferred for signal `\cleave_imem.$memwr$\rom$/mnt/c/Users/Nitro/Desktop/ASIC/Projects/cleave/source/cleave_imem.v:107$229_EN' from process `\cleave_imem.$proc$/mnt/c/Users/Nitro/Desktop/ASIC/Projects/cleave/source/cleave_imem.v:50$374'.
No latch inferred for signal `\cleave_imem.$memwr$\rom$/mnt/c/Users/Nitro/Desktop/ASIC/Projects/cleave/source/cleave_imem.v:108$230_EN' from process `\cleave_imem.$proc$/mnt/c/Users/Nitro/Desktop/ASIC/Projects/cleave/source/cleave_imem.v:50$374'.
No latch inferred for signal `\cleave_imem.$memwr$\rom$/mnt/c/Users/Nitro/Desktop/ASIC/Projects/cleave/source/cleave_imem.v:109$231_EN' from process `\cleave_imem.$proc$/mnt/c/Users/Nitro/Desktop/ASIC/Projects/cleave/source/cleave_imem.v:50$374'.
No latch inferred for signal `\cleave_imem.$memwr$\rom$/mnt/c/Users/Nitro/Desktop/ASIC/Projects/cleave/source/cleave_imem.v:110$232_EN' from process `\cleave_imem.$proc$/mnt/c/Users/Nitro/Desktop/ASIC/Projects/cleave/source/cleave_imem.v:50$374'.
No latch inferred for signal `\cleave_imem.$memwr$\rom$/mnt/c/Users/Nitro/Desktop/ASIC/Projects/cleave/source/cleave_imem.v:111$233_EN' from process `\cleave_imem.$proc$/mnt/c/Users/Nitro/Desktop/ASIC/Projects/cleave/source/cleave_imem.v:50$374'.
No latch inferred for signal `\cleave_imem.$memwr$\rom$/mnt/c/Users/Nitro/Desktop/ASIC/Projects/cleave/source/cleave_imem.v:112$234_EN' from process `\cleave_imem.$proc$/mnt/c/Users/Nitro/Desktop/ASIC/Projects/cleave/source/cleave_imem.v:50$374'.
No latch inferred for signal `\cleave_imem.$memwr$\rom$/mnt/c/Users/Nitro/Desktop/ASIC/Projects/cleave/source/cleave_imem.v:113$235_EN' from process `\cleave_imem.$proc$/mnt/c/Users/Nitro/Desktop/ASIC/Projects/cleave/source/cleave_imem.v:50$374'.
No latch inferred for signal `\cleave_imem.$memwr$\rom$/mnt/c/Users/Nitro/Desktop/ASIC/Projects/cleave/source/cleave_imem.v:114$236_EN' from process `\cleave_imem.$proc$/mnt/c/Users/Nitro/Desktop/ASIC/Projects/cleave/source/cleave_imem.v:50$374'.
No latch inferred for signal `\cleave_imem.$memwr$\rom$/mnt/c/Users/Nitro/Desktop/ASIC/Projects/cleave/source/cleave_imem.v:116$237_EN' from process `\cleave_imem.$proc$/mnt/c/Users/Nitro/Desktop/ASIC/Projects/cleave/source/cleave_imem.v:50$374'.
No latch inferred for signal `\cleave_imem.$memwr$\rom$/mnt/c/Users/Nitro/Desktop/ASIC/Projects/cleave/source/cleave_imem.v:117$238_EN' from process `\cleave_imem.$proc$/mnt/c/Users/Nitro/Desktop/ASIC/Projects/cleave/source/cleave_imem.v:50$374'.
No latch inferred for signal `\cleave_imem.$memwr$\rom$/mnt/c/Users/Nitro/Desktop/ASIC/Projects/cleave/source/cleave_imem.v:118$239_EN' from process `\cleave_imem.$proc$/mnt/c/Users/Nitro/Desktop/ASIC/Projects/cleave/source/cleave_imem.v:50$374'.
No latch inferred for signal `\cleave_imem.$memwr$\rom$/mnt/c/Users/Nitro/Desktop/ASIC/Projects/cleave/source/cleave_imem.v:119$240_EN' from process `\cleave_imem.$proc$/mnt/c/Users/Nitro/Desktop/ASIC/Projects/cleave/source/cleave_imem.v:50$374'.
No latch inferred for signal `\cleave_imem.$memwr$\rom$/mnt/c/Users/Nitro/Desktop/ASIC/Projects/cleave/source/cleave_imem.v:120$241_EN' from process `\cleave_imem.$proc$/mnt/c/Users/Nitro/Desktop/ASIC/Projects/cleave/source/cleave_imem.v:50$374'.
No latch inferred for signal `\cleave_imem.$memwr$\rom$/mnt/c/Users/Nitro/Desktop/ASIC/Projects/cleave/source/cleave_imem.v:122$242_EN' from process `\cleave_imem.$proc$/mnt/c/Users/Nitro/Desktop/ASIC/Projects/cleave/source/cleave_imem.v:50$374'.
No latch inferred for signal `\cleave_imem.$memwr$\rom$/mnt/c/Users/Nitro/Desktop/ASIC/Projects/cleave/source/cleave_imem.v:123$243_EN' from process `\cleave_imem.$proc$/mnt/c/Users/Nitro/Desktop/ASIC/Projects/cleave/source/cleave_imem.v:50$374'.
No latch inferred for signal `\cleave_imem.$memwr$\rom$/mnt/c/Users/Nitro/Desktop/ASIC/Projects/cleave/source/cleave_imem.v:125$244_EN' from process `\cleave_imem.$proc$/mnt/c/Users/Nitro/Desktop/ASIC/Projects/cleave/source/cleave_imem.v:50$374'.
No latch inferred for signal `\cleave_control.\reg_write' from process `\cleave_control.$proc$/mnt/c/Users/Nitro/Desktop/ASIC/Projects/cleave/source/cleave_control.v:78$115'.
No latch inferred for signal `\cleave_control.\alu_src_a' from process `\cleave_control.$proc$/mnt/c/Users/Nitro/Desktop/ASIC/Projects/cleave/source/cleave_control.v:78$115'.
No latch inferred for signal `\cleave_control.\alu_src_b' from process `\cleave_control.$proc$/mnt/c/Users/Nitro/Desktop/ASIC/Projects/cleave/source/cleave_control.v:78$115'.
No latch inferred for signal `\cleave_control.\mem_read' from process `\cleave_control.$proc$/mnt/c/Users/Nitro/Desktop/ASIC/Projects/cleave/source/cleave_control.v:78$115'.
No latch inferred for signal `\cleave_control.\mem_write' from process `\cleave_control.$proc$/mnt/c/Users/Nitro/Desktop/ASIC/Projects/cleave/source/cleave_control.v:78$115'.
No latch inferred for signal `\cleave_control.\branch' from process `\cleave_control.$proc$/mnt/c/Users/Nitro/Desktop/ASIC/Projects/cleave/source/cleave_control.v:78$115'.
No latch inferred for signal `\cleave_control.\jump' from process `\cleave_control.$proc$/mnt/c/Users/Nitro/Desktop/ASIC/Projects/cleave/source/cleave_control.v:78$115'.
No latch inferred for signal `\cleave_control.\jalr' from process `\cleave_control.$proc$/mnt/c/Users/Nitro/Desktop/ASIC/Projects/cleave/source/cleave_control.v:78$115'.
No latch inferred for signal `\cleave_control.\illegal_instr' from process `\cleave_control.$proc$/mnt/c/Users/Nitro/Desktop/ASIC/Projects/cleave/source/cleave_control.v:78$115'.
No latch inferred for signal `\cleave_control.\result_src' from process `\cleave_control.$proc$/mnt/c/Users/Nitro/Desktop/ASIC/Projects/cleave/source/cleave_control.v:78$115'.
No latch inferred for signal `\cleave_control.\imm_sel' from process `\cleave_control.$proc$/mnt/c/Users/Nitro/Desktop/ASIC/Projects/cleave/source/cleave_control.v:78$115'.
No latch inferred for signal `\cleave_control.\alu_ctrl' from process `\cleave_control.$proc$/mnt/c/Users/Nitro/Desktop/ASIC/Projects/cleave/source/cleave_control.v:78$115'.
No latch inferred for signal `\cleave_immgen.\imm' from process `\cleave_immgen.$proc$/mnt/c/Users/Nitro/Desktop/ASIC/Projects/cleave/source/cleave_immgen.v:30$92'.
No latch inferred for signal `\cleave_alu.\result' from process `\cleave_alu.$proc$/mnt/c/Users/Nitro/Desktop/ASIC/Projects/cleave/source/cleave_alu.v:59$83'.
No latch inferred for signal `\cleave_branch.\take' from process `\cleave_branch.$proc$/mnt/c/Users/Nitro/Desktop/ASIC/Projects/cleave/source/cleave_branch.v:45$65'.
No latch inferred for signal `\cleave_dmem.\rdata' from process `\cleave_dmem.$proc$/mnt/c/Users/Nitro/Desktop/ASIC/Projects/cleave/source/cleave_dmem.v:96$55'.
No latch inferred for signal `\cleave_dmem.\wstrb' from process `\cleave_dmem.$proc$/mnt/c/Users/Nitro/Desktop/ASIC/Projects/cleave/source/cleave_dmem.v:67$20'.
No latch inferred for signal `\cleave_core.\dbg_byte' from process `\cleave_core.$proc$/mnt/c/Users/Nitro/Desktop/ASIC/Projects/cleave/source/cleave_core.v:175$14'.
No latch inferred for signal `\cleave_core.\wb_data' from process `\cleave_core.$proc$/mnt/c/Users/Nitro/Desktop/ASIC/Projects/cleave/source/cleave_core.v:148$8'.

14.9. Executing PROC_DFF pass (convert process syncs to FFs).
Creating register for signal `\cleave_regfile.$memwr$\regs$/mnt/c/Users/Nitro/Desktop/ASIC/Projects/cleave/source/cleave_regfile.v:60$93_ADDR' using process `\cleave_regfile.$proc$/mnt/c/Users/Nitro/Desktop/ASIC/Projects/cleave/source/cleave_regfile.v:58$103'.
  created $dff cell `$procdff$718' with positive edge clock.
Creating register for signal `\cleave_regfile.$memwr$\regs$/mnt/c/Users/Nitro/Desktop/ASIC/Projects/cleave/source/cleave_regfile.v:60$93_DATA' using process `\cleave_regfile.$proc$/mnt/c/Users/Nitro/Desktop/ASIC/Projects/cleave/source/cleave_regfile.v:58$103'.
  created $dff cell `$procdff$719' with positive edge clock.
Creating register for signal `\cleave_regfile.$memwr$\regs$/mnt/c/Users/Nitro/Desktop/ASIC/Projects/cleave/source/cleave_regfile.v:60$93_EN' using process `\cleave_regfile.$proc$/mnt/c/Users/Nitro/Desktop/ASIC/Projects/cleave/source/cleave_regfile.v:58$103'.
  created $dff cell `$procdff$720' with positive edge clock.
Creating register for signal `\cleave_dmem.$memwr$\ram$/mnt/c/Users/Nitro/Desktop/ASIC/Projects/cleave/source/cleave_dmem.v:83$16_ADDR' using process `\cleave_dmem.$proc$/mnt/c/Users/Nitro/Desktop/ASIC/Projects/cleave/source/cleave_dmem.v:82$25'.
  created $dff cell `$procdff$721' with positive edge clock.
Creating register for signal `\cleave_dmem.$memwr$\ram$/mnt/c/Users/Nitro/Desktop/ASIC/Projects/cleave/source/cleave_dmem.v:83$16_DATA' using process `\cleave_dmem.$proc$/mnt/c/Users/Nitro/Desktop/ASIC/Projects/cleave/source/cleave_dmem.v:82$25'.
  created $dff cell `$procdff$722' with positive edge clock.
Creating register for signal `\cleave_dmem.$memwr$\ram$/mnt/c/Users/Nitro/Desktop/ASIC/Projects/cleave/source/cleave_dmem.v:83$16_EN' using process `\cleave_dmem.$proc$/mnt/c/Users/Nitro/Desktop/ASIC/Projects/cleave/source/cleave_dmem.v:82$25'.
  created $dff cell `$procdff$723' with positive edge clock.
Creating register for signal `\cleave_dmem.$memwr$\ram$/mnt/c/Users/Nitro/Desktop/ASIC/Projects/cleave/source/cleave_dmem.v:84$17_ADDR' using process `\cleave_dmem.$proc$/mnt/c/Users/Nitro/Desktop/ASIC/Projects/cleave/source/cleave_dmem.v:82$25'.
  created $dff cell `$procdff$724' with positive edge clock.
Creating register for signal `\cleave_dmem.$memwr$\ram$/mnt/c/Users/Nitro/Desktop/ASIC/Projects/cleave/source/cleave_dmem.v:84$17_DATA' using process `\cleave_dmem.$proc$/mnt/c/Users/Nitro/Desktop/ASIC/Projects/cleave/source/cleave_dmem.v:82$25'.
  created $dff cell `$procdff$725' with positive edge clock.
Creating register for signal `\cleave_dmem.$memwr$\ram$/mnt/c/Users/Nitro/Desktop/ASIC/Projects/cleave/source/cleave_dmem.v:84$17_EN' using process `\cleave_dmem.$proc$/mnt/c/Users/Nitro/Desktop/ASIC/Projects/cleave/source/cleave_dmem.v:82$25'.
  created $dff cell `$procdff$726' with positive edge clock.
Creating register for signal `\cleave_dmem.$memwr$\ram$/mnt/c/Users/Nitro/Desktop/ASIC/Projects/cleave/source/cleave_dmem.v:85$18_ADDR' using process `\cleave_dmem.$proc$/mnt/c/Users/Nitro/Desktop/ASIC/Projects/cleave/source/cleave_dmem.v:82$25'.
  created $dff cell `$procdff$727' with positive edge clock.
Creating register for signal `\cleave_dmem.$memwr$\ram$/mnt/c/Users/Nitro/Desktop/ASIC/Projects/cleave/source/cleave_dmem.v:85$18_DATA' using process `\cleave_dmem.$proc$/mnt/c/Users/Nitro/Desktop/ASIC/Projects/cleave/source/cleave_dmem.v:82$25'.
  created $dff cell `$procdff$728' with positive edge clock.
Creating register for signal `\cleave_dmem.$memwr$\ram$/mnt/c/Users/Nitro/Desktop/ASIC/Projects/cleave/source/cleave_dmem.v:85$18_EN' using process `\cleave_dmem.$proc$/mnt/c/Users/Nitro/Desktop/ASIC/Projects/cleave/source/cleave_dmem.v:82$25'.
  created $dff cell `$procdff$729' with positive edge clock.
Creating register for signal `\cleave_dmem.$memwr$\ram$/mnt/c/Users/Nitro/Desktop/ASIC/Projects/cleave/source/cleave_dmem.v:86$19_ADDR' using process `\cleave_dmem.$proc$/mnt/c/Users/Nitro/Desktop/ASIC/Projects/cleave/source/cleave_dmem.v:82$25'.
  created $dff cell `$procdff$730' with positive edge clock.
Creating register for signal `\cleave_dmem.$memwr$\ram$/mnt/c/Users/Nitro/Desktop/ASIC/Projects/cleave/source/cleave_dmem.v:86$19_DATA' using process `\cleave_dmem.$proc$/mnt/c/Users/Nitro/Desktop/ASIC/Projects/cleave/source/cleave_dmem.v:82$25'.
  created $dff cell `$procdff$731' with positive edge clock.
Creating register for signal `\cleave_dmem.$memwr$\ram$/mnt/c/Users/Nitro/Desktop/ASIC/Projects/cleave/source/cleave_dmem.v:86$19_EN' using process `\cleave_dmem.$proc$/mnt/c/Users/Nitro/Desktop/ASIC/Projects/cleave/source/cleave_dmem.v:82$25'.
  created $dff cell `$procdff$732' with positive edge clock.
Creating register for signal `\cleave_pc.\pc' using process `\cleave_pc.$proc$/mnt/c/Users/Nitro/Desktop/ASIC/Projects/cleave/source/cleave_pc.v:23$503'.
  created $dff cell `$procdff$733' with positive edge clock.

14.10. Executing PROC_MEMWR pass (convert process memory writes to cells).

14.11. Executing PROC_CLEAN pass (remove empty switches from decision trees).
Removing empty process `cleave_imem.$proc$/mnt/c/Users/Nitro/Desktop/ASIC/Projects/cleave/source/cleave_imem.v:50$374'.
Found and cleaned up 1 empty switch in `\cleave_control.$proc$/mnt/c/Users/Nitro/Desktop/ASIC/Projects/cleave/source/cleave_control.v:78$115'.
Removing empty process `cleave_control.$proc$/mnt/c/Users/Nitro/Desktop/ASIC/Projects/cleave/source/cleave_control.v:78$115'.
Found and cleaned up 1 empty switch in `\cleave_regfile.$proc$/mnt/c/Users/Nitro/Desktop/ASIC/Projects/cleave/source/cleave_regfile.v:58$103'.
Removing empty process `cleave_regfile.$proc$/mnt/c/Users/Nitro/Desktop/ASIC/Projects/cleave/source/cleave_regfile.v:58$103'.
Found and cleaned up 1 empty switch in `\cleave_immgen.$proc$/mnt/c/Users/Nitro/Desktop/ASIC/Projects/cleave/source/cleave_immgen.v:30$92'.
Removing empty process `cleave_immgen.$proc$/mnt/c/Users/Nitro/Desktop/ASIC/Projects/cleave/source/cleave_immgen.v:30$92'.
Found and cleaned up 1 empty switch in `\cleave_alu.$proc$/mnt/c/Users/Nitro/Desktop/ASIC/Projects/cleave/source/cleave_alu.v:59$83'.
Removing empty process `cleave_alu.$proc$/mnt/c/Users/Nitro/Desktop/ASIC/Projects/cleave/source/cleave_alu.v:59$83'.
Found and cleaned up 1 empty switch in `\cleave_branch.$proc$/mnt/c/Users/Nitro/Desktop/ASIC/Projects/cleave/source/cleave_branch.v:45$65'.
Removing empty process `cleave_branch.$proc$/mnt/c/Users/Nitro/Desktop/ASIC/Projects/cleave/source/cleave_branch.v:45$65'.
Found and cleaned up 1 empty switch in `\cleave_dmem.$proc$/mnt/c/Users/Nitro/Desktop/ASIC/Projects/cleave/source/cleave_dmem.v:96$55'.
Removing empty process `cleave_dmem.$proc$/mnt/c/Users/Nitro/Desktop/ASIC/Projects/cleave/source/cleave_dmem.v:96$55'.
Found and cleaned up 4 empty switches in `\cleave_dmem.$proc$/mnt/c/Users/Nitro/Desktop/ASIC/Projects/cleave/source/cleave_dmem.v:82$25'.
Removing empty process `cleave_dmem.$proc$/mnt/c/Users/Nitro/Desktop/ASIC/Projects/cleave/source/cleave_dmem.v:82$25'.
Found and cleaned up 2 empty switches in `\cleave_dmem.$proc$/mnt/c/Users/Nitro/Desktop/ASIC/Projects/cleave/source/cleave_dmem.v:67$20'.
Removing empty process `cleave_dmem.$proc$/mnt/c/Users/Nitro/Desktop/ASIC/Projects/cleave/source/cleave_dmem.v:67$20'.
Found and cleaned up 1 empty switch in `\cleave_core.$proc$/mnt/c/Users/Nitro/Desktop/ASIC/Projects/cleave/source/cleave_core.v:175$14'.
Removing empty process `cleave_core.$proc$/mnt/c/Users/Nitro/Desktop/ASIC/Projects/cleave/source/cleave_core.v:175$14'.
Found and cleaned up 1 empty switch in `\cleave_core.$proc$/mnt/c/Users/Nitro/Desktop/ASIC/Projects/cleave/source/cleave_core.v:148$8'.
Removing empty process `cleave_core.$proc$/mnt/c/Users/Nitro/Desktop/ASIC/Projects/cleave/source/cleave_core.v:148$8'.
Found and cleaned up 1 empty switch in `\cleave_pc.$proc$/mnt/c/Users/Nitro/Desktop/ASIC/Projects/cleave/source/cleave_pc.v:23$503'.
Removing empty process `cleave_pc.$proc$/mnt/c/Users/Nitro/Desktop/ASIC/Projects/cleave/source/cleave_pc.v:23$503'.
Cleaned up 15 empty switches.

14.12. Executing OPT_EXPR pass (perform const folding).
Optimizing module tt_um_cleave.
<suppressed ~1 debug messages>
Optimizing module cleave_imem.
Optimizing module cleave_control.
Optimizing module cleave_regfile.
<suppressed ~4 debug messages>
Optimizing module cleave_immgen.
<suppressed ~1 debug messages>
Optimizing module cleave_alu.
Optimizing module cleave_branch.
<suppressed ~1 debug messages>
Optimizing module cleave_dmem.
<suppressed ~2 debug messages>
Optimizing module cleave_core.
<suppressed ~4 debug messages>
Optimizing module cleave_pc.

15. Executing FLATTEN pass (flatten design).
Deleting now unused module cleave_imem.
Deleting now unused module cleave_control.
Deleting now unused module cleave_regfile.
Deleting now unused module cleave_immgen.
Deleting now unused module cleave_alu.
Deleting now unused module cleave_branch.
Deleting now unused module cleave_dmem.
Deleting now unused module cleave_core.
Deleting now unused module cleave_pc.
<suppressed ~9 debug messages>

16. Executing OPT_CLEAN pass (remove unused cells and wires).
Finding unused cells or wires in module \tt_um_cleave..
Removed 41 unused cells and 496 unused wires.
<suppressed ~115 debug messages>
