Clock: clk
Sources: clk 
Generated: no
Virtual: yes
Propagated: no
Period: 40.000000

===========================================================================
report_clock_properties
============================================================================
Clock                   Period          Waveform
----------------------------------------------------
clk                  40.000000    0.000000 20.000000

===========================================================================
report_clock_latency
============================================================================
Clock clk
rise -> rise
    min     max
0.000000 0.000000 source latency
2.216028         network latency _20200_/CLK
        2.610254 network latency _20617_/CLK
---------------
2.216028 2.610254 latency
        0.394226 skew

fall -> fall
    min     max
0.000000 0.000000 source latency
1.841805         network latency _20200_/CLK
        2.152692 network latency _20617_/CLK
---------------
1.841805 2.152692 latency
        0.310887 skew



===========================================================================
report_clock_min_period
============================================================================
clk period_min = 43.17 fmax = 23.17
