
===========================================================================
 report_power
============================================================================
======================= min_ss_100C_1v60 Corner ===================================

Group                    Internal    Switching      Leakage        Total
                            Power        Power        Power        Power (Watts)
------------------------------------------------------------------------
Sequential           2.626025e-03 1.624288e-04 4.650157e-05 2.834956e-03  26.1%
Combinational        2.766354e-03 3.281149e-03 8.624709e-05 6.133751e-03  56.6%
Clock                9.824097e-04 8.869871e-04 6.177973e-06 1.875575e-03  17.3%
Macro                0.000000e+00 0.000000e+00 0.000000e+00 0.000000e+00   0.0%
Pad                  0.000000e+00 0.000000e+00 0.000000e+00 0.000000e+00   0.0%
------------------------------------------------------------------------
Total                6.374741e-03 4.330566e-03 1.389239e-04 1.084423e-02 100.0%
                            58.8%        39.9%         1.3%

