
===========================================================================
report_checks -unconstrained
===========================================================================
======================= min_tt_025C_1v80 Corner ===================================

Startpoint: ui_in[2] (input port clocked by clk)
Endpoint: uo_out[1] (output port clocked by clk)
Path Group: clk
Path Type: max

Fanout         Cap        Slew       Delay        Time   Description
---------------------------------------------------------------------------------------------
                                  0.000000    0.000000   clock clk (rise edge)
                                  0.000000    0.000000   clock network delay (propagated)
                                  8.000000    8.000000 ^ input external delay
     1    0.005806    0.032825    0.021477    8.021477 ^ ui_in[2] (in)
                                                         ui_in[2] (net)
                      0.032825    0.000000    8.021477 ^ input4/A (sky130_fd_sc_hd__clkdlybuf4s25_1)
     1    0.008471    0.096611    0.292465    8.313942 ^ input4/X (sky130_fd_sc_hd__clkdlybuf4s25_1)
                                                         net4 (net)
                      0.096611    0.000312    8.314254 ^ fanout2401/A (sky130_fd_sc_hd__clkdlybuf4s25_1)
     5    0.044926    0.450466    0.576815    8.891068 ^ fanout2401/X (sky130_fd_sc_hd__clkdlybuf4s25_1)
                                                         net2401 (net)
                      0.450466    0.001360    8.892428 ^ fanout2391/A (sky130_fd_sc_hd__clkdlybuf4s25_1)
     5    0.030669    0.311190    0.549024    9.441452 ^ fanout2391/X (sky130_fd_sc_hd__clkdlybuf4s25_1)
                                                         net2391 (net)
                      0.311193    0.001611    9.443064 ^ _09223_/A (sky130_fd_sc_hd__inv_2)
     1    0.004486    0.056690    0.059862    9.502926 v _09223_/Y (sky130_fd_sc_hd__inv_2)
                                                         _05695_ (net)
                      0.056690    0.000059    9.502984 v fanout2349/A (sky130_fd_sc_hd__clkdlybuf4s25_1)
     3    0.040751    0.301639    0.476070    9.979054 v fanout2349/X (sky130_fd_sc_hd__clkdlybuf4s25_1)
                                                         net2349 (net)
                      0.301643    0.001641    9.980696 v fanout2337/A (sky130_fd_sc_hd__clkdlybuf4s25_1)
     2    0.011448    0.096431    0.404696   10.385391 v fanout2337/X (sky130_fd_sc_hd__clkdlybuf4s25_1)
                                                         net2337 (net)
                      0.096431    0.000190   10.385582 v fanout2335/A (sky130_fd_sc_hd__clkdlybuf4s25_1)
     3    0.013856    0.112812    0.344718   10.730300 v fanout2335/X (sky130_fd_sc_hd__clkdlybuf4s25_1)
                                                         net2335 (net)
                      0.112812    0.000246   10.730546 v load_slew2336/A (sky130_fd_sc_hd__clkbuf_4)
     8    0.059216    0.121383    0.260759   10.991305 v load_slew2336/X (sky130_fd_sc_hd__clkbuf_4)
                                                         net2336 (net)
                      0.121479    0.003290   10.994595 v _11810_/C (sky130_fd_sc_hd__and3b_2)
     2    0.033622    0.106652    0.335426   11.330021 v _11810_/X (sky130_fd_sc_hd__and3b_2)
                                                         _08248_ (net)
                      0.106656    0.000764   11.330785 v fanout1667/A (sky130_fd_sc_hd__clkdlybuf4s25_1)
     5    0.069732    0.507170    0.657654   11.988439 v fanout1667/X (sky130_fd_sc_hd__clkdlybuf4s25_1)
                                                         net1667 (net)
                      0.507209    0.004793   11.993233 v fanout1657/A (sky130_fd_sc_hd__clkdlybuf4s25_1)
     4    0.019088    0.148651    0.496718   12.489951 v fanout1657/X (sky130_fd_sc_hd__clkdlybuf4s25_1)
                                                         net1657 (net)
                      0.148651    0.000052   12.490003 v load_slew1658/A (sky130_fd_sc_hd__buf_2)
     7    0.037949    0.094826    0.245098   12.735101 v load_slew1658/X (sky130_fd_sc_hd__buf_2)
                                                         net1658 (net)
                      0.094837    0.001101   12.736202 v _11889_/B1 (sky130_fd_sc_hd__a221o_2)
     1    0.004006    0.057502    0.365904   13.102105 v _11889_/X (sky130_fd_sc_hd__a221o_2)
                                                         _08326_ (net)
                      0.057502    0.000042   13.102147 v _11894_/B2 (sky130_fd_sc_hd__a32o_2)
     1    0.002890    0.039528    0.241649   13.343797 v _11894_/X (sky130_fd_sc_hd__a32o_2)
                                                         _08331_ (net)
                      0.039528    0.000029   13.343826 v _11895_/B1 (sky130_fd_sc_hd__a311o_2)
     1    0.004469    0.059601    0.369356   13.713182 v _11895_/X (sky130_fd_sc_hd__a311o_2)
                                                         _08332_ (net)
                      0.059601    0.000074   13.713256 v _11904_/B (sky130_fd_sc_hd__and3_2)
     1    0.015975    0.067131    0.247975   13.961231 v _11904_/X (sky130_fd_sc_hd__and3_2)
                                                         _08341_ (net)
                      0.067136    0.000674   13.961905 v _11942_/A (sky130_fd_sc_hd__or3_2)
     1    0.043884    0.182234    0.661142   14.623047 v _11942_/X (sky130_fd_sc_hd__or3_2)
                                                         _08379_ (net)
                      0.182237    0.001148   14.624195 v _11962_/B (sky130_fd_sc_hd__and3_2)
     1    0.006173    0.045976    0.276771   14.900966 v _11962_/X (sky130_fd_sc_hd__and3_2)
                                                         net10 (net)
                      0.045976    0.000151   14.901116 v output10/A (sky130_fd_sc_hd__clkdlybuf4s25_1)
     1    0.035226    0.262115    0.441010   15.342126 v output10/X (sky130_fd_sc_hd__clkdlybuf4s25_1)
                                                         uo_out[1] (net)
                      0.262115    0.000473   15.342599 v uo_out[1] (out)
                                             15.342599   data arrival time

                                 40.000000   40.000000   clock clk (rise edge)
                                  0.000000   40.000000   clock network delay (propagated)
                                 -0.250000   39.750000   clock uncertainty
                                  0.000000   39.750000   clock reconvergence pessimism
                                 -8.000000   31.750000   output external delay
                                             31.750000   data required time
---------------------------------------------------------------------------------------------
                                             31.750000   data required time
                                            -15.342599   data arrival time
---------------------------------------------------------------------------------------------
                                             16.407400   slack (MET)




===========================================================================
report_checks --slack_max -0.01
============================================================================
======================= min_tt_025C_1v80 Corner ===================================

No paths found.


===========================================================================
 report_check_types -max_slew -max_cap -max_fanout -violators
============================================================================
======================= min_tt_025C_1v80 Corner ===================================

max slew

Pin                                        Limit        Slew       Slack
------------------------------------------------------------------------
fanout2051/A                            0.750000    1.346110   -0.596111 (VIOLATED)
fanout2048/A                            0.750000    1.346105   -0.596105 (VIOLATED)
fanout2054/A                            0.750000    1.346100   -0.596101 (VIOLATED)
fanout2052/A                            0.750000    1.346094   -0.596094 (VIOLATED)
fanout2059/A                            0.750000    1.346053   -0.596054 (VIOLATED)
fanout2061/A                            0.750000    1.345993   -0.595993 (VIOLATED)
fanout2058/A                            0.750000    1.345976   -0.595976 (VIOLATED)
fanout2062/X                            0.750000    1.345976   -0.595976 (VIOLATED)
_10332_/S                               0.750000    1.303262   -0.553262 (VIOLATED)
_10327_/B2                              0.750000    1.303259   -0.553259 (VIOLATED)
_09928_/A1                              0.750000    1.303248   -0.553248 (VIOLATED)
_10026_/B1                              0.750000    1.303245   -0.553245 (VIOLATED)
_10322_/B2                              0.750000    1.303244   -0.553244 (VIOLATED)
_09555_/A1                              0.750000    1.303240   -0.553240 (VIOLATED)
_10125_/B2                              0.750000    1.303228   -0.553228 (VIOLATED)
_10489_/B2                              0.750000    1.303225   -0.553225 (VIOLATED)
_09741_/B2                              0.750000    1.303219   -0.553219 (VIOLATED)
_09746_/B2                              0.750000    1.303217   -0.553217 (VIOLATED)
fanout1999/X                            0.750000    1.303217   -0.553217 (VIOLATED)
_10413_/C1                              0.750000    1.296340   -0.546340 (VIOLATED)
fanout1770/A                            0.750000    1.296325   -0.546325 (VIOLATED)
_10098_/A                               0.750000    1.296303   -0.546303 (VIOLATED)
_09706_/C1                              0.750000    1.296290   -0.546290 (VIOLATED)
_09837_/A1_N                            0.750000    1.296287   -0.546287 (VIOLATED)
_10151_/B2                              0.750000    1.296286   -0.546286 (VIOLATED)
_09379_/C                               0.750000    1.296283   -0.546283 (VIOLATED)
_09758_/B1                              0.750000    1.296277   -0.546277 (VIOLATED)
fanout1773/X                            0.750000    1.296277   -0.546277 (VIOLATED)
fanout2438/A                            0.750000    1.294840   -0.544840 (VIOLATED)
fanout2432/A                            0.750000    1.294807   -0.544807 (VIOLATED)
fanout2447/A                            0.750000    1.294686   -0.544686 (VIOLATED)
fanout2426/A                            0.750000    1.294661   -0.544661 (VIOLATED)
fanout2414/A                            0.750000    1.294581   -0.544581 (VIOLATED)
fanout2420/A                            0.750000    1.294581   -0.544581 (VIOLATED)
fanout2449/X                            0.750000    1.294579   -0.544579 (VIOLATED)
ANTENNA_86/DIODE                        0.750000    1.270106   -0.520106 (VIOLATED)
_10464_/B                               0.750000    1.270106   -0.520106 (VIOLATED)
fanout1631/A                            0.750000    1.269993   -0.519993 (VIOLATED)
ANTENNA_87/DIODE                        0.750000    1.269987   -0.519987 (VIOLATED)
_10406_/B1                              0.750000    1.269929   -0.519929 (VIOLATED)
_09779_/A                               0.750000    1.269900   -0.519900 (VIOLATED)
_10286_/B1                              0.750000    1.269900   -0.519900 (VIOLATED)
fanout1634/X                            0.750000    1.269900   -0.519900 (VIOLATED)
fanout1999/A                            0.750000    1.246262   -0.496262 (VIOLATED)
_10060_/B2                              0.750000    1.246215   -0.496215 (VIOLATED)
_10065_/B2                              0.750000    1.246189   -0.496189 (VIOLATED)
_09992_/A1                              0.750000    1.246172   -0.496172 (VIOLATED)
_10179_/B2                              0.750000    1.246157   -0.496157 (VIOLATED)
_10070_/S                               0.750000    1.246141   -0.496141 (VIOLATED)
_10184_/B2                              0.750000    1.246135   -0.496135 (VIOLATED)
_10163_/A                               0.750000    1.246044   -0.496044 (VIOLATED)
_09953_/A                               0.750000    1.245895   -0.495895 (VIOLATED)
_09763_/A1                              0.750000    1.245789   -0.495789 (VIOLATED)
fanout2000/X                            0.750000    1.245787   -0.495787 (VIOLATED)
_16540_/C1                              0.750000    1.231681   -0.481681 (VIOLATED)
_12766_/B                               0.750000    1.231681   -0.481681 (VIOLATED)
_15674_/A                               0.750000    1.231677   -0.481677 (VIOLATED)
_15992_/A                               0.750000    1.231655   -0.481656 (VIOLATED)
_15218_/A1                              0.750000    1.231562   -0.481562 (VIOLATED)
_15806_/A                               0.750000    1.231341   -0.481341 (VIOLATED)
_15173_/A1                              0.750000    1.231338   -0.481338 (VIOLATED)
_16355_/A                               0.750000    1.231326   -0.481326 (VIOLATED)
_15914_/A                               0.750000    1.231317   -0.481317 (VIOLATED)
fanout598/A                             0.750000    1.230692   -0.480692 (VIOLATED)
fanout599/X                             0.750000    1.230692   -0.480692 (VIOLATED)
fanout586/A                             0.750000    1.172187   -0.422187 (VIOLATED)
fanout587/A                             0.750000    1.172156   -0.422156 (VIOLATED)
_14278_/B                               0.750000    1.171907   -0.421907 (VIOLATED)
_14605_/B                               0.750000    1.171907   -0.421907 (VIOLATED)
ANTENNA_76/DIODE                        0.750000    1.171862   -0.421862 (VIOLATED)
_15837_/B1                              0.750000    1.171861   -0.421861 (VIOLATED)
_15097_/A                               0.750000    1.171827   -0.421827 (VIOLATED)
_16066_/B1                              0.750000    1.171801   -0.421801 (VIOLATED)
_15329_/A                               0.750000    1.171787   -0.421787 (VIOLATED)
_15514_/A                               0.750000    1.171787   -0.421787 (VIOLATED)
_16288_/A                               0.750000    1.171787   -0.421787 (VIOLATED)
fanout588/X                             0.750000    1.171786   -0.421786 (VIOLATED)
_12806_/C                               0.750000    1.170206   -0.420206 (VIOLATED)
_13107_/B                               0.750000    1.170186   -0.420186 (VIOLATED)
_14424_/B                               0.750000    1.170120   -0.420121 (VIOLATED)
_13434_/B                               0.750000    1.169962   -0.419962 (VIOLATED)
_14096_/B                               0.750000    1.169849   -0.419849 (VIOLATED)
_14714_/B                               0.750000    1.169785   -0.419785 (VIOLATED)
_13461_/B                               0.750000    1.169706   -0.419706 (VIOLATED)
_14741_/B                               0.750000    1.169337   -0.419337 (VIOLATED)
fanout611/A                             0.750000    1.169011   -0.419011 (VIOLATED)
fanout612/X                             0.750000    1.169011   -0.419011 (VIOLATED)
_14033_/B                               0.750000    1.166797   -0.416797 (VIOLATED)
_15050_/C                               0.750000    1.166794   -0.416794 (VIOLATED)
_14324_/B                               0.750000    1.166793   -0.416793 (VIOLATED)
_14342_/B                               0.750000    1.166790   -0.416790 (VIOLATED)
_14651_/B                               0.750000    1.166789   -0.416789 (VIOLATED)
_14051_/B                               0.750000    1.166786   -0.416786 (VIOLATED)
_14669_/B                               0.750000    1.166779   -0.416779 (VIOLATED)
_13044_/C                               0.750000    1.166777   -0.416777 (VIOLATED)
_13062_/C                               0.750000    1.166777   -0.416777 (VIOLATED)
_13371_/B                               0.750000    1.166777   -0.416777 (VIOLATED)
fanout609/X                             0.750000    1.166777   -0.416777 (VIOLATED)
_13071_/B                               0.750000    1.158212   -0.408212 (VIOLATED)
_12768_/B                               0.750000    1.158210   -0.408210 (VIOLATED)
_14388_/B                               0.750000    1.158207   -0.408207 (VIOLATED)
_13398_/B                               0.750000    1.158200   -0.408200 (VIOLATED)
_14678_/B                               0.750000    1.158158   -0.408158 (VIOLATED)
_13425_/B                               0.750000    1.158113   -0.408113 (VIOLATED)
_14060_/B                               0.750000    1.158081   -0.408081 (VIOLATED)
_14705_/B                               0.750000    1.158020   -0.408020 (VIOLATED)
fanout613/A                             0.750000    1.157896   -0.407896 (VIOLATED)
fanout614/X                             0.750000    1.157896   -0.407896 (VIOLATED)
_09531_/A                               0.750000    1.148969   -0.398969 (VIOLATED)
_09559_/B                               0.750000    1.148968   -0.398968 (VIOLATED)
_09557_/A                               0.750000    1.148968   -0.398968 (VIOLATED)
_10196_/B                               0.750000    1.148963   -0.398963 (VIOLATED)
_10195_/A                               0.750000    1.148956   -0.398956 (VIOLATED)
_10463_/A                               0.750000    1.148953   -0.398953 (VIOLATED)
_09944_/C1                              0.750000    1.148951   -0.398951 (VIOLATED)
_10485_/C1                              0.750000    1.148942   -0.398942 (VIOLATED)
_09692_/B1                              0.750000    1.148905   -0.398905 (VIOLATED)
_10121_/C1                              0.750000    1.148900   -0.398900 (VIOLATED)
fanout1627/X                            0.750000    1.148900   -0.398900 (VIOLATED)
fanout1948/A                            0.750000    1.146526   -0.396526 (VIOLATED)
ANTENNA_42/DIODE                        0.750000    1.146525   -0.396525 (VIOLATED)
ANTENNA_41/DIODE                        0.750000    1.146487   -0.396487 (VIOLATED)
fanout1944/A                            0.750000    1.146486   -0.396486 (VIOLATED)
ANTENNA_40/DIODE                        0.750000    1.146440   -0.396440 (VIOLATED)
fanout1928/A                            0.750000    1.146440   -0.396440 (VIOLATED)
fanout1958/A                            0.750000    1.146387   -0.396387 (VIOLATED)
fanout1939/A                            0.750000    1.146254   -0.396254 (VIOLATED)
fanout1959/X                            0.750000    1.146254   -0.396254 (VIOLATED)
_16250_/B1                              0.750000    1.135592   -0.385592 (VIOLATED)
_15606_/B1                              0.750000    1.135581   -0.385581 (VIOLATED)
_15403_/B2                              0.750000    1.135581   -0.385581 (VIOLATED)
_16167_/B2                              0.750000    1.135506   -0.385506 (VIOLATED)
_16053_/B1                              0.750000    1.135393   -0.385393 (VIOLATED)
_16420_/B1                              0.750000    1.135386   -0.385386 (VIOLATED)
_15486_/B2                              0.750000    1.135111   -0.385111 (VIOLATED)
fanout577/A                             0.750000    1.134636   -0.384636 (VIOLATED)
fanout578/X                             0.750000    1.134636   -0.384636 (VIOLATED)
_15217_/A1                              0.750000    1.123135   -0.373135 (VIOLATED)
_15728_/A1                              0.750000    1.122916   -0.372916 (VIOLATED)
_15589_/B2                              0.750000    1.122860   -0.372860 (VIOLATED)
fanout550/A                             0.750000    1.122833   -0.372833 (VIOLATED)
fanout549/A                             0.750000    1.122822   -0.372822 (VIOLATED)
fanout551/X                             0.750000    1.122822   -0.372822 (VIOLATED)
_12891_/C                               0.750000    1.117627   -0.367627 (VIOLATED)
_14505_/B                               0.750000    1.117613   -0.367613 (VIOLATED)
_14832_/B                               0.750000    1.117609   -0.367609 (VIOLATED)
_13225_/B                               0.750000    1.117596   -0.367596 (VIOLATED)
_13515_/B                               0.750000    1.117577   -0.367577 (VIOLATED)
_13243_/B                               0.750000    1.117550   -0.367550 (VIOLATED)
_12909_/C                               0.750000    1.117508   -0.367508 (VIOLATED)
_14195_/B                               0.750000    1.117435   -0.367435 (VIOLATED)
_14177_/B                               0.750000    1.117342   -0.367342 (VIOLATED)
_14523_/B                               0.750000    1.117277   -0.367277 (VIOLATED)
fanout855/X                             0.750000    1.117273   -0.367273 (VIOLATED)
fanout944/A                             0.750000    1.116166   -0.366166 (VIOLATED)
fanout946/A                             0.750000    1.116150   -0.366150 (VIOLATED)
fanout948/A                             0.750000    1.116148   -0.366148 (VIOLATED)
fanout957/A                             0.750000    1.115935   -0.365935 (VIOLATED)
fanout963/A                             0.750000    1.115877   -0.365877 (VIOLATED)
fanout965/A                             0.750000    1.115797   -0.365797 (VIOLATED)
fanout962/A                             0.750000    1.115749   -0.365749 (VIOLATED)
fanout971/A                             0.750000    1.115707   -0.365707 (VIOLATED)
fanout972/X                             0.750000    1.115707   -0.365707 (VIOLATED)
fanout872/A                             0.750000    1.110859   -0.360859 (VIOLATED)
fanout880/A                             0.750000    1.110799   -0.360799 (VIOLATED)
fanout901/A                             0.750000    1.110524   -0.360524 (VIOLATED)
fanout897/A                             0.750000    1.110456   -0.360456 (VIOLATED)
fanout912/A                             0.750000    1.110402   -0.360402 (VIOLATED)
fanout913/X                             0.750000    1.110402   -0.360402 (VIOLATED)
fanout655/A                             0.750000    1.100086   -0.350086 (VIOLATED)
fanout657/A                             0.750000    1.100063   -0.350063 (VIOLATED)
fanout654/A                             0.750000    1.100043   -0.350043 (VIOLATED)
fanout662/A                             0.750000    1.099991   -0.349991 (VIOLATED)
fanout666/A                             0.750000    1.099822   -0.349822 (VIOLATED)
fanout676/A                             0.750000    1.099766   -0.349767 (VIOLATED)
fanout677/X                             0.750000    1.099766   -0.349767 (VIOLATED)
_14249_/B                               0.750000    1.090877   -0.340877 (VIOLATED)
_12967_/C                               0.750000    1.090853   -0.340853 (VIOLATED)
_14577_/B                               0.750000    1.090837   -0.340837 (VIOLATED)
_14904_/B                               0.750000    1.090832   -0.340832 (VIOLATED)
_13297_/B                               0.750000    1.090808   -0.340808 (VIOLATED)
_13624_/B                               0.750000    1.090785   -0.340785 (VIOLATED)
_13315_/B                               0.750000    1.090710   -0.340710 (VIOLATED)
_12985_/C                               0.750000    1.090688   -0.340688 (VIOLATED)
_14267_/B                               0.750000    1.090582   -0.340582 (VIOLATED)
_14595_/B                               0.750000    1.090483   -0.340483 (VIOLATED)
fanout739/X                             0.750000    1.090483   -0.340483 (VIOLATED)
_14141_/B                               0.750000    1.079394   -0.329394 (VIOLATED)
_12853_/C                               0.750000    1.079376   -0.329377 (VIOLATED)
_14796_/B                               0.750000    1.079373   -0.329373 (VIOLATED)
_14469_/B                               0.750000    1.079365   -0.329365 (VIOLATED)
_13479_/B                               0.750000    1.079223   -0.329223 (VIOLATED)
_13189_/B                               0.750000    1.079166   -0.329166 (VIOLATED)
_13207_/B                               0.750000    1.079128   -0.329128 (VIOLATED)
ANTENNA_77/DIODE                        0.750000    1.079127   -0.329127 (VIOLATED)
_12871_/C                               0.750000    1.079055   -0.329055 (VIOLATED)
ANTENNA_78/DIODE                        0.750000    1.078928   -0.328928 (VIOLATED)
_14159_/B                               0.750000    1.078922   -0.328922 (VIOLATED)
_14487_/B                               0.750000    1.078791   -0.328791 (VIOLATED)
fanout914/X                             0.750000    1.078788   -0.328788 (VIOLATED)
_13134_/B                               0.750000    1.074690   -0.324690 (VIOLATED)
_12833_/C                               0.750000    1.074684   -0.324684 (VIOLATED)
_14451_/B                               0.750000    1.074679   -0.324679 (VIOLATED)
_13116_/B                               0.750000    1.074676   -0.324676 (VIOLATED)
_13443_/B                               0.750000    1.074676   -0.324676 (VIOLATED)
_14123_/B                               0.750000    1.074673   -0.324673 (VIOLATED)
_14723_/B                               0.750000    1.074673   -0.324673 (VIOLATED)
_12815_/C                               0.750000    1.074396   -0.324396 (VIOLATED)
_14105_/B                               0.750000    1.074396   -0.324396 (VIOLATED)
_14433_/B                               0.750000    1.074396   -0.324396 (VIOLATED)
fanout611/X                             0.750000    1.074396   -0.324396 (VIOLATED)
fanout855/A                             0.750000    1.064946   -0.314946 (VIOLATED)
ANTENNA_28/DIODE                        0.750000    1.064945   -0.314945 (VIOLATED)
ANTENNA_27/DIODE                        0.750000    1.064935   -0.314935 (VIOLATED)
_14850_/B                               0.750000    1.064935   -0.314935 (VIOLATED)
_13533_/B                               0.750000    1.064810   -0.314810 (VIOLATED)
_14168_/B                               0.750000    1.064762   -0.314762 (VIOLATED)
_14823_/B                               0.750000    1.064760   -0.314760 (VIOLATED)
_13506_/B                               0.750000    1.064719   -0.314719 (VIOLATED)
_14496_/B                               0.750000    1.064549   -0.314549 (VIOLATED)
_13216_/B                               0.750000    1.064502   -0.314502 (VIOLATED)
_12882_/C                               0.750000    1.064488   -0.314488 (VIOLATED)
fanout856/X                             0.750000    1.064488   -0.314488 (VIOLATED)
_15281_/B1                              0.750000    1.061098   -0.311098 (VIOLATED)
_15956_/A1                              0.750000    1.061090   -0.311089 (VIOLATED)
_16506_/B2                              0.750000    1.061082   -0.311082 (VIOLATED)
_15581_/B1                              0.750000    1.061064   -0.311064 (VIOLATED)
_16216_/B1                              0.750000    1.061058   -0.311058 (VIOLATED)
_16136_/B1                              0.750000    1.061042   -0.311042 (VIOLATED)
_13326_/C                               0.750000    1.061006   -0.311006 (VIOLATED)
_15259_/B1                              0.750000    1.060952   -0.310952 (VIOLATED)
_13380_/C                               0.750000    1.060425   -0.310425 (VIOLATED)
_13344_/C                               0.750000    1.060423   -0.310423 (VIOLATED)
fanout566/X                             0.750000    1.060423   -0.310423 (VIOLATED)
_15713_/B1                              0.750000    1.056758   -0.306758 (VIOLATED)
_15317_/A1                              0.750000    1.056757   -0.306757 (VIOLATED)
_14606_/C                               0.750000    1.056738   -0.306738 (VIOLATED)
_16115_/B1                              0.750000    1.056735   -0.306735 (VIOLATED)
_16211_/B1                              0.750000    1.056711   -0.306711 (VIOLATED)
_15921_/B1                              0.750000    1.056662   -0.306662 (VIOLATED)
_16506_/A1                              0.750000    1.056595   -0.306595 (VIOLATED)
_15589_/A1                              0.750000    1.056554   -0.306554 (VIOLATED)
fanout544/A                             0.750000    1.056225   -0.306226 (VIOLATED)
_16447_/A1                              0.750000    1.056224   -0.306224 (VIOLATED)
fanout545/X                             0.750000    1.056224   -0.306224 (VIOLATED)
_12676_/A                               0.750000    1.054738   -0.304738 (VIOLATED)
_12699_/A                               0.750000    1.054737   -0.304737 (VIOLATED)
_12693_/A                               0.750000    1.054737   -0.304737 (VIOLATED)
_12686_/A                               0.750000    1.054736   -0.304736 (VIOLATED)
_12761_/B1                              0.750000    1.054716   -0.304716 (VIOLATED)
fanout616/A                             0.750000    1.054615   -0.304616 (VIOLATED)
fanout617/X                             0.750000    1.054612   -0.304612 (VIOLATED)
fanout739/A                             0.750000    1.045048   -0.295048 (VIOLATED)
_14922_/B                               0.750000    1.044979   -0.294979 (VIOLATED)
_13642_/B                               0.750000    1.044873   -0.294873 (VIOLATED)
_14895_/B                               0.750000    1.044838   -0.294838 (VIOLATED)
_14240_/B                               0.750000    1.044811   -0.294811 (VIOLATED)
_13615_/B                               0.750000    1.044725   -0.294725 (VIOLATED)
_12958_/C                               0.750000    1.044697   -0.294697 (VIOLATED)
_13288_/B                               0.750000    1.044697   -0.294697 (VIOLATED)
_14568_/B                               0.750000    1.044695   -0.294695 (VIOLATED)
fanout740/X                             0.750000    1.044695   -0.294695 (VIOLATED)
fanout914/A                             0.750000    1.043399   -0.293399 (VIOLATED)
_14814_/B                               0.750000    1.043371   -0.293371 (VIOLATED)
_13497_/B                               0.750000    1.043239   -0.293239 (VIOLATED)
_14787_/B                               0.750000    1.043183   -0.293183 (VIOLATED)
_14132_/B                               0.750000    1.043163   -0.293163 (VIOLATED)
ANTENNA_79/DIODE                        0.750000    1.043016   -0.293016 (VIOLATED)
_13470_/B                               0.750000    1.043009   -0.293009 (VIOLATED)
_14460_/B                               0.750000    1.042900   -0.292900 (VIOLATED)
_13180_/B                               0.750000    1.042887   -0.292887 (VIOLATED)
_12844_/C                               0.750000    1.042886   -0.292886 (VIOLATED)
fanout915/X                             0.750000    1.042886   -0.292886 (VIOLATED)
_14868_/B                               0.750000    1.020049   -0.270049 (VIOLATED)
_14541_/B                               0.750000    1.020048   -0.270048 (VIOLATED)
_12929_/C                               0.750000    1.020028   -0.270028 (VIOLATED)
_13261_/B                               0.750000    1.020016   -0.270016 (VIOLATED)
_13588_/B                               0.750000    1.020017   -0.270017 (VIOLATED)
_13279_/B                               0.750000    1.020016   -0.270016 (VIOLATED)
_14213_/B                               0.750000    1.020012   -0.270012 (VIOLATED)
_12947_/C                               0.750000    1.020010   -0.270010 (VIOLATED)
_14231_/B                               0.750000    1.019995   -0.269995 (VIOLATED)
_14559_/B                               0.750000    1.019974   -0.269974 (VIOLATED)
fanout797/X                             0.750000    1.019973   -0.269973 (VIOLATED)
_13015_/C                               0.750000    1.010723   -0.260723 (VIOLATED)
_13053_/B                               0.750000    1.010723   -0.260723 (VIOLATED)
_16106_/B1                              0.750000    1.010692   -0.260692 (VIOLATED)
_16231_/B1                              0.750000    1.010691   -0.260691 (VIOLATED)
_15235_/B1                              0.750000    1.010687   -0.260687 (VIOLATED)
_12997_/C                               0.750000    1.010671   -0.260671 (VIOLATED)
_15291_/B1                              0.750000    1.010627   -0.260627 (VIOLATED)
_15563_/B1                              0.750000    1.010624   -0.260624 (VIOLATED)
_16496_/A1                              0.750000    1.010616   -0.260616 (VIOLATED)
_15956_/B2                              0.750000    1.010560   -0.260560 (VIOLATED)
fanout571/X                             0.750000    1.010560   -0.260560 (VIOLATED)
fanout2200/A                            0.750000    1.006966   -0.256966 (VIOLATED)
ANTENNA_45/DIODE                        0.750000    1.006953   -0.256953 (VIOLATED)
fanout2196/A                            0.750000    1.006954   -0.256954 (VIOLATED)
fanout2187/A                            0.750000    1.006917   -0.256917 (VIOLATED)
fanout2189/A                            0.750000    1.006906   -0.256906 (VIOLATED)
fanout2193/A                            0.750000    1.006835   -0.256835 (VIOLATED)
fanout2198/A                            0.750000    1.006834   -0.256834 (VIOLATED)
fanout2191/A                            0.750000    1.006815   -0.256815 (VIOLATED)
fanout2202/X                            0.750000    1.006815   -0.256815 (VIOLATED)
fanout797/A                             0.750000    1.006002   -0.256002 (VIOLATED)
_14886_/B                               0.750000    1.005923   -0.255923 (VIOLATED)
_13606_/B                               0.750000    1.005808   -0.255808 (VIOLATED)
_14204_/B                               0.750000    1.005778   -0.255778 (VIOLATED)
_14859_/B                               0.750000    1.005754   -0.255754 (VIOLATED)
_13579_/B                               0.750000    1.005663   -0.255663 (VIOLATED)
_14532_/B                               0.750000    1.005635   -0.255635 (VIOLATED)
_12920_/C                               0.750000    1.005633   -0.255633 (VIOLATED)
_13252_/B                               0.750000    1.005633   -0.255633 (VIOLATED)
fanout798/X                             0.750000    1.005633   -0.255633 (VIOLATED)
_15174_/A1                              0.750000    1.004573   -0.254573 (VIOLATED)
_15448_/A                               0.750000    1.004564   -0.254564 (VIOLATED)
_16484_/B1                              0.750000    1.004523   -0.254523 (VIOLATED)
_15229_/B1                              0.750000    1.004485   -0.254486 (VIOLATED)
_15739_/B1                              0.750000    1.004269   -0.254269 (VIOLATED)
_15536_/A                               0.750000    1.004235   -0.254235 (VIOLATED)
_15362_/A1                              0.750000    1.004208   -0.254208 (VIOLATED)
_16100_/A1                              0.750000    1.004207   -0.254207 (VIOLATED)
_16099_/A1                              0.750000    1.004207   -0.254207 (VIOLATED)
_15130_/A1                              0.750000    1.004197   -0.254197 (VIOLATED)
fanout590/X                             0.750000    1.004197   -0.254197 (VIOLATED)
_15632_/B1                              0.750000    0.999434   -0.249434 (VIOLATED)
_16260_/B1                              0.750000    0.999432   -0.249432 (VIOLATED)
_15394_/A1                              0.750000    0.999428   -0.249428 (VIOLATED)
_16158_/B2                              0.750000    0.999420   -0.249420 (VIOLATED)
_14750_/A                               0.750000    0.999373   -0.249374 (VIOLATED)
_12645_/B                               0.750000    0.999373   -0.249373 (VIOLATED)
_14931_/A                               0.750000    0.999373   -0.249373 (VIOLATED)
_13949_/A                               0.750000    0.999368   -0.249368 (VIOLATED)
_16039_/B1                              0.750000    0.999329   -0.249329 (VIOLATED)
fanout582/A                             0.750000    0.999316   -0.249316 (VIOLATED)
fanout583/X                             0.750000    0.999316   -0.249316 (VIOLATED)
_12958_/B                               0.750000    0.991735   -0.241735 (VIOLATED)
_15041_/B                               0.750000    0.991734   -0.241734 (VIOLATED)
_12844_/B                               0.750000    0.991732   -0.241732 (VIOLATED)
_12806_/B                               0.750000    0.991732   -0.241732 (VIOLATED)
_12882_/B                               0.750000    0.991727   -0.241727 (VIOLATED)
_12920_/B                               0.750000    0.991727   -0.241727 (VIOLATED)
_12768_/C                               0.750000    0.991707   -0.241707 (VIOLATED)
ANTENNA_75/DIODE                        0.750000    0.990936   -0.240937 (VIOLATED)
fanout580/A                             0.750000    0.990925   -0.240925 (VIOLATED)
fanout579/A                             0.750000    0.990669   -0.240669 (VIOLATED)
fanout581/X                             0.750000    0.990669   -0.240669 (VIOLATED)
_15041_/C                               0.750000    0.981109   -0.231109 (VIOLATED)
_13035_/C                               0.750000    0.981094   -0.231094 (VIOLATED)
_14315_/B                               0.750000    0.981057   -0.231057 (VIOLATED)
_13362_/B                               0.750000    0.980971   -0.230971 (VIOLATED)
_14024_/B                               0.750000    0.980875   -0.230876 (VIOLATED)
_14642_/B                               0.750000    0.980846   -0.230846 (VIOLATED)
_13389_/B                               0.750000    0.980788   -0.230788 (VIOLATED)
_15068_/C                               0.750000    0.980562   -0.230562 (VIOLATED)
fanout609/A                             0.750000    0.980530   -0.230530 (VIOLATED)
fanout610/X                             0.750000    0.980530   -0.230530 (VIOLATED)
_09466_/B1                              0.750000    0.978001   -0.228001 (VIOLATED)
_10698_/B1                              0.750000    0.978000   -0.228000 (VIOLATED)
_10822_/B1                              0.750000    0.977974   -0.227974 (VIOLATED)
_11226_/B1                              0.750000    0.977947   -0.227947 (VIOLATED)
_09446_/C1                              0.750000    0.977922   -0.227922 (VIOLATED)
_09437_/B1                              0.750000    0.977920   -0.227920 (VIOLATED)
_09298_/C1                              0.750000    0.977916   -0.227916 (VIOLATED)
_09292_/A1                              0.750000    0.977897   -0.227897 (VIOLATED)
_11289_/B1                              0.750000    0.977888   -0.227888 (VIOLATED)
_11318_/B1                              0.750000    0.977847   -0.227847 (VIOLATED)
fanout1977/X                            0.750000    0.977844   -0.227844 (VIOLATED)
_14415_/B                               0.750000    0.975204   -0.225204 (VIOLATED)
_14087_/B                               0.750000    0.975191   -0.225191 (VIOLATED)
_13098_/B                               0.750000    0.975165   -0.225165 (VIOLATED)
_12795_/B                               0.750000    0.975158   -0.225158 (VIOLATED)
_13080_/B                               0.750000    0.975134   -0.225134 (VIOLATED)
_13407_/B                               0.750000    0.975130   -0.225130 (VIOLATED)
_14069_/B                               0.750000    0.975110   -0.225110 (VIOLATED)
_12777_/B                               0.750000    0.975110   -0.225110 (VIOLATED)
_14397_/B                               0.750000    0.975109   -0.225109 (VIOLATED)
_14687_/B                               0.750000    0.975106   -0.225106 (VIOLATED)
fanout613/X                             0.750000    0.975106   -0.225106 (VIOLATED)
fanout1859/A                            0.750000    0.934231   -0.184231 (VIOLATED)
fanout1857/A                            0.750000    0.934214   -0.184214 (VIOLATED)
ANTENNA_39/DIODE                        0.750000    0.934211   -0.184212 (VIOLATED)
fanout1854/A                            0.750000    0.934192   -0.184192 (VIOLATED)
ANTENNA_38/DIODE                        0.750000    0.934191   -0.184191 (VIOLATED)
fanout1856/A                            0.750000    0.934190   -0.184190 (VIOLATED)
fanout1852/A                            0.750000    0.934171   -0.184171 (VIOLATED)
fanout1860/X                            0.750000    0.934171   -0.184171 (VIOLATED)
_15600_/B1                              0.750000    0.915480   -0.165480 (VIOLATED)
_16244_/B1                              0.750000    0.915477   -0.165477 (VIOLATED)
_16529_/C1                              0.750000    0.915464   -0.165464 (VIOLATED)
_15981_/A                               0.750000    0.915442   -0.165442 (VIOLATED)
_15663_/A                               0.750000    0.915438   -0.165439 (VIOLATED)
_15383_/B1                              0.750000    0.915410   -0.165410 (VIOLATED)
_14604_/B                               0.750000    0.915408   -0.165408 (VIOLATED)
_16153_/B1                              0.750000    0.915398   -0.165398 (VIOLATED)
_14277_/B                               0.750000    0.915373   -0.165373 (VIOLATED)
_15141_/B1                              0.750000    0.915246   -0.165246 (VIOLATED)
fanout586/X                             0.750000    0.915246   -0.165246 (VIOLATED)
_14333_/C                               0.750000    0.907759   -0.157759 (VIOLATED)
_14297_/C                               0.750000    0.907759   -0.157759 (VIOLATED)
_14406_/C                               0.750000    0.907759   -0.157759 (VIOLATED)
_14279_/C                               0.750000    0.907754   -0.157754 (VIOLATED)
_15244_/B2                              0.750000    0.907754   -0.157754 (VIOLATED)
_15310_/B1                              0.750000    0.907754   -0.157754 (VIOLATED)
_15955_/B1                              0.750000    0.907754   -0.157754 (VIOLATED)
_16126_/B1                              0.750000    0.907754   -0.157754 (VIOLATED)
_16197_/B1                              0.750000    0.907754   -0.157754 (VIOLATED)
_16496_/B2                              0.750000    0.907754   -0.157754 (VIOLATED)
fanout549/X                             0.750000    0.907754   -0.157754 (VIOLATED)
_15868_/A1                              0.750000    0.899770   -0.149770 (VIOLATED)
_14186_/C                               0.750000    0.899770   -0.149770 (VIOLATED)
_14222_/C                               0.750000    0.899770   -0.149770 (VIOLATED)
_14258_/C                               0.750000    0.899769   -0.149770 (VIOLATED)
fanout557/A                             0.750000    0.899762   -0.149762 (VIOLATED)
_15296_/B1                              0.750000    0.899666   -0.149666 (VIOLATED)
_13988_/C                               0.750000    0.899664   -0.149664 (VIOLATED)
_16054_/A1                              0.750000    0.899654   -0.149654 (VIOLATED)
fanout558/X                             0.750000    0.899654   -0.149654 (VIOLATED)
fanout2290/A                            0.750000    0.882219   -0.132219 (VIOLATED)
_16943_/B1                              0.750000    0.882217   -0.132217 (VIOLATED)
_16991_/A1                              0.750000    0.882216   -0.132216 (VIOLATED)
_17196_/A1                              0.750000    0.882204   -0.132204 (VIOLATED)
_11492_/A                               0.750000    0.882195   -0.132195 (VIOLATED)
_09207_/A                               0.750000    0.882161   -0.132161 (VIOLATED)
_11582_/A1                              0.750000    0.882157   -0.132157 (VIOLATED)
_11439_/A1                              0.750000    0.882151   -0.132151 (VIOLATED)
_11548_/A1                              0.750000    0.882151   -0.132151 (VIOLATED)
_09890_/A                               0.750000    0.882149   -0.132149 (VIOLATED)
fanout2291/X                            0.750000    0.882149   -0.132149 (VIOLATED)
fanout2240/A                            0.750000    0.877147   -0.127147 (VIOLATED)
fanout2235/A                            0.750000    0.877142   -0.127142 (VIOLATED)
fanout2250/A                            0.750000    0.877132   -0.127132 (VIOLATED)
fanout2231/A                            0.750000    0.877102   -0.127102 (VIOLATED)
fanout2220/A                            0.750000    0.877100   -0.127100 (VIOLATED)
fanout2226/A                            0.750000    0.877097   -0.127097 (VIOLATED)
fanout2251/X                            0.750000    0.877097   -0.127097 (VIOLATED)
_09840_/C                               0.750000    0.842056   -0.092056 (VIOLATED)
_12638_/B                               0.750000    0.842047   -0.092047 (VIOLATED)
_12703_/B                               0.750000    0.842046   -0.092046 (VIOLATED)
_12704_/A1                              0.750000    0.842045   -0.092045 (VIOLATED)
_09886_/A                               0.750000    0.842039   -0.092039 (VIOLATED)
_12419_/B1                              0.750000    0.842038   -0.092038 (VIOLATED)
_16821_/A2                              0.750000    0.842028   -0.092028 (VIOLATED)
_09885_/B                               0.750000    0.842023   -0.092023 (VIOLATED)
_09249_/A                               0.750000    0.841998   -0.091998 (VIOLATED)
_09879_/C_N                             0.750000    0.841996   -0.091996 (VIOLATED)
fanout2288/X                            0.750000    0.841993   -0.091993 (VIOLATED)
_10408_/B                               0.750000    0.837173   -0.087173 (VIOLATED)
_10435_/A0                              0.750000    0.837165   -0.087165 (VIOLATED)
_11516_/A2                              0.750000    0.837152   -0.087152 (VIOLATED)
_16780_/A1                              0.750000    0.837105   -0.087105 (VIOLATED)
_16779_/A1                              0.750000    0.837102   -0.087102 (VIOLATED)
_12504_/A                               0.750000    0.837098   -0.087098 (VIOLATED)
_16770_/A                               0.750000    0.837090   -0.087090 (VIOLATED)
_16810_/A1                              0.750000    0.837089   -0.087089 (VIOLATED)
_16811_/A1                              0.750000    0.837084   -0.087084 (VIOLATED)
_12522_/A1                              0.750000    0.837075   -0.087075 (VIOLATED)
fanout1402/X                            0.750000    0.837075   -0.087075 (VIOLATED)
fanout369/A                             0.750000    0.833903   -0.083903 (VIOLATED)
fanout370/A                             0.750000    0.833896   -0.083896 (VIOLATED)
fanout372/A                             0.750000    0.833861   -0.083861 (VIOLATED)
fanout371/A                             0.750000    0.833860   -0.083860 (VIOLATED)
fanout373/A                             0.750000    0.833802   -0.083802 (VIOLATED)
fanout375/A                             0.750000    0.833802   -0.083802 (VIOLATED)
fanout376/A                             0.750000    0.833800   -0.083800 (VIOLATED)
fanout377/A                             0.750000    0.833800   -0.083800 (VIOLATED)
fanout378/X                             0.750000    0.833800   -0.083800 (VIOLATED)
_13035_/B                               0.750000    0.833617   -0.083618 (VIOLATED)
_13288_/C                               0.750000    0.833617   -0.083617 (VIOLATED)
_13252_/C                               0.750000    0.833617   -0.083617 (VIOLATED)
_13216_/C                               0.750000    0.833616   -0.083616 (VIOLATED)
_13180_/C                               0.750000    0.833616   -0.083616 (VIOLATED)
_13107_/C                               0.750000    0.833615   -0.083615 (VIOLATED)
_13071_/C                               0.750000    0.833614   -0.083614 (VIOLATED)
fanout574/A                             0.750000    0.833579   -0.083579 (VIOLATED)
fanout573/A                             0.750000    0.833518   -0.083518 (VIOLATED)
fanout575/X                             0.750000    0.833518   -0.083518 (VIOLATED)
fanout429/A                             0.750000    0.829983   -0.079983 (VIOLATED)
fanout430/A                             0.750000    0.829976   -0.079976 (VIOLATED)
fanout432/A                             0.750000    0.829869   -0.079869 (VIOLATED)
ANTENNA_26/DIODE                        0.750000    0.829868   -0.079868 (VIOLATED)
fanout431/A                             0.750000    0.829723   -0.079723 (VIOLATED)
ANTENNA_25/DIODE                        0.750000    0.829712   -0.079712 (VIOLATED)
fanout428/A                             0.750000    0.829513   -0.079513 (VIOLATED)
fanout433/X                             0.750000    0.829513   -0.079513 (VIOLATED)
_14760_/A                               0.750000    0.824858   -0.074858 (VIOLATED)
_12674_/B                               0.750000    0.824856   -0.074856 (VIOLATED)
_13959_/A                               0.750000    0.824856   -0.074856 (VIOLATED)
_14978_/A                               0.750000    0.824856   -0.074856 (VIOLATED)
_14361_/A                               0.750000    0.824855   -0.074855 (VIOLATED)
_14941_/A                               0.750000    0.824853   -0.074853 (VIOLATED)
_13153_/A                               0.750000    0.824845   -0.074845 (VIOLATED)
_13552_/A                               0.750000    0.824834   -0.074834 (VIOLATED)
_13700_/A                               0.750000    0.824739   -0.074739 (VIOLATED)
_13663_/A                               0.750000    0.824683   -0.074683 (VIOLATED)
fanout415/X                             0.750000    0.824682   -0.074682 (VIOLATED)
fanout1675/A                            0.750000    0.818575   -0.068575 (VIOLATED)
fanout1677/A                            0.750000    0.818566   -0.068566 (VIOLATED)
fanout1680/A                            0.750000    0.818460   -0.068460 (VIOLATED)
fanout1678/A                            0.750000    0.818254   -0.068254 (VIOLATED)
fanout1673/A                            0.750000    0.818093   -0.068093 (VIOLATED)
fanout1681/X                            0.750000    0.818093   -0.068093 (VIOLATED)
fanout564/A                             0.750000    0.811300   -0.061300 (VIOLATED)
fanout563/A                             0.750000    0.811276   -0.061276 (VIOLATED)
_15486_/A1                              0.750000    0.811276   -0.061276 (VIOLATED)
_13690_/B                               0.750000    0.811267   -0.061267 (VIOLATED)
_16167_/A1                              0.750000    0.811222   -0.061223 (VIOLATED)
_15394_/B2                              0.750000    0.811221   -0.061221 (VIOLATED)
_16255_/B1                              0.750000    0.811221   -0.061221 (VIOLATED)
fanout565/X                             0.750000    0.811221   -0.061221 (VIOLATED)
_09532_/A1                              0.750000    0.799643   -0.049643 (VIOLATED)
_09498_/B                               0.750000    0.799643   -0.049643 (VIOLATED)
_09418_/B                               0.750000    0.799636   -0.049636 (VIOLATED)
_10198_/A2                              0.750000    0.799633   -0.049633 (VIOLATED)
_10197_/A2                              0.750000    0.799633   -0.049633 (VIOLATED)
_10436_/B                               0.750000    0.799632   -0.049632 (VIOLATED)
_09923_/B                               0.750000    0.799421   -0.049421 (VIOLATED)
_09946_/A1                              0.750000    0.799421   -0.049421 (VIOLATED)
_10229_/B                               0.750000    0.799421   -0.049421 (VIOLATED)
_10255_/A1                              0.750000    0.799421   -0.049421 (VIOLATED)
fanout1582/X                            0.750000    0.799421   -0.049421 (VIOLATED)
_17083_/A                               0.750000    0.793751   -0.043751 (VIOLATED)
_17032_/A                               0.750000    0.793749   -0.043749 (VIOLATED)
_17058_/B2                              0.750000    0.793747   -0.043747 (VIOLATED)
_16953_/A                               0.750000    0.793743   -0.043743 (VIOLATED)
_16899_/A                               0.750000    0.793743   -0.043743 (VIOLATED)
_16874_/A                               0.750000    0.793740   -0.043740 (VIOLATED)
_17001_/A                               0.750000    0.793735   -0.043735 (VIOLATED)
_16978_/A                               0.750000    0.793733   -0.043733 (VIOLATED)
_16930_/A                               0.750000    0.793730   -0.043730 (VIOLATED)
_17157_/A                               0.750000    0.793730   -0.043730 (VIOLATED)
fanout1973/X                            0.750000    0.793730   -0.043730 (VIOLATED)
_14168_/C                               0.750000    0.793643   -0.043643 (VIOLATED)
_14024_/C                               0.750000    0.793642   -0.043642 (VIOLATED)
_14240_/C                               0.750000    0.793641   -0.043641 (VIOLATED)
_14132_/C                               0.750000    0.793640   -0.043640 (VIOLATED)
_14096_/C                               0.750000    0.793637   -0.043637 (VIOLATED)
_14204_/C                               0.750000    0.793629   -0.043629 (VIOLATED)
_14060_/C                               0.750000    0.793627   -0.043627 (VIOLATED)
fanout561/A                             0.750000    0.793591   -0.043591 (VIOLATED)
fanout560/A                             0.750000    0.793380   -0.043380 (VIOLATED)
fanout562/X                             0.750000    0.793378   -0.043378 (VIOLATED)
fanout1831/A                            0.750000    0.781173   -0.031173 (VIOLATED)
fanout1834/A                            0.750000    0.781131   -0.031131 (VIOLATED)
fanout1844/A                            0.750000    0.781053   -0.031053 (VIOLATED)
fanout1841/A                            0.750000    0.781014   -0.031014 (VIOLATED)
fanout1839/A                            0.750000    0.780953   -0.030953 (VIOLATED)
fanout1846/X                            0.750000    0.780953   -0.030953 (VIOLATED)
_12537_/A                               0.750000    0.777673   -0.027673 (VIOLATED)
_12545_/A                               0.750000    0.777673   -0.027673 (VIOLATED)
_12443_/A                               0.750000    0.777662   -0.027662 (VIOLATED)
_09494_/A                               0.750000    0.777652   -0.027652 (VIOLATED)
_12437_/A                               0.750000    0.777651   -0.027651 (VIOLATED)
_09495_/A                               0.750000    0.777643   -0.027643 (VIOLATED)
_12474_/A1                              0.750000    0.777625   -0.027625 (VIOLATED)
_12492_/A1                              0.750000    0.777622   -0.027622 (VIOLATED)
_09453_/A                               0.750000    0.777620   -0.027620 (VIOLATED)
fanout1585/A                            0.750000    0.777614   -0.027614 (VIOLATED)
fanout1586/X                            0.750000    0.777614   -0.027614 (VIOLATED)
fanout2317/A                            0.750000    0.772373   -0.022373 (VIOLATED)
fanout2319/A                            0.750000    0.772162   -0.022162 (VIOLATED)
fanout2320/A                            0.750000    0.772159   -0.022159 (VIOLATED)
fanout2322/A                            0.750000    0.772159   -0.022159 (VIOLATED)
fanout2325/A                            0.750000    0.772159   -0.022159 (VIOLATED)
fanout2327/X                            0.750000    0.772159   -0.022159 (VIOLATED)
fanout547/A                             0.750000    0.764479   -0.014479 (VIOLATED)
fanout546/A                             0.750000    0.764449   -0.014449 (VIOLATED)
_14651_/C                               0.750000    0.764371   -0.014371 (VIOLATED)
_14615_/C                               0.750000    0.764371   -0.014371 (VIOLATED)
_14723_/C                               0.750000    0.764371   -0.014371 (VIOLATED)
_14687_/C                               0.750000    0.764369   -0.014369 (VIOLATED)
_14796_/C                               0.750000    0.764369   -0.014369 (VIOLATED)
_14832_/C                               0.750000    0.764369   -0.014369 (VIOLATED)
_14868_/C                               0.750000    0.764369   -0.014369 (VIOLATED)
_14904_/C                               0.750000    0.764369   -0.014369 (VIOLATED)
fanout548/X                             0.750000    0.764369   -0.014369 (VIOLATED)
_18225_/B1                              0.750000    0.756910   -0.006910 (VIOLATED)
_12415_/A2                              0.750000    0.756907   -0.006907 (VIOLATED)
_18244_/A1                              0.750000    0.756900   -0.006900 (VIOLATED)
_18256_/B1                              0.750000    0.756890   -0.006890 (VIOLATED)
_18265_/A                               0.750000    0.756883   -0.006883 (VIOLATED)
_18266_/A1                              0.750000    0.756877   -0.006877 (VIOLATED)
_18391_/B1                              0.750000    0.756648   -0.006648 (VIOLATED)
_18289_/S                               0.750000    0.756648   -0.006648 (VIOLATED)
_18386_/S                               0.750000    0.756646   -0.006646 (VIOLATED)
_18328_/A                               0.750000    0.756643   -0.006643 (VIOLATED)
fanout584/X                             0.750000    0.756643   -0.006643 (VIOLATED)
_13986_/B                               0.750000    0.753440   -0.003440 (VIOLATED)
_15685_/A                               0.750000    0.753434   -0.003434 (VIOLATED)
_15186_/B1                              0.750000    0.753425   -0.003425 (VIOLATED)
_13987_/B                               0.750000    0.753414   -0.003414 (VIOLATED)
_16551_/B1                              0.750000    0.753410   -0.003410 (VIOLATED)
_16003_/A                               0.750000    0.753384   -0.003384 (VIOLATED)
_15617_/A                               0.750000    0.753370   -0.003370 (VIOLATED)
_13652_/B                               0.750000    0.753330   -0.003330 (VIOLATED)
_15903_/A                               0.750000    0.753250   -0.003250 (VIOLATED)
_15817_/A                               0.750000    0.753249   -0.003249 (VIOLATED)
fanout589/X                             0.750000    0.753249   -0.003249 (VIOLATED)
fanout2452/A                            0.750000    0.750879   -0.000879 (VIOLATED)
fanout2464/A                            0.750000    0.750879   -0.000879 (VIOLATED)
fanout2457/A                            0.750000    0.750874   -0.000874 (VIOLATED)
fanout2454/A                            0.750000    0.750872   -0.000872 (VIOLATED)
fanout2485/A                            0.750000    0.750677   -0.000677 (VIOLATED)
fanout2486/X                            0.750000    0.750677   -0.000677 (VIOLATED)

max fanout

Pin                                   Limit Fanout  Slack
---------------------------------------------------------
clkbuf_2_0_0_clk/X                       10     16     -6 (VIOLATED)
clkbuf_2_1_0_clk/X                       10     16     -6 (VIOLATED)
clkbuf_2_2_0_clk/X                       10     16     -6 (VIOLATED)
clkbuf_2_3_0_clk/X                       10     16     -6 (VIOLATED)
clkbuf_leaf_23_clk/X                     10     12     -2 (VIOLATED)
clkbuf_leaf_278_clk/X                    10     12     -2 (VIOLATED)
clkbuf_leaf_287_clk/X                    10     12     -2 (VIOLATED)
clkbuf_leaf_288_clk/X                    10     12     -2 (VIOLATED)
clkbuf_leaf_6_clk/X                      10     12     -2 (VIOLATED)
clkbuf_leaf_72_clk/X                     10     12     -2 (VIOLATED)
fanout914/X                              10     12     -2 (VIOLATED)
clkbuf_leaf_100_clk/X                    10     11        (VIOLATED)
clkbuf_leaf_110_clk/X                    10     11        (VIOLATED)
clkbuf_leaf_115_clk/X                    10     11        (VIOLATED)
clkbuf_leaf_117_clk/X                    10     11        (VIOLATED)
clkbuf_leaf_118_clk/X                    10     11        (VIOLATED)
clkbuf_leaf_123_clk/X                    10     11        (VIOLATED)
clkbuf_leaf_124_clk/X                    10     11        (VIOLATED)
clkbuf_leaf_128_clk/X                    10     11        (VIOLATED)
clkbuf_leaf_129_clk/X                    10     11        (VIOLATED)
clkbuf_leaf_132_clk/X                    10     11        (VIOLATED)
clkbuf_leaf_134_clk/X                    10     11        (VIOLATED)
clkbuf_leaf_142_clk/X                    10     11        (VIOLATED)
clkbuf_leaf_167_clk/X                    10     11        (VIOLATED)
clkbuf_leaf_171_clk/X                    10     11        (VIOLATED)
clkbuf_leaf_176_clk/X                    10     11        (VIOLATED)
clkbuf_leaf_186_clk/X                    10     11        (VIOLATED)
clkbuf_leaf_188_clk/X                    10     11        (VIOLATED)
clkbuf_leaf_197_clk/X                    10     11        (VIOLATED)
clkbuf_leaf_199_clk/X                    10     11        (VIOLATED)
clkbuf_leaf_1_clk/X                      10     11        (VIOLATED)
clkbuf_leaf_224_clk/X                    10     11        (VIOLATED)
clkbuf_leaf_228_clk/X                    10     11        (VIOLATED)
clkbuf_leaf_243_clk/X                    10     11        (VIOLATED)
clkbuf_leaf_250_clk/X                    10     11        (VIOLATED)
clkbuf_leaf_25_clk/X                     10     11        (VIOLATED)
clkbuf_leaf_27_clk/X                     10     11        (VIOLATED)
clkbuf_leaf_281_clk/X                    10     11        (VIOLATED)
clkbuf_leaf_290_clk/X                    10     11        (VIOLATED)
clkbuf_leaf_312_clk/X                    10     11        (VIOLATED)
clkbuf_leaf_317_clk/X                    10     11        (VIOLATED)
clkbuf_leaf_319_clk/X                    10     11        (VIOLATED)
clkbuf_leaf_322_clk/X                    10     11        (VIOLATED)
clkbuf_leaf_37_clk/X                     10     11        (VIOLATED)
clkbuf_leaf_38_clk/X                     10     11        (VIOLATED)
clkbuf_leaf_39_clk/X                     10     11        (VIOLATED)
clkbuf_leaf_40_clk/X                     10     11        (VIOLATED)
clkbuf_leaf_65_clk/X                     10     11        (VIOLATED)
clkbuf_leaf_68_clk/X                     10     11        (VIOLATED)
clkbuf_leaf_69_clk/X                     10     11        (VIOLATED)
clkbuf_leaf_76_clk/X                     10     11        (VIOLATED)
clkbuf_leaf_78_clk/X                     10     11        (VIOLATED)
clkbuf_leaf_79_clk/X                     10     11        (VIOLATED)
clkbuf_leaf_7_clk/X                      10     11        (VIOLATED)
clkbuf_leaf_82_clk/X                     10     11        (VIOLATED)
clkbuf_leaf_85_clk/X                     10     11        (VIOLATED)
clkbuf_leaf_89_clk/X                     10     11        (VIOLATED)
clkbuf_leaf_90_clk/X                     10     11        (VIOLATED)
fanout232/X                              10     11        (VIOLATED)
fanout265/X                              10     11        (VIOLATED)
fanout332/X                              10     11        (VIOLATED)
fanout426/X                              10     11        (VIOLATED)
fanout457/X                              10     11        (VIOLATED)
fanout474/X                              10     11        (VIOLATED)
fanout588/X                              10     11        (VIOLATED)
fanout856/X                              10     11        (VIOLATED)

max capacitance

Pin                                        Limit         Cap       Slack
------------------------------------------------------------------------
clkbuf_2_1_0_clk/X                      0.200000    0.210813   -0.010813 (VIOLATED)



===========================================================================
report_parasitic_annotation -report_unannotated
============================================================================
Found 230 unannotated drivers.
 ena
 ui_in[7]
 uio_in[0]
 uio_in[1]
 uio_in[2]
 uio_in[3]
 uio_in[4]
 uio_in[5]
 uio_in[6]
 uio_in[7]
 clkload0/X
 clkload1/X
 clkload10/X
 clkload100/Y
 clkload101/X
 clkload102/X
 clkload103/X
 clkload104/X
 clkload105/Y
 clkload106/X
 clkload107/Y
 clkload108/X
 clkload109/X
 clkload11/X
 clkload110/X
 clkload111/X
 clkload112/X
 clkload113/X
 clkload114/X
 clkload115/X
 clkload116/X
 clkload117/X
 clkload118/X
 clkload119/X
 clkload12/X
 clkload120/X
 clkload121/Y
 clkload122/X
 clkload123/Y
 clkload124/X
 clkload125/X
 clkload126/X
 clkload127/X
 clkload128/Y
 clkload129/Y
 clkload13/X
 clkload130/X
 clkload131/X
 clkload132/X
 clkload133/X
 clkload134/X
 clkload135/Y
 clkload136/X
 clkload137/X
 clkload138/X
 clkload139/X
 clkload14/X
 clkload140/X
 clkload141/X
 clkload142/X
 clkload143/X
 clkload144/Y
 clkload145/X
 clkload146/X
 clkload147/X
 clkload148/X
 clkload149/X
 clkload15/X
 clkload150/X
 clkload151/X
 clkload152/X
 clkload153/X
 clkload154/X
 clkload155/X
 clkload156/X
 clkload157/X
 clkload158/X
 clkload159/Y
 clkload16/X
 clkload160/X
 clkload161/X
 clkload162/X
 clkload163/X
 clkload164/X
 clkload165/Y
 clkload166/Y
 clkload167/Y
 clkload168/Y
 clkload169/X
 clkload17/X
 clkload170/X
 clkload171/X
 clkload172/X
 clkload173/X
 clkload174/X
 clkload175/X
 clkload176/Y
 clkload177/X
 clkload178/X
 clkload179/Y
 clkload18/X
 clkload180/X
 clkload181/X
 clkload182/X
 clkload183/Y
 clkload184/X
 clkload185/X
 clkload186/X
 clkload187/X
 clkload188/X
 clkload189/X
 clkload19/X
 clkload190/X
 clkload191/X
 clkload192/X
 clkload193/X
 clkload194/X
 clkload195/Y
 clkload196/X
 clkload197/X
 clkload198/X
 clkload199/X
 clkload2/X
 clkload20/X
 clkload200/Y
 clkload201/X
 clkload202/X
 clkload203/Y
 clkload21/X
 clkload22/X
 clkload23/X
 clkload24/X
 clkload25/X
 clkload26/X
 clkload27/X
 clkload28/X
 clkload29/X
 clkload3/X
 clkload30/X
 clkload31/X
 clkload32/X
 clkload33/X
 clkload34/X
 clkload35/X
 clkload36/X
 clkload37/X
 clkload38/X
 clkload39/X
 clkload4/X
 clkload40/X
 clkload41/X
 clkload42/X
 clkload43/X
 clkload44/X
 clkload45/X
 clkload46/X
 clkload47/X
 clkload48/X
 clkload49/X
 clkload5/X
 clkload50/X
 clkload51/X
 clkload52/X
 clkload53/X
 clkload54/X
 clkload55/X
 clkload56/X
 clkload57/X
 clkload58/X
 clkload59/Y
 clkload6/X
 clkload60/Y
 clkload61/X
 clkload62/X
 clkload63/X
 clkload64/X
 clkload65/X
 clkload66/X
 clkload67/X
 clkload68/X
 clkload69/X
 clkload7/X
 clkload70/X
 clkload71/X
 clkload72/X
 clkload73/X
 clkload74/X
 clkload75/X
 clkload76/X
 clkload77/X
 clkload78/X
 clkload79/X
 clkload8/X
 clkload80/Y
 clkload81/Y
 clkload82/Y
 clkload83/Y
 clkload84/Y
 clkload85/Y
 clkload86/Y
 clkload87/X
 clkload88/X
 clkload89/X
 clkload9/X
 clkload90/X
 clkload91/X
 clkload92/X
 clkload93/Y
 clkload94/Y
 clkload95/X
 clkload96/X
 clkload97/X
 clkload98/X
 clkload99/X
 tt_um_cleave/HI
 tt_um_cleave_2523/HI
 tt_um_cleave_2524/HI
 tt_um_cleave_2525/HI
 tt_um_cleave_2526/HI
 tt_um_cleave_2527/HI
 tt_um_cleave_2528/HI
 tt_um_cleave_2529/HI
 tt_um_cleave_2530/HI
 tt_um_cleave_2531/HI
 tt_um_cleave_2532/HI
 tt_um_cleave_2533/HI
 tt_um_cleave_2534/HI
 tt_um_cleave_2535/HI
 tt_um_cleave_2536/HI
 tt_um_cleave_2537/HI
Found 0 partially unannotated drivers.

===========================================================================
max slew violation count 604
max fanout violation count 66
max cap violation count 1
============================================================================

===========================================================================
check_setup -verbose -unconstrained_endpoints -multiple_clock -no_clock -no_input_delay -loops -generated_clocks
===========================================================================
