Clock: clk
Sources: clk 
Generated: no
Virtual: yes
Propagated: no
Period: 40.000000

===========================================================================
report_clock_properties
============================================================================
Clock                   Period          Waveform
----------------------------------------------------
clk                  40.000000    0.000000 20.000000

===========================================================================
report_clock_latency
============================================================================
Clock clk
rise -> rise
    min     max
0.000000 0.000000 source latency
1.261455         network latency _20200_/CLK
        1.484598 network latency _20617_/CLK
---------------
1.261455 1.484598 latency
        0.223144 skew

fall -> fall
    min     max
0.000000 0.000000 source latency
1.027026         network latency _20200_/CLK
        1.203283 network latency _20617_/CLK
---------------
1.027026 1.203283 latency
        0.176257 skew



===========================================================================
report_clock_min_period
============================================================================
clk period_min = 22.47 fmax = 44.51
