┏━━━━━━━┳━━━━━━━━━┳━━━━━━━━━━┳━━━━━━━━━┳━━━━━━━━━━━━━━━━┳━━━━━━━┓
┃ P / R ┃ Partial ┃ Required ┃ Net     ┃ Pin            ┃ Layer ┃
┡━━━━━━━╇━━━━━━━━━╇━━━━━━━━━━╇━━━━━━━━━╇━━━━━━━━━━━━━━━━╇━━━━━━━┩
│ 4.55  │ 1819.38 │ 400.00   │ _09077_ │ fanout492/A    │ met3  │
│ 3.43  │ 1371.79 │ 400.00   │ _03307_ │ _15216_/B1     │ met2  │
│ 3.31  │ 1323.24 │ 400.00   │ _07747_ │ _12723_/A0     │ met3  │
│ 3.12  │ 1249.58 │ 400.00   │ net2385 │ fanout2378/A   │ met3  │
│ 2.99  │ 1197.60 │ 400.00   │ net1959 │ fanout1928/A   │ met3  │
│ 2.99  │ 1197.60 │ 400.00   │ net2350 │ fanout2343/A   │ met3  │
│ 2.98  │ 1192.89 │ 400.00   │ net571  │ _13053_/B      │ met1  │
│ 2.48  │ 990.08  │ 400.00   │ net15   │ output15/A     │ met3  │
│ 2.43  │ 972.76  │ 400.00   │ _04616_ │ _16344_/B      │ met3  │
│ 2.35  │ 938.25  │ 400.00   │ _05852_ │ fanout1765/A   │ met3  │
│ 2.26  │ 904.82  │ 400.00   │ net1565 │ wire1564/A     │ met4  │
│ 2.24  │ 894.10  │ 400.00   │ _09110_ │ _12758_/A0     │ met3  │
│ 2.21  │ 885.14  │ 400.00   │ net1634 │ _10464_/B      │ met3  │
│ 2.21  │ 885.14  │ 400.00   │ net1961 │ _09267_/B      │ met3  │
│ 2.14  │ 856.17  │ 400.00   │ _03503_ │ _15262_/A1     │ met3  │
│ 2.14  │ 856.17  │ 400.00   │ _03503_ │ _16585_/A1_N   │ met3  │
│ 2.13  │ 852.07  │ 400.00   │ _04675_ │ _16399_/B2     │ met3  │
│ 2.13  │ 850.94  │ 400.00   │ net598  │ _16321_/A      │ met2  │
│ 2.10  │ 839.96  │ 400.00   │ net1645 │ fanout1643/A   │ met3  │
│ 2.09  │ 834.59  │ 400.00   │ net1725 │ fanout1718/A   │ met3  │
│ 2.07  │ 826.39  │ 400.00   │ net613  │ _14087_/B      │ met1  │
│ 2.03  │ 811.93  │ 400.00   │ _04829_ │ _16554_/B1     │ met3  │
│ 1.97  │ 788.13  │ 400.00   │ _05496_ │ fanout1230/A   │ met3  │
│ 1.97  │ 787.98  │ 400.00   │ net1860 │ fanout1856/A   │ met3  │
│ 1.96  │ 782.76  │ 400.00   │ net740  │ fanout739/A    │ met3  │
│ 1.95  │ 780.33  │ 400.00   │ _09193_ │ fanout740/A    │ met1  │
│ 1.91  │ 762.86  │ 400.00   │ _05116_ │ _16850_/B1     │ met3  │
│ 1.91  │ 762.86  │ 400.00   │ _08270_ │ _12411_/B1     │ met3  │
│ 1.91  │ 762.86  │ 400.00   │ net1623 │ _10185_/C1     │ met3  │
│ 1.85  │ 740.10  │ 400.00   │ _06483_ │ _11083_/A2_N   │ met3  │
│ 1.85  │ 740.10  │ 400.00   │ _06483_ │ _11086_/B      │ met3  │
│ 1.84  │ 736.30  │ 400.00   │ net617  │ fanout616/A    │ met3  │
│ 1.83  │ 730.93  │ 400.00   │ net508  │ wire507/A      │ met3  │
│ 1.83  │ 730.93  │ 400.00   │ net1860 │ fanout1859/A   │ met3  │
│ 1.77  │ 709.90  │ 400.00   │ _09145_ │ _12742_/A1     │ met3  │
│ 1.77  │ 709.90  │ 400.00   │ net2087 │ _11217_/B      │ met3  │
│ 1.76  │ 702.39  │ 400.00   │ net1550 │ _12711_/A1     │ met1  │
│ 1.70  │ 679.10  │ 400.00   │ net2062 │ fanout2048/A   │ met3  │
│ 1.63  │ 653.24  │ 400.00   │ _05476_ │ fanout1518/A   │ met3  │
│ 1.63  │ 653.24  │ 400.00   │ _05476_ │ fanout1520/A   │ met3  │
│ 1.63  │ 650.91  │ 400.00   │ net1396 │ _12665_/B      │ met1  │
│ 1.60  │ 640.00  │ 400.00   │ net365  │ _13631_/A1     │ met1  │
│ 1.60  │ 639.14  │ 400.00   │ _06878_ │ _10715_/A1_N   │ met3  │
│ 1.57  │ 627.27  │ 400.00   │ net1033 │ fanout1015/A   │ met3  │
│ 1.57  │ 627.27  │ 400.00   │ net2349 │ fanout2337/A   │ met3  │
│ 1.56  │ 622.29  │ 400.00   │ _03598_ │ _15318_/A      │ met3  │
│ 1.56  │ 622.29  │ 400.00   │ _08360_ │ _11942_/B      │ met3  │
│ 1.50  │ 598.74  │ 400.00   │ net2401 │ fanout2389/A   │ met3  │
│ 1.50  │ 598.74  │ 400.00   │ net2401 │ fanout2391/A   │ met3  │
│ 1.49  │ 596.50  │ 400.00   │ net2338 │ _12161_/A      │ met1  │
│ 1.45  │ 580.73  │ 400.00   │ net433  │ fanout431/A    │ met3  │
│ 1.45  │ 580.62  │ 400.00   │ _04982_ │ fanout90/A     │ met3  │
│ 1.44  │ 575.62  │ 400.00   │ _09122_ │ fanout346/A    │ met3  │
│ 1.43  │ 572.83  │ 400.00   │ _05475_ │ fanout1526/A   │ met3  │
│ 1.43  │ 572.83  │ 400.00   │ _05475_ │ fanout1529/A   │ met3  │
│ 1.43  │ 570.48  │ 400.00   │ net1144 │ fanout1132/A   │ met2  │
│ 1.43  │ 570.48  │ 400.00   │ net1144 │ fanout1138/A   │ met2  │
│ 1.38  │ 551.72  │ 400.00   │ net1386 │ fanout1377/A   │ met4  │
│ 1.38  │ 551.72  │ 400.00   │ net1386 │ fanout1380/A   │ met4  │
│ 1.37  │ 546.99  │ 400.00   │ net2449 │ fanout2432/A   │ met3  │
│ 1.37  │ 546.99  │ 400.00   │ net2449 │ fanout2447/A   │ met3  │
│ 1.34  │ 534.67  │ 400.00   │ _05720_ │ _09887_/B      │ met3  │
│ 1.33  │ 530.38  │ 400.00   │ net1397 │ _12513_/A0     │ met3  │
│ 1.33  │ 530.38  │ 400.00   │ net1397 │ _12723_/A1     │ met3  │
│ 1.33  │ 530.19  │ 400.00   │ net1294 │ _17689_/S      │ met3  │
│ 1.32  │ 528.94  │ 400.00   │ net1992 │ fanout1988/A   │ met3  │
│ 1.32  │ 528.79  │ 400.00   │ _04195_ │ wire506/A      │ met3  │
│ 1.32  │ 527.85  │ 400.00   │ net1162 │ _12717_/A0     │ met1  │
│ 1.31  │ 524.22  │ 400.00   │ net1753 │ _10147_/A      │ met1  │
│ 1.31  │ 523.61  │ 400.00   │ _05925_ │ wire1568/A     │ met3  │
│ 1.31  │ 523.61  │ 400.00   │ _09188_ │ fanout765/A    │ met3  │
│ 1.31  │ 522.50  │ 400.00   │ net797  │ _14559_/B      │ met1  │
│ 1.31  │ 522.25  │ 400.00   │ _03922_ │ wire127/A      │ met2  │
│ 1.30  │ 521.28  │ 400.00   │ net2396 │ _12123_/A      │ met1  │
│ 1.30  │ 520.98  │ 400.00   │ net2369 │ fanout2365/A   │ met3  │
│ 1.30  │ 520.98  │ 400.00   │ net2369 │ fanout2367/A   │ met3  │
│ 1.29  │ 517.54  │ 400.00   │ _09096_ │ _12738_/B      │ met3  │
│ 1.28  │ 512.12  │ 400.00   │ net1785 │ _10006_/A      │ met3  │
│ 1.28  │ 512.12  │ 400.00   │ net1785 │ _10185_/A1     │ met3  │
│ 1.28  │ 512.12  │ 400.00   │ net1785 │ fanout1783/A   │ met3  │
│ 1.24  │ 495.22  │ 400.00   │ net1917 │ _10814_/A2     │ met3  │
│ 1.24  │ 495.08  │ 400.00   │ _05471_ │ fanout1351/A   │ met3  │
│ 1.24  │ 495.08  │ 400.00   │ _05471_ │ fanout1354/A   │ met3  │
│ 1.23  │ 490.84  │ 400.00   │ _06105_ │ _09634_/B1_N   │ met1  │
│ 1.22  │ 487.37  │ 400.00   │ net2202 │ fanout2187/A   │ met3  │
│ 1.22  │ 487.37  │ 400.00   │ net2202 │ fanout2189/A   │ met3  │
│ 1.22  │ 487.37  │ 400.00   │ net2202 │ fanout2196/A   │ met3  │
│ 1.20  │ 480.89  │ 400.00   │ net381  │ _14727_/A1     │ met1  │
│ 1.19  │ 477.15  │ 400.00   │ _05491_ │ fanout1481/A   │ met3  │
│ 1.19  │ 475.63  │ 400.00   │ _03698_ │ _15449_/A      │ met1  │
│ 1.18  │ 473.61  │ 400.00   │ net2394 │ _12041_/A      │ met1  │
│ 1.18  │ 471.92  │ 400.00   │ _03369_ │ fanout1387/A   │ met3  │
│ 1.18  │ 471.83  │ 400.00   │ _05694_ │ fanout2356/A   │ met3  │
│ 1.18  │ 471.83  │ 400.00   │ _05694_ │ fanout2358/A   │ met3  │
│ 1.18  │ 471.77  │ 400.00   │ _05477_ │ fanout1332/A   │ met3  │
│ 1.18  │ 471.77  │ 400.00   │ _09065_ │ fanout617/A    │ met3  │
│ 1.16  │ 462.29  │ 400.00   │ net404  │ fanout399/A    │ met1  │
│ 1.15  │ 460.32  │ 400.00   │ _05498_ │ fanout1218/A   │ met2  │
│ 1.15  │ 458.02  │ 400.00   │ _09066_ │ fanout600/A    │ met2  │
│ 1.14  │ 457.07  │ 400.00   │ net331  │ _15062_/A0     │ met1  │
│ 1.14  │ 456.06  │ 400.00   │ net614  │ _13425_/B      │ met2  │
│ 1.14  │ 456.06  │ 400.00   │ net614  │ _14060_/B      │ met2  │
│ 1.14  │ 456.06  │ 400.00   │ net614  │ _14705_/B      │ met2  │
│ 1.14  │ 455.74  │ 400.00   │ net611  │ _14123_/B      │ met1  │
│ 1.14  │ 455.42  │ 400.00   │ net2023 │ _10971_/B1     │ met3  │
│ 1.14  │ 455.42  │ 400.00   │ net2023 │ _11138_/A1     │ met3  │
│ 1.14  │ 455.42  │ 400.00   │ net2023 │ fanout2020/A   │ met3  │
│ 1.13  │ 451.16  │ 400.00   │ _09066_ │ _12762_/A1_N   │ met3  │
│ 1.13  │ 451.16  │ 400.00   │ _09066_ │ fanout600/A    │ met3  │
│ 1.13  │ 450.62  │ 400.00   │ _08252_ │ _12261_/C1     │ met3  │
│ 1.13  │ 450.38  │ 400.00   │ clk     │ clkbuf_0_clk/A │ met3  │
│ 1.12  │ 447.98  │ 400.00   │ _05851_ │ fanout1627/A   │ met2  │
│ 1.12  │ 447.98  │ 400.00   │ _05851_ │ fanout1628/A   │ met2  │
│ 1.12  │ 447.05  │ 400.00   │ net2196 │ _09577_/A      │ met3  │
│ 1.12  │ 447.05  │ 400.00   │ net2304 │ _12376_/A      │ met3  │
│ 1.11  │ 3084.19 │ 2771.60  │ _09149_ │ _12748_/A1     │ met3  │
│ 1.11  │ 443.34  │ 400.00   │ _05501_ │ fanout1185/A   │ met3  │
│ 1.11  │ 443.34  │ 400.00   │ _05501_ │ fanout1188/A   │ met3  │
│ 1.11  │ 442.73  │ 400.00   │ net1184 │ _18207_/S      │ met3  │
│ 1.11  │ 442.02  │ 400.00   │ _03784_ │ _15503_/C      │ met1  │
│ 1.10  │ 442.00  │ 400.00   │ net2384 │ fanout2374/A   │ met1  │
│ 1.10  │ 438.77  │ 400.00   │ _09021_ │ _12597_/C_N    │ met1  │
│ 1.09  │ 435.83  │ 400.00   │ net211  │ _13941_/A1     │ met1  │
│ 1.09  │ 435.11  │ 400.00   │ net2342 │ _11991_/A      │ met1  │
│ 1.08  │ 430.25  │ 400.00   │ net1766 │ _10477_/B2     │ met1  │
│ 1.05  │ 421.93  │ 400.00   │ net2186 │ fanout2183/A   │ met1  │
│ 1.05  │ 421.05  │ 400.00   │ net1726 │ _10157_/A1     │ met3  │
│ 1.05  │ 421.05  │ 400.00   │ net1726 │ _10184_/A1     │ met3  │
│ 1.05  │ 421.05  │ 400.00   │ net1726 │ _10242_/A2     │ met3  │
│ 1.05  │ 420.13  │ 400.00   │ _05497_ │ fanout1220/A   │ met3  │
│ 1.05  │ 420.13  │ 400.00   │ _05500_ │ fanout1189/A   │ met3  │
│ 1.05  │ 419.94  │ 400.00   │ _04291_ │ fanout117/A    │ met3  │
│ 1.05  │ 419.94  │ 400.00   │ _05497_ │ fanout1223/A   │ met3  │
│ 1.04  │ 415.96  │ 400.00   │ net855  │ _12909_/C      │ met1  │
│ 1.04  │ 415.96  │ 400.00   │ net855  │ _14195_/B      │ met1  │
│ 1.04  │ 414.78  │ 400.00   │ net264  │ _14236_/A1     │ met1  │
│ 1.04  │ 414.36  │ 400.00   │ net2013 │ _10067_/A      │ met3  │
│ 1.04  │ 414.36  │ 400.00   │ net2013 │ _10301_/C1     │ met3  │
│ 1.04  │ 414.36  │ 400.00   │ net2013 │ _10375_/C1     │ met3  │
│ 1.03  │ 412.14  │ 400.00   │ _09101_ │ fanout391/A    │ met1  │
│ 1.03  │ 2855.89 │ 2778.20  │ _05060_ │ fanout79/A     │ met4  │
│ 1.02  │ 409.39  │ 400.00   │ net488  │ _14970_/A1     │ met1  │
│ 1.02  │ 406.01  │ 400.00   │ _04484_ │ _16232_/B1     │ met3  │
│ 1.02  │ 406.01  │ 400.00   │ _04996_ │ _16727_/B1     │ met3  │
│ 1.02  │ 406.01  │ 400.00   │ _08310_ │ _12167_/C1     │ met3  │
│ 1.01  │ 2812.57 │ 2771.60  │ _09151_ │ _12751_/A1     │ met3  │
│ 1.01  │ 2812.57 │ 2778.20  │ _08379_ │ _11962_/B      │ met3  │
│ 1.00  │ 401.73  │ 400.00   │ net739  │ _12985_/C      │ met1  │
│ 1.00  │ 400.97  │ 400.00   │ net1266 │ _17820_/S      │ met3  │
│ 1.00  │ 400.97  │ 400.00   │ net1266 │ _17823_/S      │ met3  │
│ 1.00  │ 400.43  │ 400.00   │ net1963 │ _09268_/C_N    │ met1  │
└───────┴─────────┴──────────┴─────────┴────────────────┴───────┘
