
===========================================================================
 report_power
============================================================================
======================= nom_tt_025C_1v80 Corner ===================================

Group                    Internal    Switching      Leakage        Total
                            Power        Power        Power        Power (Watts)
------------------------------------------------------------------------
Sequential           3.386513e-03 1.742670e-04 2.657289e-08 3.560807e-03  30.6%
Combinational        3.115268e-03 2.823354e-03 5.257198e-08 5.938675e-03  51.1%
Clock                1.196504e-03 9.279674e-04 5.586754e-09 2.124477e-03  18.3%
Macro                0.000000e+00 0.000000e+00 0.000000e+00 0.000000e+00   0.0%
Pad                  0.000000e+00 0.000000e+00 0.000000e+00 0.000000e+00   0.0%
------------------------------------------------------------------------
Total                7.698279e-03 3.925592e-03 8.473257e-08 1.162396e-02 100.0%
                            66.2%        33.8%         0.0%
Writing metric power__internal__total: 0.0076982793398201466
Writing metric power__switching__total: 0.003925591707229614
Writing metric power__leakage__total: 8.473256940533247e-8
Writing metric power__total: 0.011623955331742764

