
===========================================================================
report_checks -unconstrained
===========================================================================
======================= max_ff_n40C_1v95 Corner ===================================

Startpoint: ui_in[2] (input port clocked by clk)
Endpoint: uo_out[4] (output port clocked by clk)
Path Group: clk
Path Type: max

Fanout         Cap        Slew       Delay        Time   Description
---------------------------------------------------------------------------------------------
                                  0.000000    0.000000   clock clk (rise edge)
                                  0.000000    0.000000   clock network delay (propagated)
                                  8.000000    8.000000 v input external delay
     1    0.006463    0.010558    0.006296    8.006296 v ui_in[2] (in)
                                                         ui_in[2] (net)
                      0.010566    0.000000    8.006296 v input4/A (sky130_fd_sc_hd__clkdlybuf4s25_1)
     1    0.009842    0.058808    0.187280    8.193577 v input4/X (sky130_fd_sc_hd__clkdlybuf4s25_1)
                                                         net4 (net)
                      0.058820    0.000858    8.194435 v fanout2401/A (sky130_fd_sc_hd__clkdlybuf4s25_1)
     5    0.050594    0.255261    0.360128    8.554563 v fanout2401/X (sky130_fd_sc_hd__clkdlybuf4s25_1)
                                                         net2401 (net)
                      0.255378    0.005280    8.559843 v fanout2391/A (sky130_fd_sc_hd__clkdlybuf4s25_1)
     5    0.034156    0.174882    0.359432    8.919274 v fanout2391/X (sky130_fd_sc_hd__clkdlybuf4s25_1)
                                                         net2391 (net)
                      0.175043    0.005008    8.924282 v _09223_/A (sky130_fd_sc_hd__inv_2)
     1    0.005324    0.048498    0.079392    9.003674 ^ _09223_/Y (sky130_fd_sc_hd__inv_2)
                                                         _05695_ (net)
                      0.048498    0.000240    9.003914 ^ fanout2349/A (sky130_fd_sc_hd__clkdlybuf4s25_1)
     3    0.047499    0.356385    0.408341    9.412254 ^ fanout2349/X (sky130_fd_sc_hd__clkdlybuf4s25_1)
                                                         net2349 (net)
                      0.356400    0.002061    9.414315 ^ fanout2339/A (sky130_fd_sc_hd__clkdlybuf4s25_1)
     5    0.058060    0.435054    0.493115    9.907430 ^ fanout2339/X (sky130_fd_sc_hd__clkdlybuf4s25_1)
                                                         net2339 (net)
                      0.435148    0.005645    9.913075 ^ _11807_/A (sky130_fd_sc_hd__nor2_2)
     1    0.008515    0.079699    0.027108    9.940184 v _11807_/Y (sky130_fd_sc_hd__nor2_2)
                                                         _08245_ (net)
                      0.079700    0.000748    9.940931 v fanout1681/A (sky130_fd_sc_hd__clkdlybuf4s25_1)
     5    0.099144    0.498114    0.535079   10.476009 v fanout1681/X (sky130_fd_sc_hd__clkdlybuf4s25_1)
                                                         net1681 (net)
                      0.498204    0.006122   10.482132 v fanout1673/A (sky130_fd_sc_hd__clkdlybuf4s25_1)
     4    0.047783    0.241046    0.458345   10.940477 v fanout1673/X (sky130_fd_sc_hd__clkdlybuf4s25_1)
                                                         net1673 (net)
                      0.241112    0.004055   10.944531 v load_slew1674/A (sky130_fd_sc_hd__buf_4)
     3    0.060637    0.068997    0.223519   11.168051 v load_slew1674/X (sky130_fd_sc_hd__buf_4)
                                                         net1674 (net)
                      0.069560    0.005500   11.173551 v fanout1670/A (sky130_fd_sc_hd__clkdlybuf4s25_1)
     7    0.071047    0.356038    0.438931   11.612481 v fanout1670/X (sky130_fd_sc_hd__clkdlybuf4s25_1)
                                                         net1670 (net)
                      0.356553    0.011025   11.623506 v _12155_/A1 (sky130_fd_sc_hd__a21o_2)
     1    0.004341    0.029556    0.233436   11.856942 v _12155_/X (sky130_fd_sc_hd__a21o_2)
                                                         _08589_ (net)
                      0.029556    0.000339   11.857282 v _12167_/A2 (sky130_fd_sc_hd__o311a_2)
     1    0.016563    0.065344    0.269735   12.127017 v _12167_/X (sky130_fd_sc_hd__o311a_2)
                                                         _08601_ (net)
                      0.065477    0.001962   12.128979 v _12168_/D (sky130_fd_sc_hd__or4_2)
     1    0.051947    0.161534    0.454144   12.583123 v _12168_/X (sky130_fd_sc_hd__or4_2)
                                                         _08602_ (net)
                      0.161801    0.005913   12.589036 v _12187_/B (sky130_fd_sc_hd__and3_2)
     1    0.007136    0.035410    0.190195   12.779230 v _12187_/X (sky130_fd_sc_hd__and3_2)
                                                         net13 (net)
                      0.035432    0.000456   12.779686 v output13/A (sky130_fd_sc_hd__clkdlybuf4s25_1)
     1    0.035217    0.179999    0.294776   13.074462 v output13/X (sky130_fd_sc_hd__clkdlybuf4s25_1)
                                                         uo_out[4] (net)
                      0.180019    0.001985   13.076447 v uo_out[4] (out)
                                             13.076447   data arrival time

                                 40.000000   40.000000   clock clk (rise edge)
                                  0.000000   40.000000   clock network delay (propagated)
                                 -0.250000   39.750000   clock uncertainty
                                  0.000000   39.750000   clock reconvergence pessimism
                                 -8.000000   31.750000   output external delay
                                             31.750000   data required time
---------------------------------------------------------------------------------------------
                                             31.750000   data required time
                                            -13.076447   data arrival time
---------------------------------------------------------------------------------------------
                                             18.673552   slack (MET)




===========================================================================
report_checks --slack_max -0.01
============================================================================
======================= max_ff_n40C_1v95 Corner ===================================

No paths found.


===========================================================================
 report_check_types -max_slew -max_cap -max_fanout -violators
============================================================================
======================= max_ff_n40C_1v95 Corner ===================================

max slew

Pin                                        Limit        Slew       Slack
------------------------------------------------------------------------
_10413_/C1                              0.750000    1.180418   -0.430418 (VIOLATED)
_10098_/A                               0.750000    1.180360   -0.430360 (VIOLATED)
fanout1770/A                            0.750000    1.180345   -0.430345 (VIOLATED)
_09837_/A1_N                            0.750000    1.180203   -0.430203 (VIOLATED)
_09706_/C1                              0.750000    1.180179   -0.430179 (VIOLATED)
_10151_/B2                              0.750000    1.180129   -0.430129 (VIOLATED)
_09379_/C                               0.750000    1.180093   -0.430093 (VIOLATED)
_09758_/B1                              0.750000    1.180036   -0.430036 (VIOLATED)
fanout1773/X                            0.750000    1.179965   -0.429965 (VIOLATED)
_10332_/S                               0.750000    1.169181   -0.419181 (VIOLATED)
_10327_/B2                              0.750000    1.169146   -0.419146 (VIOLATED)
_09928_/A1                              0.750000    1.169055   -0.419055 (VIOLATED)
_10322_/B2                              0.750000    1.168969   -0.418969 (VIOLATED)
_10026_/B1                              0.750000    1.168968   -0.418968 (VIOLATED)
_09555_/A1                              0.750000    1.168901   -0.418901 (VIOLATED)
_10125_/B2                              0.750000    1.168674   -0.418674 (VIOLATED)
_10489_/B2                              0.750000    1.168618   -0.418618 (VIOLATED)
_09746_/B2                              0.750000    1.168499   -0.418499 (VIOLATED)
_09741_/B2                              0.750000    1.168493   -0.418493 (VIOLATED)
fanout1999/X                            0.750000    1.168450   -0.418450 (VIOLATED)
_10464_/B                               0.750000    1.160614   -0.410615 (VIOLATED)
ANTENNA_86/DIODE                        0.750000    1.160613   -0.410613 (VIOLATED)
fanout1631/A                            0.750000    1.160076   -0.410076 (VIOLATED)
ANTENNA_87/DIODE                        0.750000    1.160021   -0.410021 (VIOLATED)
_10406_/B1                              0.750000    1.159870   -0.409870 (VIOLATED)
_09779_/A                               0.750000    1.159635   -0.409635 (VIOLATED)
_10286_/B1                              0.750000    1.159631   -0.409631 (VIOLATED)
fanout1634/X                            0.750000    1.159616   -0.409616 (VIOLATED)
fanout2051/A                            0.750000    1.156088   -0.406088 (VIOLATED)
fanout2048/A                            0.750000    1.156057   -0.406057 (VIOLATED)
fanout2054/A                            0.750000    1.156015   -0.406015 (VIOLATED)
fanout2052/A                            0.750000    1.155959   -0.405959 (VIOLATED)
fanout2059/A                            0.750000    1.155541   -0.405541 (VIOLATED)
fanout2061/A                            0.750000    1.154964   -0.404964 (VIOLATED)
fanout2058/A                            0.750000    1.154621   -0.404621 (VIOLATED)
fanout2062/X                            0.750000    1.154569   -0.404569 (VIOLATED)
fanout1999/A                            0.750000    1.135748   -0.385748 (VIOLATED)
_10060_/B2                              0.750000    1.135399   -0.385399 (VIOLATED)
_09992_/A1                              0.750000    1.135310   -0.385310 (VIOLATED)
_10065_/B2                              0.750000    1.135245   -0.385245 (VIOLATED)
_10179_/B2                              0.750000    1.135211   -0.385212 (VIOLATED)
_10184_/B2                              0.750000    1.134952   -0.384952 (VIOLATED)
_10070_/S                               0.750000    1.134863   -0.384863 (VIOLATED)
_10163_/A                               0.750000    1.133794   -0.383794 (VIOLATED)
fanout2438/A                            0.750000    1.133344   -0.383344 (VIOLATED)
fanout2432/A                            0.750000    1.133104   -0.383104 (VIOLATED)
_09953_/A                               0.750000    1.132493   -0.382493 (VIOLATED)
fanout2447/A                            0.750000    1.132179   -0.382179 (VIOLATED)
fanout2426/A                            0.750000    1.131871   -0.381871 (VIOLATED)
_09763_/A1                              0.750000    1.131028   -0.381028 (VIOLATED)
fanout2420/A                            0.750000    1.131024   -0.381024 (VIOLATED)
fanout2414/A                            0.750000    1.130965   -0.380965 (VIOLATED)
fanout2449/X                            0.750000    1.130886   -0.380886 (VIOLATED)
fanout2000/X                            0.750000    1.130848   -0.380848 (VIOLATED)
_16540_/C1                              0.750000    1.127611   -0.377611 (VIOLATED)
_15674_/A                               0.750000    1.127577   -0.377577 (VIOLATED)
_12766_/B                               0.750000    1.127567   -0.377567 (VIOLATED)
_15992_/A                               0.750000    1.127404   -0.377404 (VIOLATED)
_15218_/A1                              0.750000    1.126891   -0.376891 (VIOLATED)
_15806_/A                               0.750000    1.126132   -0.376132 (VIOLATED)
_15173_/A1                              0.750000    1.126128   -0.376128 (VIOLATED)
_16355_/A                               0.750000    1.126015   -0.376015 (VIOLATED)
_15914_/A                               0.750000    1.125976   -0.375976 (VIOLATED)
fanout598/A                             0.750000    1.122719   -0.372719 (VIOLATED)
fanout599/X                             0.750000    1.122667   -0.372667 (VIOLATED)
_12806_/C                               0.750000    1.081863   -0.331863 (VIOLATED)
_13107_/B                               0.750000    1.081766   -0.331766 (VIOLATED)
_14424_/B                               0.750000    1.081425   -0.331425 (VIOLATED)
_13434_/B                               0.750000    1.080376   -0.330376 (VIOLATED)
_14096_/B                               0.750000    1.079823   -0.329823 (VIOLATED)
_14714_/B                               0.750000    1.079537   -0.329537 (VIOLATED)
_13461_/B                               0.750000    1.079028   -0.329028 (VIOLATED)
_14741_/B                               0.750000    1.076833   -0.326834 (VIOLATED)
fanout611/A                             0.750000    1.074894   -0.324894 (VIOLATED)
fanout612/X                             0.750000    1.074879   -0.324879 (VIOLATED)
fanout586/A                             0.750000    1.062769   -0.312769 (VIOLATED)
fanout587/A                             0.750000    1.062574   -0.312574 (VIOLATED)
_14278_/B                               0.750000    1.061165   -0.311165 (VIOLATED)
_14605_/B                               0.750000    1.061162   -0.311163 (VIOLATED)
ANTENNA_76/DIODE                        0.750000    1.060828   -0.310828 (VIOLATED)
_15837_/B1                              0.750000    1.060822   -0.310822 (VIOLATED)
_15097_/A                               0.750000    1.060521   -0.310521 (VIOLATED)
_16066_/B1                              0.750000    1.060261   -0.310261 (VIOLATED)
_15329_/A                               0.750000    1.060028   -0.310028 (VIOLATED)
_15514_/A                               0.750000    1.059997   -0.309997 (VIOLATED)
_16288_/A                               0.750000    1.059996   -0.309996 (VIOLATED)
fanout588/X                             0.750000    1.059935   -0.309935 (VIOLATED)
fanout1948/A                            0.750000    1.039445   -0.289445 (VIOLATED)
ANTENNA_42/DIODE                        0.750000    1.039436   -0.289436 (VIOLATED)
ANTENNA_41/DIODE                        0.750000    1.039199   -0.289199 (VIOLATED)
fanout1944/A                            0.750000    1.039198   -0.289198 (VIOLATED)
fanout1928/A                            0.750000    1.038894   -0.288894 (VIOLATED)
ANTENNA_40/DIODE                        0.750000    1.038890   -0.288890 (VIOLATED)
fanout1958/A                            0.750000    1.038479   -0.288479 (VIOLATED)
fanout1939/A                            0.750000    1.037598   -0.287598 (VIOLATED)
fanout1959/X                            0.750000    1.037548   -0.287548 (VIOLATED)
_16250_/B1                              0.750000    1.025073   -0.275073 (VIOLATED)
_15606_/B1                              0.750000    1.025046   -0.275046 (VIOLATED)
_15403_/B2                              0.750000    1.025039   -0.275039 (VIOLATED)
_16167_/B2                              0.750000    1.024720   -0.274720 (VIOLATED)
_16053_/B1                              0.750000    1.024338   -0.274338 (VIOLATED)
_16420_/B1                              0.750000    1.024315   -0.274315 (VIOLATED)
_15486_/B2                              0.750000    1.022902   -0.272902 (VIOLATED)
_14033_/B                               0.750000    1.022516   -0.272516 (VIOLATED)
_15050_/C                               0.750000    1.022496   -0.272495 (VIOLATED)
_14342_/B                               0.750000    1.022476   -0.272476 (VIOLATED)
_14324_/B                               0.750000    1.022469   -0.272469 (VIOLATED)
_14051_/B                               0.750000    1.022446   -0.272446 (VIOLATED)
_14651_/B                               0.750000    1.022427   -0.272427 (VIOLATED)
_14669_/B                               0.750000    1.022354   -0.272354 (VIOLATED)
_13371_/B                               0.750000    1.022334   -0.272334 (VIOLATED)
_13062_/C                               0.750000    1.022326   -0.272326 (VIOLATED)
_13044_/C                               0.750000    1.022311   -0.272311 (VIOLATED)
fanout609/X                             0.750000    1.022256   -0.272256 (VIOLATED)
fanout577/A                             0.750000    1.020668   -0.270668 (VIOLATED)
fanout578/X                             0.750000    1.020625   -0.270625 (VIOLATED)
_09531_/A                               0.750000    1.016188   -0.266188 (VIOLATED)
_09559_/B                               0.750000    1.016171   -0.266171 (VIOLATED)
_09557_/A                               0.750000    1.016169   -0.266169 (VIOLATED)
_10196_/B                               0.750000    1.016103   -0.266103 (VIOLATED)
_09944_/C1                              0.750000    1.016095   -0.266095 (VIOLATED)
_10195_/A                               0.750000    1.016049   -0.266049 (VIOLATED)
_10463_/A                               0.750000    1.016036   -0.266036 (VIOLATED)
_10485_/C1                              0.750000    1.016005   -0.266005 (VIOLATED)
_09692_/B1                              0.750000    1.015563   -0.265563 (VIOLATED)
_10121_/C1                              0.750000    1.015523   -0.265523 (VIOLATED)
fanout1627/X                            0.750000    1.015486   -0.265487 (VIOLATED)
_15217_/A1                              0.750000    1.012742   -0.262742 (VIOLATED)
_15728_/A1                              0.750000    1.011912   -0.261912 (VIOLATED)
_15589_/B2                              0.750000    1.011693   -0.261693 (VIOLATED)
fanout550/A                             0.750000    1.011514   -0.261514 (VIOLATED)
fanout549/A                             0.750000    1.011437   -0.261437 (VIOLATED)
fanout551/X                             0.750000    1.011422   -0.261422 (VIOLATED)
fanout872/A                             0.750000    1.005814   -0.255814 (VIOLATED)
fanout880/A                             0.750000    1.005485   -0.255485 (VIOLATED)
fanout901/A                             0.750000    1.003689   -0.253689 (VIOLATED)
fanout944/A                             0.750000    1.003568   -0.253568 (VIOLATED)
fanout946/A                             0.750000    1.003494   -0.253494 (VIOLATED)
fanout948/A                             0.750000    1.003458   -0.253458 (VIOLATED)
fanout897/A                             0.750000    1.003089   -0.253089 (VIOLATED)
_12891_/C                               0.750000    1.002924   -0.252924 (VIOLATED)
_14505_/B                               0.750000    1.002831   -0.252831 (VIOLATED)
_14832_/B                               0.750000    1.002792   -0.252792 (VIOLATED)
fanout912/A                             0.750000    1.002735   -0.252735 (VIOLATED)
fanout913/X                             0.750000    1.002682   -0.252682 (VIOLATED)
_13225_/B                               0.750000    1.002652   -0.252652 (VIOLATED)
_13515_/B                               0.750000    1.002496   -0.252496 (VIOLATED)
fanout957/A                             0.750000    1.002299   -0.252299 (VIOLATED)
_13243_/B                               0.750000    1.002213   -0.252213 (VIOLATED)
fanout963/A                             0.750000    1.001925   -0.251925 (VIOLATED)
_12909_/C                               0.750000    1.001838   -0.251838 (VIOLATED)
fanout965/A                             0.750000    1.001363   -0.251363 (VIOLATED)
fanout962/A                             0.750000    1.000928   -0.250928 (VIOLATED)
fanout655/A                             0.750000    1.000898   -0.250898 (VIOLATED)
fanout657/A                             0.750000    1.000798   -0.250798 (VIOLATED)
_14195_/B                               0.750000    1.000787   -0.250787 (VIOLATED)
fanout971/A                             0.750000    1.000642   -0.250642 (VIOLATED)
fanout654/A                             0.750000    1.000574   -0.250574 (VIOLATED)
fanout972/X                             0.750000    1.000566   -0.250566 (VIOLATED)
fanout662/A                             0.750000    1.000322   -0.250322 (VIOLATED)
_14177_/B                               0.750000    0.999991   -0.249991 (VIOLATED)
_14523_/B                               0.750000    0.999553   -0.249553 (VIOLATED)
fanout855/X                             0.750000    0.999439   -0.249439 (VIOLATED)
fanout666/A                             0.750000    0.999359   -0.249359 (VIOLATED)
fanout676/A                             0.750000    0.998806   -0.248806 (VIOLATED)
fanout677/X                             0.750000    0.998764   -0.248764 (VIOLATED)
_13071_/B                               0.750000    0.978793   -0.228793 (VIOLATED)
_12768_/B                               0.750000    0.978788   -0.228788 (VIOLATED)
_14388_/B                               0.750000    0.978747   -0.228747 (VIOLATED)
_13398_/B                               0.750000    0.978710   -0.228710 (VIOLATED)
_14678_/B                               0.750000    0.978242   -0.228242 (VIOLATED)
_13425_/B                               0.750000    0.977840   -0.227840 (VIOLATED)
_14060_/B                               0.750000    0.977395   -0.227395 (VIOLATED)
_14141_/B                               0.750000    0.977299   -0.227299 (VIOLATED)
_12853_/C                               0.750000    0.977181   -0.227181 (VIOLATED)
_14796_/B                               0.750000    0.977152   -0.227152 (VIOLATED)
_14469_/B                               0.750000    0.977093   -0.227093 (VIOLATED)
_14705_/B                               0.750000    0.976397   -0.226397 (VIOLATED)
_13479_/B                               0.750000    0.976200   -0.226200 (VIOLATED)
_13189_/B                               0.750000    0.975701   -0.225701 (VIOLATED)
fanout613/A                             0.750000    0.975369   -0.225369 (VIOLATED)
fanout614/X                             0.750000    0.975333   -0.225333 (VIOLATED)
_13207_/B                               0.750000    0.975306   -0.225306 (VIOLATED)
ANTENNA_77/DIODE                        0.750000    0.975285   -0.225285 (VIOLATED)
_12871_/C                               0.750000    0.974664   -0.224664 (VIOLATED)
ANTENNA_78/DIODE                        0.750000    0.973688   -0.223688 (VIOLATED)
_14159_/B                               0.750000    0.973483   -0.223483 (VIOLATED)
_14487_/B                               0.750000    0.972640   -0.222640 (VIOLATED)
fanout914/X                             0.750000    0.972539   -0.222539 (VIOLATED)
_14249_/B                               0.750000    0.969827   -0.219827 (VIOLATED)
_12967_/C                               0.750000    0.969678   -0.219678 (VIOLATED)
_14577_/B                               0.750000    0.969432   -0.219432 (VIOLATED)
_14904_/B                               0.750000    0.969325   -0.219325 (VIOLATED)
_13297_/B                               0.750000    0.969046   -0.219046 (VIOLATED)
_13624_/B                               0.750000    0.968852   -0.218852 (VIOLATED)
_13315_/B                               0.750000    0.968245   -0.218245 (VIOLATED)
_12985_/C                               0.750000    0.968149   -0.218149 (VIOLATED)
_14267_/B                               0.750000    0.967302   -0.217302 (VIOLATED)
_14595_/B                               0.750000    0.966753   -0.216753 (VIOLATED)
fanout739/X                             0.750000    0.966734   -0.216734 (VIOLATED)
fanout914/A                             0.750000    0.945139   -0.195139 (VIOLATED)
_14814_/B                               0.750000    0.944991   -0.194991 (VIOLATED)
_13497_/B                               0.750000    0.943914   -0.193914 (VIOLATED)
fanout739/A                             0.750000    0.943507   -0.193507 (VIOLATED)
_14787_/B                               0.750000    0.943416   -0.193416 (VIOLATED)
_14922_/B                               0.750000    0.943143   -0.193143 (VIOLATED)
_14132_/B                               0.750000    0.943101   -0.193101 (VIOLATED)
_13642_/B                               0.750000    0.942467   -0.192467 (VIOLATED)
_14895_/B                               0.750000    0.942200   -0.192200 (VIOLATED)
_14240_/B                               0.750000    0.942026   -0.192026 (VIOLATED)
ANTENNA_79/DIODE                        0.750000    0.941843   -0.191843 (VIOLATED)
_13470_/B                               0.750000    0.941711   -0.191711 (VIOLATED)
_13615_/B                               0.750000    0.941530   -0.191530 (VIOLATED)
_12958_/C                               0.750000    0.941377   -0.191377 (VIOLATED)
_13288_/B                               0.750000    0.941368   -0.191368 (VIOLATED)
_14568_/B                               0.750000    0.941359   -0.191359 (VIOLATED)
fanout740/X                             0.750000    0.941311   -0.191311 (VIOLATED)
_14460_/B                               0.750000    0.940754   -0.190754 (VIOLATED)
_13180_/B                               0.750000    0.940598   -0.190598 (VIOLATED)
_12844_/C                               0.750000    0.940522   -0.190522 (VIOLATED)
fanout915/X                             0.750000    0.940510   -0.190510 (VIOLATED)
_15281_/B1                              0.750000    0.934868   -0.184868 (VIOLATED)
_15956_/A1                              0.750000    0.934830   -0.184830 (VIOLATED)
_16506_/B2                              0.750000    0.934808   -0.184808 (VIOLATED)
_15581_/B1                              0.750000    0.934692   -0.184692 (VIOLATED)
_16216_/B1                              0.750000    0.934577   -0.184577 (VIOLATED)
_16136_/B1                              0.750000    0.934516   -0.184517 (VIOLATED)
fanout855/A                             0.750000    0.934246   -0.184246 (VIOLATED)
ANTENNA_28/DIODE                        0.750000    0.934230   -0.184230 (VIOLATED)
_13326_/C                               0.750000    0.934228   -0.184228 (VIOLATED)
_14850_/B                               0.750000    0.934166   -0.184166 (VIOLATED)
ANTENNA_27/DIODE                        0.750000    0.934163   -0.184163 (VIOLATED)
_15259_/B1                              0.750000    0.933846   -0.183846 (VIOLATED)
_13533_/B                               0.750000    0.933531   -0.183531 (VIOLATED)
_14823_/B                               0.750000    0.933182   -0.183182 (VIOLATED)
_14168_/B                               0.750000    0.933103   -0.183103 (VIOLATED)
_13506_/B                               0.750000    0.932540   -0.182540 (VIOLATED)
_13380_/C                               0.750000    0.931645   -0.181645 (VIOLATED)
_13344_/C                               0.750000    0.931606   -0.181606 (VIOLATED)
fanout566/X                             0.750000    0.931586   -0.181586 (VIOLATED)
_14496_/B                               0.750000    0.931543   -0.181543 (VIOLATED)
_13216_/B                               0.750000    0.931160   -0.181160 (VIOLATED)
_12882_/C                               0.750000    0.931001   -0.181001 (VIOLATED)
fanout856/X                             0.750000    0.930982   -0.180982 (VIOLATED)
_15713_/B1                              0.750000    0.928134   -0.178134 (VIOLATED)
_15317_/A1                              0.750000    0.928117   -0.178117 (VIOLATED)
_14606_/C                               0.750000    0.928046   -0.178046 (VIOLATED)
_16115_/B1                              0.750000    0.927981   -0.177981 (VIOLATED)
_16211_/B1                              0.750000    0.927878   -0.177878 (VIOLATED)
_15921_/B1                              0.750000    0.927597   -0.177597 (VIOLATED)
_16506_/A1                              0.750000    0.927133   -0.177133 (VIOLATED)
_15589_/A1                              0.750000    0.926868   -0.176868 (VIOLATED)
fanout544/A                             0.750000    0.924851   -0.174851 (VIOLATED)
_16447_/A1                              0.750000    0.924820   -0.174820 (VIOLATED)
fanout545/X                             0.750000    0.924768   -0.174768 (VIOLATED)
_13134_/B                               0.750000    0.924190   -0.174190 (VIOLATED)
_12833_/C                               0.750000    0.924150   -0.174150 (VIOLATED)
_14451_/B                               0.750000    0.924105   -0.174105 (VIOLATED)
_13116_/B                               0.750000    0.924095   -0.174095 (VIOLATED)
_13443_/B                               0.750000    0.924090   -0.174090 (VIOLATED)
_14123_/B                               0.750000    0.924059   -0.174059 (VIOLATED)
_14723_/B                               0.750000    0.924042   -0.174042 (VIOLATED)
_14433_/B                               0.750000    0.923871   -0.173871 (VIOLATED)
_14105_/B                               0.750000    0.923826   -0.173826 (VIOLATED)
_12815_/C                               0.750000    0.923817   -0.173817 (VIOLATED)
fanout611/X                             0.750000    0.923797   -0.173797 (VIOLATED)
_14868_/B                               0.750000    0.917406   -0.167406 (VIOLATED)
_14541_/B                               0.750000    0.917400   -0.167400 (VIOLATED)
_13279_/B                               0.750000    0.917295   -0.167295 (VIOLATED)
_13261_/B                               0.750000    0.917293   -0.167293 (VIOLATED)
_13588_/B                               0.750000    0.917291   -0.167291 (VIOLATED)
_12947_/C                               0.750000    0.917237   -0.167237 (VIOLATED)
_12929_/C                               0.750000    0.917234   -0.167234 (VIOLATED)
_14231_/B                               0.750000    0.917142   -0.167142 (VIOLATED)
_14213_/B                               0.750000    0.917063   -0.167063 (VIOLATED)
_14559_/B                               0.750000    0.916873   -0.166873 (VIOLATED)
fanout797/X                             0.750000    0.916803   -0.166803 (VIOLATED)
fanout2200/A                            0.750000    0.916466   -0.166466 (VIOLATED)
fanout2196/A                            0.750000    0.916393   -0.166393 (VIOLATED)
ANTENNA_45/DIODE                        0.750000    0.916384   -0.166384 (VIOLATED)
_12958_/B                               0.750000    0.916294   -0.166294 (VIOLATED)
_15041_/B                               0.750000    0.916278   -0.166278 (VIOLATED)
_12844_/B                               0.750000    0.916265   -0.166265 (VIOLATED)
_12806_/B                               0.750000    0.916260   -0.166260 (VIOLATED)
_12882_/B                               0.750000    0.916228   -0.166228 (VIOLATED)
_12920_/B                               0.750000    0.916224   -0.166224 (VIOLATED)
fanout2187/A                            0.750000    0.916154   -0.166154 (VIOLATED)
_12768_/C                               0.750000    0.916093   -0.166093 (VIOLATED)
fanout2189/A                            0.750000    0.916065   -0.166065 (VIOLATED)
fanout2193/A                            0.750000    0.915649   -0.165649 (VIOLATED)
fanout2198/A                            0.750000    0.915641   -0.165641 (VIOLATED)
fanout2191/A                            0.750000    0.915395   -0.165395 (VIOLATED)
fanout2202/X                            0.750000    0.915395   -0.165395 (VIOLATED)
fanout797/A                             0.750000    0.914078   -0.164078 (VIOLATED)
_14886_/B                               0.750000    0.913609   -0.163609 (VIOLATED)
_13606_/B                               0.750000    0.912732   -0.162732 (VIOLATED)
_14204_/B                               0.750000    0.912475   -0.162475 (VIOLATED)
_14859_/B                               0.750000    0.912290   -0.162290 (VIOLATED)
ANTENNA_75/DIODE                        0.750000    0.912247   -0.162247 (VIOLATED)
fanout580/A                             0.750000    0.912094   -0.162094 (VIOLATED)
_13579_/B                               0.750000    0.911710   -0.161710 (VIOLATED)
_14532_/B                               0.750000    0.911480   -0.161480 (VIOLATED)
_12920_/C                               0.750000    0.911428   -0.161428 (VIOLATED)
_13252_/B                               0.750000    0.911428   -0.161428 (VIOLATED)
fanout798/X                             0.750000    0.911403   -0.161403 (VIOLATED)
fanout579/A                             0.750000    0.910664   -0.160665 (VIOLATED)
fanout581/X                             0.750000    0.910624   -0.160624 (VIOLATED)
_15041_/C                               0.750000    0.903633   -0.153633 (VIOLATED)
_13035_/C                               0.750000    0.903534   -0.153534 (VIOLATED)
_14315_/B                               0.750000    0.903302   -0.153302 (VIOLATED)
_13362_/B                               0.750000    0.902848   -0.152848 (VIOLATED)
_14024_/B                               0.750000    0.902243   -0.152243 (VIOLATED)
_14642_/B                               0.750000    0.901971   -0.151971 (VIOLATED)
_13389_/B                               0.750000    0.901580   -0.151580 (VIOLATED)
_15068_/C                               0.750000    0.900112   -0.150112 (VIOLATED)
fanout609/A                             0.750000    0.899718   -0.149718 (VIOLATED)
fanout610/X                             0.750000    0.899706   -0.149706 (VIOLATED)
_12676_/A                               0.750000    0.880402   -0.130402 (VIOLATED)
_12699_/A                               0.750000    0.880400   -0.130400 (VIOLATED)
_12693_/A                               0.750000    0.880387   -0.130387 (VIOLATED)
_12686_/A                               0.750000    0.880382   -0.130382 (VIOLATED)
_12761_/B1                              0.750000    0.880229   -0.130229 (VIOLATED)
fanout616/A                             0.750000    0.879342   -0.129342 (VIOLATED)
fanout617/X                             0.750000    0.879276   -0.129276 (VIOLATED)
_15174_/A1                              0.750000    0.878005   -0.128005 (VIOLATED)
_15448_/A                               0.750000    0.877933   -0.127933 (VIOLATED)
_16484_/B1                              0.750000    0.877650   -0.127650 (VIOLATED)
_15229_/B1                              0.750000    0.877386   -0.127386 (VIOLATED)
_15739_/B1                              0.750000    0.876185   -0.126185 (VIOLATED)
_15536_/A                               0.750000    0.875942   -0.125942 (VIOLATED)
_16100_/A1                              0.750000    0.875701   -0.125701 (VIOLATED)
_15362_/A1                              0.750000    0.875698   -0.125698 (VIOLATED)
_16099_/A1                              0.750000    0.875694   -0.125694 (VIOLATED)
_15130_/A1                              0.750000    0.875585   -0.125585 (VIOLATED)
fanout590/X                             0.750000    0.875539   -0.125539 (VIOLATED)
_13015_/C                               0.750000    0.875069   -0.125069 (VIOLATED)
_13053_/B                               0.750000    0.875063   -0.125063 (VIOLATED)
_16231_/B1                              0.750000    0.874846   -0.124846 (VIOLATED)
_16106_/B1                              0.750000    0.874812   -0.124812 (VIOLATED)
_15235_/B1                              0.750000    0.874804   -0.124804 (VIOLATED)
_12997_/C                               0.750000    0.874661   -0.124661 (VIOLATED)
_15291_/B1                              0.750000    0.874314   -0.124314 (VIOLATED)
_15563_/B1                              0.750000    0.874301   -0.124301 (VIOLATED)
_16496_/A1                              0.750000    0.874195   -0.124195 (VIOLATED)
_15956_/B2                              0.750000    0.873853   -0.123853 (VIOLATED)
fanout571/X                             0.750000    0.873817   -0.123817 (VIOLATED)
_09466_/B1                              0.750000    0.860120   -0.110120 (VIOLATED)
_10698_/B1                              0.750000    0.860108   -0.110108 (VIOLATED)
_10822_/B1                              0.750000    0.859968   -0.109968 (VIOLATED)
_11226_/B1                              0.750000    0.859753   -0.109753 (VIOLATED)
_09446_/C1                              0.750000    0.859546   -0.109546 (VIOLATED)
_09437_/B1                              0.750000    0.859537   -0.109537 (VIOLATED)
_09298_/C1                              0.750000    0.859520   -0.109520 (VIOLATED)
_09292_/A1                              0.750000    0.859342   -0.109342 (VIOLATED)
_11289_/B1                              0.750000    0.859248   -0.109248 (VIOLATED)
_11318_/B1                              0.750000    0.858999   -0.108999 (VIOLATED)
fanout1977/X                            0.750000    0.858901   -0.108901 (VIOLATED)
_15632_/B1                              0.750000    0.857146   -0.107146 (VIOLATED)
_16260_/B1                              0.750000    0.857128   -0.107128 (VIOLATED)
_15394_/A1                              0.750000    0.857098   -0.107098 (VIOLATED)
_16158_/B2                              0.750000    0.856985   -0.106985 (VIOLATED)
_14750_/A                               0.750000    0.856744   -0.106744 (VIOLATED)
_12645_/B                               0.750000    0.856738   -0.106738 (VIOLATED)
_14931_/A                               0.750000    0.856736   -0.106737 (VIOLATED)
_13949_/A                               0.750000    0.856704   -0.106704 (VIOLATED)
_16039_/B1                              0.750000    0.856409   -0.106409 (VIOLATED)
fanout582/A                             0.750000    0.856214   -0.106214 (VIOLATED)
fanout583/X                             0.750000    0.856171   -0.106171 (VIOLATED)
_14415_/B                               0.750000    0.856170   -0.106170 (VIOLATED)
_14087_/B                               0.750000    0.856052   -0.106052 (VIOLATED)
_13098_/B                               0.750000    0.855801   -0.105801 (VIOLATED)
_12795_/B                               0.750000    0.855689   -0.105689 (VIOLATED)
_13080_/B                               0.750000    0.855480   -0.105480 (VIOLATED)
_13407_/B                               0.750000    0.855458   -0.105458 (VIOLATED)
_14069_/B                               0.750000    0.855317   -0.105317 (VIOLATED)
_12777_/B                               0.750000    0.855311   -0.105311 (VIOLATED)
_14397_/B                               0.750000    0.855297   -0.105297 (VIOLATED)
_14687_/B                               0.750000    0.855260   -0.105260 (VIOLATED)
fanout613/X                             0.750000    0.855235   -0.105235 (VIOLATED)
fanout1859/A                            0.750000    0.830407   -0.080407 (VIOLATED)
fanout1857/A                            0.750000    0.830281   -0.080281 (VIOLATED)
ANTENNA_39/DIODE                        0.750000    0.830231   -0.080231 (VIOLATED)
fanout1854/A                            0.750000    0.830100   -0.080100 (VIOLATED)
ANTENNA_38/DIODE                        0.750000    0.830094   -0.080094 (VIOLATED)
fanout1856/A                            0.750000    0.830056   -0.080056 (VIOLATED)
fanout1852/A                            0.750000    0.829857   -0.079857 (VIOLATED)
fanout1860/X                            0.750000    0.829826   -0.079826 (VIOLATED)
_15868_/A1                              0.750000    0.799841   -0.049841 (VIOLATED)
_14186_/C                               0.750000    0.799838   -0.049838 (VIOLATED)
_14222_/C                               0.750000    0.799833   -0.049833 (VIOLATED)
_14258_/C                               0.750000    0.799832   -0.049832 (VIOLATED)
fanout557/A                             0.750000    0.799786   -0.049786 (VIOLATED)
_15296_/B1                              0.750000    0.799272   -0.049272 (VIOLATED)
_13988_/C                               0.750000    0.799271   -0.049271 (VIOLATED)
_16054_/A1                              0.750000    0.799173   -0.049173 (VIOLATED)
fanout558/X                             0.750000    0.799160   -0.049160 (VIOLATED)
_15600_/B1                              0.750000    0.799151   -0.049151 (VIOLATED)
_16244_/B1                              0.750000    0.799132   -0.049132 (VIOLATED)
_16529_/C1                              0.750000    0.799056   -0.049056 (VIOLATED)
_15981_/A                               0.750000    0.798896   -0.048896 (VIOLATED)
_15663_/A                               0.750000    0.798887   -0.048887 (VIOLATED)
_15383_/B1                              0.750000    0.798697   -0.048697 (VIOLATED)
_14604_/B                               0.750000    0.798691   -0.048691 (VIOLATED)
_16153_/B1                              0.750000    0.798657   -0.048657 (VIOLATED)
_14277_/B                               0.750000    0.798455   -0.048455 (VIOLATED)
_15141_/B1                              0.750000    0.797904   -0.047904 (VIOLATED)
fanout586/X                             0.750000    0.797870   -0.047870 (VIOLATED)
_14333_/C                               0.750000    0.794612   -0.044612 (VIOLATED)
_14406_/C                               0.750000    0.794607   -0.044607 (VIOLATED)
_14297_/C                               0.750000    0.794604   -0.044604 (VIOLATED)
_15244_/B2                              0.750000    0.794532   -0.044532 (VIOLATED)
_16496_/B2                              0.750000    0.794530   -0.044530 (VIOLATED)
_15310_/B1                              0.750000    0.794522   -0.044522 (VIOLATED)
_15955_/B1                              0.750000    0.794516   -0.044516 (VIOLATED)
_16197_/B1                              0.750000    0.794512   -0.044512 (VIOLATED)
_16126_/B1                              0.750000    0.794499   -0.044499 (VIOLATED)
_14279_/C                               0.750000    0.794398   -0.044398 (VIOLATED)
fanout549/X                             0.750000    0.794340   -0.044340 (VIOLATED)
fanout2240/A                            0.750000    0.782434   -0.032434 (VIOLATED)
fanout2235/A                            0.750000    0.782382   -0.032382 (VIOLATED)
fanout2250/A                            0.750000    0.782273   -0.032273 (VIOLATED)
fanout2220/A                            0.750000    0.782023   -0.032023 (VIOLATED)
fanout2231/A                            0.750000    0.782016   -0.032016 (VIOLATED)
fanout2226/A                            0.750000    0.781987   -0.031987 (VIOLATED)
fanout2251/X                            0.750000    0.781965   -0.031965 (VIOLATED)
_16943_/B1                              0.750000    0.762726   -0.012726 (VIOLATED)
_16991_/A1                              0.750000    0.762715   -0.012715 (VIOLATED)
fanout2290/A                            0.750000    0.762706   -0.012706 (VIOLATED)
_17196_/A1                              0.750000    0.762599   -0.012599 (VIOLATED)
_11492_/A                               0.750000    0.762552   -0.012552 (VIOLATED)
_09207_/A                               0.750000    0.762364   -0.012364 (VIOLATED)
_11582_/A1                              0.750000    0.762324   -0.012324 (VIOLATED)
_11439_/A1                              0.750000    0.762214   -0.012214 (VIOLATED)
_11548_/A1                              0.750000    0.762211   -0.012211 (VIOLATED)
_09890_/A                               0.750000    0.762196   -0.012196 (VIOLATED)
fanout2291/X                            0.750000    0.762159   -0.012159 (VIOLATED)

max fanout

Pin                                   Limit Fanout  Slack
---------------------------------------------------------
clkbuf_2_0_0_clk/X                       10     16     -6 (VIOLATED)
clkbuf_2_1_0_clk/X                       10     16     -6 (VIOLATED)
clkbuf_2_2_0_clk/X                       10     16     -6 (VIOLATED)
clkbuf_2_3_0_clk/X                       10     16     -6 (VIOLATED)
clkbuf_leaf_23_clk/X                     10     12     -2 (VIOLATED)
clkbuf_leaf_278_clk/X                    10     12     -2 (VIOLATED)
clkbuf_leaf_287_clk/X                    10     12     -2 (VIOLATED)
clkbuf_leaf_288_clk/X                    10     12     -2 (VIOLATED)
clkbuf_leaf_6_clk/X                      10     12     -2 (VIOLATED)
clkbuf_leaf_72_clk/X                     10     12     -2 (VIOLATED)
fanout914/X                              10     12     -2 (VIOLATED)
clkbuf_leaf_100_clk/X                    10     11        (VIOLATED)
clkbuf_leaf_110_clk/X                    10     11        (VIOLATED)
clkbuf_leaf_115_clk/X                    10     11        (VIOLATED)
clkbuf_leaf_117_clk/X                    10     11        (VIOLATED)
clkbuf_leaf_118_clk/X                    10     11        (VIOLATED)
clkbuf_leaf_123_clk/X                    10     11        (VIOLATED)
clkbuf_leaf_124_clk/X                    10     11        (VIOLATED)
clkbuf_leaf_128_clk/X                    10     11        (VIOLATED)
clkbuf_leaf_129_clk/X                    10     11        (VIOLATED)
clkbuf_leaf_132_clk/X                    10     11        (VIOLATED)
clkbuf_leaf_134_clk/X                    10     11        (VIOLATED)
clkbuf_leaf_142_clk/X                    10     11        (VIOLATED)
clkbuf_leaf_167_clk/X                    10     11        (VIOLATED)
clkbuf_leaf_171_clk/X                    10     11        (VIOLATED)
clkbuf_leaf_176_clk/X                    10     11        (VIOLATED)
clkbuf_leaf_186_clk/X                    10     11        (VIOLATED)
clkbuf_leaf_188_clk/X                    10     11        (VIOLATED)
clkbuf_leaf_197_clk/X                    10     11        (VIOLATED)
clkbuf_leaf_199_clk/X                    10     11        (VIOLATED)
clkbuf_leaf_1_clk/X                      10     11        (VIOLATED)
clkbuf_leaf_224_clk/X                    10     11        (VIOLATED)
clkbuf_leaf_228_clk/X                    10     11        (VIOLATED)
clkbuf_leaf_243_clk/X                    10     11        (VIOLATED)
clkbuf_leaf_250_clk/X                    10     11        (VIOLATED)
clkbuf_leaf_25_clk/X                     10     11        (VIOLATED)
clkbuf_leaf_27_clk/X                     10     11        (VIOLATED)
clkbuf_leaf_281_clk/X                    10     11        (VIOLATED)
clkbuf_leaf_290_clk/X                    10     11        (VIOLATED)
clkbuf_leaf_312_clk/X                    10     11        (VIOLATED)
clkbuf_leaf_317_clk/X                    10     11        (VIOLATED)
clkbuf_leaf_319_clk/X                    10     11        (VIOLATED)
clkbuf_leaf_322_clk/X                    10     11        (VIOLATED)
clkbuf_leaf_37_clk/X                     10     11        (VIOLATED)
clkbuf_leaf_38_clk/X                     10     11        (VIOLATED)
clkbuf_leaf_39_clk/X                     10     11        (VIOLATED)
clkbuf_leaf_40_clk/X                     10     11        (VIOLATED)
clkbuf_leaf_65_clk/X                     10     11        (VIOLATED)
clkbuf_leaf_68_clk/X                     10     11        (VIOLATED)
clkbuf_leaf_69_clk/X                     10     11        (VIOLATED)
clkbuf_leaf_76_clk/X                     10     11        (VIOLATED)
clkbuf_leaf_78_clk/X                     10     11        (VIOLATED)
clkbuf_leaf_79_clk/X                     10     11        (VIOLATED)
clkbuf_leaf_7_clk/X                      10     11        (VIOLATED)
clkbuf_leaf_82_clk/X                     10     11        (VIOLATED)
clkbuf_leaf_85_clk/X                     10     11        (VIOLATED)
clkbuf_leaf_89_clk/X                     10     11        (VIOLATED)
clkbuf_leaf_90_clk/X                     10     11        (VIOLATED)
fanout232/X                              10     11        (VIOLATED)
fanout265/X                              10     11        (VIOLATED)
fanout332/X                              10     11        (VIOLATED)
fanout426/X                              10     11        (VIOLATED)
fanout457/X                              10     11        (VIOLATED)
fanout474/X                              10     11        (VIOLATED)
fanout588/X                              10     11        (VIOLATED)
fanout856/X                              10     11        (VIOLATED)

max capacitance

Pin                                        Limit         Cap       Slack
------------------------------------------------------------------------
clkbuf_2_1_0_clk/X                      0.200000    0.248359   -0.048359 (VIOLATED)
clkbuf_2_3_0_clk/X                      0.200000    0.227398   -0.027398 (VIOLATED)
clkbuf_2_0_0_clk/X                      0.200000    0.214747   -0.014747 (VIOLATED)
clkbuf_2_2_0_clk/X                      0.200000    0.211148   -0.011148 (VIOLATED)



===========================================================================
report_parasitic_annotation -report_unannotated
============================================================================
Found 230 unannotated drivers.
 ena
 ui_in[7]
 uio_in[0]
 uio_in[1]
 uio_in[2]
 uio_in[3]
 uio_in[4]
 uio_in[5]
 uio_in[6]
 uio_in[7]
 clkload0/X
 clkload1/X
 clkload10/X
 clkload100/Y
 clkload101/X
 clkload102/X
 clkload103/X
 clkload104/X
 clkload105/Y
 clkload106/X
 clkload107/Y
 clkload108/X
 clkload109/X
 clkload11/X
 clkload110/X
 clkload111/X
 clkload112/X
 clkload113/X
 clkload114/X
 clkload115/X
 clkload116/X
 clkload117/X
 clkload118/X
 clkload119/X
 clkload12/X
 clkload120/X
 clkload121/Y
 clkload122/X
 clkload123/Y
 clkload124/X
 clkload125/X
 clkload126/X
 clkload127/X
 clkload128/Y
 clkload129/Y
 clkload13/X
 clkload130/X
 clkload131/X
 clkload132/X
 clkload133/X
 clkload134/X
 clkload135/Y
 clkload136/X
 clkload137/X
 clkload138/X
 clkload139/X
 clkload14/X
 clkload140/X
 clkload141/X
 clkload142/X
 clkload143/X
 clkload144/Y
 clkload145/X
 clkload146/X
 clkload147/X
 clkload148/X
 clkload149/X
 clkload15/X
 clkload150/X
 clkload151/X
 clkload152/X
 clkload153/X
 clkload154/X
 clkload155/X
 clkload156/X
 clkload157/X
 clkload158/X
 clkload159/Y
 clkload16/X
 clkload160/X
 clkload161/X
 clkload162/X
 clkload163/X
 clkload164/X
 clkload165/Y
 clkload166/Y
 clkload167/Y
 clkload168/Y
 clkload169/X
 clkload17/X
 clkload170/X
 clkload171/X
 clkload172/X
 clkload173/X
 clkload174/X
 clkload175/X
 clkload176/Y
 clkload177/X
 clkload178/X
 clkload179/Y
 clkload18/X
 clkload180/X
 clkload181/X
 clkload182/X
 clkload183/Y
 clkload184/X
 clkload185/X
 clkload186/X
 clkload187/X
 clkload188/X
 clkload189/X
 clkload19/X
 clkload190/X
 clkload191/X
 clkload192/X
 clkload193/X
 clkload194/X
 clkload195/Y
 clkload196/X
 clkload197/X
 clkload198/X
 clkload199/X
 clkload2/X
 clkload20/X
 clkload200/Y
 clkload201/X
 clkload202/X
 clkload203/Y
 clkload21/X
 clkload22/X
 clkload23/X
 clkload24/X
 clkload25/X
 clkload26/X
 clkload27/X
 clkload28/X
 clkload29/X
 clkload3/X
 clkload30/X
 clkload31/X
 clkload32/X
 clkload33/X
 clkload34/X
 clkload35/X
 clkload36/X
 clkload37/X
 clkload38/X
 clkload39/X
 clkload4/X
 clkload40/X
 clkload41/X
 clkload42/X
 clkload43/X
 clkload44/X
 clkload45/X
 clkload46/X
 clkload47/X
 clkload48/X
 clkload49/X
 clkload5/X
 clkload50/X
 clkload51/X
 clkload52/X
 clkload53/X
 clkload54/X
 clkload55/X
 clkload56/X
 clkload57/X
 clkload58/X
 clkload59/Y
 clkload6/X
 clkload60/Y
 clkload61/X
 clkload62/X
 clkload63/X
 clkload64/X
 clkload65/X
 clkload66/X
 clkload67/X
 clkload68/X
 clkload69/X
 clkload7/X
 clkload70/X
 clkload71/X
 clkload72/X
 clkload73/X
 clkload74/X
 clkload75/X
 clkload76/X
 clkload77/X
 clkload78/X
 clkload79/X
 clkload8/X
 clkload80/Y
 clkload81/Y
 clkload82/Y
 clkload83/Y
 clkload84/Y
 clkload85/Y
 clkload86/Y
 clkload87/X
 clkload88/X
 clkload89/X
 clkload9/X
 clkload90/X
 clkload91/X
 clkload92/X
 clkload93/Y
 clkload94/Y
 clkload95/X
 clkload96/X
 clkload97/X
 clkload98/X
 clkload99/X
 tt_um_cleave/HI
 tt_um_cleave_2523/HI
 tt_um_cleave_2524/HI
 tt_um_cleave_2525/HI
 tt_um_cleave_2526/HI
 tt_um_cleave_2527/HI
 tt_um_cleave_2528/HI
 tt_um_cleave_2529/HI
 tt_um_cleave_2530/HI
 tt_um_cleave_2531/HI
 tt_um_cleave_2532/HI
 tt_um_cleave_2533/HI
 tt_um_cleave_2534/HI
 tt_um_cleave_2535/HI
 tt_um_cleave_2536/HI
 tt_um_cleave_2537/HI
Found 0 partially unannotated drivers.

===========================================================================
max slew violation count 436
max fanout violation count 66
max cap violation count 4
============================================================================

===========================================================================
check_setup -verbose -unconstrained_endpoints -multiple_clock -no_clock -no_input_delay -loops -generated_clocks
===========================================================================
