Clock: clk
Sources: clk 
Generated: no
Virtual: yes
Propagated: no
Period: 40.000000

===========================================================================
report_clock_properties
============================================================================
Clock                   Period          Waveform
----------------------------------------------------
clk                  40.000000    0.000000 20.000000

===========================================================================
report_clock_latency
============================================================================
Clock clk
rise -> rise
    min     max
0.000000 0.000000 source latency
0.955912         network latency _20200_/CLK
        1.138171 network latency _20617_/CLK
---------------
0.955912 1.138171 latency
        0.182258 skew

fall -> fall
    min     max
0.000000 0.000000 source latency
0.783464         network latency _19441_/CLK
        0.930090 network latency _20617_/CLK
---------------
0.783464 0.930090 latency
        0.146626 skew



===========================================================================
report_clock_min_period
============================================================================
clk period_min = 15.64 fmax = 63.95
