
===========================================================================
 report_power
============================================================================
======================= max_ff_n40C_1v95 Corner ===================================

Group                    Internal    Switching      Leakage        Total
                            Power        Power        Power        Power (Watts)
------------------------------------------------------------------------
Sequential           3.924336e-03 2.747991e-04 6.300790e-08 4.199198e-03  25.4%
Combinational        3.798389e-03 5.651361e-03 1.856574e-07 9.449936e-03  57.1%
Clock                1.371317e-03 1.529791e-03 1.750415e-07 2.901283e-03  17.5%
Macro                0.000000e+00 0.000000e+00 0.000000e+00 0.000000e+00   0.0%
Pad                  0.000000e+00 0.000000e+00 0.000000e+00 0.000000e+00   0.0%
------------------------------------------------------------------------
Total                9.094056e-03 7.455944e-03 4.237097e-07 1.655042e-02 100.0%
                            54.9%        45.0%         0.0%

