Clock: clk
Sources: clk 
Generated: no
Virtual: yes
Propagated: no
Period: 40.000000

===========================================================================
report_clock_properties
============================================================================
Clock                   Period          Waveform
----------------------------------------------------
clk                  40.000000    0.000000 20.000000

===========================================================================
report_clock_latency
============================================================================
Clock clk
rise -> rise
    min     max
0.000000 0.000000 source latency
1.030679         network latency _19249_/CLK
        1.176752 network latency _20705_/CLK
---------------
1.030679 1.176752 latency
        0.146073 skew

fall -> fall
    min     max
0.000000 0.000000 source latency
0.863627         network latency _19249_/CLK
        0.981382 network latency _20705_/CLK
---------------
0.863627 0.981382 latency
        0.117755 skew



===========================================================================
report_clock_min_period
============================================================================
clk period_min = 18.98 fmax = 52.69
