
===========================================================================
 report_power
============================================================================
======================= nom_tt_025C_1v80 Corner ===================================

Group                    Internal    Switching      Leakage        Total
                            Power        Power        Power        Power (Watts)
------------------------------------------------------------------------
Sequential           3.386426e-03 1.733613e-04 2.657289e-08 3.559814e-03  29.8%
Combinational        3.392613e-03 2.872644e-03 7.292127e-08 6.265330e-03  52.4%
Clock                1.196525e-03 9.287439e-04 5.586754e-09 2.125275e-03  17.8%
Macro                0.000000e+00 0.000000e+00 0.000000e+00 0.000000e+00   0.0%
Pad                  0.000000e+00 0.000000e+00 0.000000e+00 0.000000e+00   0.0%
------------------------------------------------------------------------
Total                7.975558e-03 3.974742e-03 1.050783e-07 1.195041e-02 100.0%
                            66.7%        33.3%         0.0%
Writing metric power__internal__total: 0.007975557819008827
Writing metric power__switching__total: 0.003974742256104946
Writing metric power__leakage__total: 1.0507827141736925e-7
Writing metric power__total: 0.011950405314564705

