Reading timing models for corner nom_tt_025C_1v80…
Reading timing library for the 'nom_tt_025C_1v80' corner at '/home/nitro/.ciel/ciel/sky130/versions/8afc8346a57fe1ab7934ba5a6056ea8b43078e71/sky130A/libs.ref/sky130_fd_sc_hd/lib/sky130_fd_sc_hd__tt_025C_1v80.lib'…
Reading OpenROAD database at '/mnt/c/Users/Nitro/Desktop/ASIC/Projects/cleave/runs/RUN_2026-09-01_13-22-07/33-openroad-resizertimingpostcts/tt_um_cleave.odb'…
Reading design constraints file at '/nix/store/pyjad0nmv834qyrz9qicmvljgxnyd00p-python3-3.13.9-env/lib/python3.13/site-packages/librelane/scripts/base.sdc'…
[INFO] Using clock clk…
[INFO] Setting output delay to: 8.0
[INFO] Setting input delay to: 8.0
[INFO] Setting load to: 0.033442
[INFO] Setting clock uncertainty to: 0.25
[INFO] Setting clock transition to: 0.1499999999999999944488848768742172978818416595458984375
[INFO] Setting timing derate to: 5.0%
[INFO] Setting signal min routing layer to: met1 and clock min routing layer to met1. 
[INFO] Setting signal max routing layer to: met5 and clock max routing layer to met5. 
+ global_route -congestion_iterations 50 -verbose -allow_congestion
[INFO GRT-0020] Min routing layer: met1
[INFO GRT-0021] Max routing layer: met5
[INFO GRT-0022] Global adjustment: 30%
[INFO GRT-0023] Grid origin: (0, 0)
[INFO GRT-0088] Layer li1     Track-Pitch = 0.4600  line-2-Via Pitch: 0.3400
[INFO GRT-0088] Layer met1    Track-Pitch = 0.3400  line-2-Via Pitch: 0.3400
[INFO GRT-0088] Layer met2    Track-Pitch = 0.4600  line-2-Via Pitch: 0.3500
[INFO GRT-0088] Layer met3    Track-Pitch = 0.6800  line-2-Via Pitch: 0.6150
[INFO GRT-0088] Layer met4    Track-Pitch = 0.9200  line-2-Via Pitch: 1.0400
[INFO GRT-0088] Layer met5    Track-Pitch = 3.4000  line-2-Via Pitch: 3.1100
[INFO GRT-0003] Macros: 0
[INFO GRT-0004] Blockages: 48033
[INFO GRT-0019] Found 396 clock nets.
[INFO GRT-0001] Minimum degree: 2
[INFO GRT-0002] Maximum degree: 17

[INFO GRT-0053] Routing resources analysis:
          Routing      Original      Derated      Resource
Layer     Direction    Resources     Resources    Reduction (%)
---------------------------------------------------------------
li1        Vertical            0             0          0.00%
met1       Horizontal     119679         79566          33.52%
met2       Vertical       128351         85382          33.48%
met3       Horizontal      87984         60468          31.27%
met4       Vertical        64036         38460          39.94%
met5       Horizontal      16652          8648          48.07%
---------------------------------------------------------------

[INFO GRT-0101] Running extra iterations to remove overflow.
[INFO GRT-0102] Start extra iteration 1/50
[INFO GRT-0102] Start extra iteration 2/50
[INFO GRT-0102] Start extra iteration 3/50
[INFO GRT-0102] Start extra iteration 4/50
[INFO GRT-0197] Via related to pin nodes: 108706
[INFO GRT-0198] Via related Steiner nodes: 3697
[INFO GRT-0199] Via filling finished.
[INFO GRT-0111] Final number of vias: 142474
[INFO GRT-0112] Final usage 3D: 542533

[INFO GRT-0096] Final congestion report:
Layer         Resource        Demand        Usage (%)    Max H / Max V / Total Overflow
---------------------------------------------------------------------------------------
li1                  0             0            0.00%             0 /  0 /  0
met1             79566         44317           55.70%             0 /  0 /  0
met2             85382         49781           58.30%             0 /  0 /  0
met3             60468         10880           17.99%             0 /  0 /  0
met4             38460         10024           26.06%             0 /  0 /  0
met5              8648           109            1.26%             0 /  0 /  0
---------------------------------------------------------------------------------------
Total           272524        115111           42.24%             0 /  0 /  0

[INFO GRT-0018] Total wirelength: 1136464 um
[INFO GRT-0014] Routed nets: 18290
[INFO GRT-0303] Global routing runtime = 00:00:02
Setting global connections for newly added cells…
[INFO] Setting global connections...
[INFO ODB-0403] 0 connections made, 0 conflicts skipped.
Updating metrics…
Cell type report:                       Count       Area
  Fill cell                               466    1749.18
  Tap cell                               5757    7203.16
  Clock buffer                            568    7465.91
  Timing Repair Buffer                   5563   52783.12
  Inverter                                102     382.87
  Clock inverter                           31     211.45
  Sequential cell                        3102   65980.78
  Multi-Input combinational cell         9119   95531.62
  Total                                 24708  231308.09
Writing OpenROAD database to '/mnt/c/Users/Nitro/Desktop/ASIC/Projects/cleave/runs/RUN_2026-09-01_13-22-07/35-openroad-globalrouting/tt_um_cleave.odb'…
Writing layout to '/mnt/c/Users/Nitro/Desktop/ASIC/Projects/cleave/runs/RUN_2026-09-01_13-22-07/35-openroad-globalrouting/tt_um_cleave.def'…
