+ analyze_power_grid -net VPWR -voltage_file /mnt/c/Users/Nitro/Desktop/ASIC/Projects/cleave/runs/RUN_2026-09-01_13-22-07/52-openroad-irdropreport/net-VPWR.csv
[INFO PSM-0040] All shapes on net VPWR are connected.
########## IR report #################
Net              : VPWR
Corner           : nom_tt_025C_1v80
Total power      : 1.39e-02 W
Supply voltage   : 1.80e+00 V
Worstcase voltage: 1.80e+00 V
Average voltage  : 1.80e+00 V
Average IR drop  : 8.35e-05 V
Worstcase IR drop: 3.02e-04 V
Percentage drop  : 0.02 %
######################################
+ analyze_power_grid -net VGND -voltage_file /mnt/c/Users/Nitro/Desktop/ASIC/Projects/cleave/runs/RUN_2026-09-01_13-22-07/52-openroad-irdropreport/net-VGND.csv
[INFO PSM-0040] All shapes on net VGND are connected.
########## IR report #################
Net              : VGND
Corner           : nom_tt_025C_1v80
Total power      : 1.39e-02 W
Supply voltage   : 0.00e+00 V
Worstcase voltage: 3.39e-04 V
Average voltage  : 8.36e-05 V
Average IR drop  : 8.36e-05 V
Worstcase IR drop: 3.39e-04 V
Percentage drop  : 0.02 %
######################################
