Clock: clk
Sources: clk 
Generated: no
Virtual: yes
Propagated: no
Period: 40.000000

===========================================================================
report_clock_properties
============================================================================
Clock                   Period          Waveform
----------------------------------------------------
clk                  40.000000    0.000000 20.000000

===========================================================================
report_clock_latency
============================================================================
Clock clk
rise -> rise
    min     max
0.000000 0.000000 source latency
2.445261         network latency _20200_/CLK
        2.913069 network latency _20617_/CLK
---------------
2.445261 2.913069 latency
        0.467808 skew

fall -> fall
    min     max
0.000000 0.000000 source latency
2.010237         network latency _20200_/CLK
        2.375174 network latency _20617_/CLK
---------------
2.010237 2.375174 latency
        0.364937 skew



===========================================================================
report_clock_min_period
============================================================================
clk period_min = 45.98 fmax = 21.75
