
===========================================================================
 report_power
============================================================================
======================= max_ss_100C_1v60 Corner ===================================

Group                    Internal    Switching      Leakage        Total
                            Power        Power        Power        Power (Watts)
------------------------------------------------------------------------
Sequential           2.625978e-03 1.773094e-04 4.650157e-05 2.849789e-03  24.9%
Combinational        2.771853e-03 3.752514e-03 8.624709e-05 6.610614e-03  57.8%
Clock                9.831499e-04 9.825248e-04 6.177973e-06 1.971852e-03  17.2%
Macro                0.000000e+00 0.000000e+00 0.000000e+00 0.000000e+00   0.0%
Pad                  0.000000e+00 0.000000e+00 0.000000e+00 0.000000e+00   0.0%
------------------------------------------------------------------------
Total                6.380995e-03 4.912336e-03 1.389239e-04 1.143225e-02 100.0%
                            55.8%        43.0%         1.2%

