
===========================================================================
Violator List
============================================================================
[setup reg-reg] _20469_/Q -> _20653_/D : -5.984838
[setup reg-reg] _20469_/Q -> _20621_/D : -5.979573
[setup reg-reg] _20469_/Q -> _20557_/D : -5.978791
[setup reg-reg] _20469_/Q -> _20525_/D : -5.978706
[setup reg-reg] _20469_/Q -> _20685_/D : -5.974783
[setup reg-reg] _20469_/Q -> _21421_/D : -5.974009
[setup reg-reg] _20469_/Q -> _20589_/D : -5.970222
[setup reg-reg] _20469_/Q -> _20493_/D : -5.970016
[setup reg-reg] _20469_/Q -> _21229_/D : -5.949510
[setup reg-reg] _20469_/Q -> _21197_/D : -5.947722
[setup reg-reg] _20469_/Q -> _20528_/D : -5.818930
[setup reg-reg] _20469_/Q -> _20656_/D : -5.817370
[setup reg-reg] _20469_/Q -> _20560_/D : -5.815970
[setup reg-reg] _20469_/Q -> _20624_/D : -5.814759
[setup reg-reg] _20469_/Q -> _20592_/D : -5.805166
[setup reg-reg] _20469_/Q -> _21456_/D : -5.800853
[setup reg-reg] _20469_/Q -> _20496_/D : -5.800694
[setup reg-reg] _20469_/Q -> _21424_/D : -5.797329
[setup reg-reg] _20469_/Q -> _21072_/D : -5.710163
[setup reg-reg] _20469_/Q -> _21104_/D : -5.701679
[setup reg-reg] _20469_/Q -> _21206_/D : -5.589236
[setup reg-reg] _20469_/Q -> _20598_/D : -5.576365
[setup reg-reg] _20469_/Q -> _21078_/D : -5.574780
[setup reg-reg] _20469_/Q -> _21046_/D : -5.574119
[setup reg-reg] _20469_/Q -> _20630_/D : -5.571114
[setup reg-reg] _20469_/Q -> _20566_/D : -5.566502
[setup reg-reg] _20469_/Q -> _21110_/D : -5.564914
[setup reg-reg] _20469_/Q -> _21142_/D : -5.556924
[setup reg-reg] _20469_/Q -> _21238_/D : -5.551982
[setup reg-reg] _20469_/Q -> _21014_/D : -5.546827
[setup reg-reg] _20469_/Q -> _20858_/D : -5.487649
[setup reg-reg] _20469_/Q -> _21082_/D : -5.486751
[setup reg-reg] _20469_/Q -> _21242_/D : -5.476934
[setup reg-reg] _20469_/Q -> _20730_/D : -5.471989
[setup reg-reg] _20469_/Q -> _21050_/D : -5.469381
[setup reg-reg] _20469_/Q -> _20794_/D : -5.464671
[setup reg-reg] _20469_/Q -> _20890_/D : -5.464507
[setup reg-reg] _20469_/Q -> _21210_/D : -5.461257
[setup reg-reg] _20469_/Q -> _20698_/D : -5.461150
[setup reg-reg] _20469_/Q -> _20762_/D : -5.451920
[setup reg-reg] _20469_/Q -> _20634_/D : -5.416691
[setup reg-reg] _20469_/Q -> _20986_/D : -5.416378
[setup reg-reg] _20469_/Q -> _21146_/D : -5.407177
[setup reg-reg] _20469_/Q -> _21018_/D : -5.406921
[setup reg-reg] _20469_/Q -> _20506_/D : -5.406865
[setup reg-reg] _20469_/Q -> _21434_/D : -5.406133
[setup reg-reg] _20469_/Q -> _20570_/D : -5.399890
[setup reg-reg] _20469_/Q -> _20602_/D : -5.398903
[setup reg-reg] _20469_/Q -> _20666_/D : -5.397066
[setup reg-reg] _20469_/Q -> _21114_/D : -5.393282
[setup reg-reg] _20469_/Q -> _21178_/D : -5.280633
[setup reg-reg] _20469_/Q -> _21338_/D : -5.278419
[setup reg-reg] _20469_/Q -> _21274_/D : -5.274089
[setup reg-reg] _20469_/Q -> _20538_/D : -5.272753
[setup reg-reg] _20469_/Q -> _21402_/D : -5.271634
[setup reg-reg] _20469_/Q -> _21466_/D : -5.268895
[setup reg-reg] _20469_/Q -> _21306_/D : -5.267545
[setup reg-reg] _20469_/Q -> _20826_/D : -5.267538
[setup reg-reg] _20469_/Q -> _21370_/D : -5.266042
[setup reg-reg] _20469_/Q -> _21175_/D : -5.209241
[setup reg-reg] _20469_/Q -> _21271_/D : -5.203418
[setup reg-reg] _20469_/Q -> _20695_/D : -5.197279
[setup reg-reg] _20469_/Q -> _20887_/D : -5.193822
[setup reg-reg] _20469_/Q -> _20759_/D : -5.191723
[setup reg-reg] _20469_/Q -> _20791_/D : -5.189332
[setup reg-reg] _20469_/Q -> _20951_/D : -5.188774
[setup reg-reg] _20469_/Q -> _21177_/D : -5.188532
[setup reg-reg] _20469_/Q -> _20727_/D : -5.188017
[setup reg-reg] _20469_/Q -> _20855_/D : -5.186294
[setup reg-reg] _20469_/Q -> _20823_/D : -5.183051
[setup reg-reg] _20469_/Q -> _20889_/D : -5.174919
[setup reg-reg] _20469_/Q -> _20921_/D : -5.171280
[setup reg-reg] _20469_/Q -> _20953_/D : -5.168154
[setup reg-reg] _20469_/Q -> _20853_/D : -5.166751
[setup reg-reg] _20469_/Q -> _21067_/D : -5.161816
[setup reg-reg] _20469_/Q -> _20885_/D : -5.159503
[setup reg-reg] _20469_/Q -> _20793_/D : -5.157876
[setup reg-reg] _20469_/Q -> _20857_/D : -5.156188
[setup reg-reg] _20469_/Q -> _20949_/D : -5.153965
[setup reg-reg] _20469_/Q -> _21109_/D : -5.152707
[setup reg-reg] _20469_/Q -> _20917_/D : -5.149577
[setup reg-reg] _20469_/Q -> _20757_/D : -5.147229
[setup reg-reg] _20469_/Q -> _20789_/D : -5.146585
[setup reg-reg] _20469_/Q -> _20693_/D : -5.144088
[setup reg-reg] _20469_/Q -> _21227_/D : -5.141551
[setup reg-reg] _20469_/Q -> _21113_/D : -5.141171
[setup reg-reg] _20469_/Q -> _21035_/D : -5.137274
[setup reg-reg] _20469_/Q -> _21049_/D : -5.135998
[setup reg-reg] _20469_/Q -> _21195_/D : -5.132101
[setup reg-reg] _20469_/Q -> _20985_/D : -5.131906
[setup reg-reg] _20469_/Q -> _21099_/D : -5.131877
[setup reg-reg] _20469_/Q -> _20981_/D : -5.125390
[setup reg-reg] _20469_/Q -> _20811_/D : -5.123390
[setup reg-reg] _20469_/Q -> _21212_/D : -5.122757
[setup reg-reg] _20469_/Q -> _20700_/D : -5.119133
[setup reg-reg] _20469_/Q -> _21244_/D : -5.118718
[setup reg-reg] _20469_/Q -> _21003_/D : -5.118412
[setup reg-reg] _20469_/Q -> _21116_/D : -5.116608
[setup reg-reg] _20469_/Q -> _21241_/D : -5.116309
[setup reg-reg] _20469_/Q -> _21337_/D : -5.113453
[setup reg-reg] _20469_/Q -> _21052_/D : -5.112970
[setup reg-reg] _20469_/Q -> _21163_/D : -5.112714
[setup reg-reg] _20469_/Q -> _21131_/D : -5.112519
[setup reg-reg] _20469_/Q -> _21209_/D : -5.111623
[setup reg-reg] _20469_/Q -> _21045_/D : -5.110487
[setup reg-reg] _20469_/Q -> _20971_/D : -5.110120
[setup reg-reg] _20469_/Q -> _20796_/D : -5.109794
[setup reg-reg] _20469_/Q -> _20764_/D : -5.109719
[setup reg-reg] _20469_/Q -> _21148_/D : -5.107797
[setup reg-reg] _20469_/Q -> _21305_/D : -5.107193
[setup reg-reg] _20469_/Q -> _20825_/D : -5.102933
[setup reg-reg] _20469_/Q -> _20732_/D : -5.102724
[setup reg-reg] _20469_/Q -> _20697_/D : -5.100727
[setup reg-reg] _20469_/Q -> _20988_/D : -5.100507
[setup reg-reg] _20469_/Q -> _21084_/D : -5.097700
[setup reg-reg] _20469_/Q -> _21273_/D : -5.093423
[setup reg-reg] _20469_/Q -> _21020_/D : -5.090399
[setup reg-reg] _20469_/Q -> _20540_/D : -5.089149
[setup reg-reg] _20469_/Q -> _21401_/D : -5.087884
[setup reg-reg] _20469_/Q -> _20636_/D : -5.082576
[setup reg-reg] _20469_/Q -> _20761_/D : -5.081990
[setup reg-reg] _20469_/Q -> _21369_/D : -5.079471
[setup reg-reg] _20469_/Q -> _20668_/D : -5.077943
[setup reg-reg] _20469_/Q -> _20572_/D : -5.074345
[setup reg-reg] _20469_/Q -> _20604_/D : -5.071748
[setup reg-reg] _20469_/Q -> _20508_/D : -5.065509
[setup reg-reg] _20469_/Q -> _21436_/D : -5.064550
[setup reg-reg] _20469_/Q -> _21468_/D : -5.063971
[setup reg-reg] _20469_/Q -> _21207_/D : -5.060560
[setup reg-reg] _20469_/Q -> _20729_/D : -5.058084
[setup reg-reg] _20469_/Q -> _21079_/D : -5.041844
[setup reg-reg] _20469_/Q -> _21143_/D : -5.038970
[setup reg-reg] _20469_/Q -> _21047_/D : -5.037851
[setup reg-reg] _20469_/Q -> _21239_/D : -5.035666
[setup reg-reg] _20469_/Q -> _21015_/D : -5.034888
[setup reg-reg] _20469_/Q -> _21005_/D : -5.033844
[setup reg-reg] _20469_/Q -> _21111_/D : -5.033733
[setup reg-reg] _20469_/Q -> _20919_/D : -5.027442
[setup reg-reg] _20469_/Q -> _20983_/D : -5.027175
[setup reg-reg] _20469_/Q -> _20503_/D : -5.020596
[setup reg-reg] _20469_/Q -> _21101_/D : -5.007678
[setup reg-reg] _20469_/Q -> _21261_/D : -5.007401
[setup reg-reg] _20469_/Q -> _20781_/D : -5.005834
[setup reg-reg] _20469_/Q -> _21165_/D : -5.002825
[setup reg-reg] _20469_/Q -> _20813_/D : -5.001663
[setup reg-reg] _20469_/Q -> _21133_/D : -4.998260
[setup reg-reg] _20469_/Q -> _21069_/D : -4.994288
[setup reg-reg] _20469_/Q -> _20973_/D : -4.979995
[setup reg-reg] _20469_/Q -> _21037_/D : -4.974247
[setup reg-reg] _20469_/Q -> _20909_/D : -4.924551
[setup reg-reg] _20469_/Q -> _20941_/D : -4.919183
[setup reg-reg] _20469_/Q -> _20877_/D : -4.904905
[setup reg-reg] _20469_/Q -> _20845_/D : -4.904312
[setup reg-reg] _20469_/Q -> _20567_/D : -4.900087
[setup reg-reg] _20469_/Q -> _20749_/D : -4.895742
[setup reg-reg] _20469_/Q -> _20663_/D : -4.891309
[setup reg-reg] _20469_/Q -> _20535_/D : -4.891202
[setup reg-reg] _20469_/Q -> _20599_/D : -4.890978
[setup reg-reg] _20469_/Q -> _20631_/D : -4.890154
[setup reg-reg] _20469_/Q -> _21431_/D : -4.887358
[setup reg-reg] _20469_/Q -> _21463_/D : -4.884129
[setup reg-reg] _20469_/Q -> _20717_/D : -4.871403
[setup reg-reg] _20469_/Q -> _21263_/D : -4.863449
[setup reg-reg] _20469_/Q -> _20847_/D : -4.861558
[setup reg-reg] _20469_/Q -> _21359_/D : -4.860986
[setup reg-reg] _20469_/Q -> _21391_/D : -4.860240
[setup reg-reg] _20469_/Q -> _20815_/D : -4.848715
[setup reg-reg] _20469_/Q -> _20783_/D : -4.848225
[setup reg-reg] _20469_/Q -> _21453_/D : -4.844761
[setup reg-reg] _20469_/Q -> _21167_/D : -4.837379
[setup reg-reg] _20469_/Q -> _20719_/D : -4.833097
[setup reg-reg] _20469_/Q -> _20751_/D : -4.833013
[setup reg-reg] _20469_/Q -> _20687_/D : -4.832646
[setup reg-reg] _20469_/Q -> _21404_/D : -4.799056
[setup reg-reg] _20469_/Q -> _21276_/D : -4.798839
[setup reg-reg] _20469_/Q -> _21180_/D : -4.798043
[setup reg-reg] _20469_/Q -> _21308_/D : -4.797620
[setup reg-reg] _20469_/Q -> _21340_/D : -4.797105
[setup reg-reg] _20469_/Q -> _21372_/D : -4.793122
[setup reg-reg] _20469_/Q -> _21100_/D : -4.792987
[setup reg-reg] _20469_/Q -> _21132_/D : -4.788973
[setup reg-reg] _20469_/Q -> _20828_/D : -4.779743
[setup reg-reg] _20469_/Q -> _20748_/D : -4.776034
[setup reg-reg] _20469_/Q -> _21117_/D : -4.775988
[setup reg-reg] _20469_/Q -> _21196_/D : -4.774641
[setup reg-reg] _20469_/Q -> _20876_/D : -4.772830
[setup reg-reg] _20469_/Q -> _21228_/D : -4.772687
[setup reg-reg] _20469_/Q -> _20684_/D : -4.772435
[setup reg-reg] _20469_/Q -> _20844_/D : -4.772222
[setup reg-reg] _20469_/Q -> _20716_/D : -4.769568
[setup reg-reg] _20469_/Q -> _21085_/D : -4.769269
[setup reg-reg] _20469_/Q -> _21021_/D : -4.768488
[setup reg-reg] _20469_/Q -> _20780_/D : -4.766623
[setup reg-reg] _20469_/Q -> _20637_/D : -4.760487
[setup reg-reg] _20469_/Q -> _20989_/D : -4.756817
[setup reg-reg] _20469_/Q -> _20509_/D : -4.753741
[setup reg-reg] _20469_/Q -> _21053_/D : -4.753161
[setup reg-reg] _20469_/Q -> _20541_/D : -4.750494
[setup reg-reg] _20469_/Q -> _20605_/D : -4.747087
[setup reg-reg] _20469_/Q -> _20573_/D : -4.744777
[setup reg-reg] _20469_/Q -> _21296_/D : -4.731408
[setup reg-reg] _20469_/Q -> _21008_/D : -4.712934
[setup reg-reg] _20469_/Q -> _21328_/D : -4.705513
[setup reg-reg] _20469_/Q -> _21232_/D : -4.701523
[setup reg-reg] _20469_/Q -> _20848_/D : -4.700986
[setup reg-reg] _20469_/Q -> _20688_/D : -4.700272
[setup reg-reg] _20469_/Q -> _20752_/D : -4.694844
[setup reg-reg] _20469_/Q -> _20976_/D : -4.694322
[setup reg-reg] _20469_/Q -> _20720_/D : -4.687081
[setup reg-reg] _20469_/Q -> _20912_/D : -4.687003
[setup reg-reg] _20469_/Q -> _21136_/D : -4.685226
[setup reg-reg] _20469_/Q -> _21200_/D : -4.683717
[setup reg-reg] _20469_/Q -> _20944_/D : -4.682978
[setup reg-reg] _20469_/Q -> _21040_/D : -4.682438
[setup reg-reg] _20469_/Q -> _20784_/D : -4.681219
[setup reg-reg] _20469_/Q -> _20880_/D : -4.675805
[setup reg-reg] _20469_/Q -> _20816_/D : -4.672454
[setup reg-reg] _20469_/Q -> _21334_/D : -4.488076
[setup reg-reg] _20469_/Q -> _20662_/D : -4.485045
[setup reg-reg] _20469_/Q -> _20886_/D : -4.482452
[setup reg-reg] _20469_/Q -> _20534_/D : -4.477780
[setup reg-reg] _20469_/Q -> _21430_/D : -4.474487
[setup reg-reg] _20469_/Q -> _21302_/D : -4.471876
[setup reg-reg] _20469_/Q -> _21366_/D : -4.471254
[setup reg-reg] _20469_/Q -> _20502_/D : -4.470334
[setup reg-reg] _20469_/Q -> _20694_/D : -4.469502
[setup reg-reg] _20469_/Q -> _21174_/D : -4.468749
[setup reg-reg] _20469_/Q -> _20918_/D : -4.467040
[setup reg-reg] _20469_/Q -> _21398_/D : -4.464450
[setup reg-reg] _20469_/Q -> _21270_/D : -4.462006
[setup reg-reg] _20469_/Q -> _20854_/D : -4.455998
[setup reg-reg] _20469_/Q -> _20758_/D : -4.455700
[setup reg-reg] _20469_/Q -> _20790_/D : -4.448914
[setup reg-reg] _20469_/Q -> _20982_/D : -4.447486
[setup reg-reg] _20469_/Q -> _20822_/D : -4.446797
[setup reg-reg] _20469_/Q -> _20726_/D : -4.424596
[setup reg-reg] _20469_/Q -> _20862_/D : -4.416727
[setup reg-reg] _20469_/Q -> _20648_/D : -4.406221
[setup reg-reg] _20469_/Q -> _20520_/D : -4.404346
[setup reg-reg] _20469_/Q -> _20734_/D : -4.402146
[setup reg-reg] _20469_/Q -> _20616_/D : -4.397904
[setup reg-reg] _20469_/Q -> _20574_/D : -4.397204
[setup reg-reg] _20469_/Q -> _20798_/D : -4.396636
[setup reg-reg] _20469_/Q -> _21310_/D : -4.394689
[setup reg-reg] _20469_/Q -> _20552_/D : -4.392991
[setup reg-reg] _20469_/Q -> _20584_/D : -4.392909
[setup reg-reg] _20469_/Q -> _20638_/D : -4.388220
[setup reg-reg] _20469_/Q -> _20894_/D : -4.388177
[setup reg-reg] _20469_/Q -> _21374_/D : -4.386589
[setup reg-reg] _20469_/Q -> _20958_/D : -4.386124
[setup reg-reg] _20469_/Q -> _21342_/D : -4.385942
[setup reg-reg] _20469_/Q -> _20830_/D : -4.385108
[setup reg-reg] _20469_/Q -> _20926_/D : -4.384653
[setup reg-reg] _20469_/Q -> _20488_/D : -4.382418
[setup reg-reg] _20469_/Q -> _21118_/D : -4.381647
[setup reg-reg] _20469_/Q -> _21182_/D : -4.380716
[setup reg-reg] _20469_/Q -> _20702_/D : -4.380354
[setup reg-reg] _20469_/Q -> _21150_/D : -4.377800
[setup reg-reg] _20469_/Q -> _20766_/D : -4.377302
[setup reg-reg] _20469_/Q -> _21416_/D : -4.376954
[setup reg-reg] _20469_/Q -> _21214_/D : -4.375416
[setup reg-reg] _20469_/Q -> _21246_/D : -4.374733
[setup reg-reg] _20469_/Q -> _21406_/D : -4.373707
[setup reg-reg] _20469_/Q -> _20922_/D : -4.291632
[setup reg-reg] _20469_/Q -> _20954_/D : -4.274721
[setup reg-reg] _20469_/Q -> _20904_/D : -4.255331
[setup reg-reg] _20469_/Q -> _20872_/D : -4.254428
[setup reg-reg] _20469_/Q -> _20840_/D : -4.254009
[setup reg-reg] _20469_/Q -> _21326_/D : -4.249138
[setup reg-reg] _20469_/Q -> _21166_/D : -4.232803
[setup reg-reg] _20469_/Q -> _21390_/D : -4.231495
[setup reg-reg] _20469_/Q -> _20750_/D : -4.227200
[setup reg-reg] _20469_/Q -> _20782_/D : -4.226984
[setup reg-reg] _20469_/Q -> _20686_/D : -4.226724
[setup reg-reg] _20469_/Q -> _20718_/D : -4.225548
[setup reg-reg] _20469_/Q -> _20814_/D : -4.223032
[setup reg-reg] _20469_/Q -> _21358_/D : -4.221800
[setup reg-reg] _20469_/Q -> _21262_/D : -4.221725
[setup reg-reg] _20469_/Q -> _20990_/D : -4.211476
[setup reg-reg] _20469_/Q -> _21022_/D : -4.208410
[setup reg-reg] _20469_/Q -> _20510_/D : -4.205685
[setup reg-reg] _20469_/Q -> _20558_/D : -4.204530
[setup reg-reg] _20469_/Q -> _21086_/D : -4.203365
[setup reg-reg] _20469_/Q -> _20606_/D : -4.200452
[setup reg-reg] _20469_/Q -> _21470_/D : -4.200146
[setup reg-reg] _20469_/Q -> _20622_/D : -4.199453
[setup reg-reg] _20469_/Q -> _21054_/D : -4.195694
[setup reg-reg] _20469_/Q -> _20526_/D : -4.192881
[setup reg-reg] _20469_/Q -> _21198_/D : -4.192600
[setup reg-reg] _20469_/Q -> _20590_/D : -4.191690
[setup reg-reg] _20469_/Q -> _20542_/D : -4.191069
[setup reg-reg] _20469_/Q -> _21454_/D : -4.187552
[setup reg-reg] _20469_/Q -> _21438_/D : -4.187364
[setup reg-reg] _20469_/Q -> _20670_/D : -4.186777
[setup reg-reg] _20469_/Q -> _20654_/D : -4.185033
[setup reg-reg] _20469_/Q -> _21230_/D : -4.175487
[setup reg-reg] _20469_/Q -> _21422_/D : -4.175451
[setup reg-reg] _20469_/Q -> _20494_/D : -4.172179
[setup reg-reg] _20469_/Q -> _21010_/D : -4.158391
[setup reg-reg] _20469_/Q -> _21234_/D : -4.155730
[setup reg-reg] _20469_/Q -> _20896_/D : -4.152653
[setup reg-reg] _20469_/Q -> _20498_/D : -4.148138
[setup reg-reg] _20469_/Q -> _21394_/D : -4.146760
[setup reg-reg] _20469_/Q -> _20530_/D : -4.146138
[setup reg-reg] _20469_/Q -> _21106_/D : -4.143104
[setup reg-reg] _20469_/Q -> _21202_/D : -4.141889
[setup reg-reg] _20469_/Q -> _21074_/D : -4.138748
[setup reg-reg] _20469_/Q -> _20978_/D : -4.132304
[setup reg-reg] _20469_/Q -> _21042_/D : -4.131810
[setup reg-reg] _20469_/Q -> _20531_/D : -4.127021
[setup reg-reg] _20469_/Q -> _20499_/D : -4.119368
[setup reg-reg] _20469_/Q -> _21075_/D : -4.118188
[setup reg-reg] _20469_/Q -> _20659_/D : -4.118143
[setup reg-reg] _20469_/Q -> _20595_/D : -4.117858
[setup reg-reg] _20469_/Q -> _21056_/D : -4.115336
[setup reg-reg] _20469_/Q -> _20979_/D : -4.114160
[setup reg-reg] _20469_/Q -> _21216_/D : -4.112774
[setup reg-reg] _20469_/Q -> _21152_/D : -4.106866
[setup reg-reg] _20469_/Q -> _21248_/D : -4.105360
[setup reg-reg] _20469_/Q -> _21088_/D : -4.104390
[setup reg-reg] _20469_/Q -> _21024_/D : -4.102944
[setup reg-reg] _20469_/Q -> _20627_/D : -4.102539
[setup reg-reg] _20469_/Q -> _20563_/D : -4.100684
[setup reg-reg] _20469_/Q -> _21043_/D : -4.094936
[setup reg-reg] _20469_/Q -> _20960_/D : -4.094748
[setup reg-reg] _20469_/Q -> _21331_/D : -4.094407
[setup reg-reg] _20469_/Q -> _20992_/D : -4.094272
[setup reg-reg] _20469_/Q -> _21139_/D : -4.092041
[setup reg-reg] _20469_/Q -> _20864_/D : -4.091842
[setup reg-reg] _20469_/Q -> _21427_/D : -4.090854
[setup reg-reg] _20469_/Q -> _20722_/D : -4.089880
[setup reg-reg] _20469_/Q -> _20787_/D : -4.088566
[setup reg-reg] _20469_/Q -> _20882_/D : -4.087014
[setup reg-reg] _20469_/Q -> _20850_/D : -4.086946
[setup reg-reg] _20469_/Q -> _20914_/D : -4.086889
[setup reg-reg] _20469_/Q -> _21299_/D : -4.086747
[setup reg-reg] _20469_/Q -> _20946_/D : -4.085670
[setup reg-reg] _20469_/Q -> _20947_/D : -4.083681
[setup reg-reg] _20469_/Q -> _21395_/D : -4.083269
[setup reg-reg] _20469_/Q -> _21171_/D : -4.081734
[setup reg-reg] _20469_/Q -> _20915_/D : -4.079073
[setup reg-reg] _20469_/Q -> _21363_/D : -4.076086
[setup reg-reg] _20469_/Q -> _20755_/D : -4.074696
[setup reg-reg] _20469_/Q -> _20819_/D : -4.074110
[setup reg-reg] _20469_/Q -> _21267_/D : -4.073350
[setup reg-reg] _20469_/Q -> _21235_/D : -4.072305
[setup reg-reg] _20469_/Q -> _20691_/D : -4.068849
[setup reg-reg] _20469_/Q -> _20723_/D : -4.067637
[setup reg-reg] _20469_/Q -> _21107_/D : -4.066529
[setup reg-reg] _20469_/Q -> _21203_/D : -4.058073
[setup reg-reg] _20469_/Q -> _20851_/D : -4.057967
[setup reg-reg] _20469_/Q -> _20690_/D : -4.056378
[setup reg-reg] _20469_/Q -> _20818_/D : -4.051202
[setup reg-reg] _20469_/Q -> _20754_/D : -4.048438
[setup reg-reg] _20469_/Q -> _20883_/D : -4.045610
[setup reg-reg] _20469_/Q -> _20786_/D : -4.045461
[setup reg-reg] _20469_/Q -> _21170_/D : -4.036437
[setup reg-reg] _20469_/Q -> _21098_/D : -3.980937
[setup reg-reg] _20469_/Q -> _20810_/D : -3.973810
[setup reg-reg] _20469_/Q -> _21386_/D : -3.971273
[setup reg-reg] _20469_/Q -> _20875_/D : -3.966278
[setup reg-reg] _20469_/Q -> _20618_/D : -3.964786
[setup reg-reg] _20469_/Q -> _21301_/D : -3.962267
[setup reg-reg] _20469_/Q -> _21130_/D : -3.960533
[setup reg-reg] _20469_/Q -> _21002_/D : -3.960260
[setup reg-reg] _20469_/Q -> _20650_/D : -3.960224
[setup reg-reg] _20469_/Q -> _21173_/D : -3.960203
[setup reg-reg] _20469_/Q -> _20682_/D : -3.960160
[setup reg-reg] _20469_/Q -> _20554_/D : -3.959034
[setup reg-reg] _20469_/Q -> _21205_/D : -3.957340
[setup reg-reg] _20469_/Q -> _20939_/D : -3.957034
[setup reg-reg] _20469_/Q -> _20843_/D : -3.952995
[setup reg-reg] _20469_/Q -> _21269_/D : -3.952927
[setup reg-reg] _20469_/Q -> _20970_/D : -3.952685
[setup reg-reg] _20469_/Q -> _21397_/D : -3.952284
[setup reg-reg] _20469_/Q -> _21399_/D : -3.951769
[setup reg-reg] _20469_/Q -> _20746_/D : -3.949985
[setup reg-reg] _20469_/Q -> _20747_/D : -3.948458
[setup reg-reg] _20469_/Q -> _21226_/D : -3.948074
[setup reg-reg] _20469_/Q -> _21194_/D : -3.947285
[setup reg-reg] _20469_/Q -> _20725_/D : -3.946916
[setup reg-reg] _20469_/Q -> _20586_/D : -3.946539
[setup reg-reg] _20469_/Q -> _21367_/D : -3.945822
[setup reg-reg] _20469_/Q -> _21365_/D : -3.942631
[setup reg-reg] _20469_/Q -> _20491_/D : -3.942613
[setup reg-reg] _20469_/Q -> _21333_/D : -3.940741
[setup reg-reg] _20469_/Q -> _21066_/D : -3.939579
[setup reg-reg] _20469_/Q -> _21303_/D : -3.938531
[setup reg-reg] _20469_/Q -> _20714_/D : -3.938407
[setup reg-reg] _20469_/Q -> _20907_/D : -3.936755
[setup reg-reg] _20469_/Q -> _20555_/D : -3.936318
[setup reg-reg] _20469_/Q -> _21387_/D : -3.936009
[setup reg-reg] _20469_/Q -> _21354_/D : -3.935668
[setup reg-reg] _20469_/Q -> _21034_/D : -3.934655
[setup reg-reg] _20469_/Q -> _21138_/D : -3.934087
[setup reg-reg] _20469_/Q -> _20683_/D : -3.932641
[setup reg-reg] _20469_/Q -> _20779_/D : -3.931991
[setup reg-reg] _20469_/Q -> _21323_/D : -3.931373
[setup reg-reg] _20469_/Q -> _20878_/D : -3.930573
[setup reg-reg] _20469_/Q -> _21335_/D : -3.930364
[setup reg-reg] _20469_/Q -> _20924_/D : -3.930133
[setup reg-reg] _20469_/Q -> _20524_/D : -3.929312
[setup reg-reg] _20469_/Q -> _20626_/D : -3.929238
[setup reg-reg] _20469_/Q -> _21145_/D : -3.928936
[setup reg-reg] _20469_/Q -> _20715_/D : -3.928847
[setup reg-reg] _20469_/Q -> _20587_/D : -3.928196
[setup reg-reg] _20469_/Q -> _20860_/D : -3.927582
[setup reg-reg] _20469_/Q -> _20651_/D : -3.927127
[setup reg-reg] _20469_/Q -> _20821_/D : -3.926520
[setup reg-reg] _20469_/Q -> _21259_/D : -3.926271
[setup reg-reg] _20469_/Q -> _20892_/D : -3.925553
[setup reg-reg] _20469_/Q -> _20658_/D : -3.925315
[setup reg-reg] _20469_/Q -> _20505_/D : -3.922818
[setup reg-reg] _20469_/Q -> _20594_/D : -3.922367
[setup reg-reg] _20469_/Q -> _20562_/D : -3.921272
[setup reg-reg] _20469_/Q -> _20556_/D : -3.920860
[setup reg-reg] _20469_/Q -> _20620_/D : -3.920150
[setup reg-reg] _20469_/Q -> _21294_/D : -3.920050
[setup reg-reg] _20469_/Q -> _21419_/D : -3.919187
[setup reg-reg] _20469_/Q -> _20537_/D : -3.919020
[setup reg-reg] _20469_/Q -> _21292_/D : -3.918746
[setup reg-reg] _20469_/Q -> _21017_/D : -3.916309
[setup reg-reg] _20469_/Q -> _20846_/D : -3.915371
[setup reg-reg] _20469_/Q -> _21451_/D : -3.915236
[setup reg-reg] _20469_/Q -> _21291_/D : -3.914746
[setup reg-reg] _20469_/Q -> _21355_/D : -3.914213
[setup reg-reg] _20469_/Q -> _20942_/D : -3.913872
[setup reg-reg] _20469_/Q -> _20910_/D : -3.913705
[setup reg-reg] _20469_/Q -> _20956_/D : -3.909858
[setup reg-reg] _20469_/Q -> _20601_/D : -3.907449
[setup reg-reg] _20469_/Q -> _20492_/D : -3.907282
[setup reg-reg] _20469_/Q -> _20665_/D : -3.906319
[setup reg-reg] _20469_/Q -> _21426_/D : -3.906308
[setup reg-reg] _20469_/Q -> _20633_/D : -3.900649
[setup reg-reg] _20469_/Q -> _20569_/D : -3.898187
[setup reg-reg] _20469_/Q -> _21458_/D : -3.896833
[setup reg-reg] _20469_/Q -> _20588_/D : -3.890019
[setup reg-reg] _20469_/Q -> _20812_/D : -3.888683
[setup reg-reg] _20469_/Q -> _20652_/D : -3.888154
[setup reg-reg] _20469_/Q -> _21260_/D : -3.886022
[setup reg-reg] _20469_/Q -> _21389_/D : -3.884857
[setup reg-reg] _20469_/Q -> _20522_/D : -3.878849
[setup reg-reg] _20469_/Q -> _21164_/D : -3.873751
[setup reg-reg] _20469_/Q -> _20490_/D : -3.872824
[setup reg-reg] _20469_/Q -> _21070_/D : -3.866973
[setup reg-reg] _20469_/Q -> _21102_/D : -3.863065
[setup reg-reg] _20469_/Q -> _21006_/D : -3.862880
[setup reg-reg] _20469_/Q -> _21325_/D : -3.861018
[setup reg-reg] _20469_/Q -> _21357_/D : -3.851650
[setup reg-reg] _20469_/Q -> _21293_/D : -3.848495
[setup reg-reg] _20469_/Q -> _20974_/D : -3.847866
[setup reg-reg] _20469_/Q -> _21134_/D : -3.846882
[setup reg-reg] _20469_/Q -> _21038_/D : -3.831676
[setup reg-reg] _20469_/Q -> _20629_/D : -3.790820
[setup reg-reg] _20469_/Q -> _21141_/D : -3.790170
[setup reg-reg] _20469_/Q -> _21237_/D : -3.788557
[setup reg-reg] _20469_/Q -> _20565_/D : -3.782752
[setup reg-reg] _20469_/Q -> _21077_/D : -3.781686
[setup reg-reg] _20469_/Q -> _20495_/D : -3.781352
[setup reg-reg] _20469_/Q -> _21103_/D : -3.778673
[setup reg-reg] _20469_/Q -> _20597_/D : -3.778439
[setup reg-reg] _20469_/Q -> _21013_/D : -3.778162
[setup reg-reg] _20469_/Q -> _20527_/D : -3.773870
[setup reg-reg] _20469_/Q -> _20591_/D : -3.772417
[setup reg-reg] _20469_/Q -> _20533_/D : -3.772264
[setup reg-reg] _20469_/Q -> _20501_/D : -3.768623
[setup reg-reg] _20469_/Q -> _20661_/D : -3.765845
[setup reg-reg] _20469_/Q -> _21135_/D : -3.755293
[setup reg-reg] _20469_/Q -> _20957_/D : -3.751456
[setup reg-reg] _20469_/Q -> _20861_/D : -3.747680
[setup reg-reg] _20469_/Q -> _20893_/D : -3.746610
[setup reg-reg] _20469_/Q -> _21199_/D : -3.745399
[setup reg-reg] _20469_/Q -> _20925_/D : -3.745353
[setup reg-reg] _20469_/Q -> _21231_/D : -3.742585
[setup reg-reg] _20469_/Q -> _20623_/D : -3.739402
[setup reg-reg] _20469_/Q -> _20559_/D : -3.736627
[setup reg-reg] _20469_/Q -> _20655_/D : -3.730907
[setup reg-reg] _20469_/Q -> _20972_/D : -3.728353
[setup reg-reg] _20469_/Q -> _20701_/D : -3.724633
[setup reg-reg] _20469_/Q -> _20765_/D : -3.722299
[setup reg-reg] _20469_/Q -> _20908_/D : -3.713392
[setup reg-reg] _20469_/Q -> _20940_/D : -3.712081
[setup reg-reg] _20469_/Q -> _21181_/D : -3.711218
[setup reg-reg] _20469_/Q -> _21068_/D : -3.700819
[setup reg-reg] _20469_/Q -> _21392_/D : -3.700531
[setup reg-reg] _20469_/Q -> _21036_/D : -3.694634
[setup reg-reg] _20469_/Q -> _21004_/D : -3.693728
[setup reg-reg] _20469_/Q -> _20797_/D : -3.692502
[setup reg-reg] _20469_/Q -> _20733_/D : -3.684804
[setup reg-reg] _20469_/Q -> _21360_/D : -3.681926
[setup reg-reg] _20469_/Q -> _20829_/D : -3.680583
[setup reg-reg] _20469_/Q -> _20911_/D : -3.667502
[setup reg-reg] _20469_/Q -> _21168_/D : -3.666209
[setup reg-reg] _20469_/Q -> _21295_/D : -3.664052
[setup reg-reg] _20469_/Q -> _21039_/D : -3.660819
[setup reg-reg] _20469_/Q -> _21327_/D : -3.658329
[setup reg-reg] _20469_/Q -> _20879_/D : -3.656446
[setup reg-reg] _20469_/Q -> _21264_/D : -3.647536
[setup reg-reg] _20469_/Q -> _20943_/D : -3.647333
[setup reg-reg] _20469_/Q -> _21071_/D : -3.643663
[setup reg-reg] _20469_/Q -> _21007_/D : -3.641667
[setup reg-reg] _20469_/Q -> _20975_/D : -3.634135
[setup reg-reg] _20469_/Q -> _20938_/D : -3.629587
[setup reg-reg] _20469_/Q -> _21162_/D : -3.624145
[setup reg-reg] _20469_/Q -> _20906_/D : -3.623583
[setup reg-reg] _20469_/Q -> _20842_/D : -3.619889
[setup reg-reg] _20469_/Q -> _20874_/D : -3.617934
[setup reg-reg] _20469_/Q -> _20778_/D : -3.614872
[setup reg-reg] _20469_/Q -> _21258_/D : -3.614236
[setup reg-reg] _20469_/Q -> _20689_/D : -3.597038
[setup reg-reg] _20469_/Q -> _20785_/D : -3.594284
[setup reg-reg] _20469_/Q -> _21450_/D : -3.590966
[setup reg-reg] _20469_/Q -> _21322_/D : -3.588951
[setup reg-reg] _20469_/Q -> _20945_/D : -3.588841
[setup reg-reg] _20469_/Q -> _20913_/D : -3.588703
[setup reg-reg] _20469_/Q -> _21245_/D : -3.584599
[setup reg-reg] _20469_/Q -> _21290_/D : -3.583747
[setup reg-reg] _20469_/Q -> _21149_/D : -3.579526
[setup reg-reg] _20469_/Q -> _20721_/D : -3.579345
[setup reg-reg] _20469_/Q -> _21213_/D : -3.576677
[setup reg-reg] _20469_/Q -> _21469_/D : -3.553972
[setup reg-reg] _20469_/Q -> _20669_/D : -3.551467
[setup reg-reg] _20469_/Q -> _21329_/D : -3.541079
[setup reg-reg] _20469_/Q -> _21437_/D : -3.536130
[setup reg-reg] _20469_/Q -> _20817_/D : -3.532584
[setup reg-reg] _20469_/Q -> _20881_/D : -3.528392
[setup reg-reg] _20469_/Q -> _21297_/D : -3.523994
[setup reg-reg] _20469_/Q -> _21418_/D : -3.519798
[setup reg-reg] _20469_/Q -> _20849_/D : -3.502827
[setup reg-reg] _20469_/Q -> _20561_/D : -3.487525
[setup reg-reg] _20469_/Q -> _20977_/D : -3.476874
[setup reg-reg] _20469_/Q -> _20593_/D : -3.475837
[setup reg-reg] _20469_/Q -> _21073_/D : -3.475272
[setup reg-reg] _20469_/Q -> _21009_/D : -3.470429
[setup reg-reg] _20469_/Q -> _21425_/D : -3.466067
[setup reg-reg] _20469_/Q -> _20529_/D : -3.464585
[setup reg-reg] _20469_/Q -> _21420_/D : -3.463050
[setup reg-reg] _20469_/Q -> _21460_/D : -3.458705
[setup reg-reg] _20469_/Q -> _20564_/D : -3.457078
[setup reg-reg] _20469_/Q -> _20625_/D : -3.456599
[setup reg-reg] _20469_/Q -> _21428_/D : -3.455547
[setup reg-reg] _20469_/Q -> _20628_/D : -3.455252
[setup reg-reg] _20469_/Q -> _21388_/D : -3.454954
[setup reg-reg] _20469_/Q -> _20657_/D : -3.454055
[setup reg-reg] _20469_/Q -> _21108_/D : -3.453686
[setup reg-reg] _20469_/Q -> _20532_/D : -3.452861
[setup reg-reg] _20469_/Q -> _20596_/D : -3.450989
[setup reg-reg] _20469_/Q -> _20660_/D : -3.450769
[setup reg-reg] _20469_/Q -> _20497_/D : -3.449333
[setup reg-reg] _20469_/Q -> _21324_/D : -3.444200
[setup reg-reg] _20469_/Q -> _20500_/D : -3.442082
[setup reg-reg] _20469_/Q -> _21356_/D : -3.440896
[setup reg-reg] _20469_/Q -> _21452_/D : -3.439578
[setup reg-reg] _20469_/Q -> _20820_/D : -3.438785
[setup reg-reg] _20469_/Q -> _21076_/D : -3.405066
[setup reg-reg] _20469_/Q -> _20703_/D : -3.400963
[setup reg-reg] _20469_/Q -> _21012_/D : -3.397098
[setup reg-reg] _20469_/Q -> _20895_/D : -3.392344
[setup reg-reg] _20469_/Q -> _20735_/D : -3.388717
[setup reg-reg] _20469_/Q -> _20767_/D : -3.388451
[setup reg-reg] _20469_/Q -> _20927_/D : -3.387346
[setup reg-reg] _20469_/Q -> _20980_/D : -3.380926
[setup reg-reg] _20469_/Q -> _21044_/D : -3.379160
[setup reg-reg] _20469_/Q -> _20863_/D : -3.377490
[setup reg-reg] _20469_/Q -> _20959_/D : -3.377299
[setup reg-reg] _20469_/Q -> _21236_/D : -3.374051
[setup reg-reg] _20469_/Q -> _20756_/D : -3.373764
[setup reg-reg] _20469_/Q -> _21204_/D : -3.370484
[setup reg-reg] _20469_/Q -> _21140_/D : -3.366324
[setup reg-reg] _20469_/Q -> _21183_/D : -3.362054
[setup reg-reg] _20469_/Q -> _20692_/D : -3.359048
[setup reg-reg] _20469_/Q -> _21279_/D : -3.356504
[setup reg-reg] _20469_/Q -> _21405_/D : -3.348909
[setup reg-reg] _20469_/Q -> _21208_/D : -3.341427
[setup reg-reg] _20469_/Q -> _21144_/D : -3.339792
[setup reg-reg] _20469_/Q -> _20724_/D : -3.336204
[setup reg-reg] _20469_/Q -> _21240_/D : -3.335305
[setup reg-reg] _20469_/Q -> _21080_/D : -3.332403
[setup reg-reg] _20469_/Q -> _21112_/D : -3.325742
[setup reg-reg] _20469_/Q -> _20799_/D : -3.323461
[setup reg-reg] _20469_/Q -> _20824_/D : -3.323386
[setup reg-reg] _20469_/Q -> _21309_/D : -3.323148
[setup reg-reg] _20469_/Q -> _20950_/D : -3.322949
[setup reg-reg] _20469_/Q -> _21016_/D : -3.322686
[setup reg-reg] _20469_/Q -> _21048_/D : -3.322395
[setup reg-reg] _20469_/Q -> _20984_/D : -3.319052
[setup reg-reg] _20469_/Q -> _21462_/D : -3.318380
[setup reg-reg] _20469_/Q -> _21277_/D : -3.316696
[setup reg-reg] _20469_/Q -> _21176_/D : -3.315311
[setup reg-reg] _20469_/Q -> _20664_/D : -3.306429
[setup reg-reg] _20469_/Q -> _21341_/D : -3.305928
[setup reg-reg] _20469_/Q -> _21373_/D : -3.305587
[setup reg-reg] _20469_/Q -> _21096_/D : -3.301917
[setup reg-reg] _20469_/Q -> _21064_/D : -3.300990
[setup reg-reg] _20469_/Q -> _21128_/D : -3.297920
[setup reg-reg] _20469_/Q -> _20600_/D : -3.296378
[setup reg-reg] _20469_/Q -> _20968_/D : -3.294833
[setup reg-reg] _20469_/Q -> _21000_/D : -3.291604
[setup reg-reg] _20469_/Q -> _20536_/D : -3.291010
[setup reg-reg] _20469_/Q -> _21032_/D : -3.290310
[setup reg-reg] _20469_/Q -> _21224_/D : -3.289156
[setup reg-reg] _20469_/Q -> _21432_/D : -3.288978
[setup reg-reg] _20469_/Q -> _21192_/D : -3.288601
[setup reg-reg] _20469_/Q -> _20568_/D : -3.288097
[setup reg-reg] _20469_/Q -> _20504_/D : -3.285973
[setup reg-reg] _20469_/Q -> _21448_/D : -3.285141
[setup reg-reg] _20469_/Q -> _21464_/D : -3.279830
[setup reg-reg] _20469_/Q -> _20632_/D : -3.277027
[setup reg-reg] _20469_/Q -> _20696_/D : -3.259171
[setup reg-reg] _20469_/Q -> _20728_/D : -3.253945
[setup reg-reg] _20469_/Q -> _21278_/D : -3.231012
[setup reg-reg] _20469_/Q -> _21283_/D : -3.208822
[setup reg-reg] _20469_/Q -> _21315_/D : -3.208370
[setup reg-reg] _20469_/Q -> _20835_/D : -3.194995
[setup reg-reg] _20469_/Q -> _20899_/D : -3.193854
[setup reg-reg] _20469_/Q -> _21347_/D : -3.185033
[setup reg-reg] _20469_/Q -> _20931_/D : -3.183910
[setup reg-reg] _20469_/Q -> _20867_/D : -3.180872
[setup reg-reg] _20469_/Q -> _21155_/D : -3.177942
[setup reg-reg] _20469_/Q -> _21251_/D : -3.165560
[setup reg-reg] _20469_/Q -> _20803_/D : -3.164541
[setup reg-reg] _20469_/Q -> _20731_/D : -3.119038
[setup reg-reg] _20469_/Q -> _21339_/D : -3.114035
[setup reg-reg] _20469_/Q -> _20763_/D : -3.102319
[setup reg-reg] _20469_/Q -> _20859_/D : -3.099476
[setup reg-reg] _20469_/Q -> _20699_/D : -3.095671
[setup reg-reg] _20469_/Q -> _20891_/D : -3.093266
[setup reg-reg] _20469_/Q -> _20923_/D : -3.091881
[setup reg-reg] _20469_/Q -> _20827_/D : -3.090332
[setup reg-reg] _20469_/Q -> _21307_/D : -3.088712
[setup reg-reg] _20469_/Q -> _20795_/D : -3.087983
[setup reg-reg] _20469_/Q -> _21172_/D : -3.075247
[setup reg-reg] _20469_/Q -> _20539_/D : -3.073364
[setup reg-reg] _20469_/Q -> _21403_/D : -3.069339
[setup reg-reg] _20469_/Q -> _21435_/D : -3.064638
[setup reg-reg] _20469_/Q -> _21300_/D : -3.063814
[setup reg-reg] _20469_/Q -> _21396_/D : -3.061373
[setup reg-reg] _20469_/Q -> _21275_/D : -3.059789
[setup reg-reg] _20469_/Q -> _21179_/D : -3.058418
[setup reg-reg] _20469_/Q -> _21332_/D : -3.057778
[setup reg-reg] _20469_/Q -> _20916_/D : -3.056968
[setup reg-reg] _20469_/Q -> _21371_/D : -3.056712
[setup reg-reg] _20469_/Q -> _20603_/D : -3.055380
[setup reg-reg] _20469_/Q -> _20571_/D : -3.054868
[setup reg-reg] _20469_/Q -> _21330_/D : -3.054009
[setup reg-reg] _20469_/Q -> _20852_/D : -3.052879
[setup reg-reg] _20469_/Q -> _20507_/D : -3.051135
[setup reg-reg] _20469_/Q -> _21362_/D : -3.051092
[setup reg-reg] _20469_/Q -> _21467_/D : -3.050236
[setup reg-reg] _20469_/Q -> _20948_/D : -3.049493
[setup reg-reg] _20469_/Q -> _21268_/D : -3.049120
[setup reg-reg] _20469_/Q -> _21364_/D : -3.048943
[setup reg-reg] _20469_/Q -> _20640_/D : -3.042210
[setup reg-reg] _20469_/Q -> _20512_/D : -3.040398
[setup reg-reg] _20469_/Q -> _20544_/D : -3.037130
[setup reg-reg] _20469_/Q -> _21440_/D : -3.032042
[setup reg-reg] _20469_/Q -> _20884_/D : -3.031730
[setup reg-reg] _20469_/Q -> _21472_/D : -3.028244
[setup reg-reg] _20469_/Q -> _21266_/D : -3.024017
[setup reg-reg] _20469_/Q -> _21298_/D : -3.011589
[setup reg-reg] _20469_/Q -> _20788_/D : -3.011497
[setup reg-reg] _20469_/Q -> _20760_/D : -2.990127
[setup reg-reg] _20469_/Q -> _20888_/D : -2.989946
[setup reg-reg] _20469_/Q -> _20856_/D : -2.980677
[setup reg-reg] _20469_/Q -> _21459_/D : -2.979437
[setup reg-reg] _20469_/Q -> _20952_/D : -2.968786
[setup reg-reg] _20469_/Q -> _20920_/D : -2.967493
[setup reg-reg] _20469_/Q -> _21011_/D : -2.967266
[setup reg-reg] _20469_/Q -> _21288_/D : -2.965884
[setup reg-reg] _20469_/Q -> _20792_/D : -2.961624
[setup reg-reg] _20469_/Q -> _21400_/D : -2.955499
[setup reg-reg] _20469_/Q -> _20680_/D : -2.955140
[setup reg-reg] _20469_/Q -> _21320_/D : -2.954174
[setup reg-reg] _20469_/Q -> _21304_/D : -2.950898
[setup reg-reg] _20469_/Q -> _20776_/D : -2.950206
[setup reg-reg] _20469_/Q -> _20712_/D : -2.949271
[setup reg-reg] _20469_/Q -> _21256_/D : -2.949165
[setup reg-reg] _20469_/Q -> _21160_/D : -2.948127
[setup reg-reg] _20469_/Q -> _21352_/D : -2.945523
[setup reg-reg] _20469_/Q -> _21336_/D : -2.944912
[setup reg-reg] _20469_/Q -> _20744_/D : -2.944560
[setup reg-reg] _20469_/Q -> _20808_/D : -2.943935
[setup reg-reg] _20469_/Q -> _21272_/D : -2.941135
[setup reg-reg] _20469_/Q -> _21368_/D : -2.931632
[setup reg-reg] _20469_/Q -> _20608_/D : -2.917016
[setup reg-reg] _20469_/Q -> _20672_/D : -2.910888
[setup reg-reg] _20469_/Q -> _20576_/D : -2.908319
[setup reg-reg] _20469_/Q -> _20521_/D : -2.902315
[setup reg-reg] _20469_/Q -> _20928_/D : -2.897924
[setup reg-reg] _20469_/Q -> _20905_/D : -2.894456
[setup reg-reg] _20469_/Q -> _20635_/D : -2.889134
[setup reg-reg] _20469_/Q -> _21019_/D : -2.882317
[setup reg-reg] _20469_/Q -> _21083_/D : -2.881503
[setup reg-reg] _20469_/Q -> _21449_/D : -2.879830
[setup reg-reg] _20469_/Q -> _20667_/D : -2.875641
[setup reg-reg] _20469_/Q -> _21147_/D : -2.872948
[setup reg-reg] _20469_/Q -> _21051_/D : -2.858449
[setup reg-reg] _20469_/Q -> _20649_/D : -2.841173
[setup reg-reg] _20469_/Q -> _21417_/D : -2.840000
[setup reg-reg] _20469_/Q -> _20489_/D : -2.838004
[setup reg-reg] _20469_/Q -> _20585_/D : -2.835783
[setup reg-reg] _20469_/Q -> _20553_/D : -2.833211
[setup reg-reg] _20469_/Q -> _21211_/D : -2.831019
[setup reg-reg] _20469_/Q -> _20617_/D : -2.829349
[setup reg-reg] _20469_/Q -> _20809_/D : -2.820897
[setup reg-reg] _20469_/Q -> _21115_/D : -2.819256
[setup reg-reg] _20469_/Q -> _20836_/D : -2.815568
[setup reg-reg] _20469_/Q -> _21243_/D : -2.814417
[setup reg-reg] _20469_/Q -> _21284_/D : -2.813270
[setup reg-reg] _20469_/Q -> _20987_/D : -2.811671
[setup reg-reg] _20469_/Q -> _20523_/D : -2.809369
[setup reg-reg] _20469_/Q -> _20955_/D : -2.807926
[setup reg-reg] _20469_/Q -> _20619_/D : -2.803585
[setup reg-reg] _20469_/Q -> _20868_/D : -2.802480
[setup reg-reg] _20469_/Q -> _20676_/D : -2.801130
[setup reg-reg] _20469_/Q -> _21156_/D : -2.798068
[setup reg-reg] _20469_/Q -> _21316_/D : -2.793481
[setup reg-reg] _20469_/Q -> _21193_/D : -2.788884
[setup reg-reg] _20469_/Q -> _20804_/D : -2.788482
[setup reg-reg] _20469_/Q -> _20772_/D : -2.786973
[setup reg-reg] _20469_/Q -> _20736_/D : -2.786951
[setup reg-reg] _20469_/Q -> _20708_/D : -2.782500
[setup reg-reg] _20469_/Q -> _21184_/D : -2.782141
[setup reg-reg] _20469_/Q -> _20740_/D : -2.781427
[setup reg-reg] _20469_/Q -> _21129_/D : -2.777607
[setup reg-reg] _20469_/Q -> _20681_/D : -2.777508
[setup reg-reg] _20469_/Q -> _21097_/D : -2.776595
[setup reg-reg] _20469_/Q -> _20713_/D : -2.776435
[setup reg-reg] _20469_/Q -> _21312_/D : -2.771728
[setup reg-reg] _20469_/Q -> _21001_/D : -2.770495
[setup reg-reg] _20469_/Q -> _21081_/D : -2.769838
[setup reg-reg] _20469_/Q -> _21225_/D : -2.769820
[setup reg-reg] _20469_/Q -> _20800_/D : -2.769024
[setup reg-reg] _20469_/Q -> _21065_/D : -2.768864
[setup reg-reg] _20469_/Q -> _20832_/D : -2.768257
[setup reg-reg] _20469_/Q -> _21344_/D : -2.765447
[setup reg-reg] _20469_/Q -> _21408_/D : -2.765042
[setup reg-reg] _20469_/Q -> _20969_/D : -2.763056
[setup reg-reg] _20469_/Q -> _20704_/D : -2.762949
[setup reg-reg] _20469_/Q -> _21376_/D : -2.762555
[setup reg-reg] _20469_/Q -> _21033_/D : -2.762438
[setup reg-reg] _20469_/Q -> _20768_/D : -2.760650
[setup reg-reg] _20469_/Q -> _21465_/D : -2.738965
[setup reg-reg] _20469_/Q -> _21433_/D : -2.723056
[setup reg-reg] _20469_/Q -> _21124_/D : -2.708529
[setup reg-reg] _20469_/Q -> _21092_/D : -2.689962
[setup reg-reg] _20469_/Q -> _21060_/D : -2.689077
[setup reg-reg] _20469_/Q -> _21188_/D : -2.685468
[setup reg-reg] _20469_/Q -> _20964_/D : -2.684239
[setup reg-reg] _20469_/Q -> _20516_/D : -2.681517
[setup reg-reg] _20469_/Q -> _21220_/D : -2.678991
[setup reg-reg] _20469_/Q -> _20996_/D : -2.678864
[setup reg-reg] _20469_/Q -> _20932_/D : -2.670493
[setup reg-reg] _20469_/Q -> _20644_/D : -2.668745
[setup reg-reg] _20469_/Q -> _20580_/D : -2.668504
[setup reg-reg] _20469_/Q -> _20612_/D : -2.666937
[setup reg-reg] _20469_/Q -> _20900_/D : -2.666422
[setup reg-reg] _20469_/Q -> _21151_/D : -2.657735
[setup reg-reg] _20469_/Q -> _21247_/D : -2.655575
[setup reg-reg] _20469_/Q -> _21215_/D : -2.655298
[setup reg-reg] _20469_/Q -> _21119_/D : -2.653767
[setup reg-reg] _20469_/Q -> _20543_/D : -2.652506
[setup reg-reg] _20469_/Q -> _21028_/D : -2.650381
[setup reg-reg] _20469_/Q -> _21429_/D : -2.646697
[setup reg-reg] _20469_/Q -> _20548_/D : -2.644871
[setup reg-reg] _20469_/Q -> _21461_/D : -2.635240
[setup reg-reg] _20469_/Q -> _20484_/D : -2.630731
[setup reg-reg] _20469_/Q -> _20511_/D : -2.629768
[setup reg-reg] _20469_/Q -> _21087_/D : -2.626390
[setup reg-reg] _20469_/Q -> _20991_/D : -2.622287
[setup reg-reg] _20469_/Q -> _21444_/D : -2.620482
[setup reg-reg] _20469_/Q -> _21412_/D : -2.618673
[setup reg-reg] _20469_/Q -> _21055_/D : -2.613078
[setup reg-reg] _20469_/Q -> _21023_/D : -2.611603
[setup reg-reg] _20469_/Q -> _20873_/D : -2.551349
[setup reg-reg] _20469_/Q -> _20937_/D : -2.531795
[setup reg-reg] _20469_/Q -> _20841_/D : -2.523692
[setup reg-reg] _20469_/Q -> _20745_/D : -2.521205
[setup reg-reg] _20469_/Q -> _20777_/D : -2.520636
[setup reg-reg] _20469_/Q -> _21257_/D : -2.511168
[setup reg-reg] _20469_/Q -> _21385_/D : -2.505519
[setup reg-reg] _20469_/Q -> _21161_/D : -2.495593
[setup reg-reg] _20469_/Q -> _21353_/D : -2.494471
[setup reg-reg] _20469_/Q -> _21423_/D : -2.494254
[setup reg-reg] _20469_/Q -> _21321_/D : -2.484434
[setup reg-reg] _20469_/Q -> _21289_/D : -2.484154
[setup reg-reg] _20469_/Q -> _21455_/D : -2.471765
[setup reg-reg] _20469_/Q -> _21233_/D : -2.415192
[setup reg-reg] _20469_/Q -> _21265_/D : -2.408651
[setup reg-reg] _20469_/Q -> _21201_/D : -2.408019
[setup reg-reg] _20469_/Q -> _21105_/D : -2.406097
[setup reg-reg] _20469_/Q -> _21137_/D : -2.401894
[setup reg-reg] _20469_/Q -> _21041_/D : -2.398377
[setup reg-reg] _20469_/Q -> _21457_/D : -2.396554
[setup reg-reg] _20469_/Q -> _20753_/D : -2.391225
[setup reg-reg] _20469_/Q -> _20518_/D : -2.387566
[setup reg-reg] _20469_/Q -> _21446_/D : -2.382130
[setup reg-reg] _20469_/Q -> _21393_/D : -2.378265
[setup reg-reg] _20469_/Q -> _20582_/D : -2.377991
[setup reg-reg] _20469_/Q -> _20646_/D : -2.377252
[setup reg-reg] _20469_/Q -> _20550_/D : -2.372346
[setup reg-reg] _20469_/Q -> _20614_/D : -2.371969
[setup reg-reg] _20469_/Q -> _21169_/D : -2.369870
[setup reg-reg] _20469_/Q -> _21414_/D : -2.352117
[setup reg-reg] _20469_/Q -> _20486_/D : -2.347246
[setup reg-reg] _20469_/Q -> _21286_/D : -2.346358
[setup reg-reg] _20469_/Q -> _21361_/D : -2.337430
[setup reg-reg] _20469_/Q -> _20607_/D : -2.335874
[setup reg-reg] _20469_/Q -> _21318_/D : -2.332104
[setup reg-reg] _20469_/Q -> _21343_/D : -2.300336
[setup reg-reg] _20469_/Q -> _21471_/D : -2.295963
[setup reg-reg] _20469_/Q -> _20671_/D : -2.294574
[setup reg-reg] _20469_/Q -> _20639_/D : -2.293028
[setup reg-reg] _20469_/Q -> _20575_/D : -2.291323
[setup reg-reg] _20469_/Q -> _21407_/D : -2.288282
[setup reg-reg] _20469_/Q -> _21439_/D : -2.287283
[setup reg-reg] _20469_/Q -> _21311_/D : -2.286335
[setup reg-reg] _20469_/Q -> _21375_/D : -2.285201
[setup reg-reg] _20469_/Q -> _20871_/D : -2.272707
[setup reg-reg] _20469_/Q -> _21223_/D : -2.261270
[setup reg-reg] _20469_/Q -> _21095_/D : -2.254158
[setup reg-reg] _20469_/Q -> _21127_/D : -2.250236
[setup reg-reg] _20469_/Q -> _21063_/D : -2.248665
[setup reg-reg] _20469_/Q -> _20999_/D : -2.248491
[setup reg-reg] _20469_/Q -> _21191_/D : -2.248356
[setup reg-reg] _20469_/Q -> _20967_/D : -2.243688
[setup reg-reg] _20469_/Q -> _20831_/D : -2.239272
[setup reg-reg] _20469_/Q -> _20519_/D : -2.237975
[setup reg-reg] _20469_/Q -> _20615_/D : -2.237552
[setup reg-reg] _20469_/Q -> _21031_/D : -2.234017
[setup reg-reg] _20469_/Q -> _21219_/D : -2.230465
[setup reg-reg] _20469_/Q -> _20807_/D : -2.230081
[setup reg-reg] _20469_/Q -> _20551_/D : -2.222638
[setup reg-reg] _20469_/Q -> _20995_/D : -2.222318
[setup reg-reg] _20469_/Q -> _21187_/D : -2.219515
[setup reg-reg] _20469_/Q -> _20515_/D : -2.217995
[setup reg-reg] _20469_/Q -> _20547_/D : -2.213607
[setup reg-reg] _20469_/Q -> _21379_/D : -2.213202
[setup reg-reg] _20469_/Q -> _21059_/D : -2.211977
[setup reg-reg] _20469_/Q -> _20583_/D : -2.209010
[setup reg-reg] _20469_/Q -> _20579_/D : -2.207493
[setup reg-reg] _20469_/Q -> _20647_/D : -2.207482
[setup reg-reg] _20469_/Q -> _20487_/D : -2.203038
[setup reg-reg] _20469_/Q -> _21443_/D : -2.197375
[setup reg-reg] _20469_/Q -> _20739_/D : -2.195453
[setup reg-reg] _20469_/Q -> _21027_/D : -2.192593
[setup reg-reg] _20469_/Q -> _20679_/D : -2.189704
[setup reg-reg] _20469_/Q -> _21447_/D : -2.189186
[setup reg-reg] _20469_/Q -> _21415_/D : -2.187900
[setup reg-reg] _20469_/Q -> _20963_/D : -2.186578
[setup reg-reg] _20469_/Q -> _20771_/D : -2.185644
[setup reg-reg] _20469_/Q -> _20711_/D : -2.184766
[setup reg-reg] _20469_/Q -> _20483_/D : -2.182922
[setup reg-reg] _20469_/Q -> _20611_/D : -2.177600
[setup reg-reg] _20469_/Q -> _20643_/D : -2.177526
[setup reg-reg] _20469_/Q -> _20707_/D : -2.174641
[setup reg-reg] _20469_/Q -> _21411_/D : -2.172641
[setup reg-reg] _20469_/Q -> _20675_/D : -2.171429
[setup reg-reg] _20469_/Q -> _20935_/D : -2.010715
[setup reg-reg] _20469_/Q -> _20839_/D : -2.005304
[setup reg-reg] _20469_/Q -> _20903_/D : -2.002079
[setup reg-reg] _20469_/Q -> _20743_/D : -1.983587
[setup reg-reg] _20469_/Q -> _20775_/D : -1.976602
[setup reg-reg] _20469_/Q -> _21383_/D : -1.950909
[setup reg-reg] _20469_/Q -> _21159_/D : -1.944567
[setup reg-reg] _20469_/Q -> _21255_/D : -1.942173
[setup reg-reg] _20469_/Q -> _21319_/D : -1.923947
[setup reg-reg] _20469_/Q -> _21287_/D : -1.922924
[setup reg-reg] _20469_/Q -> _21351_/D : -1.898112
[setup reg-reg] _20469_/Q -> _21384_/D : -1.893167
[setup reg-reg] _20469_/Q -> _20936_/D : -1.886047
[setup reg-reg] _20469_/Q -> _21252_/D : -1.764768
[setup reg-reg] _20469_/Q -> _21380_/D : -1.764754
[setup reg-reg] _20469_/Q -> _21348_/D : -1.740517
[setup reg-reg] _20469_/Q -> _20930_/D : -1.677144
[setup reg-reg] _20469_/Q -> _21120_/D : -1.638430
[setup reg-reg] _20469_/Q -> _21280_/D : -1.636892
[setup reg-reg] _20469_/Q -> _20994_/D : -1.632195
[setup reg-reg] _20469_/Q -> _20834_/D : -1.630124
[setup reg-reg] _20469_/Q -> _20738_/D : -1.626177
[setup reg-reg] _20469_/Q -> _20866_/D : -1.623899
[setup reg-reg] _20469_/Q -> _21090_/D : -1.618279
[setup reg-reg] _20469_/Q -> _20770_/D : -1.615035
[setup reg-reg] _20469_/Q -> _20898_/D : -1.614808
[setup reg-reg] _20469_/Q -> _21186_/D : -1.614776
[setup reg-reg] _20469_/Q -> _20706_/D : -1.613245
[setup reg-reg] _20469_/Q -> _21218_/D : -1.613035
[setup reg-reg] _20469_/Q -> _21122_/D : -1.612108
[setup reg-reg] _20469_/Q -> _21058_/D : -1.607095
[setup reg-reg] _20469_/Q -> _20962_/D : -1.606544
[setup reg-reg] _20469_/Q -> _21154_/D : -1.604612
[setup reg-reg] _20469_/Q -> _21378_/D : -1.603880
[setup reg-reg] _20469_/Q -> _21346_/D : -1.601464
[setup reg-reg] _20469_/Q -> _20802_/D : -1.589836
[setup reg-reg] _20469_/Q -> _20674_/D : -1.588941
[setup reg-reg] _20469_/Q -> _21026_/D : -1.587317
[setup reg-reg] _20469_/Q -> _20902_/D : -1.552355
[setup reg-reg] _20469_/Q -> _20934_/D : -1.542880
[setup reg-reg] _20469_/Q -> _20838_/D : -1.534261
[setup reg-reg] _20469_/Q -> _20774_/D : -1.533533
[setup reg-reg] _20469_/Q -> _20710_/D : -1.531678
[setup reg-reg] _20469_/Q -> _20870_/D : -1.531678
[setup reg-reg] _20469_/Q -> _20678_/D : -1.531408
[setup reg-reg] _20469_/Q -> _20742_/D : -1.528342
[setup reg-reg] _20469_/Q -> _20806_/D : -1.517233
[setup reg-reg] _20469_/Q -> _21158_/D : -1.512891
[setup reg-reg] _20469_/Q -> _21125_/D : -1.512763
[setup reg-reg] _20469_/Q -> _21093_/D : -1.506894
[setup reg-reg] _20469_/Q -> _20966_/D : -1.461991
[setup reg-reg] _20469_/Q -> _20869_/D : -1.457352
[setup reg-reg] _20469_/Q -> _20933_/D : -1.456566
[setup reg-reg] _20469_/Q -> _20901_/D : -1.447681
[setup reg-reg] _20469_/Q -> _21062_/D : -1.446814
[setup reg-reg] _20469_/Q -> _20837_/D : -1.443400
[setup reg-reg] _20469_/Q -> _21222_/D : -1.441162
[setup reg-reg] _20469_/Q -> _20677_/D : -1.438114
[setup reg-reg] _20469_/Q -> _20998_/D : -1.436213
[setup reg-reg] _20469_/Q -> _20773_/D : -1.428475
[setup reg-reg] _20469_/Q -> _21094_/D : -1.427058
[setup reg-reg] _20469_/Q -> _21126_/D : -1.425754
[setup reg-reg] _20469_/Q -> _21030_/D : -1.421554
[setup reg-reg] _20469_/Q -> _21190_/D : -1.420982
[setup reg-reg] _20469_/Q -> _20709_/D : -1.415970
[setup reg-reg] _20469_/Q -> _21382_/D : -1.413259
[setup reg-reg] _20469_/Q -> _20741_/D : -1.410829
[setup reg-reg] _20469_/Q -> _21157_/D : -1.401833
[setup reg-reg] _20469_/Q -> _20805_/D : -1.393307
[setup reg-reg] _20469_/Q -> _21189_/D : -1.377231
[setup reg-reg] _20469_/Q -> _21061_/D : -1.368324
[setup reg-reg] _20469_/Q -> _21221_/D : -1.368253
[setup reg-reg] _20469_/Q -> _20517_/D : -1.361265
[setup reg-reg] _20469_/Q -> _20997_/D : -1.360352
[setup reg-reg] _20469_/Q -> _20965_/D : -1.349068
[setup reg-reg] _20469_/Q -> _21029_/D : -1.348297
[setup reg-reg] _20469_/Q -> _20485_/D : -1.340929
[setup reg-reg] _20469_/Q -> _20545_/D : -1.234007
[setup reg-reg] _20469_/Q -> _20513_/D : -1.224027
[setup reg-reg] _20469_/Q -> _20609_/D : -1.224020
[setup reg-reg] _20469_/Q -> _20641_/D : -1.223189
[setup reg-reg] _20469_/Q -> _20577_/D : -1.222048
[setup reg-reg] _20469_/Q -> _20897_/D : -1.218428
[setup reg-reg] _20469_/Q -> _21057_/D : -1.213202
[setup reg-reg] _20469_/Q -> _20549_/D : -1.209667
[setup reg-reg] _20469_/Q -> _20581_/D : -1.206679
[setup reg-reg] _20469_/Q -> _20645_/D : -1.204079
[setup reg-reg] _20469_/Q -> _20481_/D : -1.202391
[setup reg-reg] _20469_/Q -> _21185_/D : -1.200060
[setup reg-reg] _20469_/Q -> _21217_/D : -1.198998
[setup reg-reg] _20469_/Q -> _20929_/D : -1.198639
[setup reg-reg] _20469_/Q -> _20613_/D : -1.195499
[setup reg-reg] _20469_/Q -> _20993_/D : -1.190692
[setup reg-reg] _20469_/Q -> _21413_/D : -1.189612
[setup reg-reg] _20469_/Q -> _20961_/D : -1.184564
[setup reg-reg] _20469_/Q -> _20833_/D : -1.184340
[setup reg-reg] _20469_/Q -> _20865_/D : -1.183029
[setup reg-reg] _20469_/Q -> _21445_/D : -1.182691
[setup reg-reg] _20469_/Q -> _21025_/D : -1.177590
[setup reg-reg] _20469_/Q -> _21381_/D : -1.170097
[setup reg-reg] _20469_/Q -> _20737_/D : -1.170012
[setup reg-reg] _20469_/Q -> _20705_/D : -1.164029
[setup reg-reg] _20469_/Q -> _20673_/D : -1.163123
[setup reg-reg] _20469_/Q -> _20769_/D : -1.156206
[setup reg-reg] _20469_/Q -> _21349_/D : -1.152419
[setup reg-reg] _20469_/Q -> _21317_/D : -1.139401
[setup reg-reg] _20469_/Q -> _21285_/D : -1.137678
[setup reg-reg] _20469_/Q -> _21253_/D : -1.125116
[setup reg-reg] _20469_/Q -> _21123_/D : -1.115104
[setup reg-reg] _20469_/Q -> _21091_/D : -1.100243
[setup reg-reg] _20469_/Q -> _21345_/D : -1.088523
[setup reg-reg] _20469_/Q -> _21377_/D : -1.088328
[setup reg-reg] _20469_/Q -> _21281_/D : -1.066113
[setup reg-reg] _20469_/Q -> _21249_/D : -1.062663
[setup reg-reg] _20469_/Q -> _21313_/D : -1.060599
[setup reg-reg] _20469_/Q -> _21153_/D : -1.006722
[setup reg-reg] _20469_/Q -> _20801_/D : -1.006377
[setup reg-reg] _20469_/Q -> _19600_/D : -0.729223
[setup reg-reg] _20469_/Q -> _19598_/D : -0.728445
[setup reg-reg] _20469_/Q -> _19596_/D : -0.719179
[setup reg-reg] _20469_/Q -> _19599_/D : -0.718593
[setup reg-reg] _20469_/Q -> _19597_/D : -0.714401
[setup reg-reg] _20469_/Q -> _19602_/D : -0.713850
[setup reg-reg] _20469_/Q -> _19601_/D : -0.712827
[setup reg-reg] _20469_/Q -> _19595_/D : -0.706926
[setup reg-reg] _20469_/Q -> _19019_/D : -0.684047
[setup reg-reg] _20469_/Q -> _18748_/D : -0.676312
[setup reg-reg] _20469_/Q -> _18753_/D : -0.669015
[setup reg-reg] _20469_/Q -> _18751_/D : -0.668681
[setup reg-reg] _20469_/Q -> _19024_/D : -0.666926
[setup reg-reg] _20469_/Q -> _19020_/D : -0.665217
[setup reg-reg] _20469_/Q -> _19022_/D : -0.665050
[setup reg-reg] _20469_/Q -> _19023_/D : -0.663789
[setup reg-reg] _20469_/Q -> _18750_/D : -0.663587
[setup reg-reg] _20469_/Q -> _18749_/D : -0.659387
[setup reg-reg] _20469_/Q -> _18752_/D : -0.658503
[setup reg-reg] _20469_/Q -> _19617_/D : -0.655867
[setup reg-reg] _20469_/Q -> _19026_/D : -0.654090
[setup reg-reg] _20469_/Q -> _19614_/D : -0.652747
[setup reg-reg] _20469_/Q -> _18747_/D : -0.651639
[setup reg-reg] _20469_/Q -> _18754_/D : -0.649944
[setup reg-reg] _20469_/Q -> _19025_/D : -0.649507
[setup reg-reg] _20469_/Q -> _19021_/D : -0.648907
[setup reg-reg] _20469_/Q -> _19901_/D : -0.648662
[setup reg-reg] _20469_/Q -> _19618_/D : -0.642693
[setup reg-reg] _20469_/Q -> _19903_/D : -0.641339
[setup reg-reg] _20469_/Q -> _19615_/D : -0.638632
[setup reg-reg] _20469_/Q -> _19905_/D : -0.634856
[setup reg-reg] _20469_/Q -> _19613_/D : -0.633257
[setup reg-reg] _20469_/Q -> _19906_/D : -0.631911
[setup reg-reg] _20469_/Q -> _19612_/D : -0.628276
[setup reg-reg] _20469_/Q -> _19904_/D : -0.627512
[setup reg-reg] _20469_/Q -> _19611_/D : -0.623807
[setup reg-reg] _20469_/Q -> _19899_/D : -0.620222
[setup reg-reg] _20469_/Q -> _19900_/D : -0.616332
[setup reg-reg] _20469_/Q -> _20143_/D : -0.616129
[setup reg-reg] _20469_/Q -> _20514_/D : -0.609319
[setup reg-reg] _20469_/Q -> _19885_/D : -0.607987
[setup reg-reg] _20469_/Q -> _19616_/D : -0.604043
[setup reg-reg] _20469_/Q -> _20610_/D : -0.601986
[setup reg-reg] _20469_/Q -> _19902_/D : -0.600924
[setup reg-reg] _20469_/Q -> _20142_/D : -0.600103
[setup reg-reg] _20469_/Q -> _20145_/D : -0.597225
[setup reg-reg] _20469_/Q -> _20482_/D : -0.596216
[setup reg-reg] _20469_/Q -> _18732_/D : -0.595705
[setup reg-reg] _20469_/Q -> _20546_/D : -0.595662
[setup reg-reg] _20469_/Q -> _20139_/D : -0.594369
[setup reg-reg] _20469_/Q -> _19883_/D : -0.594223
[setup reg-reg] _20469_/Q -> _19889_/D : -0.593012
[setup reg-reg] _20469_/Q -> _20578_/D : -0.592838
[setup reg-reg] _20469_/Q -> _19884_/D : -0.590322
[setup reg-reg] _20469_/Q -> _18733_/D : -0.586429
[setup reg-reg] _20469_/Q -> _19887_/D : -0.585182
[setup reg-reg] _20469_/Q -> _19886_/D : -0.585143
[setup reg-reg] _20469_/Q -> _19888_/D : -0.584677
[setup reg-reg] _20469_/Q -> _19890_/D : -0.584400
[setup reg-reg] _20469_/Q -> _21314_/D : -0.584176
[setup reg-reg] _20469_/Q -> _20146_/D : -0.583654
[setup reg-reg] _20469_/Q -> _20141_/D : -0.583388
[setup reg-reg] _20469_/Q -> _20140_/D : -0.582919
[setup reg-reg] _20469_/Q -> _18737_/D : -0.579586
[setup reg-reg] _20469_/Q -> _18736_/D : -0.575131
[setup reg-reg] _20469_/Q -> _18731_/D : -0.573355
[setup reg-reg] _20469_/Q -> _20144_/D : -0.573241
[setup reg-reg] _20469_/Q -> _18734_/D : -0.566228
[setup reg-reg] _20469_/Q -> _21250_/D : -0.558742
[setup reg-reg] _20469_/Q -> _18738_/D : -0.557456
[setup reg-reg] _20469_/Q -> _21282_/D : -0.554934
[setup reg-reg] _20469_/Q -> _18735_/D : -0.547143
[setup reg-reg] _20469_/Q -> _18476_/D : -0.543572
[setup reg-reg] _20469_/Q -> _18480_/D : -0.540634
[setup reg-reg] _20469_/Q -> _18478_/D : -0.529933
[setup reg-reg] _20469_/Q -> _18482_/D : -0.526971
[setup reg-reg] _20469_/Q -> _18479_/D : -0.521094
[setup reg-reg] _20469_/Q -> _18481_/D : -0.505754
[setup reg-reg] _20469_/Q -> _18477_/D : -0.505544
[setup reg-reg] _20469_/Q -> _18475_/D : -0.504549
[setup reg-reg] _20469_/Q -> _18495_/D : -0.477716
[setup reg-reg] _20469_/Q -> _18494_/D : -0.471612
[setup reg-reg] _20469_/Q -> _18493_/D : -0.467473
[setup reg-reg] _20469_/Q -> _18497_/D : -0.464958
[setup reg-reg] _20469_/Q -> _18491_/D : -0.463711
[setup reg-reg] _20469_/Q -> _18492_/D : -0.463210
[setup reg-reg] _20469_/Q -> _18498_/D : -0.459668
[setup reg-reg] _20469_/Q -> _18496_/D : -0.452648
[setup reg-reg] _20469_/Q -> _21350_/D : -0.399591
[setup reg-reg] _20469_/Q -> _21254_/D : -0.383913
[setup reg-reg] _20469_/Q -> _21089_/D : -0.213330
[setup reg-reg] _20469_/Q -> _21121_/D : -0.213284
[setup reg-reg] _20469_/Q -> _21441_/D : -0.186979
[setup reg-reg] _20469_/Q -> _21409_/D : -0.183345
[setup reg-reg] _20469_/Q -> _18651_/D : -0.116600
[setup reg-reg] _20469_/Q -> _19070_/D : -0.113030
[setup reg-reg] _20469_/Q -> _18845_/D : -0.108113
[setup reg-reg] _20469_/Q -> _19003_/D : -0.107669
[setup reg-reg] _20469_/Q -> _18653_/D : -0.107296
[setup reg-reg] _20469_/Q -> _18976_/D : -0.105160
[setup reg-reg] _20469_/Q -> _18658_/D : -0.105146
[setup reg-reg] _20469_/Q -> _18844_/D : -0.102485
[setup reg-reg] _20469_/Q -> _18655_/D : -0.098360
[setup reg-reg] _20469_/Q -> _18848_/D : -0.097621
[setup reg-reg] _20469_/Q -> _19009_/D : -0.095987
[setup reg-reg] _20469_/Q -> _19068_/D : -0.095866
[setup reg-reg] _20469_/Q -> _18977_/D : -0.095756
[setup reg-reg] _20469_/Q -> _18652_/D : -0.094879
[setup reg-reg] _20469_/Q -> _18654_/D : -0.092726
[setup reg-reg] _20469_/Q -> _19072_/D : -0.091532
[setup reg-reg] _20469_/Q -> _18846_/D : -0.090115
[setup reg-reg] _20469_/Q -> _18657_/D : -0.089070
[setup reg-reg] _20469_/Q -> _18656_/D : -0.088352
[setup reg-reg] _20469_/Q -> _18974_/D : -0.087521
[setup reg-reg] _20469_/Q -> _18971_/D : -0.087503
[setup reg-reg] _20469_/Q -> _18972_/D : -0.085336
[setup reg-reg] _20469_/Q -> _18849_/D : -0.085045
[setup reg-reg] _20469_/Q -> _19074_/D : -0.084633
[setup reg-reg] _20469_/Q -> _19073_/D : -0.083499
[setup reg-reg] _20469_/Q -> _18847_/D : -0.083084
[setup reg-reg] _20469_/Q -> _19004_/D : -0.082434
[setup reg-reg] _20469_/Q -> _19006_/D : -0.082238
[setup reg-reg] _20469_/Q -> _19067_/D : -0.082135
[setup reg-reg] _20469_/Q -> _19010_/D : -0.082132
[setup reg-reg] _20469_/Q -> _19071_/D : -0.081780
[setup reg-reg] _20469_/Q -> _18975_/D : -0.080814
[setup reg-reg] _20469_/Q -> _18843_/D : -0.080075
[setup reg-reg] _20469_/Q -> _18850_/D : -0.079396
[setup reg-reg] _20469_/Q -> _19007_/D : -0.078831
[setup reg-reg] _20469_/Q -> _19069_/D : -0.074824
[setup reg-reg] _20469_/Q -> _18973_/D : -0.070102
[setup reg-reg] _20469_/Q -> _19005_/D : -0.068848
[setup reg-reg] _20469_/Q -> _18978_/D : -0.066112
[setup reg-reg] _20469_/Q -> _19008_/D : -0.061650
[setup reg-reg] _20469_/Q -> _18942_/D : -0.054293
[setup reg-reg] _20469_/Q -> _18913_/D : -0.054239
[setup reg-reg] _20469_/Q -> _18910_/D : -0.052967
[setup reg-reg] _20469_/Q -> _18943_/D : -0.050367
[setup reg-reg] _20469_/Q -> _18939_/D : -0.049798
[setup reg-reg] _20469_/Q -> _18907_/D : -0.048601
[setup reg-reg] _20469_/Q -> _18911_/D : -0.047823
[setup reg-reg] _20469_/Q -> _19036_/D : -0.045784
[setup reg-reg] _20469_/Q -> _18944_/D : -0.044547
[setup reg-reg] _20469_/Q -> _18908_/D : -0.044203
[setup reg-reg] _20469_/Q -> _18940_/D : -0.040970
[setup reg-reg] _20469_/Q -> _18941_/D : -0.040551
[setup reg-reg] _20469_/Q -> _18912_/D : -0.038170
[setup reg-reg] _20469_/Q -> _18909_/D : -0.036330
[setup reg-reg] _20469_/Q -> _18945_/D : -0.035868
[setup reg-reg] _20469_/Q -> _19038_/D : -0.033253
[setup reg-reg] _20469_/Q -> _18946_/D : -0.031694
[setup reg-reg] _20469_/Q -> _18914_/D : -0.027679
[setup reg-reg] _20469_/Q -> _19040_/D : -0.023750
[setup reg-reg] _20469_/Q -> _18812_/D : -0.022784
[setup reg-reg] _20469_/Q -> _19039_/D : -0.021032
[setup reg-reg] _20469_/Q -> _19037_/D : -0.017799
[setup reg-reg] _20469_/Q -> _18811_/D : -0.015032
[setup reg-reg] _20469_/Q -> _19035_/D : -0.013575
[setup reg-reg] _20469_/Q -> _19042_/D : -0.012925
[setup reg-reg] _20469_/Q -> _19041_/D : -0.010338
[setup reg-reg] _20469_/Q -> _18815_/D : -0.005407
