Reading timing models for corner nom_tt_025C_1v80…
Reading timing library for the 'nom_tt_025C_1v80' corner at '/home/nitro/.ciel/ciel/sky130/versions/8afc8346a57fe1ab7934ba5a6056ea8b43078e71/sky130A/libs.ref/sky130_fd_sc_hd/lib/sky130_fd_sc_hd__tt_025C_1v80.lib'…
Reading OpenROAD database at '/mnt/c/Users/Nitro/Desktop/ASIC/Projects/cleave/runs/RUN_2026-09-01_13-22-07/28-openroad-repairdesignpostgpl/tt_um_cleave.odb'…
Reading design constraints file at '/nix/store/pyjad0nmv834qyrz9qicmvljgxnyd00p-python3-3.13.9-env/lib/python3.13/site-packages/librelane/scripts/base.sdc'…
[INFO] Using clock clk…
[INFO] Setting output delay to: 8.0
[INFO] Setting input delay to: 8.0
[INFO] Setting load to: 0.033442
[INFO] Setting clock uncertainty to: 0.25
[INFO] Setting clock transition to: 0.1499999999999999944488848768742172978818416595458984375
[INFO] Setting timing derate to: 5.0%
+ detailed_placement -max_displacement  500 100 
Placement Analysis
---------------------------------
total displacement          0.0 u
average displacement        0.0 u
max displacement            0.0 u
original HPWL          644905.6 u
legalized HPWL         653665.6 u
delta HPWL                    1 %

[INFO DPL-0020] Mirrored 4468 instances
[INFO DPL-0021] HPWL before          653665.6 u
[INFO DPL-0022] HPWL after           644905.6 u
[INFO DPL-0023] HPWL delta               -1.3 %
Setting global connections for newly added cells…
[INFO] Setting global connections...
[INFO ODB-0403] 0 connections made, 0 conflicts skipped.
Updating metrics…
Cell type report:                       Count       Area
  Fill cell                               466    1749.18
  Tap cell                               5757    7203.16
  Timing Repair Buffer                   2522   22343.93
  Inverter                                102     382.87
  Sequential cell                        3102   65980.78
  Multi-Input combinational cell         9119   95531.62
  Total                                 21068  193191.54
Writing OpenROAD database to '/mnt/c/Users/Nitro/Desktop/ASIC/Projects/cleave/runs/RUN_2026-09-01_13-22-07/30-openroad-detailedplacement/tt_um_cleave.odb'…
Writing netlist to '/mnt/c/Users/Nitro/Desktop/ASIC/Projects/cleave/runs/RUN_2026-09-01_13-22-07/30-openroad-detailedplacement/tt_um_cleave.nl.v'…
Writing powered netlist to '/mnt/c/Users/Nitro/Desktop/ASIC/Projects/cleave/runs/RUN_2026-09-01_13-22-07/30-openroad-detailedplacement/tt_um_cleave.pnl.v'…
Writing layout to '/mnt/c/Users/Nitro/Desktop/ASIC/Projects/cleave/runs/RUN_2026-09-01_13-22-07/30-openroad-detailedplacement/tt_um_cleave.def'…
Writing timing constraints to '/mnt/c/Users/Nitro/Desktop/ASIC/Projects/cleave/runs/RUN_2026-09-01_13-22-07/30-openroad-detailedplacement/tt_um_cleave.sdc'…
