Clock: clk
Sources: clk 
Generated: no
Virtual: no
Propagated: no
Period: 40.000000

===========================================================================
report_clock_properties
============================================================================
Clock                   Period          Waveform
----------------------------------------------------
clk                  40.000000    0.000000 20.000000

===========================================================================
report_clock_latency
============================================================================
Clock clk
rise -> rise
    min     max
0.000000 0.000000 source latency
25.089983         network latency _18402_/CLK
        27.731033 network latency _18402_/CLK
---------------
25.089983 27.731033 latency
        2.641050 skew

fall -> fall
    min     max
0.000000 0.000000 source latency
14.085155         network latency _18402_/CLK
        15.567801 network latency _18402_/CLK
---------------
14.085155 15.567801 latency
        1.482647 skew



===========================================================================
report_clock_min_period
============================================================================
clk period_min = 34.42 fmax = 29.05
