
===========================================================================
 report_power
============================================================================
======================= nom_ss_100C_1v60 Corner ===================================

Group                    Internal    Switching      Leakage        Total
                            Power        Power        Power        Power (Watts)
------------------------------------------------------------------------
Sequential           2.619976e-03 1.358820e-04 4.650157e-05 2.802360e-03  48.9%
Combinational        1.865244e-03 1.007541e-03 5.353574e-05 2.926321e-03  51.1%
Clock                0.000000e+00 0.000000e+00 0.000000e+00 0.000000e+00   0.0%
Macro                0.000000e+00 0.000000e+00 0.000000e+00 0.000000e+00   0.0%
Pad                  0.000000e+00 0.000000e+00 0.000000e+00 0.000000e+00   0.0%
------------------------------------------------------------------------
Total                4.485003e-03 1.143422e-03 1.000442e-04 5.728469e-03 100.0%
                            78.3%        20.0%         1.7%

