Reading timing models for corner nom_tt_025C_1v80…
Reading timing library for the 'nom_tt_025C_1v80' corner at '/home/nitro/.ciel/ciel/sky130/versions/8afc8346a57fe1ab7934ba5a6056ea8b43078e71/sky130A/libs.ref/sky130_fd_sc_hd/lib/sky130_fd_sc_hd__tt_025C_1v80.lib'…
Reading OpenROAD database at '/mnt/c/Users/Nitro/Desktop/ASIC/Projects/cleave/runs/RUN_2026-09-01_13-22-07/17-openroad-generatepdn/tt_um_cleave.odb'…
Reading design constraints file at '/nix/store/pyjad0nmv834qyrz9qicmvljgxnyd00p-python3-3.13.9-env/lib/python3.13/site-packages/librelane/scripts/base.sdc'…
[INFO] Using clock clk…
[INFO] Setting output delay to: 8.0
[INFO] Setting input delay to: 8.0
[INFO] Setting load to: 0.033442
[INFO] Setting clock uncertainty to: 0.25
[INFO] Setting clock transition to: 0.1499999999999999944488848768742172978818416595458984375
[INFO] Setting timing derate to: 5.0%
+ global_placement -density 0.45 -skip_io -pad_right 0 -pad_left 0 -init_wirelength_coef 0.25
[INFO GPL-0001] ---- Initialize GPL Main Data Structures
[INFO GPL-0002] DBU: 1000
[INFO GPL-0003] SiteSize: (  0.460  2.720 ) um
[INFO GPL-0004] CoreBBox: (  5.520 10.880 ) ( 641.240 644.640 ) um
[INFO GPL-0036] Movable instances area:     161798.928 um^2
[INFO GPL-0037] Total instances area:       170751.264 um^2
[INFO GPL-0035] Pin density area adjust:     19967.935 um^2
[INFO GPL-0032] ---- Initialize Region: Top-level
[INFO GPL-0006] Number of instances:             18546
[INFO GPL-0007] Movable instances:               12323
[INFO GPL-0008] Fixed instances:                  6223
[INFO GPL-0009] Dummy instances:                     0
[INFO GPL-0010] Number of nets:                  12342
[INFO GPL-0011] Number of pins:                  49081
[INFO GPL-0012] Die BBox:  (  0.000  0.000 ) ( 647.040 657.760 ) um
[INFO GPL-0013] Core BBox: (  5.520 10.880 ) ( 641.240 644.640 ) um
[INFO GPL-0016] Core area:                  402893.907 um^2
[INFO GPL-0014] Region name: top-level.
[INFO GPL-0015] Region area:                402893.907 um^2
[INFO GPL-0017] Fixed instances area:         8952.336 um^2
[INFO GPL-0018] Movable instances area:     181766.863 um^2
[INFO GPL-0019] Utilization:                    46.141 %
[INFO GPL-0020] Standard cells area:        181766.863 um^2
[INFO GPL-0021] Large instances area:            0.000 um^2
[INFO GPL-0005] ---- Execute Conjugate Gradient Initial Placement.
[INFO GPL-0051] Source of initial instance position counters:
	Odb location = 0	Core center = 12323	Region center = 0
[INFO GPL-0033] ---- Initialize Nesterov Region: Top-level
[WARNING GPL-0302] Target density 0.4500 is too low for the available free area.
Automatically adjusting to uniform density 0.4700.
[INFO GPL-0023] Placement target density:       0.4700
[INFO GPL-0024] Movable insts average area:     14.750 um^2
[INFO GPL-0025] Ideal bin area:                 31.383 um^2
[INFO GPL-0026] Ideal bin count:                 12837
[INFO GPL-0027] Total bin area:             402893.907 um^2
[INFO GPL-0028] Bin count (X, Y):          64 ,     64
[INFO GPL-0029] Bin size (W * H):       9.933 *  9.902 um
[INFO GPL-0030] Number of bins:                   4096
[INFO GPL-0007] ---- Execute Nesterov Global Placement.
[INFO GPL-0031] HPWL: Half-Perimeter Wirelength
Iteration | Overflow |     HPWL (um) |  HPWL(%) |   Penalty | Group
---------------------------------------------------------------
        0 |   0.9989 |  3.407889e+04 |   +0.00% |  9.90e-16 |      
       10 |   0.9979 |  2.178616e+04 |  -36.07% |  1.61e-15 |      
       20 |   0.9979 |  2.167182e+04 |   -0.52% |  2.63e-15 |      
       30 |   0.9979 |  2.163120e+04 |   -0.19% |  4.28e-15 |      
       40 |   0.9979 |  2.161543e+04 |   -0.07% |  6.97e-15 |      
       50 |   0.9979 |  2.161196e+04 |   -0.02% |  1.14e-14 |      
       60 |   0.9979 |  2.161249e+04 |   +0.00% |  1.85e-14 |      
       70 |   0.9979 |  2.161724e+04 |   +0.02% |  3.01e-14 |      
       80 |   0.9979 |  2.163493e+04 |   +0.08% |  4.91e-14 |      
       90 |   0.9979 |  2.170099e+04 |   +0.31% |  7.99e-14 |      
      100 |   0.9979 |  2.194927e+04 |   +1.14% |  1.30e-13 |      
      110 |   0.9977 |  2.292156e+04 |   +4.43% |  2.12e-13 |      
      120 |   0.9961 |  2.564281e+04 |  +11.87% |  3.45e-13 |      
      130 |   0.9943 |  3.011846e+04 |  +17.45% |  5.62e-13 |      
      140 |   0.9909 |  3.672068e+04 |  +21.92% |  9.15e-13 |      
      150 |   0.9864 |  4.637154e+04 |  +26.28% |  1.49e-12 |      
      160 |   0.9780 |  6.060491e+04 |  +30.69% |  2.42e-12 |      
      170 |   0.9627 |  7.743566e+04 |  +27.77% |  3.94e-12 |      
      180 |   0.9490 |  9.089829e+04 |  +17.39% |  6.40e-12 |      
      190 |   0.9358 |  1.042207e+05 |  +14.66% |  1.04e-11 |      
      200 |   0.9181 |  1.212684e+05 |  +16.36% |  1.69e-11 |      
      210 |   0.8937 |  1.400257e+05 |  +15.47% |  2.75e-11 |      
      220 |   0.8678 |  1.594128e+05 |  +13.85% |  4.47e-11 |      
      230 |   0.8371 |  1.802525e+05 |  +13.07% |  7.27e-11 |      
      240 |   0.8022 |  2.017716e+05 |  +11.94% |  1.18e-10 |      
      250 |   0.7636 |  2.224633e+05 |  +10.26% |  1.92e-10 |      
      260 |   0.7221 |  2.432798e+05 |   +9.36% |  3.12e-10 |      
      270 |   0.6776 |  2.624551e+05 |   +7.88% |  5.07e-10 |      
      280 |   0.6335 |  2.774836e+05 |   +5.73% |  8.25e-10 |      
      290 |   0.5875 |  2.890841e+05 |   +4.18% |  1.34e-09 |      
      300 |   0.5428 |  3.031549e+05 |   +4.87% |  2.18e-09 |      
      310 |   0.5025 |  3.122117e+05 |   +2.99% |  3.55e-09 |      
      320 |   0.4578 |  3.177892e+05 |   +1.79% |  5.78e-09 |      
      330 |   0.4115 |  3.232270e+05 |   +1.71% |  9.41e-09 |      
      340 |   0.3617 |  3.265592e+05 |   +1.03% |  1.53e-08 |      
      350 |   0.3207 |  3.282234e+05 |   +0.51% |  2.35e-08 |      
      360 |   0.2824 |  3.291754e+05 |   +0.29% |  3.46e-08 |      
      370 |   0.2500 |  3.312634e+05 |   +0.63% |  5.10e-08 |      
      380 |   0.2201 |  3.324752e+05 |   +0.37% |  7.51e-08 |      
      390 |   0.1913 |  3.343159e+05 |   +0.55% |  1.11e-07 |      
      400 |   0.1626 |  3.358433e+05 |   +0.46% |  1.63e-07 |      
      410 |   0.1370 |  3.371968e+05 |   +0.40% |  2.40e-07 |      
      420 |   0.1150 |  3.382872e+05 |   +0.32% |  3.54e-07 |      
      428 |   0.0994 |  3.395707e+05 |          |  5.01e-07 |      
---------------------------------------------------------------
[INFO GPL-1001] Global placement finished at iteration 428
[INFO GPL-1002] Placed Cell Area            181766.8632
[INFO GPL-1003] Available Free Area         393941.5712
[INFO GPL-1004] Minimum Feasible Density        0.4700 (cell_area / free_area)
[INFO GPL-1006]   Suggested Target Densities:
[INFO GPL-1007]     - For 90% usage of free space: 0.5127
[INFO GPL-1008]     - For 80% usage of free space: 0.5768
[INFO GPL-1009]     - For 50% usage of free space: 0.9228
[INFO GPL-1014] Final placement area: 181766.86 (+0.00%)
Setting global connections for newly added cells…
[INFO] Setting global connections...
[INFO ODB-0403] 0 connections made, 0 conflicts skipped.
Updating metrics…
Cell type report:                       Count       Area
  Fill cell                               466    1749.18
  Tap cell                               5757    7203.16
  Inverter                                102     382.87
  Sequential cell                        3102   65980.78
  Multi-Input combinational cell         9119   95435.28
  Total                                 18546  170751.26
Writing OpenROAD database to '/mnt/c/Users/Nitro/Desktop/ASIC/Projects/cleave/runs/RUN_2026-09-01_13-22-07/20-openroad-globalplacementskipio/tt_um_cleave.odb'…
Writing netlist to '/mnt/c/Users/Nitro/Desktop/ASIC/Projects/cleave/runs/RUN_2026-09-01_13-22-07/20-openroad-globalplacementskipio/tt_um_cleave.nl.v'…
Writing powered netlist to '/mnt/c/Users/Nitro/Desktop/ASIC/Projects/cleave/runs/RUN_2026-09-01_13-22-07/20-openroad-globalplacementskipio/tt_um_cleave.pnl.v'…
Writing layout to '/mnt/c/Users/Nitro/Desktop/ASIC/Projects/cleave/runs/RUN_2026-09-01_13-22-07/20-openroad-globalplacementskipio/tt_um_cleave.def'…
Writing timing constraints to '/mnt/c/Users/Nitro/Desktop/ASIC/Projects/cleave/runs/RUN_2026-09-01_13-22-07/20-openroad-globalplacementskipio/tt_um_cleave.sdc'…
