Clock: clk
Sources: clk 
Generated: no
Virtual: yes
Propagated: no
Period: 40.000000

===========================================================================
report_clock_properties
============================================================================
Clock                   Period          Waveform
----------------------------------------------------
clk                  40.000000    0.000000 20.000000

===========================================================================
report_clock_latency
============================================================================
Clock clk
rise -> rise
    min     max
0.000000 0.000000 source latency
2.327520         network latency _20200_/CLK
        2.757389 network latency _20617_/CLK
---------------
2.327520 2.757389 latency
        0.429869 skew

fall -> fall
    min     max
0.000000 0.000000 source latency
1.921293         network latency _20200_/CLK
        2.255522 network latency _20617_/CLK
---------------
1.921293 2.255522 latency
        0.334229 skew



===========================================================================
report_clock_min_period
============================================================================
clk period_min = 44.57 fmax = 22.44
