
===========================================================================
Violator List
============================================================================
[setup reg-reg] _20469_/Q -> _20653_/D : -4.566495
[setup reg-reg] _20469_/Q -> _20621_/D : -4.560700
[setup reg-reg] _20469_/Q -> _20557_/D : -4.557179
[setup reg-reg] _20469_/Q -> _20525_/D : -4.556902
[setup reg-reg] _20469_/Q -> _20589_/D : -4.549826
[setup reg-reg] _20469_/Q -> _20685_/D : -4.541605
[setup reg-reg] _20469_/Q -> _21421_/D : -4.539498
[setup reg-reg] _20469_/Q -> _21229_/D : -4.533835
[setup reg-reg] _20469_/Q -> _20493_/D : -4.533764
[setup reg-reg] _20469_/Q -> _21197_/D : -4.532307
[setup reg-reg] _20469_/Q -> _20528_/D : -4.376347
[setup reg-reg] _20469_/Q -> _20656_/D : -4.375018
[setup reg-reg] _20469_/Q -> _20560_/D : -4.373664
[setup reg-reg] _20469_/Q -> _20624_/D : -4.371828
[setup reg-reg] _20469_/Q -> _20592_/D : -4.360089
[setup reg-reg] _20469_/Q -> _21456_/D : -4.342319
[setup reg-reg] _20469_/Q -> _20496_/D : -4.341718
[setup reg-reg] _20469_/Q -> _21424_/D : -4.339221
[setup reg-reg] _20469_/Q -> _21072_/D : -4.284978
[setup reg-reg] _20469_/Q -> _21104_/D : -4.275794
[setup reg-reg] _20469_/Q -> _21206_/D : -3.996373
[setup reg-reg] _20469_/Q -> _20598_/D : -3.985285
[setup reg-reg] _20469_/Q -> _21078_/D : -3.982695
[setup reg-reg] _20469_/Q -> _21046_/D : -3.981420
[setup reg-reg] _20469_/Q -> _20630_/D : -3.979882
[setup reg-reg] _20469_/Q -> _20566_/D : -3.976787
[setup reg-reg] _20469_/Q -> _21110_/D : -3.971646
[setup reg-reg] _20469_/Q -> _21142_/D : -3.964406
[setup reg-reg] _20469_/Q -> _21238_/D : -3.960331
[setup reg-reg] _20469_/Q -> _21014_/D : -3.956004
[setup reg-reg] _20469_/Q -> _21082_/D : -3.926950
[setup reg-reg] _20469_/Q -> _20858_/D : -3.924473
[setup reg-reg] _20469_/Q -> _21242_/D : -3.916625
[setup reg-reg] _20469_/Q -> _20730_/D : -3.914359
[setup reg-reg] _20469_/Q -> _21050_/D : -3.910977
[setup reg-reg] _20469_/Q -> _20794_/D : -3.907783
[setup reg-reg] _20469_/Q -> _20890_/D : -3.904749
[setup reg-reg] _20469_/Q -> _21210_/D : -3.902241
[setup reg-reg] _20469_/Q -> _20698_/D : -3.900592
[setup reg-reg] _20469_/Q -> _20762_/D : -3.892684
[setup reg-reg] _20469_/Q -> _20634_/D : -3.863274
[setup reg-reg] _20469_/Q -> _20986_/D : -3.862635
[setup reg-reg] _20469_/Q -> _21146_/D : -3.856346
[setup reg-reg] _20469_/Q -> _21018_/D : -3.854947
[setup reg-reg] _20469_/Q -> _20506_/D : -3.853682
[setup reg-reg] _20469_/Q -> _21434_/D : -3.853209
[setup reg-reg] _20469_/Q -> _20570_/D : -3.848665
[setup reg-reg] _20469_/Q -> _20602_/D : -3.848399
[setup reg-reg] _20469_/Q -> _20666_/D : -3.847333
[setup reg-reg] _20469_/Q -> _21114_/D : -3.842267
[setup reg-reg] _20469_/Q -> _21175_/D : -3.739182
[setup reg-reg] _20469_/Q -> _21178_/D : -3.733845
[setup reg-reg] _20469_/Q -> _20887_/D : -3.733693
[setup reg-reg] _20469_/Q -> _21338_/D : -3.732222
[setup reg-reg] _20469_/Q -> _21271_/D : -3.731817
[setup reg-reg] _20469_/Q -> _21274_/D : -3.728623
[setup reg-reg] _20469_/Q -> _20951_/D : -3.727955
[setup reg-reg] _20469_/Q -> _21402_/D : -3.727660
[setup reg-reg] _20469_/Q -> _20538_/D : -3.727621
[setup reg-reg] _20469_/Q -> _20855_/D : -3.725131
[setup reg-reg] _20469_/Q -> _20695_/D : -3.723645
[setup reg-reg] _20469_/Q -> _21466_/D : -3.723592
[setup reg-reg] _20469_/Q -> _20826_/D : -3.722381
[setup reg-reg] _20469_/Q -> _21306_/D : -3.722381
[setup reg-reg] _20469_/Q -> _21370_/D : -3.722047
[setup reg-reg] _20469_/Q -> _20759_/D : -3.717446
[setup reg-reg] _20469_/Q -> _20791_/D : -3.715254
[setup reg-reg] _20469_/Q -> _20727_/D : -3.714302
[setup reg-reg] _20469_/Q -> _20823_/D : -3.710692
[setup reg-reg] _20469_/Q -> _21177_/D : -3.695696
[setup reg-reg] _20469_/Q -> _20889_/D : -3.694463
[setup reg-reg] _20469_/Q -> _20921_/D : -3.691227
[setup reg-reg] _20469_/Q -> _20953_/D : -3.687209
[setup reg-reg] _20469_/Q -> _20857_/D : -3.674472
[setup reg-reg] _20469_/Q -> _20793_/D : -3.662876
[setup reg-reg] _20469_/Q -> _21113_/D : -3.655835
[setup reg-reg] _20469_/Q -> _21005_/D : -3.649834
[setup reg-reg] _20469_/Q -> _21049_/D : -3.638007
[setup reg-reg] _20469_/Q -> _20985_/D : -3.633076
[setup reg-reg] _20469_/Q -> _21241_/D : -3.628824
[setup reg-reg] _20469_/Q -> _21101_/D : -3.624642
[setup reg-reg] _20469_/Q -> _21261_/D : -3.624461
[setup reg-reg] _20469_/Q -> _21209_/D : -3.623796
[setup reg-reg] _20469_/Q -> _21207_/D : -3.622400
[setup reg-reg] _20469_/Q -> _20781_/D : -3.621367
[setup reg-reg] _20469_/Q -> _21337_/D : -3.619586
[setup reg-reg] _20469_/Q -> _21165_/D : -3.619071
[setup reg-reg] _20469_/Q -> _20813_/D : -3.617977
[setup reg-reg] _20469_/Q -> _21133_/D : -3.617114
[setup reg-reg] _20469_/Q -> _21305_/D : -3.613657
[setup reg-reg] _20469_/Q -> _21069_/D : -3.613344
[setup reg-reg] _20469_/Q -> _20825_/D : -3.608832
[setup reg-reg] _20469_/Q -> _21401_/D : -3.607326
[setup reg-reg] _20469_/Q -> _21079_/D : -3.601777
[setup reg-reg] _20469_/Q -> _21273_/D : -3.599073
[setup reg-reg] _20469_/Q -> _21143_/D : -3.598981
[setup reg-reg] _20469_/Q -> _20973_/D : -3.598761
[setup reg-reg] _20469_/Q -> _20697_/D : -3.598313
[setup reg-reg] _20469_/Q -> _21239_/D : -3.595716
[setup reg-reg] _20469_/Q -> _21015_/D : -3.595258
[setup reg-reg] _20469_/Q -> _21037_/D : -3.592888
[setup reg-reg] _20469_/Q -> _21111_/D : -3.592223
[setup reg-reg] _20469_/Q -> _20853_/D : -3.590341
[setup reg-reg] _20469_/Q -> _20761_/D : -3.589061
[setup reg-reg] _20469_/Q -> _20919_/D : -3.586539
[setup reg-reg] _20469_/Q -> _21369_/D : -3.585640
[setup reg-reg] _20469_/Q -> _20885_/D : -3.584624
[setup reg-reg] _20469_/Q -> _21047_/D : -3.584006
[setup reg-reg] _20469_/Q -> _20949_/D : -3.579061
[setup reg-reg] _20469_/Q -> _21109_/D : -3.577547
[setup reg-reg] _20469_/Q -> _20983_/D : -3.572662
[setup reg-reg] _20469_/Q -> _20917_/D : -3.571714
[setup reg-reg] _20469_/Q -> _20503_/D : -3.566498
[setup reg-reg] _20469_/Q -> _20729_/D : -3.563912
[setup reg-reg] _20469_/Q -> _20789_/D : -3.558419
[setup reg-reg] _20469_/Q -> _20757_/D : -3.555950
[setup reg-reg] _20469_/Q -> _20909_/D : -3.555350
[setup reg-reg] _20469_/Q -> _21067_/D : -3.553222
[setup reg-reg] _20469_/Q -> _20693_/D : -3.552412
[setup reg-reg] _20469_/Q -> _20941_/D : -3.550745
[setup reg-reg] _20469_/Q -> _20981_/D : -3.539633
[setup reg-reg] _20469_/Q -> _20877_/D : -3.539100
[setup reg-reg] _20469_/Q -> _20845_/D : -3.537782
[setup reg-reg] _20469_/Q -> _21227_/D : -3.537618
[setup reg-reg] _20469_/Q -> _21035_/D : -3.531838
[setup reg-reg] _20469_/Q -> _21099_/D : -3.528996
[setup reg-reg] _20469_/Q -> _21195_/D : -3.528733
[setup reg-reg] _20469_/Q -> _20749_/D : -3.527962
[setup reg-reg] _20469_/Q -> _21212_/D : -3.524356
[setup reg-reg] _20469_/Q -> _21045_/D : -3.523738
[setup reg-reg] _20469_/Q -> _20811_/D : -3.520608
[setup reg-reg] _20469_/Q -> _21244_/D : -3.520409
[setup reg-reg] _20469_/Q -> _20700_/D : -3.519869
[setup reg-reg] _20469_/Q -> _21116_/D : -3.517979
[setup reg-reg] _20469_/Q -> _21003_/D : -3.517439
[setup reg-reg] _20469_/Q -> _21052_/D : -3.515034
[setup reg-reg] _20469_/Q -> _21131_/D : -3.512532
[setup reg-reg] _20469_/Q -> _20796_/D : -3.512245
[setup reg-reg] _20469_/Q -> _21148_/D : -3.511687
[setup reg-reg] _20469_/Q -> _21163_/D : -3.511598
[setup reg-reg] _20469_/Q -> _20764_/D : -3.511239
[setup reg-reg] _20469_/Q -> _20971_/D : -3.509218
[setup reg-reg] _20469_/Q -> _20732_/D : -3.507221
[setup reg-reg] _20469_/Q -> _21084_/D : -3.506958
[setup reg-reg] _20469_/Q -> _20717_/D : -3.506180
[setup reg-reg] _20469_/Q -> _20988_/D : -3.504418
[setup reg-reg] _20469_/Q -> _21020_/D : -3.500606
[setup reg-reg] _20469_/Q -> _20540_/D : -3.499398
[setup reg-reg] _20469_/Q -> _20636_/D : -3.493280
[setup reg-reg] _20469_/Q -> _20668_/D : -3.489625
[setup reg-reg] _20469_/Q -> _20572_/D : -3.485972
[setup reg-reg] _20469_/Q -> _20604_/D : -3.484949
[setup reg-reg] _20469_/Q -> _21453_/D : -3.480309
[setup reg-reg] _20469_/Q -> _20508_/D : -3.478096
[setup reg-reg] _20469_/Q -> _21436_/D : -3.476611
[setup reg-reg] _20469_/Q -> _21468_/D : -3.476192
[setup reg-reg] _20469_/Q -> _20567_/D : -3.475947
[setup reg-reg] _20469_/Q -> _20663_/D : -3.464713
[setup reg-reg] _20469_/Q -> _20535_/D : -3.464660
[setup reg-reg] _20469_/Q -> _20599_/D : -3.464166
[setup reg-reg] _20469_/Q -> _20631_/D : -3.463338
[setup reg-reg] _20469_/Q -> _21431_/D : -3.446079
[setup reg-reg] _20469_/Q -> _21463_/D : -3.442580
[setup reg-reg] _20469_/Q -> _21296_/D : -3.365298
[setup reg-reg] _20469_/Q -> _21008_/D : -3.350117
[setup reg-reg] _20469_/Q -> _21328_/D : -3.340386
[setup reg-reg] _20469_/Q -> _20688_/D : -3.335277
[setup reg-reg] _20469_/Q -> _20976_/D : -3.331156
[setup reg-reg] _20469_/Q -> _20752_/D : -3.330584
[setup reg-reg] _20469_/Q -> _21232_/D : -3.327934
[setup reg-reg] _20469_/Q -> _20848_/D : -3.327479
[setup reg-reg] _20469_/Q -> _20720_/D : -3.323610
[setup reg-reg] _20469_/Q -> _21040_/D : -3.319748
[setup reg-reg] _20469_/Q -> _20784_/D : -3.318661
[setup reg-reg] _20469_/Q -> _20912_/D : -3.314838
[setup reg-reg] _20469_/Q -> _21136_/D : -3.312316
[setup reg-reg] _20469_/Q -> _21200_/D : -3.311342
[setup reg-reg] _20469_/Q -> _20944_/D : -3.311111
[setup reg-reg] _20469_/Q -> _20816_/D : -3.311080
[setup reg-reg] _20469_/Q -> _20880_/D : -3.305246
[setup reg-reg] _20469_/Q -> _21391_/D : -3.285180
[setup reg-reg] _20469_/Q -> _21263_/D : -3.284878
[setup reg-reg] _20469_/Q -> _20847_/D : -3.284185
[setup reg-reg] _20469_/Q -> _21359_/D : -3.283848
[setup reg-reg] _20469_/Q -> _20815_/D : -3.273225
[setup reg-reg] _20469_/Q -> _20783_/D : -3.272710
[setup reg-reg] _20469_/Q -> _21167_/D : -3.262660
[setup reg-reg] _20469_/Q -> _20751_/D : -3.258087
[setup reg-reg] _20469_/Q -> _20719_/D : -3.258066
[setup reg-reg] _20469_/Q -> _20687_/D : -3.257967
[setup reg-reg] _20469_/Q -> _21404_/D : -3.224315
[setup reg-reg] _20469_/Q -> _21276_/D : -3.222482
[setup reg-reg] _20469_/Q -> _21180_/D : -3.222176
[setup reg-reg] _20469_/Q -> _21308_/D : -3.221956
[setup reg-reg] _20469_/Q -> _21340_/D : -3.221807
[setup reg-reg] _20469_/Q -> _21372_/D : -3.218631
[setup reg-reg] _20469_/Q -> _20828_/D : -3.206196
[setup reg-reg] _20469_/Q -> _21100_/D : -3.202896
[setup reg-reg] _20469_/Q -> _21132_/D : -3.199667
[setup reg-reg] _20469_/Q -> _21117_/D : -3.196743
[setup reg-reg] _20469_/Q -> _21085_/D : -3.190962
[setup reg-reg] _20469_/Q -> _21021_/D : -3.190778
[setup reg-reg] _20469_/Q -> _20748_/D : -3.188244
[setup reg-reg] _20469_/Q -> _21196_/D : -3.187740
[setup reg-reg] _20469_/Q -> _20876_/D : -3.187268
[setup reg-reg] _20469_/Q -> _21228_/D : -3.186273
[setup reg-reg] _20469_/Q -> _20684_/D : -3.185495
[setup reg-reg] _20469_/Q -> _20844_/D : -3.185342
[setup reg-reg] _20469_/Q -> _20637_/D : -3.184073
[setup reg-reg] _20469_/Q -> _20716_/D : -3.183217
[setup reg-reg] _20469_/Q -> _20780_/D : -3.180354
[setup reg-reg] _20469_/Q -> _20989_/D : -3.178840
[setup reg-reg] _20469_/Q -> _20509_/D : -3.177686
[setup reg-reg] _20469_/Q -> _21053_/D : -3.175973
[setup reg-reg] _20469_/Q -> _20541_/D : -3.175476
[setup reg-reg] _20469_/Q -> _20605_/D : -3.172840
[setup reg-reg] _20469_/Q -> _20573_/D : -3.171298
[setup reg-reg] _20469_/Q -> _20662_/D : -2.959944
[setup reg-reg] _20469_/Q -> _20534_/D : -2.951836
[setup reg-reg] _20469_/Q -> _21334_/D : -2.949225
[setup reg-reg] _20469_/Q -> _20886_/D : -2.949026
[setup reg-reg] _20469_/Q -> _21398_/D : -2.938759
[setup reg-reg] _20469_/Q -> _21430_/D : -2.933504
[setup reg-reg] _20469_/Q -> _20918_/D : -2.932417
[setup reg-reg] _20469_/Q -> _21302_/D : -2.930815
[setup reg-reg] _20469_/Q -> _21366_/D : -2.930765
[setup reg-reg] _20469_/Q -> _20502_/D : -2.929824
[setup reg-reg] _20469_/Q -> _20862_/D : -2.921372
[setup reg-reg] _20469_/Q -> _20854_/D : -2.920579
[setup reg-reg] _20469_/Q -> _20694_/D : -2.920093
[setup reg-reg] _20469_/Q -> _21174_/D : -2.918906
[setup reg-reg] _20469_/Q -> _21270_/D : -2.911250
[setup reg-reg] _20469_/Q -> _20758_/D : -2.906145
[setup reg-reg] _20469_/Q -> _20982_/D : -2.905196
[setup reg-reg] _20469_/Q -> _20790_/D : -2.899036
[setup reg-reg] _20469_/Q -> _20822_/D : -2.897117
[setup reg-reg] _20469_/Q -> _20574_/D : -2.896297
[setup reg-reg] _20469_/Q -> _20894_/D : -2.891984
[setup reg-reg] _20469_/Q -> _20734_/D : -2.891263
[setup reg-reg] _20469_/Q -> _20958_/D : -2.888658
[setup reg-reg] _20469_/Q -> _20638_/D : -2.887376
[setup reg-reg] _20469_/Q -> _20926_/D : -2.887354
[setup reg-reg] _20469_/Q -> _20798_/D : -2.884598
[setup reg-reg] _20469_/Q -> _21310_/D : -2.880668
[setup reg-reg] _20469_/Q -> _21118_/D : -2.879286
[setup reg-reg] _20469_/Q -> _21150_/D : -2.878018
[setup reg-reg] _20469_/Q -> _20726_/D : -2.876359
[setup reg-reg] _20469_/Q -> _21214_/D : -2.874355
[setup reg-reg] _20469_/Q -> _21246_/D : -2.873815
[setup reg-reg] _20469_/Q -> _20830_/D : -2.873208
[setup reg-reg] _20469_/Q -> _21406_/D : -2.872881
[setup reg-reg] _20469_/Q -> _21374_/D : -2.872685
[setup reg-reg] _20469_/Q -> _21342_/D : -2.871346
[setup reg-reg] _20469_/Q -> _21182_/D : -2.868230
[setup reg-reg] _20469_/Q -> _20702_/D : -2.867807
[setup reg-reg] _20469_/Q -> _20766_/D : -2.864674
[setup reg-reg] _20469_/Q -> _20648_/D : -2.835559
[setup reg-reg] _20469_/Q -> _20520_/D : -2.834977
[setup reg-reg] _20469_/Q -> _20616_/D : -2.827576
[setup reg-reg] _20469_/Q -> _20584_/D : -2.824169
[setup reg-reg] _20469_/Q -> _20552_/D : -2.824056
[setup reg-reg] _20469_/Q -> _20488_/D : -2.813422
[setup reg-reg] _20469_/Q -> _21416_/D : -2.807848
[setup reg-reg] _20469_/Q -> _21010_/D : -2.794071
[setup reg-reg] _20469_/Q -> _21234_/D : -2.793644
[setup reg-reg] _20469_/Q -> _20530_/D : -2.785143
[setup reg-reg] _20469_/Q -> _20498_/D : -2.784287
[setup reg-reg] _20469_/Q -> _21394_/D : -2.784173
[setup reg-reg] _20469_/Q -> _21106_/D : -2.781882
[setup reg-reg] _20469_/Q -> _21202_/D : -2.780439
[setup reg-reg] _20469_/Q -> _21074_/D : -2.776787
[setup reg-reg] _20469_/Q -> _20922_/D : -2.772154
[setup reg-reg] _20469_/Q -> _20978_/D : -2.769081
[setup reg-reg] _20469_/Q -> _21042_/D : -2.767543
[setup reg-reg] _20469_/Q -> _20954_/D : -2.757311
[setup reg-reg] _20469_/Q -> _21022_/D : -2.749239
[setup reg-reg] _20469_/Q -> _21086_/D : -2.744944
[setup reg-reg] _20469_/Q -> _20722_/D : -2.743168
[setup reg-reg] _20469_/Q -> _20606_/D : -2.740695
[setup reg-reg] _20469_/Q -> _20990_/D : -2.739014
[setup reg-reg] _20469_/Q -> _20850_/D : -2.733650
[setup reg-reg] _20469_/Q -> _20882_/D : -2.733465
[setup reg-reg] _20469_/Q -> _20914_/D : -2.733156
[setup reg-reg] _20469_/Q -> _20946_/D : -2.732197
[setup reg-reg] _20469_/Q -> _20510_/D : -2.731309
[setup reg-reg] _20469_/Q -> _20542_/D : -2.729735
[setup reg-reg] _20469_/Q -> _20670_/D : -2.727063
[setup reg-reg] _20469_/Q -> _21470_/D : -2.723585
[setup reg-reg] _20469_/Q -> _21054_/D : -2.721702
[setup reg-reg] _20469_/Q -> _20690_/D : -2.713822
[setup reg-reg] _20469_/Q -> _21438_/D : -2.711083
[setup reg-reg] _20469_/Q -> _21326_/D : -2.709758
[setup reg-reg] _20469_/Q -> _20904_/D : -2.704255
[setup reg-reg] _20469_/Q -> _20872_/D : -2.703725
[setup reg-reg] _20469_/Q -> _20840_/D : -2.703061
[setup reg-reg] _20469_/Q -> _20818_/D : -2.699277
[setup reg-reg] _20469_/Q -> _20754_/D : -2.697746
[setup reg-reg] _20469_/Q -> _21166_/D : -2.695547
[setup reg-reg] _20469_/Q -> _21390_/D : -2.695160
[setup reg-reg] _20469_/Q -> _20686_/D : -2.694844
[setup reg-reg] _20469_/Q -> _20786_/D : -2.694751
[setup reg-reg] _20469_/Q -> _20750_/D : -2.694421
[setup reg-reg] _20469_/Q -> _20782_/D : -2.691689
[setup reg-reg] _20469_/Q -> _20718_/D : -2.690317
[setup reg-reg] _20469_/Q -> _21262_/D : -2.687340
[setup reg-reg] _20469_/Q -> _20814_/D : -2.687266
[setup reg-reg] _20469_/Q -> _21170_/D : -2.686914
[setup reg-reg] _20469_/Q -> _21358_/D : -2.685987
[setup reg-reg] _20469_/Q -> _20558_/D : -2.679087
[setup reg-reg] _20469_/Q -> _20622_/D : -2.675513
[setup reg-reg] _20469_/Q -> _21198_/D : -2.670500
[setup reg-reg] _20469_/Q -> _20590_/D : -2.669719
[setup reg-reg] _20469_/Q -> _20526_/D : -2.668060
[setup reg-reg] _20469_/Q -> _21454_/D : -2.664457
[setup reg-reg] _20469_/Q -> _20654_/D : -2.662805
[setup reg-reg] _20469_/Q -> _21230_/D : -2.653803
[setup reg-reg] _20469_/Q -> _21422_/D : -2.652520
[setup reg-reg] _20469_/Q -> _20494_/D : -2.649376
[setup reg-reg] _20469_/Q -> _21399_/D : -2.629985
[setup reg-reg] _20469_/Q -> _20896_/D : -2.628557
[setup reg-reg] _20469_/Q -> _21367_/D : -2.612890
[setup reg-reg] _20469_/Q -> _21303_/D : -2.608268
[setup reg-reg] _20469_/Q -> _21335_/D : -2.598881
[setup reg-reg] _20469_/Q -> _21145_/D : -2.595414
[setup reg-reg] _20469_/Q -> _21056_/D : -2.593709
[setup reg-reg] _20469_/Q -> _21216_/D : -2.592458
[setup reg-reg] _20469_/Q -> _21138_/D : -2.590486
[setup reg-reg] _20469_/Q -> _20537_/D : -2.587555
[setup reg-reg] _20469_/Q -> _21152_/D : -2.586820
[setup reg-reg] _20469_/Q -> _21248_/D : -2.586113
[setup reg-reg] _20469_/Q -> _20626_/D : -2.585804
[setup reg-reg] _20469_/Q -> _21088_/D : -2.584780
[setup reg-reg] _20469_/Q -> _21017_/D : -2.584507
[setup reg-reg] _20469_/Q -> _21024_/D : -2.584191
[setup reg-reg] _20469_/Q -> _20658_/D : -2.582578
[setup reg-reg] _20469_/Q -> _20505_/D : -2.582556
[setup reg-reg] _20469_/Q -> _20594_/D : -2.580127
[setup reg-reg] _20469_/Q -> _20562_/D : -2.578840
[setup reg-reg] _20469_/Q -> _20601_/D : -2.578840
[setup reg-reg] _20469_/Q -> _20665_/D : -2.577391
[setup reg-reg] _20469_/Q -> _20960_/D : -2.576961
[setup reg-reg] _20469_/Q -> _20992_/D : -2.575217
[setup reg-reg] _20469_/Q -> _20864_/D : -2.573717
[setup reg-reg] _20469_/Q -> _20633_/D : -2.572161
[setup reg-reg] _20469_/Q -> _20569_/D : -2.571010
[setup reg-reg] _20469_/Q -> _21426_/D : -2.562778
[setup reg-reg] _20469_/Q -> _21458_/D : -2.554323
[setup reg-reg] _20469_/Q -> _21205_/D : -2.552373
[setup reg-reg] _20469_/Q -> _21389_/D : -2.550866
[setup reg-reg] _20469_/Q -> _21397_/D : -2.549438
[setup reg-reg] _20469_/Q -> _21301_/D : -2.548795
[setup reg-reg] _20469_/Q -> _21173_/D : -2.543786
[setup reg-reg] _20469_/Q -> _20531_/D : -2.539405
[setup reg-reg] _20469_/Q -> _21269_/D : -2.536119
[setup reg-reg] _20469_/Q -> _20659_/D : -2.531713
[setup reg-reg] _20469_/Q -> _20499_/D : -2.531614
[setup reg-reg] _20469_/Q -> _20595_/D : -2.531571
[setup reg-reg] _20469_/Q -> _21075_/D : -2.528804
[setup reg-reg] _20469_/Q -> _20725_/D : -2.528150
[setup reg-reg] _20469_/Q -> _20979_/D : -2.527976
[setup reg-reg] _20469_/Q -> _21325_/D : -2.527909
[setup reg-reg] _20469_/Q -> _21365_/D : -2.526143
[setup reg-reg] _20469_/Q -> _21333_/D : -2.525553
[setup reg-reg] _20469_/Q -> _21357_/D : -2.518753
[setup reg-reg] _20469_/Q -> _21293_/D : -2.516462
[setup reg-reg] _20469_/Q -> _20627_/D : -2.515417
[setup reg-reg] _20469_/Q -> _20563_/D : -2.513257
[setup reg-reg] _20469_/Q -> _20787_/D : -2.508973
[setup reg-reg] _20469_/Q -> _21043_/D : -2.508298
[setup reg-reg] _20469_/Q -> _20821_/D : -2.507658
[setup reg-reg] _20469_/Q -> _21139_/D : -2.505370
[setup reg-reg] _20469_/Q -> _21331_/D : -2.504940
[setup reg-reg] _20469_/Q -> _21427_/D : -2.503665
[setup reg-reg] _20469_/Q -> _20947_/D : -2.502656
[setup reg-reg] _20469_/Q -> _20915_/D : -2.500851
[setup reg-reg] _20469_/Q -> _21299_/D : -2.498840
[setup reg-reg] _20469_/Q -> _20755_/D : -2.496727
[setup reg-reg] _20469_/Q -> _21395_/D : -2.495618
[setup reg-reg] _20469_/Q -> _21171_/D : -2.494318
[setup reg-reg] _20469_/Q -> _20691_/D : -2.490907
[setup reg-reg] _20469_/Q -> _20723_/D : -2.490385
[setup reg-reg] _20469_/Q -> _21107_/D : -2.489994
[setup reg-reg] _20469_/Q -> _21363_/D : -2.488427
[setup reg-reg] _20469_/Q -> _20819_/D : -2.487155
[setup reg-reg] _20469_/Q -> _21267_/D : -2.486878
[setup reg-reg] _20469_/Q -> _21235_/D : -2.485425
[setup reg-reg] _20469_/Q -> _21203_/D : -2.482217
[setup reg-reg] _20469_/Q -> _20851_/D : -2.480274
[setup reg-reg] _20469_/Q -> _20883_/D : -2.468831
[setup reg-reg] _20469_/Q -> _20878_/D : -2.410932
[setup reg-reg] _20469_/Q -> _21098_/D : -2.408875
[setup reg-reg] _20469_/Q -> _20875_/D : -2.400185
[setup reg-reg] _20469_/Q -> _20810_/D : -2.397481
[setup reg-reg] _20469_/Q -> _21294_/D : -2.397467
[setup reg-reg] _20469_/Q -> _20846_/D : -2.397311
[setup reg-reg] _20469_/Q -> _20942_/D : -2.396067
[setup reg-reg] _20469_/Q -> _20910_/D : -2.395822
[setup reg-reg] _20469_/Q -> _21386_/D : -2.394469
[setup reg-reg] _20469_/Q -> _20939_/D : -2.392319
[setup reg-reg] _20469_/Q -> _20629_/D : -2.391936
[setup reg-reg] _20469_/Q -> _20682_/D : -2.391193
[setup reg-reg] _20469_/Q -> _21130_/D : -2.390642
[setup reg-reg] _20469_/Q -> _21141_/D : -2.390344
[setup reg-reg] _20469_/Q -> _20618_/D : -2.390159
[setup reg-reg] _20469_/Q -> _20843_/D : -2.388845
[setup reg-reg] _20469_/Q -> _21237_/D : -2.388355
[setup reg-reg] _20469_/Q -> _20650_/D : -2.386564
[setup reg-reg] _20469_/Q -> _21002_/D : -2.385143
[setup reg-reg] _20469_/Q -> _20554_/D : -2.384734
[setup reg-reg] _20469_/Q -> _20565_/D : -2.383441
[setup reg-reg] _20469_/Q -> _20747_/D : -2.383160
[setup reg-reg] _20469_/Q -> _20924_/D : -2.382439
[setup reg-reg] _20469_/Q -> _20892_/D : -2.381462
[setup reg-reg] _20469_/Q -> _21077_/D : -2.381398
[setup reg-reg] _20469_/Q -> _21226_/D : -2.380553
[setup reg-reg] _20469_/Q -> _20746_/D : -2.380538
[setup reg-reg] _20469_/Q -> _20860_/D : -2.380204
[setup reg-reg] _20469_/Q -> _21194_/D : -2.379405
[setup reg-reg] _20469_/Q -> _20597_/D : -2.379331
[setup reg-reg] _20469_/Q -> _20491_/D : -2.378219
[setup reg-reg] _20469_/Q -> _20970_/D : -2.377512
[setup reg-reg] _20469_/Q -> _21013_/D : -2.377249
[setup reg-reg] _20469_/Q -> _21387_/D : -2.375384
[setup reg-reg] _20469_/Q -> _20555_/D : -2.375192
[setup reg-reg] _20469_/Q -> _20907_/D : -2.374865
[setup reg-reg] _20469_/Q -> _20533_/D : -2.374811
[setup reg-reg] _20469_/Q -> _20586_/D : -2.374726
[setup reg-reg] _20469_/Q -> _21066_/D : -2.373142
[setup reg-reg] _20469_/Q -> _20714_/D : -2.370278
[setup reg-reg] _20469_/Q -> _20683_/D : -2.369870
[setup reg-reg] _20469_/Q -> _21323_/D : -2.369475
[setup reg-reg] _20469_/Q -> _20779_/D : -2.369134
[setup reg-reg] _20469_/Q -> _21034_/D : -2.368118
[setup reg-reg] _20469_/Q -> _20587_/D : -2.367365
[setup reg-reg] _20469_/Q -> _20715_/D : -2.367074
[setup reg-reg] _20469_/Q -> _20661_/D : -2.367052
[setup reg-reg] _20469_/Q -> _20651_/D : -2.366939
[setup reg-reg] _20469_/Q -> _21354_/D : -2.366914
[setup reg-reg] _20469_/Q -> _20956_/D : -2.364995
[setup reg-reg] _20469_/Q -> _21392_/D : -2.364814
[setup reg-reg] _20469_/Q -> _21259_/D : -2.363763
[setup reg-reg] _20469_/Q -> _20524_/D : -2.362608
[setup reg-reg] _20469_/Q -> _21419_/D : -2.358007
[setup reg-reg] _20469_/Q -> _20556_/D : -2.356558
[setup reg-reg] _20469_/Q -> _21070_/D : -2.355815
[setup reg-reg] _20469_/Q -> _20620_/D : -2.355279
[setup reg-reg] _20469_/Q -> _21451_/D : -2.354995
[setup reg-reg] _20469_/Q -> _21291_/D : -2.354909
[setup reg-reg] _20469_/Q -> _21006_/D : -2.354870
[setup reg-reg] _20469_/Q -> _21355_/D : -2.354447
[setup reg-reg] _20469_/Q -> _21102_/D : -2.353652
[setup reg-reg] _20469_/Q -> _20501_/D : -2.352934
[setup reg-reg] _20469_/Q -> _21292_/D : -2.352678
[setup reg-reg] _20469_/Q -> _21360_/D : -2.345473
[setup reg-reg] _20469_/Q -> _20974_/D : -2.342503
[setup reg-reg] _20469_/Q -> _20492_/D : -2.342411
[setup reg-reg] _20469_/Q -> _21134_/D : -2.338375
[setup reg-reg] _20469_/Q -> _21168_/D : -2.332250
[setup reg-reg] _20469_/Q -> _20588_/D : -2.328953
[setup reg-reg] _20469_/Q -> _20812_/D : -2.328211
[setup reg-reg] _20469_/Q -> _20652_/D : -2.327397
[setup reg-reg] _20469_/Q -> _21038_/D : -2.327372
[setup reg-reg] _20469_/Q -> _21260_/D : -2.325649
[setup reg-reg] _20469_/Q -> _21164_/D : -2.315204
[setup reg-reg] _20469_/Q -> _21264_/D : -2.314799
[setup reg-reg] _20469_/Q -> _20522_/D : -2.303853
[setup reg-reg] _20469_/Q -> _20490_/D : -2.298460
[setup reg-reg] _20469_/Q -> _20957_/D : -2.286011
[setup reg-reg] _20469_/Q -> _20861_/D : -2.281517
[setup reg-reg] _20469_/Q -> _20893_/D : -2.281219
[setup reg-reg] _20469_/Q -> _20925_/D : -2.279538
[setup reg-reg] _20469_/Q -> _20495_/D : -2.247745
[setup reg-reg] _20469_/Q -> _21103_/D : -2.245265
[setup reg-reg] _20469_/Q -> _20701_/D : -2.245059
[setup reg-reg] _20469_/Q -> _20765_/D : -2.242540
[setup reg-reg] _20469_/Q -> _20527_/D : -2.241673
[setup reg-reg] _20469_/Q -> _20591_/D : -2.240732
[setup reg-reg] _20469_/Q -> _21181_/D : -2.237343
[setup reg-reg] _20469_/Q -> _21135_/D : -2.225541
[setup reg-reg] _20469_/Q -> _20797_/D : -2.218822
[setup reg-reg] _20469_/Q -> _21199_/D : -2.216247
[setup reg-reg] _20469_/Q -> _21231_/D : -2.214495
[setup reg-reg] _20469_/Q -> _20623_/D : -2.211308
[setup reg-reg] _20469_/Q -> _20733_/D : -2.210545
[setup reg-reg] _20469_/Q -> _20559_/D : -2.209355
[setup reg-reg] _20469_/Q -> _20829_/D : -2.205638
[setup reg-reg] _20469_/Q -> _20655_/D : -2.205521
[setup reg-reg] _20469_/Q -> _20972_/D : -2.170893
[setup reg-reg] _20469_/Q -> _20908_/D : -2.162675
[setup reg-reg] _20469_/Q -> _20940_/D : -2.161016
[setup reg-reg] _20469_/Q -> _21068_/D : -2.147750
[setup reg-reg] _20469_/Q -> _21004_/D : -2.141860
[setup reg-reg] _20469_/Q -> _21036_/D : -2.141306
[setup reg-reg] _20469_/Q -> _21245_/D : -2.137021
[setup reg-reg] _20469_/Q -> _20911_/D : -2.136027
[setup reg-reg] _20469_/Q -> _21295_/D : -2.132687
[setup reg-reg] _20469_/Q -> _21149_/D : -2.131955
[setup reg-reg] _20469_/Q -> _21039_/D : -2.131135
[setup reg-reg] _20469_/Q -> _21213_/D : -2.128033
[setup reg-reg] _20469_/Q -> _21327_/D : -2.127834
[setup reg-reg] _20469_/Q -> _20879_/D : -2.126836
[setup reg-reg] _20469_/Q -> _20943_/D : -2.118881
[setup reg-reg] _20469_/Q -> _21071_/D : -2.116469
[setup reg-reg] _20469_/Q -> _21007_/D : -2.114870
[setup reg-reg] _20469_/Q -> _20975_/D : -2.107498
[setup reg-reg] _20469_/Q -> _20669_/D : -2.105271
[setup reg-reg] _20469_/Q -> _21469_/D : -2.093941
[setup reg-reg] _20469_/Q -> _21437_/D : -2.076206
[setup reg-reg] _20469_/Q -> _20938_/D : -2.065441
[setup reg-reg] _20469_/Q -> _21162_/D : -2.062034
[setup reg-reg] _20469_/Q -> _20906_/D : -2.060645
[setup reg-reg] _20469_/Q -> _20842_/D : -2.057330
[setup reg-reg] _20469_/Q -> _20874_/D : -2.055454
[setup reg-reg] _20469_/Q -> _21258_/D : -2.051980
[setup reg-reg] _20469_/Q -> _20778_/D : -2.051792
[setup reg-reg] _20469_/Q -> _21450_/D : -2.031250
[setup reg-reg] _20469_/Q -> _21322_/D : -2.029672
[setup reg-reg] _20469_/Q -> _20689_/D : -2.027260
[setup reg-reg] _20469_/Q -> _20785_/D : -2.024667
[setup reg-reg] _20469_/Q -> _21290_/D : -2.024542
[setup reg-reg] _20469_/Q -> _20945_/D : -2.021441
[setup reg-reg] _20469_/Q -> _20913_/D : -2.021356
[setup reg-reg] _20469_/Q -> _20721_/D : -2.011724
[setup reg-reg] _20469_/Q -> _21329_/D : -1.969056
[setup reg-reg] _20469_/Q -> _20817_/D : -1.960249
[setup reg-reg] _20469_/Q -> _20881_/D : -1.957936
[setup reg-reg] _20469_/Q -> _21418_/D : -1.957552
[setup reg-reg] _20469_/Q -> _21297_/D : -1.954501
[setup reg-reg] _20469_/Q -> _21405_/D : -1.946781
[setup reg-reg] _20469_/Q -> _20950_/D : -1.936240
[setup reg-reg] _20469_/Q -> _20849_/D : -1.934804
[setup reg-reg] _20469_/Q -> _20895_/D : -1.930889
[setup reg-reg] _20469_/Q -> _20703_/D : -1.926015
[setup reg-reg] _20469_/Q -> _20561_/D : -1.925720
[setup reg-reg] _20469_/Q -> _20927_/D : -1.924803
[setup reg-reg] _20469_/Q -> _21420_/D : -1.921904
[setup reg-reg] _20469_/Q -> _21315_/D : -1.920928
[setup reg-reg] _20469_/Q -> _21283_/D : -1.919808
[setup reg-reg] _20469_/Q -> _21462_/D : -1.916916
[setup reg-reg] _20469_/Q -> _20564_/D : -1.916703
[setup reg-reg] _20469_/Q -> _20593_/D : -1.915847
[setup reg-reg] _20469_/Q -> _21460_/D : -1.915819
[setup reg-reg] _20469_/Q -> _21388_/D : -1.915584
[setup reg-reg] _20469_/Q -> _20863_/D : -1.914756
[setup reg-reg] _20469_/Q -> _20628_/D : -1.914518
[setup reg-reg] _20469_/Q -> _20977_/D : -1.914309
[setup reg-reg] _20469_/Q -> _20959_/D : -1.913591
[setup reg-reg] _20469_/Q -> _21428_/D : -1.913460
[setup reg-reg] _20469_/Q -> _21073_/D : -1.913438
[setup reg-reg] _20469_/Q -> _21108_/D : -1.912888
[setup reg-reg] _20469_/Q -> _20735_/D : -1.912596
[setup reg-reg] _20469_/Q -> _20767_/D : -1.912508
[setup reg-reg] _20469_/Q -> _20835_/D : -1.911790
[setup reg-reg] _20469_/Q -> _20532_/D : -1.911058
[setup reg-reg] _20469_/Q -> _20899_/D : -1.910824
[setup reg-reg] _20469_/Q -> _20596_/D : -1.910635
[setup reg-reg] _20469_/Q -> _20660_/D : -1.910298
[setup reg-reg] _20469_/Q -> _21009_/D : -1.909584
[setup reg-reg] _20469_/Q -> _21324_/D : -1.905676
[setup reg-reg] _20469_/Q -> _20529_/D : -1.905242
[setup reg-reg] _20469_/Q -> _21425_/D : -1.904823
[setup reg-reg] _20469_/Q -> _21356_/D : -1.903452
[setup reg-reg] _20469_/Q -> _21309_/D : -1.902336
[setup reg-reg] _20469_/Q -> _20931_/D : -1.902166
[setup reg-reg] _20469_/Q -> _20500_/D : -1.901949
[setup reg-reg] _20469_/Q -> _21452_/D : -1.901032
[setup reg-reg] _20469_/Q -> _21347_/D : -1.899778
[setup reg-reg] _20469_/Q -> _20820_/D : -1.899522
[setup reg-reg] _20469_/Q -> _20625_/D : -1.898847
[setup reg-reg] _20469_/Q -> _20867_/D : -1.898727
[setup reg-reg] _20469_/Q -> _20657_/D : -1.896417
[setup reg-reg] _20469_/Q -> _21155_/D : -1.893803
[setup reg-reg] _20469_/Q -> _21277_/D : -1.893593
[setup reg-reg] _20469_/Q -> _20497_/D : -1.891508
[setup reg-reg] _20469_/Q -> _21251_/D : -1.883489
[setup reg-reg] _20469_/Q -> _20803_/D : -1.883173
[setup reg-reg] _20469_/Q -> _21373_/D : -1.882160
[setup reg-reg] _20469_/Q -> _21341_/D : -1.881993
[setup reg-reg] _20469_/Q -> _21183_/D : -1.876256
[setup reg-reg] _20469_/Q -> _21279_/D : -1.869942
[setup reg-reg] _20469_/Q -> _21278_/D : -1.864859
[setup reg-reg] _20469_/Q -> _21076_/D : -1.863768
[setup reg-reg] _20469_/Q -> _21012_/D : -1.855856
[setup reg-reg] _20469_/Q -> _20799_/D : -1.845272
[setup reg-reg] _20469_/Q -> _20980_/D : -1.840409
[setup reg-reg] _20469_/Q -> _21044_/D : -1.839929
[setup reg-reg] _20469_/Q -> _20756_/D : -1.836707
[setup reg-reg] _20469_/Q -> _21236_/D : -1.836309
[setup reg-reg] _20469_/Q -> _21204_/D : -1.833527
[setup reg-reg] _20469_/Q -> _21140_/D : -1.829545
[setup reg-reg] _20469_/Q -> _20692_/D : -1.823270
[setup reg-reg] _20469_/Q -> _20724_/D : -1.802896
[setup reg-reg] _20469_/Q -> _21096_/D : -1.763191
[setup reg-reg] _20469_/Q -> _21064_/D : -1.763038
[setup reg-reg] _20469_/Q -> _21128_/D : -1.761141
[setup reg-reg] _20469_/Q -> _20968_/D : -1.756071
[setup reg-reg] _20469_/Q -> _21000_/D : -1.753499
[setup reg-reg] _20469_/Q -> _21032_/D : -1.752987
[setup reg-reg] _20469_/Q -> _21224_/D : -1.751513
[setup reg-reg] _20469_/Q -> _21192_/D : -1.751467
[setup reg-reg] _20469_/Q -> _21208_/D : -1.751285
[setup reg-reg] _20469_/Q -> _21144_/D : -1.751030
[setup reg-reg] _20469_/Q -> _21448_/D : -1.748042
[setup reg-reg] _20469_/Q -> _21240_/D : -1.746592
[setup reg-reg] _20469_/Q -> _21080_/D : -1.744333
[setup reg-reg] _20469_/Q -> _21112_/D : -1.738087
[setup reg-reg] _20469_/Q -> _21016_/D : -1.735810
[setup reg-reg] _20469_/Q -> _20824_/D : -1.735664
[setup reg-reg] _20469_/Q -> _21048_/D : -1.733493
[setup reg-reg] _20469_/Q -> _21330_/D : -1.731326
[setup reg-reg] _20469_/Q -> _20984_/D : -1.731134
[setup reg-reg] _20469_/Q -> _21362_/D : -1.728367
[setup reg-reg] _20469_/Q -> _21176_/D : -1.727624
[setup reg-reg] _20469_/Q -> _20664_/D : -1.714504
[setup reg-reg] _20469_/Q -> _20600_/D : -1.705793
[setup reg-reg] _20469_/Q -> _21266_/D : -1.704525
[setup reg-reg] _20469_/Q -> _20536_/D : -1.700720
[setup reg-reg] _20469_/Q -> _21432_/D : -1.697320
[setup reg-reg] _20469_/Q -> _20568_/D : -1.696542
[setup reg-reg] _20469_/Q -> _20504_/D : -1.694925
[setup reg-reg] _20469_/Q -> _21298_/D : -1.693735
[setup reg-reg] _20469_/Q -> _21464_/D : -1.690399
[setup reg-reg] _20469_/Q -> _20632_/D : -1.686697
[setup reg-reg] _20469_/Q -> _20696_/D : -1.671911
[setup reg-reg] _20469_/Q -> _20728_/D : -1.668553
[setup reg-reg] _20469_/Q -> _20836_/D : -1.590195
[setup reg-reg] _20469_/Q -> _21284_/D : -1.589214
[setup reg-reg] _20469_/Q -> _20868_/D : -1.578574
[setup reg-reg] _20469_/Q -> _20676_/D : -1.577885
[setup reg-reg] _20469_/Q -> _21156_/D : -1.575913
[setup reg-reg] _20469_/Q -> _21316_/D : -1.570630
[setup reg-reg] _20469_/Q -> _20804_/D : -1.567969
[setup reg-reg] _20469_/Q -> _20772_/D : -1.564196
[setup reg-reg] _20469_/Q -> _20708_/D : -1.559645
[setup reg-reg] _20469_/Q -> _20740_/D : -1.558938
[setup reg-reg] _20469_/Q -> _21172_/D : -1.557758
[setup reg-reg] _20469_/Q -> _20731_/D : -1.555122
[setup reg-reg] _20469_/Q -> _21339_/D : -1.552923
[setup reg-reg] _20469_/Q -> _21300_/D : -1.547655
[setup reg-reg] _20469_/Q -> _21396_/D : -1.547068
[setup reg-reg] _20469_/Q -> _21332_/D : -1.542713
[setup reg-reg] _20469_/Q -> _20763_/D : -1.541011
[setup reg-reg] _20469_/Q -> _20859_/D : -1.539775
[setup reg-reg] _20469_/Q -> _20640_/D : -1.537614
[setup reg-reg] _20469_/Q -> _20699_/D : -1.535920
[setup reg-reg] _20469_/Q -> _20512_/D : -1.535476
[setup reg-reg] _20469_/Q -> _21364_/D : -1.535334
[setup reg-reg] _20469_/Q -> _21268_/D : -1.534403
[setup reg-reg] _20469_/Q -> _20544_/D : -1.533909
[setup reg-reg] _20469_/Q -> _20916_/D : -1.533760
[setup reg-reg] _20469_/Q -> _20827_/D : -1.532634
[setup reg-reg] _20469_/Q -> _20891_/D : -1.531912
[setup reg-reg] _20469_/Q -> _20923_/D : -1.531600
[setup reg-reg] _20469_/Q -> _20852_/D : -1.529848
[setup reg-reg] _20469_/Q -> _21307_/D : -1.529735
[setup reg-reg] _20469_/Q -> _21440_/D : -1.527447
[setup reg-reg] _20469_/Q -> _20948_/D : -1.527280
[setup reg-reg] _20469_/Q -> _20795_/D : -1.526860
[setup reg-reg] _20469_/Q -> _21472_/D : -1.525187
[setup reg-reg] _20469_/Q -> _20884_/D : -1.512802
[setup reg-reg] _20469_/Q -> _20539_/D : -1.511975
[setup reg-reg] _20469_/Q -> _21403_/D : -1.507594
[setup reg-reg] _20469_/Q -> _21435_/D : -1.503054
[setup reg-reg] _20469_/Q -> _21275_/D : -1.498123
[setup reg-reg] _20469_/Q -> _21124_/D : -1.498108
[setup reg-reg] _20469_/Q -> _20603_/D : -1.496577
[setup reg-reg] _20469_/Q -> _21179_/D : -1.496545
[setup reg-reg] _20469_/Q -> _20571_/D : -1.495515
[setup reg-reg] _20469_/Q -> _21371_/D : -1.495160
[setup reg-reg] _20469_/Q -> _20788_/D : -1.493628
[setup reg-reg] _20469_/Q -> _20507_/D : -1.490772
[setup reg-reg] _20469_/Q -> _21467_/D : -1.490207
[setup reg-reg] _20469_/Q -> _21081_/D : -1.483148
[setup reg-reg] _20469_/Q -> _21060_/D : -1.482622
[setup reg-reg] _20469_/Q -> _21092_/D : -1.482213
[setup reg-reg] _20469_/Q -> _21188_/D : -1.478018
[setup reg-reg] _20469_/Q -> _20516_/D : -1.476426
[setup reg-reg] _20469_/Q -> _20964_/D : -1.475815
[setup reg-reg] _20469_/Q -> _21220_/D : -1.472650
[setup reg-reg] _20469_/Q -> _20996_/D : -1.472234
[setup reg-reg] _20469_/Q -> _20932_/D : -1.465015
[setup reg-reg] _20469_/Q -> _20644_/D : -1.464819
[setup reg-reg] _20469_/Q -> _20580_/D : -1.464652
[setup reg-reg] _20469_/Q -> _20612_/D : -1.463196
[setup reg-reg] _20469_/Q -> _20900_/D : -1.461920
[setup reg-reg] _20469_/Q -> _21465_/D : -1.454293
[setup reg-reg] _20469_/Q -> _21288_/D : -1.453216
[setup reg-reg] _20469_/Q -> _21028_/D : -1.446082
[setup reg-reg] _20469_/Q -> _20680_/D : -1.443905
[setup reg-reg] _20469_/Q -> _20548_/D : -1.443102
[setup reg-reg] _20469_/Q -> _21320_/D : -1.442942
[setup reg-reg] _20469_/Q -> _20776_/D : -1.440935
[setup reg-reg] _20469_/Q -> _21160_/D : -1.439616
[setup reg-reg] _20469_/Q -> _20712_/D : -1.439606
[setup reg-reg] _20469_/Q -> _21433_/D : -1.439389
[setup reg-reg] _20469_/Q -> _21256_/D : -1.438945
[setup reg-reg] _20469_/Q -> _20744_/D : -1.435357
[setup reg-reg] _20469_/Q -> _21352_/D : -1.434717
[setup reg-reg] _20469_/Q -> _20808_/D : -1.434010
[setup reg-reg] _20469_/Q -> _21459_/D : -1.431978
[setup reg-reg] _20469_/Q -> _20608_/D : -1.430269
[setup reg-reg] _20469_/Q -> _20484_/D : -1.428813
[setup reg-reg] _20469_/Q -> _20672_/D : -1.423988
[setup reg-reg] _20469_/Q -> _20576_/D : -1.421622
[setup reg-reg] _20469_/Q -> _21011_/D : -1.421267
[setup reg-reg] _20469_/Q -> _21444_/D : -1.418243
[setup reg-reg] _20469_/Q -> _20888_/D : -1.417391
[setup reg-reg] _20469_/Q -> _20760_/D : -1.416577
[setup reg-reg] _20469_/Q -> _21412_/D : -1.416574
[setup reg-reg] _20469_/Q -> _20928_/D : -1.412936
[setup reg-reg] _20469_/Q -> _20856_/D : -1.409614
[setup reg-reg] _20469_/Q -> _20952_/D : -1.398544
[setup reg-reg] _20469_/Q -> _20920_/D : -1.397123
[setup reg-reg] _20469_/Q -> _20792_/D : -1.391594
[setup reg-reg] _20469_/Q -> _21400_/D : -1.383331
[setup reg-reg] _20469_/Q -> _21304_/D : -1.380407
[setup reg-reg] _20469_/Q -> _21336_/D : -1.374634
[setup reg-reg] _20469_/Q -> _21272_/D : -1.370719
[setup reg-reg] _20469_/Q -> _21368_/D : -1.362093
[setup reg-reg] _20469_/Q -> _21429_/D : -1.360036
[setup reg-reg] _20469_/Q -> _21461_/D : -1.349449
[setup reg-reg] _20469_/Q -> _20635_/D : -1.337082
[setup reg-reg] _20469_/Q -> _20521_/D : -1.333554
[setup reg-reg] _20469_/Q -> _21019_/D : -1.331124
[setup reg-reg] _20469_/Q -> _21083_/D : -1.330797
[setup reg-reg] _20469_/Q -> _20905_/D : -1.328065
[setup reg-reg] _20469_/Q -> _20667_/D : -1.324917
[setup reg-reg] _20469_/Q -> _21147_/D : -1.323251
[setup reg-reg] _20469_/Q -> _21449_/D : -1.313715
[setup reg-reg] _20469_/Q -> _21051_/D : -1.308770
[setup reg-reg] _20469_/Q -> _20736_/D : -1.303313
[setup reg-reg] _20469_/Q -> _21184_/D : -1.298496
[setup reg-reg] _20469_/Q -> _20523_/D : -1.288957
[setup reg-reg] _20469_/Q -> _21312_/D : -1.288498
[setup reg-reg] _20469_/Q -> _20800_/D : -1.287813
[setup reg-reg] _20469_/Q -> _20832_/D : -1.286239
[setup reg-reg] _20469_/Q -> _20619_/D : -1.284274
[setup reg-reg] _20469_/Q -> _21408_/D : -1.283418
[setup reg-reg] _20469_/Q -> _21344_/D : -1.283087
[setup reg-reg] _20469_/Q -> _21211_/D : -1.282224
[setup reg-reg] _20469_/Q -> _20704_/D : -1.281194
[setup reg-reg] _20469_/Q -> _21376_/D : -1.280831
[setup reg-reg] _20469_/Q -> _20768_/D : -1.279194
[setup reg-reg] _20469_/Q -> _20649_/D : -1.278856
[setup reg-reg] _20469_/Q -> _21417_/D : -1.276803
[setup reg-reg] _20469_/Q -> _20489_/D : -1.275478
[setup reg-reg] _20469_/Q -> _20585_/D : -1.274113
[setup reg-reg] _20469_/Q -> _20553_/D : -1.272337
[setup reg-reg] _20469_/Q -> _21115_/D : -1.272099
[setup reg-reg] _20469_/Q -> _20617_/D : -1.268596
[setup reg-reg] _20469_/Q -> _21243_/D : -1.268450
[setup reg-reg] _20469_/Q -> _20987_/D : -1.264617
[setup reg-reg] _20469_/Q -> _20809_/D : -1.261004
[setup reg-reg] _20469_/Q -> _20955_/D : -1.260798
[setup reg-reg] _20469_/Q -> _21151_/D : -1.246246
[setup reg-reg] _20469_/Q -> _21215_/D : -1.243905
[setup reg-reg] _20469_/Q -> _21247_/D : -1.243713
[setup reg-reg] _20469_/Q -> _21119_/D : -1.242043
[setup reg-reg] _20469_/Q -> _20543_/D : -1.240885
[setup reg-reg] _20469_/Q -> _21193_/D : -1.232646
[setup reg-reg] _20469_/Q -> _21129_/D : -1.221533
[setup reg-reg] _20469_/Q -> _21097_/D : -1.221373
[setup reg-reg] _20469_/Q -> _20681_/D : -1.220059
[setup reg-reg] _20469_/Q -> _20713_/D : -1.219021
[setup reg-reg] _20469_/Q -> _21087_/D : -1.217799
[setup reg-reg] _20469_/Q -> _21225_/D : -1.214826
[setup reg-reg] _20469_/Q -> _21001_/D : -1.214151
[setup reg-reg] _20469_/Q -> _21065_/D : -1.213667
[setup reg-reg] _20469_/Q -> _20511_/D : -1.212477
[setup reg-reg] _20469_/Q -> _21033_/D : -1.208591
[setup reg-reg] _20469_/Q -> _20969_/D : -1.207180
[setup reg-reg] _20469_/Q -> _21023_/D : -1.201794
[setup reg-reg] _20469_/Q -> _20991_/D : -1.201560
[setup reg-reg] _20469_/Q -> _21055_/D : -1.191530
[setup reg-reg] _20469_/Q -> _20518_/D : -1.132602
[setup reg-reg] _20469_/Q -> _21446_/D : -1.125688
[setup reg-reg] _20469_/Q -> _20582_/D : -1.124427
[setup reg-reg] _20469_/Q -> _20646_/D : -1.123560
[setup reg-reg] _20469_/Q -> _20550_/D : -1.119034
[setup reg-reg] _20469_/Q -> _20614_/D : -1.118558
[setup reg-reg] _20469_/Q -> _21414_/D : -1.099430
[setup reg-reg] _20469_/Q -> _20486_/D : -1.094865
[setup reg-reg] _20469_/Q -> _21286_/D : -1.093213
[setup reg-reg] _20469_/Q -> _21318_/D : -1.080636
[setup reg-reg] _20469_/Q -> _20871_/D : -1.058300
[setup reg-reg] _20469_/Q -> _21223_/D : -1.049045
[setup reg-reg] _20469_/Q -> _21423_/D : -1.047336
[setup reg-reg] _20469_/Q -> _21095_/D : -1.040739
[setup reg-reg] _20469_/Q -> _21127_/D : -1.037325
[setup reg-reg] _20469_/Q -> _21063_/D : -1.037268
[setup reg-reg] _20469_/Q -> _20999_/D : -1.036643
[setup reg-reg] _20469_/Q -> _21191_/D : -1.035652
[setup reg-reg] _20469_/Q -> _20967_/D : -1.027981
[setup reg-reg] _20469_/Q -> _20615_/D : -1.023672
[setup reg-reg] _20469_/Q -> _20519_/D : -1.021903
[setup reg-reg] _20469_/Q -> _21031_/D : -1.021299
[setup reg-reg] _20469_/Q -> _21455_/D : -1.021093
[setup reg-reg] _20469_/Q -> _20807_/D : -1.016399
[setup reg-reg] _20469_/Q -> _20551_/D : -1.009621
[setup reg-reg] _20469_/Q -> _20873_/D : -1.000192
[setup reg-reg] _20469_/Q -> _20583_/D : -0.998224
[setup reg-reg] _20469_/Q -> _20647_/D : -0.996650
[setup reg-reg] _20469_/Q -> _20487_/D : -0.989797
[setup reg-reg] _20469_/Q -> _20937_/D : -0.983647
[setup reg-reg] _20469_/Q -> _20607_/D : -0.982226
[setup reg-reg] _20469_/Q -> _20679_/D : -0.977906
[setup reg-reg] _20469_/Q -> _21447_/D : -0.977504
[setup reg-reg] _20469_/Q -> _20841_/D : -0.977064
[setup reg-reg] _20469_/Q -> _21415_/D : -0.975952
[setup reg-reg] _20469_/Q -> _20745_/D : -0.973689
[setup reg-reg] _20469_/Q -> _20711_/D : -0.973319
[setup reg-reg] _20469_/Q -> _20777_/D : -0.972207
[setup reg-reg] _20469_/Q -> _21219_/D : -0.970729
[setup reg-reg] _20469_/Q -> _21257_/D : -0.968456
[setup reg-reg] _20469_/Q -> _20515_/D : -0.965716
[setup reg-reg] _20469_/Q -> _20995_/D : -0.962704
[setup reg-reg] _20469_/Q -> _21385_/D : -0.962416
[setup reg-reg] _20469_/Q -> _20547_/D : -0.961666
[setup reg-reg] _20469_/Q -> _21187_/D : -0.960604
[setup reg-reg] _20469_/Q -> _21379_/D : -0.959989
[setup reg-reg] _20469_/Q -> _20579_/D : -0.955573
[setup reg-reg] _20469_/Q -> _21059_/D : -0.953747
[setup reg-reg] _20469_/Q -> _21161_/D : -0.953254
[setup reg-reg] _20469_/Q -> _21353_/D : -0.952362
[setup reg-reg] _20469_/Q -> _20671_/D : -0.945111
[setup reg-reg] _20469_/Q -> _21443_/D : -0.944166
[setup reg-reg] _20469_/Q -> _20639_/D : -0.943235
[setup reg-reg] _20469_/Q -> _21321_/D : -0.942205
[setup reg-reg] _20469_/Q -> _20575_/D : -0.942059
[setup reg-reg] _20469_/Q -> _21289_/D : -0.941796
[setup reg-reg] _20469_/Q -> _20739_/D : -0.938304
[setup reg-reg] _20469_/Q -> _21407_/D : -0.934435
[setup reg-reg] _20469_/Q -> _21027_/D : -0.934143
[setup reg-reg] _20469_/Q -> _20483_/D : -0.931177
[setup reg-reg] _20469_/Q -> _21343_/D : -0.931081
[setup reg-reg] _20469_/Q -> _21471_/D : -0.930335
[setup reg-reg] _20469_/Q -> _20771_/D : -0.929337
[setup reg-reg] _20469_/Q -> _20963_/D : -0.928839
[setup reg-reg] _20469_/Q -> _20611_/D : -0.928484
[setup reg-reg] _20469_/Q -> _20643_/D : -0.928335
[setup reg-reg] _20469_/Q -> _21411_/D : -0.923144
[setup reg-reg] _20469_/Q -> _21439_/D : -0.922093
[setup reg-reg] _20469_/Q -> _20707_/D : -0.919126
[setup reg-reg] _20469_/Q -> _20675_/D : -0.916469
[setup reg-reg] _20469_/Q -> _21311_/D : -0.915502
[setup reg-reg] _20469_/Q -> _21375_/D : -0.914437
[setup reg-reg] _20469_/Q -> _21233_/D : -0.889880
[setup reg-reg] _20469_/Q -> _21201_/D : -0.884530
[setup reg-reg] _20469_/Q -> _21105_/D : -0.880750
[setup reg-reg] _20469_/Q -> _21137_/D : -0.876533
[setup reg-reg] _20469_/Q -> _21265_/D : -0.874341
[setup reg-reg] _20469_/Q -> _20831_/D : -0.873680
[setup reg-reg] _20469_/Q -> _21041_/D : -0.872895
[setup reg-reg] _20469_/Q -> _21457_/D : -0.871147
[setup reg-reg] _20469_/Q -> _20753_/D : -0.859067
[setup reg-reg] _20469_/Q -> _21393_/D : -0.848555
[setup reg-reg] _20469_/Q -> _21169_/D : -0.840522
[setup reg-reg] _20469_/Q -> _21361_/D : -0.811781
[setup reg-reg] _20469_/Q -> _20935_/D : -0.807457
[setup reg-reg] _20469_/Q -> _20839_/D : -0.801631
[setup reg-reg] _20469_/Q -> _20903_/D : -0.799233
[setup reg-reg] _20469_/Q -> _20743_/D : -0.780332
[setup reg-reg] _20469_/Q -> _20775_/D : -0.773948
[setup reg-reg] _20469_/Q -> _21383_/D : -0.753722
[setup reg-reg] _20469_/Q -> _21159_/D : -0.746414
[setup reg-reg] _20469_/Q -> _21255_/D : -0.745406
[setup reg-reg] _20469_/Q -> _21319_/D : -0.729639
[setup reg-reg] _20469_/Q -> _21287_/D : -0.727088
[setup reg-reg] _20469_/Q -> _21351_/D : -0.706059
[setup reg-reg] _20469_/Q -> _21380_/D : -0.580393
[setup reg-reg] _20469_/Q -> _21252_/D : -0.577842
[setup reg-reg] _20469_/Q -> _21348_/D : -0.553424
[setup reg-reg] _20469_/Q -> _20930_/D : -0.476433
[setup reg-reg] _20469_/Q -> _20994_/D : -0.426322
[setup reg-reg] _20469_/Q -> _20834_/D : -0.423924
[setup reg-reg] _20469_/Q -> _20738_/D : -0.418403
[setup reg-reg] _20469_/Q -> _20866_/D : -0.417700
[setup reg-reg] _20469_/Q -> _21384_/D : -0.416811
[setup reg-reg] _20469_/Q -> _21090_/D : -0.414481
[setup reg-reg] _20469_/Q -> _21186_/D : -0.411102
[setup reg-reg] _20469_/Q -> _20936_/D : -0.410463
[setup reg-reg] _20469_/Q -> _21218_/D : -0.410147
[setup reg-reg] _20469_/Q -> _20898_/D : -0.409511
[setup reg-reg] _20469_/Q -> _21122_/D : -0.409216
[setup reg-reg] _20469_/Q -> _20770_/D : -0.408392
[setup reg-reg] _20469_/Q -> _20706_/D : -0.407056
[setup reg-reg] _20469_/Q -> _21058_/D : -0.404196
[setup reg-reg] _20469_/Q -> _21378_/D : -0.401439
[setup reg-reg] _20469_/Q -> _20962_/D : -0.400732
[setup reg-reg] _20469_/Q -> _21154_/D : -0.399204
[setup reg-reg] _20469_/Q -> _21346_/D : -0.396863
[setup reg-reg] _20469_/Q -> _20802_/D : -0.386056
[setup reg-reg] _20469_/Q -> _20674_/D : -0.384564
[setup reg-reg] _20469_/Q -> _21026_/D : -0.383977
[setup reg-reg] _20469_/Q -> _20902_/D : -0.311317
[setup reg-reg] _20469_/Q -> _20934_/D : -0.300584
[setup reg-reg] _20469_/Q -> _20838_/D : -0.293682
[setup reg-reg] _20469_/Q -> _20774_/D : -0.291518
[setup reg-reg] _20469_/Q -> _20870_/D : -0.290449
[setup reg-reg] _20469_/Q -> _20678_/D : -0.290314
[setup reg-reg] _20469_/Q -> _20710_/D : -0.290242
[setup reg-reg] _20469_/Q -> _20742_/D : -0.287901
[setup reg-reg] _20469_/Q -> _21125_/D : -0.280320
[setup reg-reg] _20469_/Q -> _20806_/D : -0.274845
[setup reg-reg] _20469_/Q -> _21093_/D : -0.274433
[setup reg-reg] _20469_/Q -> _21158_/D : -0.270852
[setup reg-reg] _20469_/Q -> _20966_/D : -0.225079
[setup reg-reg] _20469_/Q -> _20933_/D : -0.222173
[setup reg-reg] _20469_/Q -> _20869_/D : -0.220066
[setup reg-reg] _20469_/Q -> _21062_/D : -0.213241
[setup reg-reg] _20469_/Q -> _20901_/D : -0.212793
[setup reg-reg] _20469_/Q -> _21222_/D : -0.208654
[setup reg-reg] _20469_/Q -> _20837_/D : -0.208466
[setup reg-reg] _20469_/Q -> _20998_/D : -0.203777
[setup reg-reg] _20469_/Q -> _20677_/D : -0.201904
[setup reg-reg] _20469_/Q -> _21120_/D : -0.201883
[setup reg-reg] _20469_/Q -> _21280_/D : -0.199723
[setup reg-reg] _20469_/Q -> _21094_/D : -0.196501
[setup reg-reg] _20469_/Q -> _21126_/D : -0.195477
[setup reg-reg] _20469_/Q -> _21190_/D : -0.191385
[setup reg-reg] _20469_/Q -> _20773_/D : -0.191061
[setup reg-reg] _20469_/Q -> _21030_/D : -0.188773
[setup reg-reg] _20469_/Q -> _21382_/D : -0.182975
[setup reg-reg] _20469_/Q -> _20709_/D : -0.181732
[setup reg-reg] _20469_/Q -> _20741_/D : -0.175717
[setup reg-reg] _20469_/Q -> _21157_/D : -0.168651
[setup reg-reg] _20469_/Q -> _21189_/D : -0.159673
[setup reg-reg] _20469_/Q -> _21061_/D : -0.152422
[setup reg-reg] _20469_/Q -> _21221_/D : -0.152276
[setup reg-reg] _20469_/Q -> _20805_/D : -0.149917
[setup reg-reg] _20469_/Q -> _20997_/D : -0.144965
[setup reg-reg] _20469_/Q -> _20517_/D : -0.134804
[setup reg-reg] _20469_/Q -> _20965_/D : -0.132744
[setup reg-reg] _20469_/Q -> _21029_/D : -0.132022
[setup reg-reg] _20469_/Q -> _20485_/D : -0.114191
