
===========================================================================
report_checks -unconstrained
===========================================================================
======================= min_ff_n40C_1v95 Corner ===================================

Startpoint: ui_in[2] (input port clocked by clk)
Endpoint: uo_out[4] (output port clocked by clk)
Path Group: clk
Path Type: max

Fanout         Cap        Slew       Delay        Time   Description
---------------------------------------------------------------------------------------------
                                  0.000000    0.000000   clock clk (rise edge)
                                  0.000000    0.000000   clock network delay (propagated)
                                  8.000000    8.000000 v input external delay
     1    0.005620    0.009221    0.005200    8.005200 v ui_in[2] (in)
                                                         ui_in[2] (net)
                      0.009221    0.000000    8.005200 v input4/A (sky130_fd_sc_hd__clkdlybuf4s25_1)
     1    0.008285    0.052129    0.180357    8.185557 v input4/X (sky130_fd_sc_hd__clkdlybuf4s25_1)
                                                         net4 (net)
                      0.052130    0.000304    8.185861 v fanout2401/A (sky130_fd_sc_hd__clkdlybuf4s25_1)
     5    0.044106    0.222766    0.336122    8.521983 v fanout2401/X (sky130_fd_sc_hd__clkdlybuf4s25_1)
                                                         net2401 (net)
                      0.222771    0.001336    8.523319 v fanout2391/A (sky130_fd_sc_hd__clkdlybuf4s25_1)
     5    0.029722    0.153817    0.335842    8.859161 v fanout2391/X (sky130_fd_sc_hd__clkdlybuf4s25_1)
                                                         net2391 (net)
                      0.153831    0.001558    8.860720 v _09223_/A (sky130_fd_sc_hd__inv_2)
     1    0.004751    0.044197    0.072373    8.933093 ^ _09223_/Y (sky130_fd_sc_hd__inv_2)
                                                         _05695_ (net)
                      0.044197    0.000063    8.933156 ^ fanout2349/A (sky130_fd_sc_hd__clkdlybuf4s25_1)
     3    0.041548    0.312501    0.376996    9.310152 ^ fanout2349/X (sky130_fd_sc_hd__clkdlybuf4s25_1)
                                                         net2349 (net)
                      0.312501    0.000314    9.310466 ^ fanout2339/A (sky130_fd_sc_hd__clkdlybuf4s25_1)
     5    0.049365    0.370567    0.450199    9.760665 ^ fanout2339/X (sky130_fd_sc_hd__clkdlybuf4s25_1)
                                                         net2339 (net)
                      0.370674    0.000884    9.761548 ^ _11807_/A (sky130_fd_sc_hd__nor2_2)
     1    0.007222    0.069415    0.027163    9.788712 v _11807_/Y (sky130_fd_sc_hd__nor2_2)
                                                         _08245_ (net)
                      0.069416    0.000212    9.788923 v fanout1681/A (sky130_fd_sc_hd__clkdlybuf4s25_1)
     5    0.081293    0.406926    0.476777   10.265700 v fanout1681/X (sky130_fd_sc_hd__clkdlybuf4s25_1)
                                                         net1681 (net)
                      0.406927    0.000821   10.266521 v fanout1673/A (sky130_fd_sc_hd__clkdlybuf4s25_1)
     4    0.039728    0.202466    0.413123   10.679645 v fanout1673/X (sky130_fd_sc_hd__clkdlybuf4s25_1)
                                                         net1673 (net)
                      0.202473    0.001445   10.681089 v load_slew1674/A (sky130_fd_sc_hd__buf_4)
     3    0.051665    0.059140    0.203293   10.884382 v load_slew1674/X (sky130_fd_sc_hd__buf_4)
                                                         net1674 (net)
                      0.059175    0.001386   10.885768 v fanout1670/A (sky130_fd_sc_hd__clkdlybuf4s25_1)
     7    0.059634    0.298707    0.397765   11.283533 v fanout1670/X (sky130_fd_sc_hd__clkdlybuf4s25_1)
                                                         net1670 (net)
                      0.298733    0.002954   11.286487 v _12155_/A1 (sky130_fd_sc_hd__a21o_2)
     1    0.003893    0.027209    0.216684   11.503171 v _12155_/X (sky130_fd_sc_hd__a21o_2)
                                                         _08589_ (net)
                      0.027209    0.000046   11.503218 v _12167_/A2 (sky130_fd_sc_hd__o311a_2)
     1    0.013059    0.060754    0.261156   11.764373 v _12167_/X (sky130_fd_sc_hd__o311a_2)
                                                         _08601_ (net)
                      0.060760    0.000676   11.765049 v _12168_/D (sky130_fd_sc_hd__or4_2)
     1    0.042564    0.153171    0.436228   12.201277 v _12168_/X (sky130_fd_sc_hd__or4_2)
                                                         _08602_ (net)
                      0.153195    0.001989   12.203265 v _12187_/B (sky130_fd_sc_hd__and3_2)
     1    0.006283    0.034172    0.184520   12.387785 v _12187_/X (sky130_fd_sc_hd__and3_2)
                                                         net13 (net)
                      0.034172    0.000158   12.387943 v output13/A (sky130_fd_sc_hd__clkdlybuf4s25_1)
     1    0.034963    0.178323    0.294545   12.682488 v output13/X (sky130_fd_sc_hd__clkdlybuf4s25_1)
                                                         uo_out[4] (net)
                      0.178323    0.000371   12.682859 v uo_out[4] (out)
                                             12.682859   data arrival time

                                 40.000000   40.000000   clock clk (rise edge)
                                  0.000000   40.000000   clock network delay (propagated)
                                 -0.250000   39.750000   clock uncertainty
                                  0.000000   39.750000   clock reconvergence pessimism
                                 -8.000000   31.750000   output external delay
                                             31.750000   data required time
---------------------------------------------------------------------------------------------
                                             31.750000   data required time
                                            -12.682859   data arrival time
---------------------------------------------------------------------------------------------
                                             19.067139   slack (MET)




===========================================================================
report_checks --slack_max -0.01
============================================================================
======================= min_ff_n40C_1v95 Corner ===================================

No paths found.


===========================================================================
 report_check_types -max_slew -max_cap -max_fanout -violators
============================================================================
======================= min_ff_n40C_1v95 Corner ===================================

max slew

Pin                                        Limit        Slew       Slack
------------------------------------------------------------------------
fanout2051/A                            0.750000    1.011878   -0.261878 (VIOLATED)
fanout2048/A                            0.750000    1.011870   -0.261870 (VIOLATED)
fanout2054/A                            0.750000    1.011865   -0.261865 (VIOLATED)
fanout2052/A                            0.750000    1.011855   -0.261855 (VIOLATED)
fanout2059/A                            0.750000    1.011801   -0.261801 (VIOLATED)
fanout2061/A                            0.750000    1.011719   -0.261719 (VIOLATED)
fanout2058/A                            0.750000    1.011696   -0.261696 (VIOLATED)
fanout2062/X                            0.750000    1.011696   -0.261696 (VIOLATED)
_10332_/S                               0.750000    0.986558   -0.236558 (VIOLATED)
_10327_/B2                              0.750000    0.986554   -0.236554 (VIOLATED)
_09928_/A1                              0.750000    0.986540   -0.236540 (VIOLATED)
_10026_/B1                              0.750000    0.986535   -0.236535 (VIOLATED)
_10322_/B2                              0.750000    0.986533   -0.236533 (VIOLATED)
_09555_/A1                              0.750000    0.986528   -0.236528 (VIOLATED)
_10125_/B2                              0.750000    0.986512   -0.236512 (VIOLATED)
_10489_/B2                              0.750000    0.986508   -0.236508 (VIOLATED)
_09741_/B2                              0.750000    0.986499   -0.236499 (VIOLATED)
_09746_/B2                              0.750000    0.986497   -0.236497 (VIOLATED)
fanout1999/X                            0.750000    0.986497   -0.236497 (VIOLATED)
_10413_/C1                              0.750000    0.973251   -0.223251 (VIOLATED)
fanout1770/A                            0.750000    0.973232   -0.223232 (VIOLATED)
_10098_/A                               0.750000    0.973202   -0.223202 (VIOLATED)
_09706_/C1                              0.750000    0.973184   -0.223184 (VIOLATED)
_09837_/A1_N                            0.750000    0.973179   -0.223179 (VIOLATED)
_10151_/B2                              0.750000    0.973178   -0.223178 (VIOLATED)
_09379_/C                               0.750000    0.973174   -0.223174 (VIOLATED)
_09758_/B1                              0.750000    0.973167   -0.223167 (VIOLATED)
fanout1773/X                            0.750000    0.973166   -0.223166 (VIOLATED)
fanout2438/A                            0.750000    0.970491   -0.220491 (VIOLATED)
fanout2432/A                            0.750000    0.970447   -0.220447 (VIOLATED)
fanout2447/A                            0.750000    0.970283   -0.220283 (VIOLATED)
fanout2426/A                            0.750000    0.970249   -0.220249 (VIOLATED)
fanout2414/A                            0.750000    0.970141   -0.220141 (VIOLATED)
fanout2420/A                            0.750000    0.970140   -0.220140 (VIOLATED)
fanout2449/X                            0.750000    0.970137   -0.220137 (VIOLATED)
ANTENNA_86/DIODE                        0.750000    0.952294   -0.202294 (VIOLATED)
_10464_/B                               0.750000    0.952294   -0.202294 (VIOLATED)
fanout1631/A                            0.750000    0.952142   -0.202142 (VIOLATED)
ANTENNA_87/DIODE                        0.750000    0.952133   -0.202133 (VIOLATED)
_10406_/B1                              0.750000    0.952055   -0.202055 (VIOLATED)
_09779_/A                               0.750000    0.952015   -0.202015 (VIOLATED)
_10286_/B1                              0.750000    0.952015   -0.202015 (VIOLATED)
fanout1634/X                            0.750000    0.952015   -0.202015 (VIOLATED)
fanout1999/A                            0.750000    0.935193   -0.185194 (VIOLATED)
_10060_/B2                              0.750000    0.935130   -0.185130 (VIOLATED)
_10065_/B2                              0.750000    0.935095   -0.185095 (VIOLATED)
_09992_/A1                              0.750000    0.935071   -0.185071 (VIOLATED)
_10179_/B2                              0.750000    0.935051   -0.185051 (VIOLATED)
_10070_/S                               0.750000    0.935030   -0.185030 (VIOLATED)
_10184_/B2                              0.750000    0.935021   -0.185021 (VIOLATED)
_10163_/A                               0.750000    0.934898   -0.184898 (VIOLATED)
_09953_/A                               0.750000    0.934694   -0.184694 (VIOLATED)
_09763_/A1                              0.750000    0.934550   -0.184550 (VIOLATED)
fanout2000/X                            0.750000    0.934548   -0.184548 (VIOLATED)
_16540_/C1                              0.750000    0.926800   -0.176800 (VIOLATED)
_12766_/B                               0.750000    0.926799   -0.176799 (VIOLATED)
_15674_/A                               0.750000    0.926794   -0.176794 (VIOLATED)
_15992_/A                               0.750000    0.926764   -0.176764 (VIOLATED)
_15218_/A1                              0.750000    0.926635   -0.176635 (VIOLATED)
_15806_/A                               0.750000    0.926333   -0.176333 (VIOLATED)
_15173_/A1                              0.750000    0.926330   -0.176330 (VIOLATED)
_16355_/A                               0.750000    0.926313   -0.176313 (VIOLATED)
_15914_/A                               0.750000    0.926300   -0.176300 (VIOLATED)
fanout598/A                             0.750000    0.925449   -0.175449 (VIOLATED)
fanout599/X                             0.750000    0.925449   -0.175449 (VIOLATED)
_12806_/C                               0.750000    0.884706   -0.134706 (VIOLATED)
_13107_/B                               0.750000    0.884679   -0.134679 (VIOLATED)
_14424_/B                               0.750000    0.884589   -0.134589 (VIOLATED)
_14033_/B                               0.750000    0.884409   -0.134409 (VIOLATED)
_15050_/C                               0.750000    0.884405   -0.134405 (VIOLATED)
_14324_/B                               0.750000    0.884403   -0.134403 (VIOLATED)
_14342_/B                               0.750000    0.884399   -0.134399 (VIOLATED)
_14651_/B                               0.750000    0.884398   -0.134398 (VIOLATED)
_14051_/B                               0.750000    0.884395   -0.134395 (VIOLATED)
_14669_/B                               0.750000    0.884385   -0.134385 (VIOLATED)
_13062_/C                               0.750000    0.884383   -0.134383 (VIOLATED)
_13371_/B                               0.750000    0.884383   -0.134383 (VIOLATED)
_13044_/C                               0.750000    0.884382   -0.134382 (VIOLATED)
fanout609/X                             0.750000    0.884382   -0.134382 (VIOLATED)
_13434_/B                               0.750000    0.884373   -0.134373 (VIOLATED)
_14096_/B                               0.750000    0.884219   -0.134219 (VIOLATED)
_14714_/B                               0.750000    0.884131   -0.134131 (VIOLATED)
_13461_/B                               0.750000    0.884024   -0.134024 (VIOLATED)
_14741_/B                               0.750000    0.883523   -0.133523 (VIOLATED)
fanout611/A                             0.750000    0.883082   -0.133082 (VIOLATED)
fanout612/X                             0.750000    0.883082   -0.133082 (VIOLATED)
fanout586/A                             0.750000    0.882685   -0.132685 (VIOLATED)
fanout587/A                             0.750000    0.882644   -0.132644 (VIOLATED)
_14278_/B                               0.750000    0.882307   -0.132307 (VIOLATED)
_14605_/B                               0.750000    0.882307   -0.132307 (VIOLATED)
ANTENNA_76/DIODE                        0.750000    0.882247   -0.132247 (VIOLATED)
_15837_/B1                              0.750000    0.882245   -0.132245 (VIOLATED)
_15097_/A                               0.750000    0.882199   -0.132199 (VIOLATED)
_16066_/B1                              0.750000    0.882164   -0.132164 (VIOLATED)
_15329_/A                               0.750000    0.882145   -0.132145 (VIOLATED)
_15514_/A                               0.750000    0.882145   -0.132145 (VIOLATED)
_16288_/A                               0.750000    0.882145   -0.132145 (VIOLATED)
fanout588/X                             0.750000    0.882143   -0.132143 (VIOLATED)
_13071_/B                               0.750000    0.874988   -0.124988 (VIOLATED)
_12768_/B                               0.750000    0.874986   -0.124986 (VIOLATED)
_14388_/B                               0.750000    0.874982   -0.124982 (VIOLATED)
_13398_/B                               0.750000    0.874972   -0.124972 (VIOLATED)
_14678_/B                               0.750000    0.874915   -0.124915 (VIOLATED)
_13425_/B                               0.750000    0.874854   -0.124854 (VIOLATED)
_14060_/B                               0.750000    0.874810   -0.124810 (VIOLATED)
_14705_/B                               0.750000    0.874727   -0.124727 (VIOLATED)
fanout613/A                             0.750000    0.874559   -0.124559 (VIOLATED)
fanout614/X                             0.750000    0.874559   -0.124559 (VIOLATED)
_09531_/A                               0.750000    0.867665   -0.117665 (VIOLATED)
_09559_/B                               0.750000    0.867663   -0.117663 (VIOLATED)
_09557_/A                               0.750000    0.867663   -0.117663 (VIOLATED)
_10196_/B                               0.750000    0.867657   -0.117657 (VIOLATED)
_10195_/A                               0.750000    0.867646   -0.117646 (VIOLATED)
_10463_/A                               0.750000    0.867643   -0.117643 (VIOLATED)
_09944_/C1                              0.750000    0.867640   -0.117640 (VIOLATED)
_10485_/C1                              0.750000    0.867628   -0.117628 (VIOLATED)
_09692_/B1                              0.750000    0.867578   -0.117578 (VIOLATED)
_10121_/C1                              0.750000    0.867571   -0.117571 (VIOLATED)
fanout1627/X                            0.750000    0.867571   -0.117571 (VIOLATED)
_16250_/B1                              0.750000    0.856831   -0.106831 (VIOLATED)
_15606_/B1                              0.750000    0.856817   -0.106817 (VIOLATED)
_15403_/B2                              0.750000    0.856816   -0.106816 (VIOLATED)
_16167_/B2                              0.750000    0.856714   -0.106714 (VIOLATED)
fanout1948/A                            0.750000    0.856593   -0.106593 (VIOLATED)
ANTENNA_42/DIODE                        0.750000    0.856592   -0.106592 (VIOLATED)
_16053_/B1                              0.750000    0.856559   -0.106559 (VIOLATED)
_16420_/B1                              0.750000    0.856551   -0.106551 (VIOLATED)
ANTENNA_41/DIODE                        0.750000    0.856540   -0.106540 (VIOLATED)
fanout1944/A                            0.750000    0.856540   -0.106540 (VIOLATED)
fanout1928/A                            0.750000    0.856478   -0.106478 (VIOLATED)
ANTENNA_40/DIODE                        0.750000    0.856477   -0.106478 (VIOLATED)
fanout1958/A                            0.750000    0.856407   -0.106407 (VIOLATED)
fanout1939/A                            0.750000    0.856227   -0.106227 (VIOLATED)
fanout1959/X                            0.750000    0.856226   -0.106226 (VIOLATED)
_15486_/B2                              0.750000    0.856177   -0.106177 (VIOLATED)
fanout577/A                             0.750000    0.855535   -0.105535 (VIOLATED)
fanout578/X                             0.750000    0.855535   -0.105535 (VIOLATED)
_12891_/C                               0.750000    0.844530   -0.094530 (VIOLATED)
_14505_/B                               0.750000    0.844510   -0.094510 (VIOLATED)
_14832_/B                               0.750000    0.844505   -0.094505 (VIOLATED)
_13225_/B                               0.750000    0.844488   -0.094488 (VIOLATED)
_13515_/B                               0.750000    0.844461   -0.094461 (VIOLATED)
_13243_/B                               0.750000    0.844425   -0.094425 (VIOLATED)
_12909_/C                               0.750000    0.844368   -0.094368 (VIOLATED)
_14195_/B                               0.750000    0.844269   -0.094269 (VIOLATED)
_14177_/B                               0.750000    0.844144   -0.094144 (VIOLATED)
_14523_/B                               0.750000    0.844056   -0.094056 (VIOLATED)
fanout855/X                             0.750000    0.844051   -0.094051 (VIOLATED)
_15217_/A1                              0.750000    0.841409   -0.091409 (VIOLATED)
_15728_/A1                              0.750000    0.841113   -0.091113 (VIOLATED)
_15589_/B2                              0.750000    0.841037   -0.091037 (VIOLATED)
fanout550/A                             0.750000    0.841000   -0.091000 (VIOLATED)
fanout549/A                             0.750000    0.840986   -0.090986 (VIOLATED)
fanout551/X                             0.750000    0.840986   -0.090986 (VIOLATED)
fanout944/A                             0.750000    0.836492   -0.086492 (VIOLATED)
fanout946/A                             0.750000    0.836470   -0.086470 (VIOLATED)
fanout948/A                             0.750000    0.836467   -0.086467 (VIOLATED)
fanout957/A                             0.750000    0.836178   -0.086178 (VIOLATED)
fanout963/A                             0.750000    0.836099   -0.086099 (VIOLATED)
fanout965/A                             0.750000    0.835991   -0.085991 (VIOLATED)
fanout962/A                             0.750000    0.835926   -0.085926 (VIOLATED)
fanout971/A                             0.750000    0.835869   -0.085869 (VIOLATED)
fanout972/X                             0.750000    0.835869   -0.085869 (VIOLATED)
fanout872/A                             0.750000    0.832340   -0.082340 (VIOLATED)
fanout880/A                             0.750000    0.832260   -0.082260 (VIOLATED)
fanout901/A                             0.750000    0.831886   -0.081886 (VIOLATED)
fanout897/A                             0.750000    0.831794   -0.081794 (VIOLATED)
fanout912/A                             0.750000    0.831722   -0.081722 (VIOLATED)
fanout913/X                             0.750000    0.831720   -0.081720 (VIOLATED)
fanout655/A                             0.750000    0.827245   -0.077245 (VIOLATED)
fanout657/A                             0.750000    0.827214   -0.077214 (VIOLATED)
fanout654/A                             0.750000    0.827186   -0.077186 (VIOLATED)
fanout662/A                             0.750000    0.827116   -0.077116 (VIOLATED)
fanout666/A                             0.750000    0.826887   -0.076887 (VIOLATED)
fanout676/A                             0.750000    0.826813   -0.076813 (VIOLATED)
fanout677/X                             0.750000    0.826813   -0.076813 (VIOLATED)
_14249_/B                               0.750000    0.824176   -0.074176 (VIOLATED)
_12967_/C                               0.750000    0.824144   -0.074144 (VIOLATED)
_14577_/B                               0.750000    0.824123   -0.074123 (VIOLATED)
_14904_/B                               0.750000    0.824116   -0.074116 (VIOLATED)
_13297_/B                               0.750000    0.824083   -0.074083 (VIOLATED)
_13624_/B                               0.750000    0.824052   -0.074052 (VIOLATED)
_13315_/B                               0.750000    0.823950   -0.073950 (VIOLATED)
_12985_/C                               0.750000    0.823921   -0.073921 (VIOLATED)
_14267_/B                               0.750000    0.823777   -0.073777 (VIOLATED)
_14595_/B                               0.750000    0.823644   -0.073644 (VIOLATED)
fanout739/X                             0.750000    0.823644   -0.073644 (VIOLATED)
_13134_/B                               0.750000    0.814987   -0.064987 (VIOLATED)
_12833_/C                               0.750000    0.814978   -0.064979 (VIOLATED)
_14451_/B                               0.750000    0.814971   -0.064971 (VIOLATED)
_13443_/B                               0.750000    0.814968   -0.064968 (VIOLATED)
_13116_/B                               0.750000    0.814968   -0.064968 (VIOLATED)
_14723_/B                               0.750000    0.814964   -0.064964 (VIOLATED)
_14123_/B                               0.750000    0.814964   -0.064964 (VIOLATED)
_14433_/B                               0.750000    0.814946   -0.064946 (VIOLATED)
_14105_/B                               0.750000    0.814945   -0.064945 (VIOLATED)
_12815_/C                               0.750000    0.814944   -0.064944 (VIOLATED)
fanout611/X                             0.750000    0.814944   -0.064944 (VIOLATED)
_14141_/B                               0.750000    0.813799   -0.063799 (VIOLATED)
_12853_/C                               0.750000    0.813776   -0.063776 (VIOLATED)
_14796_/B                               0.750000    0.813770   -0.063770 (VIOLATED)
_14469_/B                               0.750000    0.813760   -0.063760 (VIOLATED)
_13479_/B                               0.750000    0.813567   -0.063567 (VIOLATED)
_13189_/B                               0.750000    0.813491   -0.063491 (VIOLATED)
_13207_/B                               0.750000    0.813438   -0.063438 (VIOLATED)
ANTENNA_77/DIODE                        0.750000    0.813437   -0.063437 (VIOLATED)
_12871_/C                               0.750000    0.813340   -0.063340 (VIOLATED)
ANTENNA_78/DIODE                        0.750000    0.813169   -0.063169 (VIOLATED)
_14159_/B                               0.750000    0.813160   -0.063160 (VIOLATED)
_14487_/B                               0.750000    0.812984   -0.062984 (VIOLATED)
fanout914/X                             0.750000    0.812980   -0.062980 (VIOLATED)
_15281_/B1                              0.750000    0.798218   -0.048218 (VIOLATED)
_15956_/A1                              0.750000    0.798206   -0.048206 (VIOLATED)
_16506_/B2                              0.750000    0.798196   -0.048196 (VIOLATED)
_15581_/B1                              0.750000    0.798171   -0.048171 (VIOLATED)
_16216_/B1                              0.750000    0.798163   -0.048163 (VIOLATED)
_16136_/B1                              0.750000    0.798142   -0.048142 (VIOLATED)
_13326_/C                               0.750000    0.798093   -0.048093 (VIOLATED)
_15259_/B1                              0.750000    0.798019   -0.048019 (VIOLATED)
_13380_/C                               0.750000    0.797307   -0.047307 (VIOLATED)
_13344_/C                               0.750000    0.797304   -0.047304 (VIOLATED)
fanout566/X                             0.750000    0.797304   -0.047304 (VIOLATED)
fanout855/A                             0.750000    0.797041   -0.047041 (VIOLATED)
ANTENNA_28/DIODE                        0.750000    0.797041   -0.047041 (VIOLATED)
_14850_/B                               0.750000    0.797027   -0.047027 (VIOLATED)
ANTENNA_27/DIODE                        0.750000    0.797027   -0.047027 (VIOLATED)
_13533_/B                               0.750000    0.796858   -0.046858 (VIOLATED)
_14168_/B                               0.750000    0.796792   -0.046792 (VIOLATED)
_14823_/B                               0.750000    0.796790   -0.046790 (VIOLATED)
_13506_/B                               0.750000    0.796734   -0.046734 (VIOLATED)
_14496_/B                               0.750000    0.796504   -0.046504 (VIOLATED)
_13216_/B                               0.750000    0.796441   -0.046441 (VIOLATED)
_12882_/C                               0.750000    0.796422   -0.046422 (VIOLATED)
fanout856/X                             0.750000    0.796422   -0.046422 (VIOLATED)
_15713_/B1                              0.750000    0.792591   -0.042591 (VIOLATED)
_15317_/A1                              0.750000    0.792589   -0.042589 (VIOLATED)
_14606_/C                               0.750000    0.792563   -0.042563 (VIOLATED)
_16115_/B1                              0.750000    0.792560   -0.042560 (VIOLATED)
_16211_/B1                              0.750000    0.792527   -0.042527 (VIOLATED)
_15921_/B1                              0.750000    0.792460   -0.042460 (VIOLATED)
_16506_/A1                              0.750000    0.792368   -0.042368 (VIOLATED)
_15589_/A1                              0.750000    0.792314   -0.042314 (VIOLATED)
fanout544/A                             0.750000    0.791869   -0.041869 (VIOLATED)
_16447_/A1                              0.750000    0.791868   -0.041868 (VIOLATED)
fanout545/X                             0.750000    0.791867   -0.041867 (VIOLATED)
_12676_/A                               0.750000    0.789650   -0.039650 (VIOLATED)
_12699_/A                               0.750000    0.789649   -0.039649 (VIOLATED)
_12693_/A                               0.750000    0.789648   -0.039649 (VIOLATED)
_12686_/A                               0.750000    0.789647   -0.039647 (VIOLATED)
_12761_/B1                              0.750000    0.789621   -0.039621 (VIOLATED)
fanout616/A                             0.750000    0.789484   -0.039484 (VIOLATED)
fanout617/X                             0.750000    0.789480   -0.039480 (VIOLATED)
fanout739/A                             0.750000    0.788446   -0.038446 (VIOLATED)
_14922_/B                               0.750000    0.788353   -0.038353 (VIOLATED)
_13642_/B                               0.750000    0.788210   -0.038210 (VIOLATED)
_14895_/B                               0.750000    0.788162   -0.038162 (VIOLATED)
_14240_/B                               0.750000    0.788125   -0.038125 (VIOLATED)
_13615_/B                               0.750000    0.788010   -0.038010 (VIOLATED)
_12958_/C                               0.750000    0.787972   -0.037972 (VIOLATED)
_13288_/B                               0.750000    0.787971   -0.037971 (VIOLATED)
_14568_/B                               0.750000    0.787970   -0.037970 (VIOLATED)
fanout740/X                             0.750000    0.787969   -0.037969 (VIOLATED)
fanout914/A                             0.750000    0.782082   -0.032082 (VIOLATED)
_14814_/B                               0.750000    0.782044   -0.032044 (VIOLATED)
_13497_/B                               0.750000    0.781864   -0.031864 (VIOLATED)
_14787_/B                               0.750000    0.781788   -0.031788 (VIOLATED)
_14132_/B                               0.750000    0.781761   -0.031761 (VIOLATED)
ANTENNA_79/DIODE                        0.750000    0.781561   -0.031561 (VIOLATED)
_13470_/B                               0.750000    0.781552   -0.031552 (VIOLATED)
_14460_/B                               0.750000    0.781404   -0.031404 (VIOLATED)
_13180_/B                               0.750000    0.781386   -0.031386 (VIOLATED)
_12844_/C                               0.750000    0.781385   -0.031385 (VIOLATED)
fanout915/X                             0.750000    0.781385   -0.031385 (VIOLATED)
_14868_/B                               0.750000    0.773596   -0.023596 (VIOLATED)
_14541_/B                               0.750000    0.773595   -0.023595 (VIOLATED)
_12929_/C                               0.750000    0.773568   -0.023568 (VIOLATED)
_13588_/B                               0.750000    0.773553   -0.023553 (VIOLATED)
_13261_/B                               0.750000    0.773553   -0.023553 (VIOLATED)
_13279_/B                               0.750000    0.773553   -0.023553 (VIOLATED)
_14213_/B                               0.750000    0.773547   -0.023547 (VIOLATED)
_12947_/C                               0.750000    0.773544   -0.023544 (VIOLATED)
_14231_/B                               0.750000    0.773524   -0.023524 (VIOLATED)
_14559_/B                               0.750000    0.773496   -0.023496 (VIOLATED)
fanout797/X                             0.750000    0.773493   -0.023493 (VIOLATED)
_13015_/C                               0.750000    0.763175   -0.013175 (VIOLATED)
_13053_/B                               0.750000    0.763174   -0.013174 (VIOLATED)
_16106_/B1                              0.750000    0.763133   -0.013133 (VIOLATED)
_16231_/B1                              0.750000    0.763131   -0.013132 (VIOLATED)
_15235_/B1                              0.750000    0.763125   -0.013126 (VIOLATED)
_12997_/C                               0.750000    0.763104   -0.013104 (VIOLATED)
_15291_/B1                              0.750000    0.763045   -0.013045 (VIOLATED)
_15563_/B1                              0.750000    0.763041   -0.013041 (VIOLATED)
_16496_/A1                              0.750000    0.763030   -0.013030 (VIOLATED)
_15956_/B2                              0.750000    0.762954   -0.012954 (VIOLATED)
fanout571/X                             0.750000    0.762954   -0.012954 (VIOLATED)
_15174_/A1                              0.750000    0.759397   -0.009397 (VIOLATED)
_15448_/A                               0.750000    0.759385   -0.009385 (VIOLATED)
_16484_/B1                              0.750000    0.759330   -0.009330 (VIOLATED)
_15229_/B1                              0.750000    0.759279   -0.009280 (VIOLATED)
fanout797/A                             0.750000    0.759138   -0.009138 (VIOLATED)
_14886_/B                               0.750000    0.759031   -0.009031 (VIOLATED)
_15739_/B1                              0.750000    0.758987   -0.008988 (VIOLATED)
_15536_/A                               0.750000    0.758942   -0.008942 (VIOLATED)
_15362_/A1                              0.750000    0.758906   -0.008906 (VIOLATED)
_16100_/A1                              0.750000    0.758905   -0.008905 (VIOLATED)
_16099_/A1                              0.750000    0.758904   -0.008904 (VIOLATED)
_15130_/A1                              0.750000    0.758892   -0.008892 (VIOLATED)
fanout590/X                             0.750000    0.758891   -0.008891 (VIOLATED)
_13606_/B                               0.750000    0.758876   -0.008876 (VIOLATED)
_14204_/B                               0.750000    0.758835   -0.008835 (VIOLATED)
_14859_/B                               0.750000    0.758802   -0.008802 (VIOLATED)
_13579_/B                               0.750000    0.758679   -0.008679 (VIOLATED)
_14532_/B                               0.750000    0.758641   -0.008641 (VIOLATED)
_12920_/C                               0.750000    0.758640   -0.008640 (VIOLATED)
_13252_/B                               0.750000    0.758640   -0.008640 (VIOLATED)
fanout798/X                             0.750000    0.758639   -0.008639 (VIOLATED)
fanout2200/A                            0.750000    0.757507   -0.007507 (VIOLATED)
fanout2196/A                            0.750000    0.757490   -0.007490 (VIOLATED)
ANTENNA_45/DIODE                        0.750000    0.757490   -0.007490 (VIOLATED)
fanout2187/A                            0.750000    0.757440   -0.007440 (VIOLATED)
fanout2189/A                            0.750000    0.757426   -0.007426 (VIOLATED)
fanout2193/A                            0.750000    0.757330   -0.007330 (VIOLATED)
fanout2198/A                            0.750000    0.757328   -0.007328 (VIOLATED)
fanout2191/A                            0.750000    0.757303   -0.007303 (VIOLATED)
fanout2202/X                            0.750000    0.757303   -0.007303 (VIOLATED)
_15632_/B1                              0.750000    0.752260   -0.002260 (VIOLATED)
_16260_/B1                              0.750000    0.752258   -0.002258 (VIOLATED)
_15394_/A1                              0.750000    0.752253   -0.002253 (VIOLATED)
_16158_/B2                              0.750000    0.752241   -0.002241 (VIOLATED)
_14750_/A                               0.750000    0.752178   -0.002178 (VIOLATED)
_12645_/B                               0.750000    0.752178   -0.002178 (VIOLATED)
_14931_/A                               0.750000    0.752178   -0.002178 (VIOLATED)
_13949_/A                               0.750000    0.752171   -0.002171 (VIOLATED)
_16039_/B1                              0.750000    0.752118   -0.002118 (VIOLATED)
fanout582/A                             0.750000    0.752100   -0.002100 (VIOLATED)
fanout583/X                             0.750000    0.752099   -0.002099 (VIOLATED)
_12958_/B                               0.750000    0.750230   -0.000230 (VIOLATED)
_15041_/B                               0.750000    0.750228   -0.000228 (VIOLATED)
_12844_/B                               0.750000    0.750225   -0.000225 (VIOLATED)
_12806_/B                               0.750000    0.750225   -0.000225 (VIOLATED)
_12882_/B                               0.750000    0.750219   -0.000219 (VIOLATED)
_12920_/B                               0.750000    0.750218   -0.000218 (VIOLATED)
_12768_/C                               0.750000    0.750190   -0.000190 (VIOLATED)

max fanout

Pin                                   Limit Fanout  Slack
---------------------------------------------------------
clkbuf_2_0_0_clk/X                       10     16     -6 (VIOLATED)
clkbuf_2_1_0_clk/X                       10     16     -6 (VIOLATED)
clkbuf_2_2_0_clk/X                       10     16     -6 (VIOLATED)
clkbuf_2_3_0_clk/X                       10     16     -6 (VIOLATED)
clkbuf_leaf_23_clk/X                     10     12     -2 (VIOLATED)
clkbuf_leaf_278_clk/X                    10     12     -2 (VIOLATED)
clkbuf_leaf_287_clk/X                    10     12     -2 (VIOLATED)
clkbuf_leaf_288_clk/X                    10     12     -2 (VIOLATED)
clkbuf_leaf_6_clk/X                      10     12     -2 (VIOLATED)
clkbuf_leaf_72_clk/X                     10     12     -2 (VIOLATED)
fanout914/X                              10     12     -2 (VIOLATED)
clkbuf_leaf_100_clk/X                    10     11        (VIOLATED)
clkbuf_leaf_110_clk/X                    10     11        (VIOLATED)
clkbuf_leaf_115_clk/X                    10     11        (VIOLATED)
clkbuf_leaf_117_clk/X                    10     11        (VIOLATED)
clkbuf_leaf_118_clk/X                    10     11        (VIOLATED)
clkbuf_leaf_123_clk/X                    10     11        (VIOLATED)
clkbuf_leaf_124_clk/X                    10     11        (VIOLATED)
clkbuf_leaf_128_clk/X                    10     11        (VIOLATED)
clkbuf_leaf_129_clk/X                    10     11        (VIOLATED)
clkbuf_leaf_132_clk/X                    10     11        (VIOLATED)
clkbuf_leaf_134_clk/X                    10     11        (VIOLATED)
clkbuf_leaf_142_clk/X                    10     11        (VIOLATED)
clkbuf_leaf_167_clk/X                    10     11        (VIOLATED)
clkbuf_leaf_171_clk/X                    10     11        (VIOLATED)
clkbuf_leaf_176_clk/X                    10     11        (VIOLATED)
clkbuf_leaf_186_clk/X                    10     11        (VIOLATED)
clkbuf_leaf_188_clk/X                    10     11        (VIOLATED)
clkbuf_leaf_197_clk/X                    10     11        (VIOLATED)
clkbuf_leaf_199_clk/X                    10     11        (VIOLATED)
clkbuf_leaf_1_clk/X                      10     11        (VIOLATED)
clkbuf_leaf_224_clk/X                    10     11        (VIOLATED)
clkbuf_leaf_228_clk/X                    10     11        (VIOLATED)
clkbuf_leaf_243_clk/X                    10     11        (VIOLATED)
clkbuf_leaf_250_clk/X                    10     11        (VIOLATED)
clkbuf_leaf_25_clk/X                     10     11        (VIOLATED)
clkbuf_leaf_27_clk/X                     10     11        (VIOLATED)
clkbuf_leaf_281_clk/X                    10     11        (VIOLATED)
clkbuf_leaf_290_clk/X                    10     11        (VIOLATED)
clkbuf_leaf_312_clk/X                    10     11        (VIOLATED)
clkbuf_leaf_317_clk/X                    10     11        (VIOLATED)
clkbuf_leaf_319_clk/X                    10     11        (VIOLATED)
clkbuf_leaf_322_clk/X                    10     11        (VIOLATED)
clkbuf_leaf_37_clk/X                     10     11        (VIOLATED)
clkbuf_leaf_38_clk/X                     10     11        (VIOLATED)
clkbuf_leaf_39_clk/X                     10     11        (VIOLATED)
clkbuf_leaf_40_clk/X                     10     11        (VIOLATED)
clkbuf_leaf_65_clk/X                     10     11        (VIOLATED)
clkbuf_leaf_68_clk/X                     10     11        (VIOLATED)
clkbuf_leaf_69_clk/X                     10     11        (VIOLATED)
clkbuf_leaf_76_clk/X                     10     11        (VIOLATED)
clkbuf_leaf_78_clk/X                     10     11        (VIOLATED)
clkbuf_leaf_79_clk/X                     10     11        (VIOLATED)
clkbuf_leaf_7_clk/X                      10     11        (VIOLATED)
clkbuf_leaf_82_clk/X                     10     11        (VIOLATED)
clkbuf_leaf_85_clk/X                     10     11        (VIOLATED)
clkbuf_leaf_89_clk/X                     10     11        (VIOLATED)
clkbuf_leaf_90_clk/X                     10     11        (VIOLATED)
fanout232/X                              10     11        (VIOLATED)
fanout265/X                              10     11        (VIOLATED)
fanout332/X                              10     11        (VIOLATED)
fanout426/X                              10     11        (VIOLATED)
fanout457/X                              10     11        (VIOLATED)
fanout474/X                              10     11        (VIOLATED)
fanout588/X                              10     11        (VIOLATED)
fanout856/X                              10     11        (VIOLATED)

max capacitance

Pin                                        Limit         Cap       Slack
------------------------------------------------------------------------
clkbuf_2_1_0_clk/X                      0.200000    0.211341   -0.011341 (VIOLATED)



===========================================================================
report_parasitic_annotation -report_unannotated
============================================================================
Found 230 unannotated drivers.
 ena
 ui_in[7]
 uio_in[0]
 uio_in[1]
 uio_in[2]
 uio_in[3]
 uio_in[4]
 uio_in[5]
 uio_in[6]
 uio_in[7]
 clkload0/X
 clkload1/X
 clkload10/X
 clkload100/Y
 clkload101/X
 clkload102/X
 clkload103/X
 clkload104/X
 clkload105/Y
 clkload106/X
 clkload107/Y
 clkload108/X
 clkload109/X
 clkload11/X
 clkload110/X
 clkload111/X
 clkload112/X
 clkload113/X
 clkload114/X
 clkload115/X
 clkload116/X
 clkload117/X
 clkload118/X
 clkload119/X
 clkload12/X
 clkload120/X
 clkload121/Y
 clkload122/X
 clkload123/Y
 clkload124/X
 clkload125/X
 clkload126/X
 clkload127/X
 clkload128/Y
 clkload129/Y
 clkload13/X
 clkload130/X
 clkload131/X
 clkload132/X
 clkload133/X
 clkload134/X
 clkload135/Y
 clkload136/X
 clkload137/X
 clkload138/X
 clkload139/X
 clkload14/X
 clkload140/X
 clkload141/X
 clkload142/X
 clkload143/X
 clkload144/Y
 clkload145/X
 clkload146/X
 clkload147/X
 clkload148/X
 clkload149/X
 clkload15/X
 clkload150/X
 clkload151/X
 clkload152/X
 clkload153/X
 clkload154/X
 clkload155/X
 clkload156/X
 clkload157/X
 clkload158/X
 clkload159/Y
 clkload16/X
 clkload160/X
 clkload161/X
 clkload162/X
 clkload163/X
 clkload164/X
 clkload165/Y
 clkload166/Y
 clkload167/Y
 clkload168/Y
 clkload169/X
 clkload17/X
 clkload170/X
 clkload171/X
 clkload172/X
 clkload173/X
 clkload174/X
 clkload175/X
 clkload176/Y
 clkload177/X
 clkload178/X
 clkload179/Y
 clkload18/X
 clkload180/X
 clkload181/X
 clkload182/X
 clkload183/Y
 clkload184/X
 clkload185/X
 clkload186/X
 clkload187/X
 clkload188/X
 clkload189/X
 clkload19/X
 clkload190/X
 clkload191/X
 clkload192/X
 clkload193/X
 clkload194/X
 clkload195/Y
 clkload196/X
 clkload197/X
 clkload198/X
 clkload199/X
 clkload2/X
 clkload20/X
 clkload200/Y
 clkload201/X
 clkload202/X
 clkload203/Y
 clkload21/X
 clkload22/X
 clkload23/X
 clkload24/X
 clkload25/X
 clkload26/X
 clkload27/X
 clkload28/X
 clkload29/X
 clkload3/X
 clkload30/X
 clkload31/X
 clkload32/X
 clkload33/X
 clkload34/X
 clkload35/X
 clkload36/X
 clkload37/X
 clkload38/X
 clkload39/X
 clkload4/X
 clkload40/X
 clkload41/X
 clkload42/X
 clkload43/X
 clkload44/X
 clkload45/X
 clkload46/X
 clkload47/X
 clkload48/X
 clkload49/X
 clkload5/X
 clkload50/X
 clkload51/X
 clkload52/X
 clkload53/X
 clkload54/X
 clkload55/X
 clkload56/X
 clkload57/X
 clkload58/X
 clkload59/Y
 clkload6/X
 clkload60/Y
 clkload61/X
 clkload62/X
 clkload63/X
 clkload64/X
 clkload65/X
 clkload66/X
 clkload67/X
 clkload68/X
 clkload69/X
 clkload7/X
 clkload70/X
 clkload71/X
 clkload72/X
 clkload73/X
 clkload74/X
 clkload75/X
 clkload76/X
 clkload77/X
 clkload78/X
 clkload79/X
 clkload8/X
 clkload80/Y
 clkload81/Y
 clkload82/Y
 clkload83/Y
 clkload84/Y
 clkload85/Y
 clkload86/Y
 clkload87/X
 clkload88/X
 clkload89/X
 clkload9/X
 clkload90/X
 clkload91/X
 clkload92/X
 clkload93/Y
 clkload94/Y
 clkload95/X
 clkload96/X
 clkload97/X
 clkload98/X
 clkload99/X
 tt_um_cleave/HI
 tt_um_cleave_2523/HI
 tt_um_cleave_2524/HI
 tt_um_cleave_2525/HI
 tt_um_cleave_2526/HI
 tt_um_cleave_2527/HI
 tt_um_cleave_2528/HI
 tt_um_cleave_2529/HI
 tt_um_cleave_2530/HI
 tt_um_cleave_2531/HI
 tt_um_cleave_2532/HI
 tt_um_cleave_2533/HI
 tt_um_cleave_2534/HI
 tt_um_cleave_2535/HI
 tt_um_cleave_2536/HI
 tt_um_cleave_2537/HI
Found 0 partially unannotated drivers.

===========================================================================
max slew violation count 343
max fanout violation count 66
max cap violation count 1
============================================================================

===========================================================================
check_setup -verbose -unconstrained_endpoints -multiple_clock -no_clock -no_input_delay -loops -generated_clocks
===========================================================================
