Clock: clk
Sources: clk 
Generated: no
Virtual: yes
Propagated: no
Period: 40.000000

===========================================================================
report_clock_properties
============================================================================
Clock                   Period          Waveform
----------------------------------------------------
clk                  40.000000    0.000000 20.000000

===========================================================================
report_clock_latency
============================================================================
Clock clk
rise -> rise
    min     max
0.000000 0.000000 source latency
0.861832         network latency _20200_/CLK
        1.017022 network latency _20617_/CLK
---------------
0.861832 1.017022 latency
        0.155190 skew

fall -> fall
    min     max
0.000000 0.000000 source latency
0.707372         network latency _20200_/CLK
        0.828305 network latency _20617_/CLK
---------------
0.707372 0.828305 latency
        0.120933 skew



===========================================================================
report_clock_min_period
============================================================================
clk period_min = 14.44 fmax = 69.25
