Clock: clk
Sources: clk 
Generated: no
Virtual: yes
Propagated: no
Period: 40.000000

===========================================================================
report_clock_properties
============================================================================
Clock                   Period          Waveform
----------------------------------------------------
clk                  40.000000    0.000000 20.000000

===========================================================================
report_clock_latency
============================================================================
Clock clk
rise -> rise
    min     max
0.000000 0.000000 source latency
1.062952         network latency _19441_/CLK
        1.220304 network latency _20761_/CLK
---------------
1.062952 1.220304 latency
        0.157352 skew

fall -> fall
    min     max
0.000000 0.000000 source latency
0.888448         network latency _19441_/CLK
        1.014643 network latency _20761_/CLK
---------------
0.888448 1.014643 latency
        0.126194 skew



===========================================================================
report_clock_min_period
============================================================================
clk period_min = 19.44 fmax = 51.45
