
===========================================================================
 report_power
============================================================================
======================= nom_tt_025C_1v80 Corner ===================================

Group                    Internal    Switching      Leakage        Total
                            Power        Power        Power        Power (Watts)
------------------------------------------------------------------------
Sequential           3.386405e-03 1.990663e-04 2.657289e-08 3.585497e-03  28.9%
Combinational        3.407618e-03 3.172854e-03 7.292127e-08 6.580545e-03  53.1%
Clock                1.198411e-03 1.029015e-03 5.587060e-09 2.227432e-03  18.0%
Macro                0.000000e+00 0.000000e+00 0.000000e+00 0.000000e+00   0.0%
Pad                  0.000000e+00 0.000000e+00 0.000000e+00 0.000000e+00   0.0%
------------------------------------------------------------------------
Total                7.992443e-03 4.400922e-03 1.050786e-07 1.239347e-02 100.0%
                            64.5%        35.5%         0.0%
Writing metric power__internal__total: 0.007992442697286606
Writing metric power__switching__total: 0.004400921519845724
Writing metric power__leakage__total: 1.0507860537245506e-7
Writing metric power__total: 0.012393469922244549

