Clock: clk
Sources: clk 
Generated: no
Virtual: no
Propagated: no
Period: 40.000000

===========================================================================
report_clock_properties
============================================================================
Clock                   Period          Waveform
----------------------------------------------------
clk                  40.000000    0.000000 20.000000

===========================================================================
report_clock_latency
============================================================================
Clock clk
rise -> rise
    min     max
0.000000 0.000000 source latency
16.867378         network latency _18402_/CLK
        18.642891 network latency _18402_/CLK
---------------
16.867378 18.642891 latency
        1.775513 skew

fall -> fall
    min     max
0.000000 0.000000 source latency
8.127937         network latency _18402_/CLK
        8.983511 network latency _18402_/CLK
---------------
8.127937 8.983511 latency
        0.855573 skew



===========================================================================
report_clock_min_period
============================================================================
clk period_min = 17.39 fmax = 57.51
