
===========================================================================
 report_power
============================================================================
======================= nom_tt_025C_1v80 Corner ===================================

Group                    Internal    Switching      Leakage        Total
                            Power        Power        Power        Power (Watts)
------------------------------------------------------------------------
Sequential           3.383248e-03 1.770071e-04 2.657289e-08 3.560281e-03  49.0%
Combinational        2.407364e-03 1.295089e-03 4.239935e-08 3.702496e-03  51.0%
Clock                0.000000e+00 0.000000e+00 0.000000e+00 0.000000e+00   0.0%
Macro                0.000000e+00 0.000000e+00 0.000000e+00 0.000000e+00   0.0%
Pad                  0.000000e+00 0.000000e+00 0.000000e+00 0.000000e+00   0.0%
------------------------------------------------------------------------
Total                5.790707e-03 1.472097e-03 6.897382e-08 7.262873e-03 100.0%
                            79.7%        20.3%         0.0%

