Clock: clk
Sources: clk 
Generated: no
Virtual: yes
Propagated: no
Period: 40.000000

===========================================================================
report_clock_properties
============================================================================
Clock                   Period          Waveform
----------------------------------------------------
clk                  40.000000    0.000000 20.000000

===========================================================================
report_clock_latency
============================================================================
Clock clk
rise -> rise
    min     max
0.000000 0.000000 source latency
1.392394         network latency _20200_/CLK
        1.659014 network latency _20617_/CLK
---------------
1.392394 1.659014 latency
        0.266620 skew

fall -> fall
    min     max
0.000000 0.000000 source latency
1.128999         network latency _20200_/CLK
        1.338636 network latency _20617_/CLK
---------------
1.128999 1.338636 latency
        0.209637 skew



===========================================================================
report_clock_min_period
============================================================================
clk period_min = 24.23 fmax = 41.27
