
===========================================================================
 report_power
============================================================================
======================= max_tt_025C_1v80 Corner ===================================

Group                    Internal    Switching      Leakage        Total
                            Power        Power        Power        Power (Watts)
------------------------------------------------------------------------
Sequential           3.384583e-03 2.285949e-04 2.657289e-08 3.613204e-03  25.3%
Combinational        3.421782e-03 4.773232e-03 7.292337e-08 8.195086e-03  57.3%
Clock                1.199407e-03 1.283716e-03 1.381977e-07 2.483261e-03  17.4%
Macro                0.000000e+00 0.000000e+00 0.000000e+00 0.000000e+00   0.0%
Pad                  0.000000e+00 0.000000e+00 0.000000e+00 0.000000e+00   0.0%
------------------------------------------------------------------------
Total                8.005776e-03 6.285527e-03 2.376867e-07 1.429154e-02 100.0%
                            56.0%        44.0%         0.0%

