Reading timing models for corner nom_tt_025C_1v80…
Reading timing library for the 'nom_tt_025C_1v80' corner at '/home/nitro/.ciel/ciel/sky130/versions/8afc8346a57fe1ab7934ba5a6056ea8b43078e71/sky130A/libs.ref/sky130_fd_sc_hd/lib/sky130_fd_sc_hd__tt_025C_1v80.lib'…
Reading OpenROAD database at '/mnt/c/Users/Nitro/Desktop/ASIC/Projects/cleave/runs/RUN_2026-09-01_13-22-07/35-openroad-globalrouting/tt_um_cleave.odb'…
Reading design constraints file at '/nix/store/pyjad0nmv834qyrz9qicmvljgxnyd00p-python3-3.13.9-env/lib/python3.13/site-packages/librelane/scripts/base.sdc'…
[INFO] Using clock clk…
[INFO] Setting output delay to: 8.0
[INFO] Setting input delay to: 8.0
[INFO] Setting load to: 0.033442
[INFO] Setting clock uncertainty to: 0.25
[INFO] Setting clock transition to: 0.1499999999999999944488848768742172978818416595458984375
[INFO] Setting timing derate to: 5.0%
+ repair_antennas sky130_fd_sc_hd__diode_2 -iterations 3 -ratio_margin 10 -allow_congestion
[INFO GRT-0012] Found 148 antenna violations.
[INFO GRT-0302] Inserted 186 jumpers for 138 nets.
[INFO GRT-0012] Found 26 antenna violations.
[WARNING GRT-0243] Unable to repair antennas on net with diodes.
[INFO GRT-0015] Inserted 47 diodes.
[INFO GRT-0012] Found 47 antenna violations.
[INFO GRT-0302] Inserted 51 jumpers for 46 nets.
[INFO GRT-0012] Found 2 antenna violations.
[INFO GRT-0015] Inserted 3 diodes.
[INFO GRT-0012] Found 2 antenna violations.
[INFO GRT-0302] Inserted 2 jumpers for 2 nets.
[INFO GRT-0012] Found 0 antenna violations.
Setting global connections for newly added cells…
[INFO] Setting global connections...
[INFO ODB-0403] 200 connections made, 0 conflicts skipped.
Updating metrics…
Cell type report:                       Count       Area
  Fill cell                               466    1749.18
  Tap cell                               5757    7203.16
  Antenna cell                             50     125.12
  Clock buffer                            568    7465.91
  Timing Repair Buffer                   5563   52783.12
  Inverter                                102     382.87
  Clock inverter                           31     211.45
  Sequential cell                        3102   65980.78
  Multi-Input combinational cell         9119   95531.62
  Total                                 24758  231433.21
Writing OpenROAD database to '/mnt/c/Users/Nitro/Desktop/ASIC/Projects/cleave/runs/RUN_2026-09-01_13-22-07/38-openroad-repairantennas/1-openroad-diodeinsertion/tt_um_cleave.odb'…
Writing layout to '/mnt/c/Users/Nitro/Desktop/ASIC/Projects/cleave/runs/RUN_2026-09-01_13-22-07/38-openroad-repairantennas/1-openroad-diodeinsertion/tt_um_cleave.def'…
