Clock: clk
Sources: clk 
Generated: no
Virtual: yes
Propagated: no
Period: 40.000000

===========================================================================
report_clock_properties
============================================================================
Clock                   Period          Waveform
----------------------------------------------------
clk                  40.000000    0.000000 20.000000

===========================================================================
report_clock_latency
============================================================================
Clock clk
rise -> rise
    min     max
0.000000 0.000000 source latency
22.217432         network latency _18890_/CLK
        25.321878 network latency _20532_/CLK
---------------
22.217432 25.321878 latency
        3.104447 skew

fall -> fall
    min     max
0.000000 0.000000 source latency
10.760668         network latency _18890_/CLK
        12.601542 network latency _20532_/CLK
---------------
10.760668 12.601542 latency
        1.840874 skew



===========================================================================
report_clock_min_period
============================================================================
clk period_min = 27.39 fmax = 36.51
