
===========================================================================
 report_power
============================================================================
======================= nom_tt_025C_1v80 Corner ===================================

Group                    Internal    Switching      Leakage        Total
                            Power        Power        Power        Power (Watts)
------------------------------------------------------------------------
Sequential           5.769951e-03 2.269420e-04 2.657289e-08 5.996920e-03  54.5%
Combinational        2.647683e-03 2.357243e-03 4.239935e-08 5.004969e-03  45.5%
Clock                0.000000e+00 0.000000e+00 1.509862e-09 1.509862e-09   0.0%
Macro                0.000000e+00 0.000000e+00 0.000000e+00 0.000000e+00   0.0%
Pad                  0.000000e+00 0.000000e+00 0.000000e+00 0.000000e+00   0.0%
------------------------------------------------------------------------
Total                8.417616e-03 2.584191e-03 7.048369e-08 1.100188e-02 100.0%
                            76.5%        23.5%         0.0%
Writing metric power__internal__total: 0.008417615666985512
Writing metric power__switching__total: 0.002584191272035241
Writing metric power__leakage__total: 7.048369354833994e-8
Writing metric power__total: 0.01100187748670578

